[Creating bb kernel...]
[Done creating bb kernel]
CHORD 8-bit baseband beamformer
J[t,p,f,b] = s[b,p,f] Σ[d] A[d,b,p,f] E[d,p,f,t]
Compiling kernel...
Allocating input data...
Setting up input data...
    freq=213 polr=0 time=16276 dish=13 beam=4 Eval=5 - 2im Aval=64 - 9im sval=7 Jval=2 - 1im
    freq=87 polr=0 time=5671 dish=55 beam=1 Eval=1 + 0im Aval=-46 - 1im sval=4 Jval=-3 + 0im
    freq=297 polr=0 time=12384 dish=19 beam=3 Eval=4 + 1im Aval=23 - 125im sval=7 Jval=2 - 4im
    freq=316 polr=0 time=2314 dish=13 beam=2 Eval=4 + 4im Aval=88 - 102im sval=10 Jval=1 + 0im
    freq=166 polr=1 time=5924 dish=54 beam=11 Eval=-5 - 1im Aval=27 - 2im sval=5 Jval=-4 + 0im
    freq=215 polr=0 time=835 dish=6 beam=4 Eval=4 - 3im Aval=9 + 12im sval=6 Jval=1 + 0im
    freq=259 polr=0 time=1792 dish=21 beam=14 Eval=-1 - 3im Aval=-13 + 50im sval=5 Jval=5 + 0im
    freq=16 polr=0 time=6199 dish=15 beam=11 Eval=7 + 6im Aval=96 + 48im sval=9 Jval=1 + 2im
    freq=86 polr=1 time=13199 dish=29 beam=3 Eval=1 + 3im Aval=69 + 11im sval=8 Jval=0 + 1im
    freq=60 polr=0 time=1064 dish=3 beam=15 Eval=-7 - 4im Aval=107 + 79im sval=8 Jval=-2 - 4im
    freq=230 polr=1 time=116 dish=10 beam=7 Eval=-5 + 5im Aval=-20 - 18im sval=7 Jval=2 + 0im
    freq=169 polr=1 time=1045 dish=21 beam=0 Eval=-6 - 7im Aval=-120 + 123im sval=11 Jval=1 + 0im
    freq=68 polr=1 time=15133 dish=0 beam=7 Eval=6 - 1im Aval=-17 - 117im sval=9 Jval=0 - 1im
    freq=236 polr=1 time=9012 dish=17 beam=4 Eval=-3 + 4im Aval=68 + 20im sval=7 Jval=-2 + 2im
    freq=27 polr=1 time=1426 dish=10 beam=4 Eval=2 + 1im Aval=127 - 40im sval=9 Jval=1 + 0im
    freq=7 polr=0 time=13250 dish=35 beam=7 Eval=5 - 6im Aval=-3 + 34im sval=5 Jval=6 + 6im
    freq=128 polr=0 time=12583 dish=46 beam=4 Eval=6 + 3im Aval=-6 + 10im sval=4 Jval=-4 + 3im
    freq=138 polr=1 time=5175 dish=22 beam=7 Eval=-7 + 6im Aval=92 + 39im sval=10 Jval=-1 + 0im
    freq=216 polr=0 time=261 dish=56 beam=1 Eval=0 - 3im Aval=-46 - 58im sval=8 Jval=-1 + 1im
    freq=71 polr=0 time=16337 dish=3 beam=14 Eval=6 - 7im Aval=-59 + 102im sval=9 Jval=1 + 2im
    freq=206 polr=0 time=3042 dish=26 beam=4 Eval=-3 - 3im Aval=81 - 68im sval=6 Jval=-7 - 1im
    freq=115 polr=1 time=3945 dish=35 beam=7 Eval=-1 - 2im Aval=-84 - 18im sval=6 Jval=1 + 3im
    freq=140 polr=1 time=13286 dish=59 beam=12 Eval=-7 + 1im Aval=-96 + 109im sval=8 Jval=2 - 3im
    freq=16 polr=1 time=12902 dish=32 beam=11 Eval=-7 - 5im Aval=54 + 107im sval=8 Jval=1 - 4im
    freq=273 polr=1 time=8742 dish=63 beam=6 Eval=0 - 3im Aval=117 - 31im sval=9 Jval=0 - 1im
    freq=140 polr=1 time=10266 dish=32 beam=12 Eval=4 + 6im Aval=-73 - 127im sval=8 Jval=2 - 4im
    freq=1 polr=1 time=16235 dish=45 beam=6 Eval=2 + 4im Aval=23 - 31im sval=7 Jval=1 + 0im
    freq=140 polr=1 time=14952 dish=58 beam=5 Eval=6 - 4im Aval=29 - 44im sval=7 Jval=0 - 3im
    freq=192 polr=1 time=15161 dish=18 beam=15 Eval=-7 + 4im Aval=-101 + 13im sval=10 Jval=1 + 0im
    freq=14 polr=0 time=1887 dish=7 beam=2 Eval=7 - 2im Aval=8 + 118im sval=7 Jval=2 + 6im
    freq=55 polr=0 time=11967 dish=5 beam=12 Eval=2 - 2im Aval=-19 - 90im sval=6 Jval=-3 - 2im
    freq=309 polr=1 time=6155 dish=50 beam=6 Eval=-3 + 5im Aval=-95 - 68im sval=9 Jval=1 - 1im
    freq=161 polr=1 time=191 dish=9 beam=15 Eval=5 - 5im Aval=0 + 35im sval=6 Jval=3 + 3im
    freq=332 polr=1 time=5202 dish=22 beam=7 Eval=-6 - 5im Aval=-41 - 112im sval=9 Jval=-1 + 2im
    freq=126 polr=0 time=1857 dish=20 beam=0 Eval=2 - 4im Aval=68 - 54im sval=8 Jval=0 - 1im
    freq=16 polr=1 time=910 dish=19 beam=12 Eval=0 + 5im Aval=38 + 92im sval=9 Jval=-1 + 0im
    freq=167 polr=1 time=14367 dish=22 beam=10 Eval=-6 + 2im Aval=95 - 20im sval=10 Jval=-1 + 0im
    freq=67 polr=0 time=13744 dish=22 beam=6 Eval=1 - 6im Aval=-43 - 122im sval=8 Jval=-3 + 1im
    freq=261 polr=0 time=15147 dish=56 beam=8 Eval=-4 + 0im Aval=94 - 124im sval=7 Jval=-3 + 4im
    freq=114 polr=0 time=8027 dish=20 beam=6 Eval=-2 + 4im Aval=23 + 120im sval=7 Jval=-4 - 1im
    freq=155 polr=1 time=5304 dish=2 beam=8 Eval=0 + 1im Aval=81 + 3im sval=5 Jval=0 + 3im
    freq=53 polr=1 time=13629 dish=59 beam=15 Eval=-4 - 2im Aval=60 + 89im sval=6 Jval=-1 - 7im
    freq=124 polr=0 time=6809 dish=27 beam=13 Eval=3 + 1im Aval=-104 + 82im sval=8 Jval=-2 + 1im
    freq=280 polr=1 time=2267 dish=39 beam=4 Eval=-6 + 2im Aval=94 + 111im sval=7 Jval=-6 - 4im
    freq=333 polr=1 time=1780 dish=21 beam=6 Eval=0 + 6im Aval=-70 - 78im sval=8 Jval=2 - 2im
    freq=223 polr=1 time=1019 dish=8 beam=14 Eval=-7 + 5im Aval=76 - 53im sval=10 Jval=0 + 1im
    freq=210 polr=1 time=5605 dish=10 beam=0 Eval=-7 + 6im Aval=59 + 72im sval=8 Jval=-3 - 1im
    freq=265 polr=0 time=6986 dish=61 beam=2 Eval=-3 - 5im Aval=-92 - 29im sval=7 Jval=1 + 4im
    freq=272 polr=0 time=12721 dish=63 beam=13 Eval=7 - 5im Aval=-10 - 123im sval=8 Jval=-3 - 3im
    freq=61 polr=1 time=3527 dish=28 beam=15 Eval=-5 + 5im Aval=-79 - 71im sval=10 Jval=1 + 0im
    freq=221 polr=0 time=1607 dish=54 beam=0 Eval=-7 - 4im Aval=-44 - 64im sval=7 Jval=0 + 5im
    freq=195 polr=1 time=8802 dish=28 beam=12 Eval=2 - 2im Aval=11 + 62im sval=6 Jval=2 + 2im
    freq=35 polr=1 time=13783 dish=57 beam=7 Eval=0 - 5im Aval=7 - 54im sval=9 Jval=-1 + 0im
    freq=73 polr=1 time=15453 dish=46 beam=15 Eval=-6 - 4im Aval=-61 - 123im sval=8 Jval=0 + 4im
    freq=0 polr=1 time=754 dish=45 beam=2 Eval=5 + 5im Aval=-110 - 90im sval=8 Jval=0 - 4im
    freq=162 polr=1 time=9973 dish=25 beam=6 Eval=-5 - 5im Aval=48 - 71im sval=8 Jval=-2 + 0im
    freq=137 polr=0 time=6398 dish=38 beam=10 Eval=3 - 6im Aval=102 + 125im sval=8 Jval=4 - 1im
    freq=118 polr=0 time=13524 dish=15 beam=2 Eval=-5 - 2im Aval=35 + 93im sval=7 Jval=0 - 4im
    freq=164 polr=1 time=200 dish=7 beam=2 Eval=4 + 7im Aval=-104 - 69im sval=8 Jval=0 - 4im
    freq=327 polr=1 time=6244 dish=60 beam=14 Eval=3 - 2im Aval=38 + 64im sval=7 Jval=2 + 1im
    freq=62 polr=0 time=1846 dish=7 beam=13 Eval=5 + 6im Aval=-111 + 63im sval=8 Jval=-4 - 1im
    freq=255 polr=0 time=9300 dish=47 beam=7 Eval=-3 - 7im Aval=-67 - 113im sval=9 Jval=-1 + 2im
    freq=179 polr=1 time=14541 dish=24 beam=0 Eval=-4 + 7im Aval=-19 + 86im sval=9 Jval=-1 - 1im
    freq=270 polr=0 time=4907 dish=63 beam=9 Eval=6 - 5im Aval=-28 + 103im sval=9 Jval=1 + 1im
    freq=180 polr=0 time=15603 dish=7 beam=4 Eval=0 - 5im Aval=19 - 100im sval=8 Jval=-2 + 0im
    freq=211 polr=1 time=15398 dish=36 beam=14 Eval=7 - 6im Aval=-96 - 93im sval=10 Jval=-1 + 0im
    freq=329 polr=1 time=11030 dish=0 beam=5 Eval=1 - 3im Aval=-11 + 108im sval=7 Jval=2 + 1im
    freq=75 polr=0 time=9318 dish=2 beam=10 Eval=3 + 0im Aval=-12 - 79im sval=6 Jval=-1 - 4im
    freq=80 polr=1 time=11618 dish=25 beam=12 Eval=-2 + 4im Aval=-51 + 26im sval=7 Jval=0 - 2im
    freq=27 polr=0 time=12921 dish=32 beam=9 Eval=3 + 0im Aval=-120 - 75im sval=6 Jval=-6 - 3im
    freq=98 polr=1 time=626 dish=11 beam=1 Eval=3 - 3im Aval=99 - 116im sval=10 Jval=0 - 1im
    freq=66 polr=1 time=10840 dish=13 beam=3 Eval=-6 + 6im Aval=17 + 112im sval=9 Jval=-2 - 1im
    freq=96 polr=1 time=682 dish=52 beam=4 Eval=5 + 6im Aval=-1 + 8im sval=6 Jval=-1 + 1im
    freq=132 polr=1 time=15242 dish=7 beam=6 Eval=4 - 1im Aval=-42 - 83im sval=8 Jval=-1 - 1im
    freq=210 polr=0 time=523 dish=55 beam=0 Eval=-3 - 2im Aval=-88 + 40im sval=6 Jval=5 + 1im
    freq=206 polr=0 time=10831 dish=55 beam=0 Eval=7 - 7im Aval=-60 - 60im sval=9 Jval=-2 + 0im
    freq=106 polr=1 time=15494 dish=17 beam=1 Eval=0 + 2im Aval=59 + 34im sval=7 Jval=-1 + 1im
    freq=9 polr=1 time=948 dish=0 beam=12 Eval=0 + 5im Aval=104 - 19im sval=7 Jval=1 + 4im
    freq=156 polr=1 time=3010 dish=55 beam=14 Eval=1 + 1im Aval=49 - 26im sval=5 Jval=2 + 1im
    freq=197 polr=1 time=3823 dish=19 beam=11 Eval=7 - 6im Aval=-64 - 107im sval=8 Jval=-4 - 1im
    freq=52 polr=0 time=14149 dish=59 beam=4 Eval=-7 + 3im Aval=66 + 49im sval=10 Jval=-1 + 0im
    freq=150 polr=0 time=15991 dish=56 beam=11 Eval=-6 + 6im Aval=-127 - 61im sval=10 Jval=1 + 0im
    freq=236 polr=0 time=8932 dish=12 beam=6 Eval=-6 + 5im Aval=-18 + 123im sval=9 Jval=-1 - 2im
    freq=41 polr=1 time=14559 dish=13 beam=11 Eval=5 + 2im Aval=35 - 96im sval=6 Jval=6 - 6im
    freq=171 polr=0 time=1682 dish=7 beam=13 Eval=-7 - 5im Aval=59 - 24im sval=9 Jval=-1 + 0im
    freq=251 polr=0 time=1297 dish=37 beam=12 Eval=-6 + 0im Aval=60 - 54im sval=8 Jval=-1 + 1im
    freq=95 polr=1 time=15935 dish=22 beam=4 Eval=-2 + 0im Aval=-14 + 48im sval=6 Jval=0 - 1im
    freq=155 polr=1 time=1293 dish=18 beam=4 Eval=3 - 1im Aval=21 - 47im sval=8 Jval=0 - 1im
    freq=255 polr=0 time=5178 dish=56 beam=13 Eval=-2 + 0im Aval=82 - 42im sval=8 Jval=-1 + 0im
    freq=138 polr=0 time=10815 dish=3 beam=1 Eval=5 + 3im Aval=-19 - 118im sval=7 Jval=2 - 5im
    freq=254 polr=1 time=4938 dish=33 beam=12 Eval=4 + 1im Aval=-10 - 92im sval=8 Jval=0 - 1im
    freq=167 polr=0 time=11339 dish=42 beam=12 Eval=3 - 7im Aval=70 + 48im sval=7 Jval=4 - 3im
    freq=109 polr=1 time=10793 dish=44 beam=12 Eval=-1 - 7im Aval=-104 - 89im sval=7 Jval=-4 + 6im
    freq=284 polr=0 time=7130 dish=28 beam=15 Eval=7 - 3im Aval=40 + 105im sval=8 Jval=2 + 2im
    freq=182 polr=1 time=11875 dish=3 beam=13 Eval=0 - 5im Aval=106 - 1im sval=7 Jval=0 - 4im
    freq=78 polr=0 time=9659 dish=12 beam=3 Eval=-3 + 5im Aval=98 + 34im sval=6 Jval=-7 + 6im
    freq=249 polr=1 time=3470 dish=54 beam=3 Eval=3 - 7im Aval=-12 - 6im sval=6 Jval=-1 + 1im
    freq=63 polr=0 time=1772 dish=61 beam=7 Eval=5 - 4im Aval=-120 - 111im sval=11 Jval=-1 + 0im
    freq=218 polr=0 time=11776 dish=24 beam=0 Eval=6 - 6im Aval=105 + 79im sval=9 Jval=2 + 0im
    freq=268 polr=1 time=3057 dish=34 beam=10 Eval=3 + 4im Aval=20 - 17im sval=8 Jval=1 + 0im
    freq=333 polr=1 time=6408 dish=29 beam=15 Eval=3 - 2im Aval=-24 + 70im sval=7 Jval=1 + 2im
    freq=298 polr=0 time=5774 dish=51 beam=3 Eval=7 + 0im Aval=-80 + 1im sval=10 Jval=-1 + 0im
    freq=298 polr=0 time=15181 dish=38 beam=12 Eval=-6 + 1im Aval=38 - 53im sval=6 Jval=-3 + 6im
    freq=110 polr=0 time=2808 dish=25 beam=2 Eval=0 - 3im Aval=65 - 97im sval=6 Jval=-5 - 3im
    freq=142 polr=1 time=10978 dish=29 beam=11 Eval=6 - 2im Aval=-127 + 36im sval=9 Jval=-1 + 1im
    freq=26 polr=1 time=8491 dish=5 beam=9 Eval=0 - 4im Aval=-58 - 53im sval=8 Jval=-1 + 1im
    freq=45 polr=0 time=3514 dish=2 beam=15 Eval=0 - 1im Aval=-73 + 70im sval=7 Jval=1 + 1im
    freq=208 polr=1 time=6340 dish=59 beam=14 Eval=-4 + 6im Aval=65 - 115im sval=9 Jval=1 + 2im
    freq=308 polr=1 time=1467 dish=5 beam=10 Eval=5 - 1im Aval=114 - 1im sval=9 Jval=1 + 0im
    freq=107 polr=0 time=6585 dish=10 beam=9 Eval=-4 - 5im Aval=-111 - 30im sval=8 Jval=1 + 3im
    freq=124 polr=1 time=15503 dish=53 beam=0 Eval=-2 - 1im Aval=-90 - 17im sval=6 Jval=3 + 2im
    freq=13 polr=0 time=3152 dish=31 beam=1 Eval=0 - 4im Aval=-56 + 81im sval=7 Jval=3 + 2im
    freq=220 polr=0 time=142 dish=39 beam=7 Eval=6 + 2im Aval=-8 + 88im sval=10 Jval=0 + 1im
    freq=281 polr=1 time=1474 dish=5 beam=8 Eval=-5 - 3im Aval=93 - 96im sval=7 Jval=-6 + 2im
    freq=28 polr=0 time=2827 dish=23 beam=7 Eval=-1 + 7im Aval=95 + 121im sval=10 Jval=-1 + 1im
    freq=124 polr=1 time=13219 dish=32 beam=9 Eval=-1 + 5im Aval=-70 + 0im sval=8 Jval=0 - 1im
    freq=181 polr=1 time=14688 dish=43 beam=7 Eval=-4 - 4im Aval=52 + 96im sval=8 Jval=1 - 2im
    freq=26 polr=1 time=2715 dish=60 beam=6 Eval=1 - 1im Aval=-42 - 20im sval=3 Jval=-7 + 3im
    freq=278 polr=0 time=2895 dish=12 beam=12 Eval=-4 + 1im Aval=-105 + 49im sval=6 Jval=6 - 5im
    freq=111 polr=0 time=1338 dish=37 beam=11 Eval=-2 + 5im Aval=-2 + 26im sval=6 Jval=-2 - 1im
    freq=214 polr=1 time=2522 dish=6 beam=11 Eval=4 - 5im Aval=-42 - 79im sval=9 Jval=-1 + 0im
    freq=181 polr=0 time=8380 dish=4 beam=7 Eval=0 - 5im Aval=119 + 127im sval=9 Jval=1 - 1im
    freq=64 polr=0 time=16356 dish=8 beam=12 Eval=4 + 3im Aval=57 + 26im sval=7 Jval=1 + 2im
    freq=15 polr=0 time=13735 dish=17 beam=10 Eval=-2 - 5im Aval=-21 - 117im sval=10 Jval=-1 + 0im
    freq=164 polr=1 time=7367 dish=37 beam=7 Eval=7 - 2im Aval=-47 + 95im sval=10 Jval=0 + 1im
    freq=299 polr=0 time=6350 dish=32 beam=11 Eval=-1 - 3im Aval=101 - 35im sval=7 Jval=-2 - 2im
    freq=184 polr=1 time=8174 dish=27 beam=6 Eval=-6 + 2im Aval=-121 + 94im sval=7 Jval=4 - 6im
    freq=325 polr=1 time=5985 dish=61 beam=10 Eval=7 - 3im Aval=86 - 126im sval=8 Jval=1 - 4im
    freq=199 polr=1 time=12445 dish=57 beam=6 Eval=2 + 6im Aval=-116 + 27im sval=7 Jval=-3 - 5im
    freq=292 polr=0 time=10762 dish=20 beam=5 Eval=4 - 4im Aval=60 + 98im sval=7 Jval=5 + 1im
    freq=19 polr=1 time=4252 dish=54 beam=8 Eval=-7 + 0im Aval=92 + 74im sval=7 Jval=-5 - 4im
    freq=304 polr=0 time=12811 dish=29 beam=10 Eval=-1 - 6im Aval=14 - 22im sval=7 Jval=-1 + 0im
    freq=260 polr=1 time=844 dish=6 beam=2 Eval=-1 - 5im Aval=-66 - 42im sval=6 Jval=-2 + 6im
    freq=294 polr=0 time=2068 dish=61 beam=0 Eval=2 + 1im Aval=-19 - 80im sval=7 Jval=0 - 1im
    freq=60 polr=0 time=809 dish=1 beam=1 Eval=3 + 6im Aval=-4 + 98im sval=7 Jval=-5 + 2im
    freq=78 polr=1 time=8776 dish=50 beam=5 Eval=3 - 4im Aval=-33 - 35im sval=6 Jval=-4 + 0im
    freq=256 polr=0 time=7364 dish=40 beam=8 Eval=0 + 4im Aval=-97 - 54im sval=6 Jval=3 - 6im
    freq=308 polr=0 time=5221 dish=25 beam=5 Eval=7 - 7im Aval=-73 - 126im sval=10 Jval=-1 + 0im
    freq=145 polr=0 time=16352 dish=63 beam=0 Eval=-1 + 0im Aval=-7 + 46im sval=5 Jval=0 - 1im
    freq=27 polr=0 time=14900 dish=50 beam=14 Eval=-1 - 7im Aval=0 + 119im sval=8 Jval=3 + 0im
    freq=68 polr=0 time=13500 dish=57 beam=2 Eval=1 + 2im Aval=7 + 81im sval=8 Jval=-1 + 0im
    freq=242 polr=1 time=4487 dish=30 beam=10 Eval=7 + 1im Aval=51 - 65im sval=7 Jval=3 - 3im
    freq=317 polr=0 time=15238 dish=34 beam=9 Eval=-6 - 1im Aval=15 - 8im sval=4 Jval=-6 + 2im
    freq=314 polr=1 time=6065 dish=29 beam=10 Eval=1 + 3im Aval=-98 - 22im sval=6 Jval=0 - 5im
    freq=88 polr=0 time=14189 dish=46 beam=8 Eval=-5 - 3im Aval=118 + 16im sval=10 Jval=-1 + 0im
    freq=136 polr=0 time=11145 dish=12 beam=3 Eval=-2 - 6im Aval=88 + 44im sval=8 Jval=0 - 2im
    freq=160 polr=0 time=6634 dish=20 beam=2 Eval=6 + 0im Aval=93 - 36im sval=7 Jval=4 - 2im
    freq=301 polr=0 time=8311 dish=10 beam=15 Eval=3 + 1im Aval=60 - 96im sval=9 Jval=1 + 0im
    freq=230 polr=0 time=11992 dish=4 beam=6 Eval=-2 - 4im Aval=-52 - 33im sval=7 Jval=0 + 2im
    freq=98 polr=0 time=4386 dish=31 beam=3 Eval=0 - 6im Aval=106 - 21im sval=9 Jval=0 - 1im
    freq=87 polr=0 time=4482 dish=12 beam=0 Eval=2 + 0im Aval=63 + 45im sval=8 Jval=1 + 0im
    freq=79 polr=1 time=6181 dish=43 beam=14 Eval=-3 + 0im Aval=-73 - 70im sval=6 Jval=3 + 3im
    freq=47 polr=0 time=1044 dish=59 beam=14 Eval=0 + 5im Aval=15 + 23im sval=7 Jval=-1 + 1im
    freq=332 polr=0 time=99 dish=48 beam=6 Eval=6 - 5im Aval=67 + 110im sval=7 Jval=7 + 3im
    freq=268 polr=0 time=9158 dish=12 beam=8 Eval=-5 - 6im Aval=60 + 109im sval=8 Jval=1 - 4im
    freq=225 polr=1 time=1489 dish=0 beam=10 Eval=0 - 6im Aval=-44 + 107im sval=8 Jval=3 + 1im
    freq=75 polr=1 time=13784 dish=62 beam=3 Eval=4 + 2im Aval=-12 - 3im sval=3 Jval=-5 - 4im
    freq=241 polr=1 time=2470 dish=51 beam=10 Eval=7 - 5im Aval=-108 - 103im sval=8 Jval=-5 - 1im
    freq=222 polr=0 time=4699 dish=7 beam=1 Eval=-1 + 5im Aval=73 + 42im sval=7 Jval=-2 + 3im
    freq=146 polr=0 time=8996 dish=33 beam=8 Eval=2 + 2im Aval=115 - 96im sval=8 Jval=2 + 0im
    freq=47 polr=1 time=7388 dish=59 beam=4 Eval=1 - 4im Aval=-49 - 40im sval=5 Jval=-6 + 5im
    freq=294 polr=0 time=6947 dish=43 beam=2 Eval=7 + 2im Aval=63 + 62im sval=9 Jval=1 + 1im
    freq=178 polr=1 time=13684 dish=21 beam=5 Eval=6 - 2im Aval=1 + 70im sval=6 Jval=2 + 7im
    freq=211 polr=0 time=13788 dish=48 beam=8 Eval=4 + 4im Aval=112 + 36im sval=7 Jval=2 + 5im
    freq=198 polr=1 time=5450 dish=12 beam=13 Eval=1 - 4im Aval=-96 + 115im sval=8 Jval=1 + 2im
    freq=61 polr=1 time=731 dish=52 beam=9 Eval=7 - 7im Aval=59 + 96im sval=9 Jval=2 + 1im
    freq=99 polr=1 time=6325 dish=61 beam=7 Eval=-1 + 6im Aval=-72 + 97im sval=8 Jval=-2 - 2im
    freq=172 polr=1 time=5836 dish=36 beam=10 Eval=0 + 1im Aval=-93 - 63im sval=6 Jval=1 - 1im
    freq=273 polr=0 time=4297 dish=12 beam=4 Eval=-6 + 3im Aval=18 - 5im sval=7 Jval=-1 + 1im
    freq=326 polr=1 time=15752 dish=55 beam=2 Eval=-7 + 7im Aval=62 + 33im sval=10 Jval=-1 + 0im
    freq=311 polr=0 time=2831 dish=23 beam=15 Eval=3 - 6im Aval=-21 + 123im sval=10 Jval=1 + 0im
    freq=96 polr=0 time=2781 dish=9 beam=7 Eval=5 + 2im Aval=-38 - 12im sval=8 Jval=-1 - 1im
    freq=331 polr=0 time=273 dish=9 beam=11 Eval=-1 + 6im Aval=-18 - 124im sval=8 Jval=3 + 0im
    freq=63 polr=1 time=11532 dish=42 beam=1 Eval=-5 + 5im Aval=-74 - 120im sval=9 Jval=2 + 0im
    freq=67 polr=1 time=9814 dish=32 beam=11 Eval=7 - 4im Aval=-52 + 119im sval=10 Jval=0 + 1im
    freq=197 polr=1 time=15134 dish=40 beam=9 Eval=0 - 1im Aval=122 - 33im sval=4 Jval=-2 - 7im
    freq=334 polr=1 time=2788 dish=1 beam=13 Eval=-3 + 0im Aval=-112 - 33im sval=9 Jval=1 + 0im
    freq=288 polr=0 time=5164 dish=20 beam=1 Eval=1 - 6im Aval=58 - 40im sval=9 Jval=0 - 1im
    freq=126 polr=1 time=13339 dish=12 beam=1 Eval=1 - 2im Aval=7 - 47im sval=4 Jval=-5 - 4im
    freq=20 polr=0 time=797 dish=55 beam=10 Eval=3 + 6im Aval=-4 + 49im sval=9 Jval=-1 + 0im
    freq=24 polr=0 time=13555 dish=31 beam=15 Eval=5 + 6im Aval=-6 - 27im sval=6 Jval=2 - 3im
    freq=179 polr=1 time=4367 dish=11 beam=0 Eval=-3 - 3im Aval=65 - 126im sval=9 Jval=-1 + 0im
    freq=273 polr=0 time=9447 dish=4 beam=10 Eval=4 - 1im Aval=-88 - 111im sval=7 Jval=-4 - 3im
    freq=266 polr=0 time=6605 dish=58 beam=11 Eval=5 - 6im Aval=-19 + 40im sval=8 Jval=1 + 1im
    freq=122 polr=1 time=7717 dish=4 beam=9 Eval=-6 + 7im Aval=78 + 49im sval=8 Jval=-3 + 1im
    freq=217 polr=0 time=12638 dish=34 beam=1 Eval=-7 - 7im Aval=70 + 6im sval=9 Jval=-1 - 1im
    freq=77 polr=1 time=9156 dish=19 beam=8 Eval=-1 + 5im Aval=92 + 87im sval=9 Jval=-1 + 1im
    freq=142 polr=1 time=2888 dish=63 beam=7 Eval=5 - 4im Aval=3 + 35im sval=5 Jval=5 + 5im
    freq=76 polr=0 time=10374 dish=7 beam=0 Eval=7 - 7im Aval=23 + 104im sval=7 Jval=7 + 4im
    freq=276 polr=0 time=8209 dish=23 beam=7 Eval=-1 - 2im Aval=71 - 44im sval=7 Jval=-1 - 1im
    freq=16 polr=0 time=14929 dish=3 beam=11 Eval=2 + 6im Aval=49 + 103im sval=9 Jval=-1 + 1im
    freq=130 polr=0 time=14615 dish=27 beam=12 Eval=7 - 2im Aval=32 - 61im sval=7 Jval=1 - 4im
    freq=197 polr=0 time=7270 dish=20 beam=15 Eval=-2 + 2im Aval=93 + 12im sval=6 Jval=-3 + 3im
    freq=82 polr=0 time=10041 dish=60 beam=11 Eval=5 - 5im Aval=-41 - 92im sval=9 Jval=-1 + 0im
    freq=12 polr=0 time=3446 dish=20 beam=0 Eval=-4 - 2im Aval=120 + 45im sval=6 Jval=-6 - 7im
    freq=292 polr=1 time=5247 dish=22 beam=2 Eval=-1 + 7im Aval=70 - 121im sval=7 Jval=6 + 5im
    freq=313 polr=1 time=531 dish=58 beam=3 Eval=-4 - 5im Aval=19 + 120im sval=7 Jval=4 - 4im
    freq=310 polr=1 time=12607 dish=23 beam=15 Eval=-6 - 4im Aval=21 + 73im sval=8 Jval=1 - 2im
    freq=322 polr=0 time=11388 dish=61 beam=13 Eval=2 - 7im Aval=64 - 58im sval=9 Jval=-1 - 1im
    freq=291 polr=0 time=8905 dish=45 beam=6 Eval=2 - 2im Aval=54 - 56im sval=5 Jval=0 - 7im
    freq=192 polr=0 time=9939 dish=47 beam=12 Eval=-4 + 7im Aval=58 - 49im sval=7 Jval=1 + 5im
    freq=15 polr=1 time=5160 dish=50 beam=0 Eval=-3 - 7im Aval=-10 - 70im sval=8 Jval=-2 + 1im
    freq=77 polr=0 time=11143 dish=53 beam=11 Eval=0 - 1im Aval=-102 + 71im sval=4 Jval=5 + 7im
    freq=204 polr=0 time=5955 dish=54 beam=6 Eval=4 - 5im Aval=-38 + 47im sval=9 Jval=0 + 1im
    freq=234 polr=0 time=15130 dish=57 beam=4 Eval=3 + 2im Aval=-36 - 95im sval=6 Jval=1 - 6im
    freq=48 polr=0 time=2825 dish=49 beam=12 Eval=5 - 1im Aval=73 + 97im sval=7 Jval=4 + 3im
    freq=162 polr=0 time=595 dish=39 beam=12 Eval=2 - 5im Aval=-81 - 3im sval=9 Jval=0 + 1im
    freq=306 polr=0 time=10267 dish=48 beam=4 Eval=-6 + 4im Aval=-33 + 18im sval=6 Jval=2 - 4im
    freq=275 polr=1 time=6367 dish=7 beam=14 Eval=-6 - 6im Aval=115 + 31im sval=8 Jval=-2 - 3im
    freq=82 polr=1 time=2527 dish=25 beam=8 Eval=-2 - 6im Aval=92 + 13im sval=10 Jval=0 - 1im
    freq=233 polr=0 time=12757 dish=47 beam=8 Eval=-6 + 4im Aval=-2 - 3im sval=4 Jval=2 + 1im
    freq=80 polr=0 time=3978 dish=15 beam=0 Eval=7 + 5im Aval=68 + 13im sval=7 Jval=3 + 3im
    freq=313 polr=0 time=5071 dish=25 beam=14 Eval=4 - 2im Aval=114 - 30im sval=6 Jval=6 - 5im
    freq=111 polr=0 time=14614 dish=62 beam=5 Eval=4 + 4im Aval=16 - 73im sval=6 Jval=6 - 4im
    freq=291 polr=1 time=15240 dish=43 beam=1 Eval=-7 - 1im Aval=-124 - 113im sval=8 Jval=3 + 4im
    freq=49 polr=0 time=11938 dish=15 beam=4 Eval=-4 - 6im Aval=40 - 97im sval=8 Jval=-3 + 1im
    freq=26 polr=0 time=15471 dish=1 beam=7 Eval=-2 - 7im Aval=46 + 9im sval=8 Jval=0 - 1im
    freq=296 polr=1 time=5985 dish=27 beam=0 Eval=-3 - 5im Aval=-16 - 37im sval=6 Jval=-2 + 3im
    freq=201 polr=0 time=2354 dish=50 beam=0 Eval=7 + 4im Aval=-3 + 80im sval=9 Jval=-1 + 1im
    freq=294 polr=0 time=5713 dish=27 beam=9 Eval=3 - 2im Aval=-65 - 44im sval=8 Jval=-1 + 0im
    freq=107 polr=0 time=11085 dish=6 beam=3 Eval=6 + 1im Aval=-63 - 23im sval=6 Jval=-6 - 3im
    freq=192 polr=0 time=13312 dish=37 beam=12 Eval=-7 + 6im Aval=-10 + 111im sval=7 Jval=-5 - 7im
    freq=245 polr=0 time=14246 dish=53 beam=12 Eval=0 + 4im Aval=44 - 104im sval=7 Jval=3 + 1im
    freq=196 polr=0 time=13169 dish=18 beam=8 Eval=-7 + 2im Aval=96 + 44im sval=8 Jval=-3 + 0im
    freq=194 polr=1 time=14253 dish=53 beam=7 Eval=2 - 3im Aval=-113 - 19im sval=6 Jval=-4 + 5im
    freq=224 polr=0 time=11436 dish=45 beam=2 Eval=4 - 6im Aval=25 + 36im sval=8 Jval=1 + 0im
    freq=25 polr=0 time=5843 dish=61 beam=4 Eval=1 - 5im Aval=-44 - 113im sval=8 Jval=-2 + 0im
    freq=327 polr=0 time=586 dish=44 beam=8 Eval=-4 + 2im Aval=-69 + 78im sval=6 Jval=2 - 7im
    freq=60 polr=0 time=10743 dish=43 beam=8 Eval=2 + 5im Aval=-121 - 84im sval=7 Jval=1 - 6im
    freq=256 polr=1 time=5650 dish=20 beam=9 Eval=-1 + 2im Aval=-107 + 102im sval=6 Jval=-1 - 5im
    freq=305 polr=1 time=8158 dish=37 beam=2 Eval=-7 - 3im Aval=-29 - 73im sval=10 Jval=0 + 1im
    freq=177 polr=1 time=1055 dish=16 beam=1 Eval=5 + 2im Aval=-113 + 84im sval=7 Jval=-6 + 2im
    freq=273 polr=0 time=5337 dish=58 beam=0 Eval=-7 + 6im Aval=-86 + 13im sval=9 Jval=1 - 1im
    freq=52 polr=1 time=4163 dish=24 beam=12 Eval=7 - 3im Aval=-28 - 37im sval=6 Jval=-5 - 3im
    freq=209 polr=0 time=13700 dish=52 beam=14 Eval=-6 - 2im Aval=118 - 88im sval=10 Jval=-1 + 0im
    freq=110 polr=1 time=10460 dish=57 beam=10 Eval=-6 + 7im Aval=-5 + 46im sval=7 Jval=-2 - 2im
    freq=168 polr=1 time=9852 dish=51 beam=15 Eval=-4 + 1im Aval=-32 - 69im sval=6 Jval=3 + 4im
    freq=2 polr=0 time=5812 dish=14 beam=7 Eval=-1 + 0im Aval=-43 + 81im sval=5 Jval=1 - 2im
    freq=58 polr=0 time=8394 dish=17 beam=1 Eval=3 + 5im Aval=-85 + 34im sval=9 Jval=-1 - 1im
    freq=299 polr=1 time=13274 dish=19 beam=4 Eval=5 + 7im Aval=-5 + 81im sval=8 Jval=-2 + 1im
    freq=22 polr=1 time=577 dish=34 beam=12 Eval=-1 + 3im Aval=-79 + 43im sval=6 Jval=-1 - 4im
    freq=204 polr=0 time=5708 dish=56 beam=6 Eval=-5 - 3im Aval=36 + 116im sval=9 Jval=0 - 1im
    freq=284 polr=1 time=13180 dish=7 beam=8 Eval=3 + 0im Aval=-101 - 11im sval=8 Jval=-1 + 0im
    freq=219 polr=1 time=11836 dish=56 beam=12 Eval=-7 + 3im Aval=-117 - 12im sval=9 Jval=2 - 1im
    freq=139 polr=0 time=5631 dish=14 beam=6 Eval=-7 + 0im Aval=49 - 1im sval=7 Jval=-3 + 0im
    freq=154 polr=0 time=7536 dish=38 beam=10 Eval=5 + 5im Aval=10 - 69im sval=8 Jval=2 - 1im
    freq=201 polr=0 time=14080 dish=32 beam=12 Eval=0 - 1im Aval=-87 + 1im sval=4 Jval=0 + 6im
    freq=137 polr=1 time=9342 dish=2 beam=14 Eval=1 + 4im Aval=113 + 126im sval=8 Jval=-2 + 2im
    freq=198 polr=1 time=4989 dish=14 beam=9 Eval=4 + 6im Aval=31 + 28im sval=9 Jval=0 + 1im
    freq=325 polr=1 time=13010 dish=42 beam=10 Eval=2 - 4im Aval=-14 + 46im sval=8 Jval=1 + 1im
    freq=255 polr=1 time=7446 dish=18 beam=9 Eval=5 + 1im Aval=116 + 12im sval=8 Jval=2 + 1im
    freq=143 polr=1 time=10137 dish=43 beam=3 Eval=7 - 6im Aval=-64 - 77im sval=9 Jval=-2 + 0im
    freq=289 polr=0 time=13267 dish=12 beam=4 Eval=4 - 3im Aval=112 + 5im sval=7 Jval=4 - 2im
    freq=8 polr=0 time=16247 dish=28 beam=3 Eval=5 - 7im Aval=-66 + 110im sval=8 Jval=2 + 4im
    freq=252 polr=0 time=10169 dish=15 beam=4 Eval=-7 + 3im Aval=105 + 6im sval=8 Jval=-3 + 1im
    freq=323 polr=0 time=3978 dish=22 beam=14 Eval=-5 - 2im Aval=-38 - 56im sval=6 Jval=1 + 6im
    freq=184 polr=0 time=14022 dish=1 beam=4 Eval=-1 - 7im Aval=27 + 74im sval=9 Jval=1 - 1im
    freq=42 polr=0 time=8063 dish=61 beam=9 Eval=5 + 3im Aval=-38 - 29im sval=9 Jval=0 - 1im
    freq=225 polr=0 time=3522 dish=0 beam=8 Eval=-6 + 7im Aval=57 - 19im sval=10 Jval=0 + 1im
    freq=81 polr=1 time=14139 dish=2 beam=10 Eval=-2 + 5im Aval=-1 - 42im sval=8 Jval=1 + 0im
    freq=196 polr=1 time=5221 dish=63 beam=5 Eval=-3 + 2im Aval=-40 + 123im sval=9 Jval=0 - 1im
    freq=47 polr=1 time=6435 dish=8 beam=0 Eval=2 + 0im Aval=47 + 32im sval=6 Jval=2 + 1im
    freq=78 polr=1 time=12996 dish=8 beam=10 Eval=4 - 4im Aval=110 - 3im sval=6 Jval=7 - 7im
    freq=134 polr=1 time=5197 dish=62 beam=7 Eval=-5 + 5im Aval=-56 - 59im sval=9 Jval=1 + 0im
    freq=11 polr=0 time=15014 dish=12 beam=6 Eval=6 - 7im Aval=119 - 106im sval=8 Jval=0 - 6im
    freq=43 polr=1 time=722 dish=21 beam=10 Eval=7 + 7im Aval=-43 - 2im sval=6 Jval=-4 - 5im
    freq=190 polr=0 time=9862 dish=63 beam=10 Eval=4 - 3im Aval=-117 + 74im sval=8 Jval=-1 + 3im
    freq=224 polr=0 time=15888 dish=42 beam=7 Eval=-4 - 5im Aval=-39 - 122im sval=7 Jval=-4 + 5im
    freq=161 polr=0 time=13065 dish=54 beam=0 Eval=-5 - 6im Aval=-66 + 27im sval=9 Jval=1 + 1im
    freq=320 polr=1 time=9089 dish=0 beam=1 Eval=-4 - 6im Aval=36 + 89im sval=10 Jval=0 - 1im
    freq=287 polr=1 time=8923 dish=30 beam=3 Eval=6 - 1im Aval=-13 - 6im sval=4 Jval=-5 - 1im
    freq=196 polr=1 time=693 dish=32 beam=13 Eval=-2 - 3im Aval=-69 + 125im sval=9 Jval=1 + 0im
    freq=71 polr=0 time=10769 dish=5 beam=11 Eval=-1 + 5im Aval=-40 + 87im sval=9 Jval=-1 - 1im
    freq=32 polr=1 time=2837 dish=39 beam=5 Eval=-2 - 1im Aval=-113 + 2im sval=5 Jval=7 + 3im
    freq=78 polr=1 time=4391 dish=15 beam=9 Eval=0 + 7im Aval=54 - 22im sval=9 Jval=0 + 1im
    freq=114 polr=0 time=13169 dish=34 beam=15 Eval=2 + 0im Aval=52 - 59im sval=6 Jval=2 - 2im
    freq=294 polr=0 time=1583 dish=41 beam=9 Eval=-2 - 1im Aval=78 + 3im sval=8 Jval=-1 + 0im
    freq=140 polr=1 time=1703 dish=24 beam=9 Eval=-7 - 2im Aval=-27 + 0im sval=5 Jval=6 + 2im
    freq=114 polr=0 time=13876 dish=6 beam=9 Eval=5 + 6im Aval=-87 - 32im sval=7 Jval=-2 - 5im
    freq=171 polr=1 time=8407 dish=33 beam=5 Eval=4 + 5im Aval=-116 - 93im sval=7 Jval=0 - 7im
    freq=284 polr=1 time=9795 dish=17 beam=4 Eval=-2 + 4im Aval=-28 - 63im sval=9 Jval=1 + 0im
    freq=322 polr=0 time=4887 dish=38 beam=5 Eval=-1 + 3im Aval=-107 + 80im sval=7 Jval=-1 - 3im
    freq=83 polr=1 time=6012 dish=60 beam=14 Eval=7 - 6im Aval=108 + 60im sval=8 Jval=4 - 1im
    freq=84 polr=1 time=4611 dish=37 beam=7 Eval=-4 - 7im Aval=-108 - 63im sval=9 Jval=0 + 2im
    freq=290 polr=0 time=453 dish=13 beam=9 Eval=-5 - 2im Aval=71 - 92im sval=7 Jval=-4 + 3im
    freq=179 polr=1 time=6159 dish=55 beam=7 Eval=-2 + 6im Aval=-49 - 11im sval=7 Jval=1 - 2im
    freq=183 polr=0 time=4726 dish=17 beam=8 Eval=0 + 4im Aval=13 + 86im sval=7 Jval=-3 + 0im
    freq=24 polr=1 time=11697 dish=28 beam=6 Eval=-7 - 5im Aval=-49 - 2im sval=9 Jval=1 + 1im
    freq=262 polr=1 time=12209 dish=6 beam=6 Eval=7 - 2im Aval=-51 - 14im sval=6 Jval=-6 + 0im
    freq=98 polr=1 time=7644 dish=24 beam=1 Eval=-7 - 3im Aval=120 + 31im sval=10 Jval=-1 - 1im
    freq=16 polr=1 time=3196 dish=53 beam=5 Eval=-2 + 5im Aval=49 + 79im sval=8 Jval=-2 + 0im
    freq=308 polr=1 time=14736 dish=9 beam=8 Eval=5 - 5im Aval=101 + 87im sval=8 Jval=4 + 0im
    freq=303 polr=1 time=5627 dish=2 beam=15 Eval=0 + 1im Aval=-68 - 69im sval=5 Jval=2 - 2im
    freq=110 polr=1 time=2493 dish=0 beam=0 Eval=6 + 5im Aval=-94 + 66im sval=9 Jval=-2 + 0im
    freq=79 polr=0 time=7288 dish=58 beam=11 Eval=-1 + 0im Aval=72 + 87im sval=4 Jval=-4 - 5im
    freq=135 polr=1 time=2127 dish=51 beam=1 Eval=1 + 2im Aval=-37 + 43im sval=7 Jval=-1 + 0im
    freq=270 polr=1 time=12212 dish=13 beam=14 Eval=-7 + 3im Aval=68 - 76im sval=8 Jval=-1 + 3im
    freq=289 polr=1 time=1363 dish=11 beam=14 Eval=1 + 0im Aval=-107 + 3im sval=7 Jval=-1 + 0im
    freq=145 polr=0 time=4557 dish=58 beam=11 Eval=1 + 6im Aval=-112 + 126im sval=10 Jval=-1 - 1im
    freq=326 polr=1 time=915 dish=14 beam=13 Eval=-2 - 3im Aval=-47 + 23im sval=6 Jval=3 + 2im
    freq=179 polr=1 time=2261 dish=2 beam=13 Eval=2 + 1im Aval=22 + 55im sval=6 Jval=0 + 2im
    freq=44 polr=1 time=9189 dish=28 beam=9 Eval=4 + 5im Aval=37 - 89im sval=9 Jval=1 + 0im
    freq=241 polr=0 time=4143 dish=25 beam=15 Eval=1 + 7im Aval=-69 - 6im sval=7 Jval=0 - 4im
    freq=329 polr=0 time=9883 dish=0 beam=13 Eval=4 + 1im Aval=3 - 61im sval=6 Jval=1 - 4im
    freq=32 polr=1 time=14837 dish=40 beam=4 Eval=-1 - 4im Aval=126 + 70im sval=7 Jval=1 - 4im
    freq=80 polr=1 time=14884 dish=26 beam=11 Eval=-4 + 0im Aval=40 + 61im sval=8 Jval=-1 - 1im
    freq=142 polr=1 time=15670 dish=63 beam=13 Eval=6 + 6im Aval=-59 - 30im sval=8 Jval=-1 - 2im
    freq=206 polr=1 time=10510 dish=0 beam=15 Eval=1 - 3im Aval=0 + 67im sval=5 Jval=6 + 2im
    freq=56 polr=1 time=5071 dish=33 beam=9 Eval=-5 - 1im Aval=-64 - 6im sval=6 Jval=5 + 2im
    freq=49 polr=0 time=6959 dish=2 beam=6 Eval=-3 - 1im Aval=-90 + 74im sval=6 Jval=5 - 2im
    freq=167 polr=0 time=11555 dish=14 beam=11 Eval=-7 - 6im Aval=-86 + 76im sval=8 Jval=4 + 0im
    freq=178 polr=1 time=11121 dish=49 beam=14 Eval=1 + 4im Aval=-57 + 41im sval=6 Jval=-3 - 3im
    freq=67 polr=0 time=12338 dish=54 beam=6 Eval=4 + 7im Aval=-93 + 23im sval=8 Jval=-2 - 2im
    freq=241 polr=1 time=16369 dish=20 beam=4 Eval=1 + 5im Aval=-84 + 47im sval=7 Jval=-2 - 3im
    freq=31 polr=0 time=422 dish=11 beam=5 Eval=-2 - 1im Aval=-93 - 114im sval=8 Jval=0 + 1im
    freq=11 polr=0 time=11417 dish=3 beam=13 Eval=7 + 6im Aval=-60 - 33im sval=10 Jval=0 - 1im
    freq=316 polr=0 time=12963 dish=44 beam=10 Eval=-3 - 4im Aval=16 + 70im sval=7 Jval=2 - 2im
    freq=98 polr=1 time=5835 dish=50 beam=2 Eval=-1 + 3im Aval=36 + 120im sval=6 Jval=-6 + 0im
    freq=134 polr=1 time=2029 dish=49 beam=7 Eval=-3 - 7im Aval=-59 - 127im sval=9 Jval=-1 + 2im
    freq=109 polr=1 time=5743 dish=5 beam=1 Eval=7 + 4im Aval=-60 - 127im sval=9 Jval=0 - 2im
    freq=165 polr=0 time=10109 dish=23 beam=11 Eval=0 - 6im Aval=51 - 61im sval=7 Jval=-3 - 2im
    freq=227 polr=0 time=1154 dish=42 beam=9 Eval=2 - 2im Aval=-120 - 36im sval=6 Jval=-5 + 3im
    freq=111 polr=0 time=3225 dish=51 beam=9 Eval=-6 + 1im Aval=78 + 98im sval=10 Jval=-1 + 0im
    freq=31 polr=0 time=8532 dish=63 beam=14 Eval=-7 + 5im Aval=125 - 47im sval=7 Jval=-5 + 7im
    freq=281 polr=0 time=7442 dish=52 beam=11 Eval=-4 + 3im Aval=21 - 50im sval=8 Jval=0 + 1im
    freq=218 polr=1 time=2727 dish=51 beam=4 Eval=-5 - 5im Aval=41 + 41im sval=9 Jval=0 - 1im
    freq=325 polr=0 time=5678 dish=10 beam=14 Eval=7 - 7im Aval=100 + 60im sval=9 Jval=2 - 1im
    freq=20 polr=1 time=10487 dish=48 beam=7 Eval=-7 - 1im Aval=41 + 87im sval=10 Jval=0 - 1im
    freq=91 polr=0 time=7582 dish=49 beam=10 Eval=-3 - 3im Aval=-125 + 122im sval=7 Jval=6 + 0im
    freq=26 polr=0 time=15058 dish=31 beam=14 Eval=1 - 3im Aval=-89 - 7im sval=8 Jval=0 + 1im
    freq=232 polr=1 time=10020 dish=52 beam=2 Eval=-3 + 0im Aval=52 - 75im sval=7 Jval=-1 + 2im
    freq=84 polr=1 time=12977 dish=11 beam=13 Eval=-6 + 6im Aval=-69 - 53im sval=10 Jval=1 + 0im
    freq=265 polr=1 time=6355 dish=21 beam=14 Eval=-4 + 5im Aval=34 - 94im sval=10 Jval=0 + 1im
    freq=139 polr=1 time=7631 dish=55 beam=4 Eval=-3 - 7im Aval=65 - 72im sval=8 Jval=-3 - 1im
    freq=114 polr=0 time=15700 dish=52 beam=12 Eval=-4 - 2im Aval=-52 - 47im sval=9 Jval=0 + 1im
    freq=227 polr=1 time=767 dish=12 beam=15 Eval=3 - 1im Aval=-45 - 67im sval=5 Jval=-6 - 5im
    freq=61 polr=0 time=3409 dish=23 beam=11 Eval=-4 - 5im Aval=8 - 20im sval=5 Jval=-4 + 1im
    freq=164 polr=1 time=6322 dish=55 beam=1 Eval=0 - 5im Aval=17 + 79im sval=8 Jval=2 + 0im
    freq=93 polr=0 time=5017 dish=63 beam=10 Eval=6 - 7im Aval=60 - 8im sval=9 Jval=1 - 1im
    freq=203 polr=0 time=9008 dish=22 beam=7 Eval=3 + 1im Aval=18 - 10im sval=7 Jval=1 + 0im
    freq=49 polr=0 time=10666 dish=37 beam=4 Eval=-5 + 7im Aval=-80 + 117im sval=8 Jval=-2 - 4im
    freq=324 polr=1 time=11413 dish=12 beam=12 Eval=-4 - 2im Aval=-33 - 32im sval=8 Jval=0 + 1im
    freq=166 polr=0 time=16131 dish=32 beam=7 Eval=5 - 2im Aval=-109 - 104im sval=8 Jval=-3 - 1im
    freq=220 polr=1 time=488 dish=22 beam=11 Eval=6 + 3im Aval=-52 + 38im sval=9 Jval=-1 + 0im
    freq=277 polr=0 time=2230 dish=31 beam=10 Eval=1 + 2im Aval=-101 - 119im sval=8 Jval=1 - 1im
    freq=78 polr=0 time=9259 dish=59 beam=5 Eval=-1 - 4im Aval=-59 + 30im sval=5 Jval=6 + 7im
    freq=25 polr=1 time=4228 dish=35 beam=4 Eval=-2 - 5im Aval=89 + 93im sval=8 Jval=1 - 2im
    freq=63 polr=1 time=11041 dish=8 beam=11 Eval=3 - 3im Aval=108 + 55im sval=7 Jval=4 - 1im
    freq=54 polr=0 time=3004 dish=11 beam=6 Eval=-1 - 6im Aval=-92 - 8im sval=7 Jval=0 + 4im
    freq=178 polr=0 time=7973 dish=11 beam=3 Eval=5 - 1im Aval=-10 + 116im sval=10 Jval=0 + 1im
    freq=121 polr=1 time=3138 dish=57 beam=8 Eval=-4 - 3im Aval=35 + 55im sval=6 Jval=0 - 5im
    freq=245 polr=1 time=12394 dish=0 beam=15 Eval=7 + 0im Aval=49 + 73im sval=7 Jval=3 + 4im
    freq=335 polr=0 time=11727 dish=60 beam=7 Eval=0 - 1im Aval=-43 - 24im sval=4 Jval=-1 + 3im
    freq=11 polr=0 time=8365 dish=59 beam=7 Eval=0 + 3im Aval=67 + 0im sval=6 Jval=0 + 3im
    freq=141 polr=1 time=7948 dish=21 beam=11 Eval=-1 - 6im Aval=-2 - 107im sval=10 Jval=-1 + 0im
    freq=150 polr=0 time=4364 dish=25 beam=9 Eval=1 + 2im Aval=-72 + 114im sval=7 Jval=-2 + 0im
    freq=76 polr=0 time=12445 dish=8 beam=14 Eval=7 - 4im Aval=-111 + 6im sval=10 Jval=-1 + 0im
    freq=206 polr=0 time=4159 dish=15 beam=11 Eval=-6 - 4im Aval=-103 + 19im sval=9 Jval=1 + 1im
    freq=319 polr=1 time=15416 dish=2 beam=13 Eval=3 + 2im Aval=-7 + 35im sval=5 Jval=-3 + 3im
    freq=263 polr=0 time=1606 dish=45 beam=10 Eval=-1 + 6im Aval=-90 + 12im sval=8 Jval=0 - 2im
    freq=109 polr=1 time=13169 dish=33 beam=11 Eval=-5 - 4im Aval=98 - 77im sval=10 Jval=-1 + 0im
    freq=164 polr=1 time=4700 dish=8 beam=6 Eval=-5 - 1im Aval=-7 + 68im sval=6 Jval=2 - 5im
    freq=93 polr=1 time=13002 dish=40 beam=14 Eval=1 + 2im Aval=45 - 18im sval=4 Jval=5 + 5im
    freq=108 polr=0 time=13547 dish=36 beam=10 Eval=-3 - 2im Aval=6 - 109im sval=6 Jval=-4 + 5im
    freq=147 polr=1 time=13700 dish=37 beam=11 Eval=1 + 7im Aval=-75 + 32im sval=7 Jval=-2 - 4im
    freq=8 polr=1 time=11634 dish=40 beam=0 Eval=3 + 0im Aval=-109 + 103im sval=9 Jval=-1 + 1im
    freq=285 polr=1 time=5856 dish=21 beam=3 Eval=0 + 4im Aval=119 - 48im sval=6 Jval=3 + 7im
    freq=169 polr=1 time=737 dish=29 beam=13 Eval=-7 + 1im Aval=114 + 108im sval=8 Jval=-4 - 2im
    freq=96 polr=0 time=10423 dish=37 beam=11 Eval=1 - 7im Aval=46 + 23im sval=8 Jval=1 - 1im
    freq=75 polr=0 time=849 dish=48 beam=13 Eval=-7 + 1im Aval=-120 - 9im sval=8 Jval=3 + 0im
    freq=63 polr=0 time=12352 dish=4 beam=0 Eval=7 + 7im Aval=125 - 76im sval=8 Jval=6 + 1im
    freq=283 polr=0 time=14190 dish=30 beam=1 Eval=3 + 3im Aval=-31 + 72im sval=9 Jval=-1 + 0im
    freq=146 polr=0 time=5578 dish=16 beam=0 Eval=5 - 6im Aval=-91 - 71im sval=9 Jval=-2 + 0im
    freq=12 polr=1 time=14860 dish=45 beam=15 Eval=2 + 4im Aval=-46 - 61im sval=9 Jval=0 - 1im
    freq=228 polr=1 time=13753 dish=1 beam=0 Eval=5 + 2im Aval=-113 + 17im sval=7 Jval=-5 - 1im
    freq=97 polr=0 time=2535 dish=60 beam=9 Eval=1 + 7im Aval=6 - 37im sval=9 Jval=1 + 0im
    freq=237 polr=0 time=10559 dish=47 beam=1 Eval=4 - 2im Aval=84 + 7im sval=9 Jval=1 + 0im
    freq=151 polr=0 time=10560 dish=0 beam=14 Eval=5 - 2im Aval=-86 + 110im sval=9 Jval=0 + 1im
    freq=108 polr=0 time=8480 dish=42 beam=0 Eval=6 + 6im Aval=-58 - 26im sval=8 Jval=-1 - 2im
    freq=182 polr=1 time=10803 dish=46 beam=13 Eval=-6 + 5im Aval=-17 + 113im sval=7 Jval=-4 - 6im
    freq=248 polr=1 time=2669 dish=63 beam=3 Eval=2 + 6im Aval=-28 + 80im sval=9 Jval=-1 + 0im
    freq=296 polr=1 time=1772 dish=34 beam=10 Eval=7 + 2im Aval=-21 + 55im sval=6 Jval=-4 + 5im
    freq=182 polr=1 time=4392 dish=58 beam=2 Eval=-6 - 3im Aval=64 + 65im sval=7 Jval=-1 - 5im
    freq=280 polr=0 time=7025 dish=57 beam=3 Eval=-1 + 3im Aval=-115 - 93im sval=7 Jval=3 - 2im
    freq=26 polr=1 time=7067 dish=10 beam=3 Eval=-4 + 6im Aval=115 - 51im sval=8 Jval=-1 + 4im
    freq=223 polr=0 time=13375 dish=63 beam=4 Eval=5 - 5im Aval=-106 + 43im sval=9 Jval=-1 + 1im
    freq=0 polr=0 time=15960 dish=55 beam=4 Eval=2 - 5im Aval=70 + 6im sval=9 Jval=0 - 1im
    freq=259 polr=1 time=5431 dish=2 beam=6 Eval=-2 - 3im Aval=-47 - 119im sval=9 Jval=-1 + 1im
    freq=304 polr=1 time=10316 dish=39 beam=3 Eval=-6 + 7im Aval=-107 - 74im sval=9 Jval=2 - 1im
    freq=271 polr=1 time=7064 dish=29 beam=12 Eval=3 + 3im Aval=-62 - 89im sval=6 Jval=1 - 7im
    freq=331 polr=0 time=16106 dish=18 beam=12 Eval=2 + 1im Aval=-17 + 66im sval=4 Jval=-6 + 7im
    freq=168 polr=1 time=11272 dish=3 beam=10 Eval=-2 - 6im Aval=-69 + 126im sval=10 Jval=1 + 0im
    freq=47 polr=0 time=16293 dish=34 beam=11 Eval=5 - 2im Aval=62 + 120im sval=10 Jval=1 + 0im
    freq=118 polr=0 time=11305 dish=28 beam=15 Eval=3 - 6im Aval=81 + 18im sval=9 Jval=1 - 1im
    freq=165 polr=0 time=1630 dish=55 beam=10 Eval=0 - 6im Aval=-108 - 124im sval=7 Jval=-6 + 5im
    freq=240 polr=1 time=10099 dish=61 beam=0 Eval=6 - 4im Aval=11 + 59im sval=7 Jval=2 + 2im
    freq=25 polr=1 time=14027 dish=2 beam=3 Eval=2 - 4im Aval=45 + 5im sval=7 Jval=1 - 1im
    freq=59 polr=0 time=5619 dish=28 beam=2 Eval=-1 + 1im Aval=-111 + 65im sval=5 Jval=2 - 5im
    freq=214 polr=0 time=13130 dish=45 beam=5 Eval=-3 + 6im Aval=50 + 18im sval=6 Jval=-4 + 4im
    freq=228 polr=0 time=1022 dish=41 beam=11 Eval=-3 + 1im Aval=-70 + 9im sval=6 Jval=3 - 1im
    freq=119 polr=1 time=14700 dish=18 beam=0 Eval=-6 + 4im Aval=-21 + 87im sval=9 Jval=0 - 1im
    freq=153 polr=0 time=4303 dish=1 beam=0 Eval=0 - 2im Aval=-96 - 66im sval=8 Jval=-1 + 1im
    freq=224 polr=0 time=14880 dish=1 beam=6 Eval=2 + 7im Aval=-100 - 127im sval=8 Jval=3 - 4im
    freq=225 polr=1 time=14983 dish=23 beam=12 Eval=5 - 5im Aval=75 + 102im sval=8 Jval=3 + 1im
    freq=234 polr=1 time=9595 dish=39 beam=12 Eval=5 - 3im Aval=-49 - 67im sval=6 Jval=-7 - 3im
    freq=177 polr=0 time=15552 dish=51 beam=0 Eval=-4 - 3im Aval=42 - 88im sval=7 Jval=-3 + 2im
    freq=109 polr=1 time=4910 dish=60 beam=11 Eval=-3 - 6im Aval=-9 + 126im sval=10 Jval=1 + 0im
    freq=102 polr=1 time=3074 dish=4 beam=15 Eval=-6 + 5im Aval=79 + 116im sval=10 Jval=-1 + 0im
    freq=265 polr=0 time=9480 dish=15 beam=1 Eval=6 - 2im Aval=80 - 109im sval=9 Jval=1 - 2im
    freq=27 polr=1 time=14367 dish=14 beam=9 Eval=0 - 1im Aval=-110 + 23im sval=6 Jval=0 + 2im
    freq=254 polr=0 time=333 dish=38 beam=1 Eval=-4 - 5im Aval=108 + 6im sval=7 Jval=-3 - 4im
    freq=141 polr=0 time=13509 dish=17 beam=12 Eval=1 - 6im Aval=5 - 117im sval=8 Jval=-3 - 1im
    freq=168 polr=0 time=4416 dish=49 beam=8 Eval=5 + 3im Aval=-58 + 28im sval=9 Jval=-1 + 0im
    freq=59 polr=1 time=15434 dish=1 beam=5 Eval=4 + 4im Aval=82 + 73im sval=8 Jval=0 + 2im
    freq=163 polr=1 time=4849 dish=60 beam=0 Eval=-7 - 4im Aval=6 + 91im sval=7 Jval=3 - 5im
    freq=60 polr=0 time=12588 dish=28 beam=8 Eval=-3 + 3im Aval=43 - 41im sval=7 Jval=0 + 2im
    freq=318 polr=0 time=2936 dish=54 beam=13 Eval=7 + 4im Aval=49 + 13im sval=8 Jval=1 + 1im
    freq=239 polr=1 time=893 dish=43 beam=6 Eval=7 - 5im Aval=-97 - 86im sval=9 Jval=-2 + 0im
    freq=326 polr=1 time=13108 dish=59 beam=15 Eval=-4 - 4im Aval=105 - 4im sval=9 Jval=-1 - 1im
    freq=25 polr=1 time=9568 dish=29 beam=9 Eval=5 + 3im Aval=97 - 62im sval=7 Jval=5 + 0im
    freq=50 polr=0 time=12184 dish=22 beam=15 Eval=4 - 6im Aval=-59 - 108im sval=10 Jval=-1 + 0im
    freq=182 polr=1 time=3575 dish=7 beam=5 Eval=-3 - 2im Aval=67 - 18im sval=5 Jval=-7 - 2im
    freq=206 polr=0 time=4965 dish=45 beam=14 Eval=4 + 6im Aval=-120 + 106im sval=9 Jval=-2 - 1im
    freq=275 polr=0 time=15509 dish=42 beam=1 Eval=-6 + 2im Aval=-8 - 46im sval=8 Jval=1 + 1im
    freq=161 polr=1 time=8462 dish=34 beam=12 Eval=-3 - 5im Aval=119 + 3im sval=7 Jval=-3 - 5im
    freq=179 polr=1 time=4 dish=25 beam=11 Eval=-1 + 7im Aval=36 - 123im sval=9 Jval=2 + 1im
    freq=185 polr=1 time=7064 dish=35 beam=11 Eval=0 - 6im Aval=49 + 50im sval=7 Jval=2 - 2im
    freq=130 polr=1 time=9919 dish=10 beam=8 Eval=-3 + 4im Aval=-119 + 1im sval=9 Jval=1 - 1im
    freq=289 polr=1 time=7597 dish=7 beam=14 Eval=7 - 2im Aval=35 - 8im sval=7 Jval=2 - 1im
    freq=138 polr=0 time=15701 dish=12 beam=4 Eval=4 - 1im Aval=79 - 121im sval=8 Jval=1 - 2im
    freq=285 polr=1 time=10841 dish=54 beam=13 Eval=-6 + 3im Aval=13 + 71im sval=8 Jval=-1 - 2im
    freq=288 polr=0 time=7317 dish=47 beam=1 Eval=5 + 1im Aval=-57 + 106im sval=9 Jval=-1 + 1im
    freq=80 polr=0 time=9359 dish=7 beam=14 Eval=-4 + 7im Aval=6 - 49im sval=7 Jval=3 + 2im
    freq=62 polr=0 time=14690 dish=47 beam=2 Eval=-7 + 7im Aval=43 - 25im sval=8 Jval=0 + 2im
    freq=185 polr=1 time=8758 dish=54 beam=11 Eval=4 - 3im Aval=92 + 101im sval=7 Jval=5 + 1im
    freq=311 polr=0 time=7382 dish=25 beam=0 Eval=-5 + 3im Aval=-108 - 115im sval=8 Jval=3 + 1im
    freq=192 polr=0 time=357 dish=60 beam=13 Eval=1 - 5im Aval=-52 - 78im sval=7 Jval=-3 + 1im
    freq=179 polr=1 time=12618 dish=8 beam=3 Eval=7 - 6im Aval=95 - 126im sval=11 Jval=0 - 1im
    freq=95 polr=0 time=15501 dish=40 beam=9 Eval=-4 - 2im Aval=27 + 59im sval=7 Jval=0 - 2im
    freq=163 polr=1 time=7653 dish=20 beam=0 Eval=0 + 5im Aval=111 + 96im sval=7 Jval=-4 + 4im
    freq=239 polr=0 time=2656 dish=48 beam=4 Eval=6 - 5im Aval=36 - 41im sval=9 Jval=0 - 1im
    freq=28 polr=0 time=14259 dish=2 beam=4 Eval=-1 - 4im Aval=-7 - 5im sval=4 Jval=-1 + 2im
    freq=168 polr=1 time=5882 dish=50 beam=4 Eval=-6 + 0im Aval=105 - 122im sval=7 Jval=-5 + 6im
    freq=104 polr=0 time=9519 dish=14 beam=4 Eval=4 + 2im Aval=-43 - 73im sval=8 Jval=0 - 1im
    freq=19 polr=1 time=572 dish=40 beam=8 Eval=-1 + 5im Aval=-114 + 127im sval=7 Jval=-4 - 5im
    freq=189 polr=0 time=657 dish=39 beam=7 Eval=2 + 5im Aval=97 + 38im sval=7 Jval=0 + 4im
    freq=28 polr=0 time=6239 dish=1 beam=8 Eval=4 + 2im Aval=81 + 80im sval=7 Jval=1 + 4im
    freq=68 polr=1 time=15388 dish=45 beam=5 Eval=-7 + 3im Aval=11 + 115im sval=7 Jval=-3 - 6im
    freq=39 polr=1 time=13800 dish=1 beam=1 Eval=3 - 5im Aval=-103 + 105im sval=10 Jval=0 + 1im
    freq=117 polr=1 time=4990 dish=36 beam=2 Eval=-6 + 1im Aval=-37 + 79im sval=7 Jval=1 - 4im
    freq=247 polr=1 time=11229 dish=39 beam=11 Eval=-3 + 0im Aval=86 + 31im sval=6 Jval=-4 - 1im
    freq=43 polr=1 time=14288 dish=55 beam=3 Eval=-2 + 4im Aval=-57 + 28im sval=6 Jval=0 - 4im
    freq=206 polr=0 time=208 dish=3 beam=11 Eval=-6 + 4im Aval=110 - 117im sval=9 Jval=0 + 2im
    freq=207 polr=1 time=8993 dish=9 beam=9 Eval=-4 + 7im Aval=78 + 92im sval=10 Jval=-1 + 0im
    freq=80 polr=1 time=14414 dish=39 beam=13 Eval=5 - 2im Aval=-121 - 122im sval=7 Jval=-7 - 3im
    freq=58 polr=0 time=15306 dish=36 beam=8 Eval=-3 - 6im Aval=89 + 17im sval=9 Jval=0 - 1im
    freq=137 polr=0 time=514 dish=22 beam=9 Eval=4 + 4im Aval=-19 + 97im sval=7 Jval=-4 + 2im
    freq=15 polr=1 time=14471 dish=20 beam=8 Eval=2 + 3im Aval=-49 + 23im sval=8 Jval=-1 + 0im
    freq=96 polr=1 time=15057 dish=52 beam=1 Eval=-6 + 6im Aval=-80 - 119im sval=8 Jval=5 + 1im
    freq=120 polr=0 time=15667 dish=28 beam=9 Eval=-3 - 7im Aval=-118 + 58im sval=8 Jval=3 + 3im
    freq=302 polr=0 time=4863 dish=44 beam=12 Eval=-4 + 7im Aval=119 + 68im sval=10 Jval=-1 + 1im
    freq=204 polr=1 time=2977 dish=7 beam=9 Eval=4 + 4im Aval=75 + 0im sval=9 Jval=1 + 1im
    freq=15 polr=1 time=13819 dish=24 beam=2 Eval=-4 + 7im Aval=-60 - 16im sval=7 Jval=3 - 3im
    freq=315 polr=0 time=6759 dish=62 beam=5 Eval=-1 - 4im Aval=-61 - 75im sval=7 Jval=-2 + 3im
    freq=158 polr=0 time=7217 dish=30 beam=12 Eval=3 + 0im Aval=122 + 88im sval=8 Jval=1 + 1im
    freq=20 polr=1 time=13724 dish=51 beam=2 Eval=-1 + 6im Aval=69 - 7im sval=8 Jval=0 + 2im
    freq=51 polr=0 time=10104 dish=12 beam=1 Eval=4 + 1im Aval=114 + 62im sval=8 Jval=2 + 1im
    freq=168 polr=1 time=2583 dish=46 beam=5 Eval=3 + 6im Aval=32 - 60im sval=9 Jval=1 + 0im
    freq=104 polr=1 time=1641 dish=25 beam=10 Eval=-1 - 6im Aval=-121 + 61im sval=9 Jval=1 + 1im
    freq=332 polr=1 time=5187 dish=4 beam=8 Eval=0 + 3im Aval=-5 + 52im sval=7 Jval=-1 + 0im
    freq=159 polr=0 time=9893 dish=63 beam=3 Eval=6 + 4im Aval=-56 + 68im sval=7 Jval=-5 + 1im
    freq=257 polr=1 time=11153 dish=9 beam=5 Eval=-1 - 3im Aval=-60 - 70im sval=8 Jval=-1 + 1im
    freq=157 polr=0 time=6574 dish=26 beam=9 Eval=-7 + 7im Aval=-52 + 84im sval=10 Jval=0 - 1im
    freq=240 polr=0 time=4166 dish=16 beam=7 Eval=3 - 2im Aval=99 + 19im sval=9 Jval=1 + 0im
    freq=19 polr=1 time=3355 dish=17 beam=12 Eval=-2 - 6im Aval=5 - 5im sval=6 Jval=-1 + 0im
    freq=277 polr=1 time=6609 dish=26 beam=4 Eval=-1 - 3im Aval=-62 - 14im sval=8 Jval=0 + 1im
    freq=241 polr=0 time=3234 dish=0 beam=10 Eval=5 + 5im Aval=-97 - 110im sval=11 Jval=0 - 1im
    freq=57 polr=0 time=8230 dish=63 beam=0 Eval=0 - 5im Aval=112 + 32im sval=8 Jval=1 - 2im
    freq=270 polr=1 time=8713 dish=30 beam=15 Eval=7 - 7im Aval=46 + 72im sval=7 Jval=6 + 1im
    freq=9 polr=1 time=12098 dish=48 beam=3 Eval=-2 + 3im Aval=17 - 18im sval=4 Jval=1 + 6im
    freq=301 polr=1 time=15965 dish=28 beam=3 Eval=-4 - 2im Aval=-56 + 57im sval=9 Jval=1 + 0im
    freq=301 polr=0 time=1900 dish=4 beam=7 Eval=-2 - 4im Aval=-101 + 66im sval=8 Jval=2 + 1im
    freq=108 polr=1 time=7024 dish=0 beam=12 Eval=-2 + 2im Aval=-83 - 43im sval=8 Jval=1 + 0im
    freq=180 polr=0 time=8647 dish=52 beam=6 Eval=-5 - 3im Aval=-68 + 78im sval=10 Jval=1 + 0im
    freq=87 polr=1 time=7916 dish=11 beam=2 Eval=-1 + 4im Aval=106 + 11im sval=9 Jval=0 + 1im
    freq=225 polr=1 time=658 dish=28 beam=4 Eval=-6 + 4im Aval=-18 + 39im sval=6 Jval=-1 - 5im
    freq=97 polr=0 time=989 dish=25 beam=14 Eval=5 + 7im Aval=-85 - 69im sval=10 Jval=0 - 1im
    freq=264 polr=1 time=9234 dish=3 beam=1 Eval=0 - 7im Aval=-113 + 59im sval=9 Jval=1 + 2im
    freq=310 polr=1 time=11565 dish=37 beam=13 Eval=-2 - 1im Aval=-86 + 45im sval=6 Jval=3 + 0im
    freq=32 polr=1 time=1189 dish=7 beam=6 Eval=4 - 5im Aval=31 + 109im sval=9 Jval=1 + 1im
    freq=19 polr=0 time=4513 dish=41 beam=14 Eval=-5 + 2im Aval=-15 + 104im sval=8 Jval=-1 - 2im
    freq=208 polr=0 time=8063 dish=16 beam=3 Eval=7 + 5im Aval=124 - 23im sval=9 Jval=2 + 1im
    freq=274 polr=1 time=8672 dish=14 beam=15 Eval=1 + 2im Aval=-39 + 43im sval=5 Jval=-4 - 1im
    freq=316 polr=0 time=4657 dish=26 beam=2 Eval=-1 + 4im Aval=125 - 36im sval=10 Jval=0 + 1im
    freq=158 polr=1 time=14543 dish=34 beam=10 Eval=7 + 6im Aval=32 + 13im sval=8 Jval=1 + 1im
    freq=29 polr=0 time=1813 dish=32 beam=11 Eval=5 + 4im Aval=-75 - 57im sval=10 Jval=0 - 1im
    freq=2 polr=0 time=903 dish=7 beam=9 Eval=-2 + 4im Aval=-108 - 24im sval=6 Jval=5 - 6im
    freq=297 polr=1 time=5609 dish=24 beam=10 Eval=6 + 6im Aval=45 - 97im sval=7 Jval=7 - 2im
    freq=89 polr=0 time=11644 dish=50 beam=8 Eval=-5 + 7im Aval=-121 - 76im sval=11 Jval=1 + 0im
    freq=221 polr=1 time=10530 dish=39 beam=6 Eval=-4 + 6im Aval=-9 + 96im sval=10 Jval=-1 + 0im
    freq=284 polr=0 time=8997 dish=52 beam=5 Eval=-5 + 6im Aval=92 - 11im sval=10 Jval=0 + 1im
    freq=333 polr=1 time=5444 dish=57 beam=10 Eval=-2 + 5im Aval=-80 + 88im sval=7 Jval=-2 - 4im
    freq=9 polr=1 time=6313 dish=4 beam=0 Eval=-7 + 7im Aval=-20 + 45im sval=6 Jval=-3 - 7im
    freq=117 polr=1 time=8430 dish=36 beam=2 Eval=1 + 6im Aval=-16 + 75im sval=7 Jval=-4 + 0im
    freq=142 polr=0 time=1126 dish=54 beam=10 Eval=2 - 7im Aval=23 - 91im sval=9 Jval=-1 - 1im
    freq=118 polr=1 time=6809 dish=53 beam=2 Eval=2 - 5im Aval=3 + 67im sval=8 Jval=1 + 0im
    freq=32 polr=1 time=7400 dish=21 beam=6 Eval=6 + 3im Aval=-85 + 41im sval=9 Jval=-1 + 0im
    freq=14 polr=0 time=5368 dish=5 beam=10 Eval=7 + 4im Aval=-79 + 68im sval=9 Jval=-2 + 0im
    freq=170 polr=0 time=5606 dish=20 beam=6 Eval=5 - 3im Aval=-18 + 18im sval=5 Jval=-1 + 5im
    freq=69 polr=0 time=5158 dish=15 beam=2 Eval=1 + 3im Aval=86 - 19im sval=7 Jval=1 + 2im
    freq=212 polr=1 time=9814 dish=18 beam=4 Eval=3 - 2im Aval=-28 - 5im sval=5 Jval=-3 + 1im
    freq=285 polr=1 time=8948 dish=12 beam=1 Eval=7 - 4im Aval=-88 + 116im sval=10 Jval=0 + 1im
    freq=14 polr=0 time=7527 dish=56 beam=15 Eval=4 - 1im Aval=89 + 87im sval=7 Jval=3 + 2im
    freq=74 polr=1 time=15810 dish=56 beam=6 Eval=-2 + 2im Aval=-90 - 110im sval=6 Jval=6 + 1im
    freq=279 polr=0 time=718 dish=1 beam=6 Eval=-2 - 5im Aval=75 - 51im sval=9 Jval=-1 - 1im
    freq=42 polr=1 time=9911 dish=50 beam=4 Eval=5 - 5im Aval=-109 + 81im sval=8 Jval=-1 + 4im
    freq=147 polr=0 time=15533 dish=11 beam=5 Eval=-3 + 0im Aval=109 + 28im sval=9 Jval=-1 + 0im
    freq=247 polr=1 time=11562 dish=1 beam=1 Eval=-1 - 1im Aval=103 - 32im sval=5 Jval=-4 - 2im
    freq=258 polr=0 time=3433 dish=32 beam=6 Eval=-5 + 1im Aval=42 + 16im sval=6 Jval=-3 - 1im
    freq=182 polr=0 time=733 dish=34 beam=5 Eval=-1 - 2im Aval=87 - 76im sval=7 Jval=-2 - 1im
    freq=22 polr=0 time=13568 dish=10 beam=8 Eval=-1 + 7im Aval=-59 + 108im sval=9 Jval=-1 - 1im
    freq=301 polr=1 time=11942 dish=9 beam=2 Eval=1 + 1im Aval=0 + 53im sval=4 Jval=-3 + 3im
    freq=6 polr=0 time=3868 dish=51 beam=4 Eval=6 + 5im Aval=42 - 116im sval=8 Jval=3 - 2im
    freq=119 polr=1 time=8536 dish=18 beam=12 Eval=7 - 6im Aval=-114 - 18im sval=8 Jval=-4 + 2im
    freq=159 polr=0 time=5452 dish=45 beam=6 Eval=-4 + 2im Aval=-28 - 13im sval=5 Jval=4 + 0im
    freq=158 polr=1 time=10341 dish=24 beam=9 Eval=7 - 1im Aval=-51 - 36im sval=8 Jval=-2 - 1im
    freq=25 polr=1 time=5412 dish=25 beam=13 Eval=-6 - 1im Aval=-71 - 26im sval=8 Jval=2 + 1im
    freq=38 polr=0 time=10964 dish=27 beam=7 Eval=7 - 1im Aval=-60 + 91im sval=8 Jval=-1 + 3im
    freq=81 polr=0 time=13685 dish=51 beam=12 Eval=1 + 1im Aval=-103 + 26im sval=6 Jval=-2 - 1im
    freq=256 polr=0 time=5571 dish=36 beam=0 Eval=7 - 1im Aval=-38 + 73im sval=9 Jval=0 + 1im
    freq=181 polr=1 time=9138 dish=2 beam=7 Eval=2 + 4im Aval=55 + 115im sval=8 Jval=-1 + 2im
    freq=92 polr=1 time=8502 dish=62 beam=12 Eval=-6 - 7im Aval=-124 - 18im sval=9 Jval=1 + 2im
    freq=86 polr=1 time=3255 dish=51 beam=3 Eval=7 + 4im Aval=50 + 9im sval=8 Jval=1 + 1im
    freq=225 polr=0 time=343 dish=8 beam=8 Eval=-7 - 7im Aval=33 + 126im sval=10 Jval=1 - 1im
    freq=4 polr=1 time=11076 dish=59 beam=3 Eval=-5 + 7im Aval=-76 + 22im sval=8 Jval=1 - 2im
    freq=88 polr=1 time=3900 dish=60 beam=2 Eval=1 + 0im Aval=-109 - 96im sval=5 Jval=-3 - 3im
    freq=273 polr=1 time=133 dish=10 beam=13 Eval=-1 + 0im Aval=-61 - 18im sval=6 Jval=1 + 0im
    freq=2 polr=1 time=14902 dish=23 beam=15 Eval=1 + 2im Aval=-96 - 6im sval=7 Jval=-1 - 2im
    freq=330 polr=1 time=12375 dish=4 beam=10 Eval=3 + 0im Aval=-11 + 17im sval=4 Jval=-2 + 3im
    freq=228 polr=1 time=8981 dish=56 beam=5 Eval=3 - 7im Aval=110 - 36im sval=9 Jval=0 - 2im
    freq=87 polr=0 time=13219 dish=46 beam=10 Eval=-6 + 7im Aval=-14 - 11im sval=5 Jval=5 - 1im
    freq=220 polr=0 time=4902 dish=33 beam=2 Eval=6 + 6im Aval=50 - 116im sval=9 Jval=2 - 1im
    freq=24 polr=0 time=9020 dish=58 beam=7 Eval=5 + 6im Aval=-111 + 72im sval=8 Jval=-4 - 1im
    freq=224 polr=0 time=13473 dish=15 beam=6 Eval=-1 - 7im Aval=-34 - 29im sval=8 Jval=-1 + 1im
    freq=177 polr=1 time=5060 dish=1 beam=15 Eval=7 - 3im Aval=-57 + 114im sval=9 Jval=0 + 2im
    freq=51 polr=1 time=1395 dish=18 beam=14 Eval=-3 - 6im Aval=50 - 49im sval=7 Jval=-3 - 1im
    freq=126 polr=1 time=10273 dish=24 beam=0 Eval=5 - 7im Aval=-47 + 123im sval=7 Jval=5 + 7im
    freq=175 polr=1 time=13597 dish=23 beam=4 Eval=-5 - 2im Aval=3 + 30im sval=8 Jval=0 - 1im
    freq=204 polr=0 time=979 dish=49 beam=4 Eval=-6 + 1im Aval=92 - 5im sval=9 Jval=-1 + 0im
    freq=304 polr=1 time=12060 dish=22 beam=8 Eval=4 + 2im Aval=73 - 118im sval=8 Jval=2 - 1im
    freq=316 polr=0 time=14185 dish=46 beam=1 Eval=2 - 5im Aval=12 - 56im sval=6 Jval=-4 - 3im
    freq=26 polr=1 time=15549 dish=53 beam=10 Eval=2 - 6im Aval=-87 + 44im sval=10 Jval=0 + 1im
    freq=299 polr=0 time=10491 dish=2 beam=5 Eval=-4 + 4im Aval=-33 - 26im sval=7 Jval=2 + 0im
    freq=316 polr=1 time=15014 dish=61 beam=9 Eval=-2 + 7im Aval=108 + 30im sval=9 Jval=-1 + 1im
    freq=58 polr=1 time=7072 dish=2 beam=5 Eval=1 + 1im Aval=86 + 122im sval=8 Jval=0 + 1im
    freq=254 polr=1 time=7415 dish=49 beam=7 Eval=-7 - 2im Aval=103 + 39im sval=7 Jval=-5 - 4im
    freq=117 polr=1 time=7152 dish=31 beam=0 Eval=3 - 4im Aval=9 - 113im sval=6 Jval=-7 - 6im
    freq=35 polr=0 time=301 dish=40 beam=13 Eval=5 - 4im Aval=-60 - 96im sval=7 Jval=-5 - 2im
    freq=331 polr=0 time=1132 dish=29 beam=11 Eval=-5 - 4im Aval=-21 + 114im sval=8 Jval=2 - 2im
    freq=63 polr=1 time=6718 dish=14 beam=13 Eval=0 - 4im Aval=103 + 116im sval=7 Jval=4 - 3im
    freq=122 polr=0 time=2334 dish=22 beam=7 Eval=-7 - 1im Aval=42 + 80im sval=7 Jval=-2 - 5im
    freq=144 polr=0 time=10065 dish=19 beam=3 Eval=0 - 1im Aval=21 + 94im sval=5 Jval=3 - 1im
    freq=78 polr=0 time=266 dish=11 beam=4 Eval=2 - 2im Aval=40 - 20im sval=6 Jval=1 - 2im
    freq=192 polr=0 time=12172 dish=55 beam=9 Eval=5 + 4im Aval=-13 - 41im sval=8 Jval=0 - 1im
    freq=60 polr=1 time=8860 dish=50 beam=11 Eval=4 - 7im Aval=52 - 25im sval=6 Jval=1 - 7im
    freq=25 polr=1 time=1100 dish=61 beam=7 Eval=3 - 7im Aval=104 - 27im sval=9 Jval=0 - 2im
    freq=45 polr=1 time=11397 dish=29 beam=14 Eval=-7 + 7im Aval=-87 + 105im sval=11 Jval=0 - 1im
    freq=293 polr=0 time=4097 dish=6 beam=0 Eval=-5 + 6im Aval=-116 - 53im sval=7 Jval=7 - 3im
    freq=41 polr=1 time=3969 dish=17 beam=0 Eval=-1 - 3im Aval=-101 - 125im sval=8 Jval=-1 + 2im
    freq=64 polr=1 time=14297 dish=30 beam=7 Eval=-1 + 0im Aval=35 + 54im sval=6 Jval=-1 - 1im
    freq=262 polr=1 time=1077 dish=44 beam=12 Eval=5 - 6im Aval=-92 + 114im sval=9 Jval=0 + 2im
    freq=139 polr=0 time=8178 dish=15 beam=10 Eval=7 + 1im Aval=103 - 20im sval=9 Jval=1 + 0im
    freq=266 polr=1 time=12341 dish=7 beam=15 Eval=1 + 5im Aval=18 + 83im sval=8 Jval=-2 + 1im
    freq=204 polr=0 time=5116 dish=16 beam=9 Eval=-2 - 5im Aval=48 - 72im sval=6 Jval=-7 - 1im
    freq=104 polr=0 time=8144 dish=57 beam=12 Eval=1 - 7im Aval=126 - 28im sval=8 Jval=0 - 4im
    freq=28 polr=0 time=8299 dish=56 beam=8 Eval=-2 + 4im Aval=-125 + 51im sval=7 Jval=0 - 5im
    freq=13 polr=0 time=15729 dish=49 beam=4 Eval=4 - 7im Aval=49 + 19im sval=9 Jval=1 - 1im
    freq=134 polr=0 time=2675 dish=48 beam=14 Eval=2 + 4im Aval=-61 - 33im sval=7 Jval=0 - 2im
    freq=218 polr=0 time=5983 dish=42 beam=0 Eval=6 + 4im Aval=96 - 101im sval=9 Jval=2 + 0im
    freq=202 polr=0 time=4598 dish=14 beam=13 Eval=7 - 6im Aval=-83 + 75im sval=10 Jval=0 + 1im
    freq=331 polr=1 time=13907 dish=15 beam=3 Eval=-1 - 1im Aval=-120 - 103im sval=5 Jval=1 + 7im
    freq=149 polr=1 time=3365 dish=48 beam=15 Eval=-7 - 5im Aval=48 + 127im sval=9 Jval=1 - 2im
    freq=69 polr=0 time=12419 dish=10 beam=10 Eval=0 - 1im Aval=-87 + 100im sval=7 Jval=1 + 1im
    freq=318 polr=1 time=1908 dish=1 beam=5 Eval=1 + 3im Aval=-103 - 113im sval=7 Jval=2 - 3im
    freq=60 polr=1 time=16247 dish=3 beam=3 Eval=7 + 3im Aval=84 - 37im sval=9 Jval=1 + 0im
    freq=317 polr=1 time=3717 dish=38 beam=7 Eval=-3 + 7im Aval=25 + 48im sval=6 Jval=-6 + 1im
    freq=161 polr=1 time=3490 dish=53 beam=15 Eval=0 - 7im Aval=-3 - 18im sval=6 Jval=-2 + 0im
    freq=146 polr=1 time=10924 dish=58 beam=7 Eval=-6 - 7im Aval=64 - 3im sval=6 Jval=-6 - 7im
    freq=308 polr=0 time=14353 dish=6 beam=14 Eval=7 + 6im Aval=95 + 121im sval=8 Jval=0 + 6im
    freq=264 polr=1 time=1339 dish=61 beam=10 Eval=-3 + 5im Aval=83 - 34im sval=7 Jval=-1 + 4im
    freq=283 polr=0 time=12835 dish=37 beam=7 Eval=4 + 2im Aval=-105 + 81im sval=7 Jval=-5 + 1im
    freq=304 polr=1 time=9883 dish=40 beam=11 Eval=0 - 7im Aval=-40 - 118im sval=8 Jval=-3 + 1im
    freq=11 polr=0 time=2663 dish=11 beam=5 Eval=4 - 1im Aval=7 + 63im sval=6 Jval=1 + 4im
    freq=181 polr=1 time=8619 dish=5 beam=4 Eval=7 + 0im Aval=-8 + 41im sval=7 Jval=0 + 2im
    freq=27 polr=0 time=7066 dish=20 beam=13 Eval=5 - 7im Aval=91 - 57im sval=7 Jval=0 - 7im
    freq=115 polr=1 time=9203 dish=57 beam=2 Eval=3 + 7im Aval=-54 - 82im sval=8 Jval=2 - 2im
    freq=167 polr=0 time=1349 dish=52 beam=1 Eval=7 - 3im Aval=50 - 29im sval=7 Jval=2 - 3im
    freq=4 polr=0 time=14088 dish=20 beam=6 Eval=-2 - 7im Aval=-64 - 62im sval=9 Jval=-1 + 1im
    freq=24 polr=0 time=3196 dish=20 beam=6 Eval=-7 + 1im Aval=-6 + 116im sval=8 Jval=0 - 3im
    freq=208 polr=0 time=6276 dish=13 beam=10 Eval=-5 - 4im Aval=50 - 65im sval=7 Jval=-4 + 1im
    freq=66 polr=0 time=15467 dish=55 beam=5 Eval=3 + 6im Aval=16 - 48im sval=8 Jval=1 + 0im
    freq=6 polr=1 time=8911 dish=57 beam=1 Eval=-3 - 4im Aval=111 - 36im sval=9 Jval=-1 - 1im
    freq=295 polr=0 time=11129 dish=62 beam=0 Eval=6 - 5im Aval=76 + 63im sval=10 Jval=1 + 0im
    freq=332 polr=0 time=1074 dish=43 beam=0 Eval=2 + 7im Aval=64 + 70im sval=7 Jval=-3 + 5im
    freq=132 polr=0 time=16222 dish=32 beam=2 Eval=1 + 3im Aval=69 + 95im sval=6 Jval=-3 + 5im
    freq=180 polr=0 time=12532 dish=17 beam=0 Eval=-5 - 7im Aval=-121 + 127im sval=11 Jval=1 + 0im
    freq=84 polr=0 time=14853 dish=18 beam=6 Eval=-5 + 2im Aval=-119 + 13im sval=10 Jval=1 + 0im
    freq=255 polr=1 time=9357 dish=44 beam=5 Eval=5 + 7im Aval=110 + 16im sval=8 Jval=2 + 3im
    freq=166 polr=0 time=2723 dish=2 beam=1 Eval=-5 - 2im Aval=-86 + 61im sval=9 Jval=1 + 0im
    freq=92 polr=0 time=14159 dish=24 beam=2 Eval=-7 + 5im Aval=-3 + 117im sval=9 Jval=-1 - 2im
    freq=146 polr=0 time=1610 dish=41 beam=1 Eval=3 - 5im Aval=40 + 115im sval=10 Jval=1 + 0im
    freq=298 polr=1 time=6125 dish=30 beam=2 Eval=7 + 1im Aval=-87 - 70im sval=8 Jval=-2 - 2im
    freq=92 polr=0 time=1838 dish=37 beam=15 Eval=0 + 1im Aval=50 - 33im sval=3 Jval=4 + 7im
    freq=283 polr=1 time=11249 dish=26 beam=2 Eval=-5 + 7im Aval=-59 + 72im sval=10 Jval=0 - 1im
    freq=95 polr=1 time=11337 dish=22 beam=13 Eval=-2 + 5im Aval=48 + 124im sval=7 Jval=-6 + 0im
    freq=264 polr=1 time=8000 dish=14 beam=11 Eval=-7 + 7im Aval=33 + 37im sval=9 Jval=-1 + 0im
    freq=329 polr=1 time=10049 dish=32 beam=3 Eval=-6 + 6im Aval=-94 - 3im sval=10 Jval=1 - 1im
    freq=329 polr=1 time=4930 dish=5 beam=13 Eval=2 + 3im Aval=-105 - 2im sval=7 Jval=-2 - 2im
    freq=244 polr=0 time=3971 dish=0 beam=2 Eval=-5 + 2im Aval=6 - 32im sval=8 Jval=0 + 1im
    freq=157 polr=0 time=1635 dish=11 beam=7 Eval=-3 - 7im Aval=-9 - 110im sval=7 Jval=-6 + 3im
    freq=70 polr=0 time=6316 dish=59 beam=5 Eval=0 + 5im Aval=0 - 58im sval=8 Jval=1 + 0im
    freq=187 polr=0 time=1660 dish=8 beam=15 Eval=-5 - 6im Aval=-117 + 12im sval=9 Jval=1 + 1im
    freq=100 polr=1 time=3628 dish=38 beam=7 Eval=-3 + 5im Aval=59 - 39im sval=6 Jval=0 + 6im
    freq=190 polr=1 time=6370 dish=60 beam=3 Eval=0 + 6im Aval=50 + 71im sval=7 Jval=-3 + 2im
    freq=236 polr=0 time=15499 dish=34 beam=6 Eval=6 + 2im Aval=-91 + 18im sval=9 Jval=-1 + 0im
    freq=249 polr=0 time=4901 dish=62 beam=5 Eval=-1 - 4im Aval=-92 + 118im sval=10 Jval=1 + 0im
    freq=280 polr=1 time=14114 dish=52 beam=3 Eval=5 + 2im Aval=7 - 33im sval=7 Jval=1 - 1im
    freq=61 polr=0 time=9027 dish=19 beam=3 Eval=-2 - 5im Aval=6 + 109im sval=9 Jval=1 + 0im
    freq=272 polr=0 time=9760 dish=33 beam=13 Eval=1 + 6im Aval=-31 + 102im sval=8 Jval=-3 + 0im
    freq=158 polr=1 time=5936 dish=33 beam=5 Eval=2 - 7im Aval=-97 - 61im sval=8 Jval=-2 + 2im
    freq=275 polr=1 time=24 dish=19 beam=4 Eval=5 + 7im Aval=-34 + 100im sval=8 Jval=-3 + 1im
    freq=190 polr=1 time=2059 dish=7 beam=10 Eval=-1 + 4im Aval=-124 - 101im sval=8 Jval=2 - 2im
    freq=304 polr=1 time=13439 dish=14 beam=3 Eval=-1 - 4im Aval=103 + 47im sval=9 Jval=0 - 1im
    freq=96 polr=1 time=7306 dish=40 beam=11 Eval=6 + 1im Aval=114 - 64im sval=7 Jval=6 - 2im
    freq=269 polr=0 time=5403 dish=37 beam=5 Eval=0 + 5im Aval=-23 + 121im sval=10 Jval=-1 + 0im
    freq=146 polr=0 time=3547 dish=41 beam=0 Eval=4 - 2im Aval=80 - 123im sval=9 Jval=0 - 1im
    freq=62 polr=1 time=4254 dish=11 beam=8 Eval=-2 + 3im Aval=44 + 109im sval=7 Jval=-3 - 1im
    freq=173 polr=0 time=14400 dish=52 beam=14 Eval=7 + 7im Aval=-108 - 94im sval=11 Jval=0 - 1im
    freq=313 polr=1 time=10409 dish=28 beam=15 Eval=-3 + 1im Aval=-121 - 65im sval=9 Jval=1 + 0im
    freq=282 polr=1 time=2594 dish=39 beam=6 Eval=-2 - 2im Aval=-40 + 1im sval=4 Jval=5 + 5im
    freq=246 polr=0 time=6313 dish=48 beam=4 Eval=1 - 4im Aval=76 + 126im sval=8 Jval=2 - 1im
    freq=157 polr=0 time=4665 dish=28 beam=10 Eval=3 - 2im Aval=87 + 30im sval=6 Jval=5 - 1im
    freq=244 polr=1 time=3512 dish=37 beam=2 Eval=0 + 4im Aval=-46 + 97im sval=9 Jval=-1 + 0im
    freq=157 polr=1 time=4068 dish=9 beam=3 Eval=4 + 5im Aval=-114 + 56im sval=8 Jval=-3 - 1im
    freq=178 polr=0 time=339 dish=37 beam=5 Eval=1 - 3im Aval=74 - 47im sval=8 Jval=0 - 1im
    freq=95 polr=0 time=1811 dish=21 beam=9 Eval=-4 - 3im Aval=-107 - 115im sval=7 Jval=1 + 6im
    freq=304 polr=0 time=5816 dish=56 beam=11 Eval=-2 - 7im Aval=-74 - 122im sval=10 Jval=-1 + 1im
    freq=21 polr=0 time=3276 dish=62 beam=9 Eval=-2 - 7im Aval=64 - 51im sval=8 Jval=-2 - 1im
    freq=124 polr=0 time=11462 dish=15 beam=7 Eval=3 + 2im Aval=-101 + 17im sval=8 Jval=-1 - 1im
    freq=149 polr=1 time=13444 dish=59 beam=3 Eval=-4 + 7im Aval=30 + 108im sval=7 Jval=-7 - 2im
    freq=141 polr=1 time=13248 dish=1 beam=3 Eval=-1 + 5im Aval=-55 + 17im sval=8 Jval=0 - 1im
    freq=316 polr=0 time=15322 dish=23 beam=5 Eval=2 + 5im Aval=-115 - 76im sval=7 Jval=1 - 6im
    freq=49 polr=0 time=2034 dish=21 beam=2 Eval=5 - 7im Aval=19 - 4im sval=5 Jval=2 - 5im
    freq=213 polr=1 time=2079 dish=17 beam=15 Eval=2 + 7im Aval=-49 + 8im sval=7 Jval=-1 - 3im
    freq=113 polr=1 time=14466 dish=9 beam=9 Eval=6 - 4im Aval=-69 + 15im sval=7 Jval=-3 + 3im
    freq=65 polr=1 time=6757 dish=4 beam=0 Eval=-7 + 5im Aval=16 - 20im sval=7 Jval=0 + 2im
    freq=329 polr=0 time=7572 dish=29 beam=12 Eval=7 - 2im Aval=22 - 95im sval=8 Jval=0 - 3im
    freq=286 polr=1 time=12591 dish=52 beam=11 Eval=-3 + 5im Aval=-97 + 78im sval=9 Jval=0 - 1im
    freq=296 polr=0 time=16066 dish=8 beam=7 Eval=-5 - 7im Aval=46 - 52im sval=8 Jval=-2 + 0im
    freq=53 polr=1 time=13834 dish=26 beam=15 Eval=4 - 7im Aval=-25 + 20im sval=6 Jval=1 + 4im
    freq=40 polr=1 time=10419 dish=23 beam=8 Eval=1 + 0im Aval=-14 + 45im sval=5 Jval=0 + 1im
    freq=67 polr=1 time=3055 dish=20 beam=15 Eval=7 - 7im Aval=111 + 69im sval=10 Jval=1 + 0im
    freq=210 polr=0 time=3570 dish=15 beam=12 Eval=-7 - 3im Aval=-84 + 31im sval=10 Jval=1 + 0im
    freq=30 polr=0 time=2153 dish=62 beam=3 Eval=-7 + 1im Aval=20 - 28im sval=8 Jval=0 + 1im
    freq=113 polr=1 time=6154 dish=51 beam=10 Eval=-5 - 7im Aval=-41 + 109im sval=8 Jval=4 - 1im
    freq=323 polr=1 time=13616 dish=1 beam=14 Eval=5 + 1im Aval=-53 + 36im sval=6 Jval=-5 + 2im
    freq=263 polr=1 time=6156 dish=40 beam=0 Eval=5 + 6im Aval=-82 - 65im sval=7 Jval=0 - 6im
    freq=249 polr=0 time=11618 dish=6 beam=11 Eval=-2 + 0im Aval=41 + 58im sval=4 Jval=-5 - 7im
    freq=165 polr=0 time=4089 dish=3 beam=10 Eval=5 + 5im Aval=108 - 26im sval=7 Jval=5 + 3im
    freq=13 polr=1 time=15835 dish=54 beam=0 Eval=1 - 2im Aval=-111 - 96im sval=6 Jval=-5 + 2im
    freq=195 polr=1 time=4373 dish=2 beam=9 Eval=6 + 4im Aval=-104 + 68im sval=10 Jval=-1 + 0im
    freq=163 polr=1 time=9117 dish=24 beam=1 Eval=-3 - 2im Aval=-105 - 18im sval=7 Jval=2 + 2im
    freq=192 polr=1 time=7443 dish=30 beam=7 Eval=-3 + 0im Aval=71 - 51im sval=7 Jval=-2 + 1im
    freq=267 polr=0 time=4864 dish=61 beam=4 Eval=3 - 6im Aval=46 + 82im sval=8 Jval=2 + 0im
    freq=225 polr=0 time=881 dish=32 beam=5 Eval=7 - 6im Aval=57 + 32im sval=10 Jval=1 + 0im
    freq=180 polr=1 time=7942 dish=53 beam=1 Eval=5 - 1im Aval=-125 - 77im sval=10 Jval=-1 + 0im
    freq=245 polr=0 time=4403 dish=27 beam=10 Eval=-2 + 1im Aval=100 + 91im sval=8 Jval=-1 + 0im
    freq=273 polr=0 time=9345 dish=52 beam=7 Eval=-4 - 2im Aval=123 + 96im sval=10 Jval=0 - 1im
    freq=245 polr=0 time=7201 dish=45 beam=15 Eval=5 + 6im Aval=116 + 4im sval=10 Jval=1 + 1im
    freq=125 polr=0 time=14506 dish=9 beam=4 Eval=-3 + 1im Aval=76 - 105im sval=8 Jval=0 + 2im
    freq=46 polr=1 time=11006 dish=1 beam=0 Eval=-3 - 7im Aval=12 + 9im sval=4 Jval=2 - 7im
    freq=107 polr=1 time=15021 dish=30 beam=4 Eval=1 + 1im Aval=67 - 112im sval=6 Jval=3 - 1im
    freq=125 polr=1 time=3097 dish=37 beam=15 Eval=2 - 7im Aval=5 - 101im sval=10 Jval=-1 + 0im
    freq=107 polr=1 time=13238 dish=52 beam=14 Eval=7 - 6im Aval=74 + 96im sval=9 Jval=2 + 0im
    freq=132 polr=1 time=1942 dish=9 beam=12 Eval=6 - 6im Aval=-75 + 70im sval=10 Jval=0 + 1im
    freq=190 polr=0 time=8714 dish=60 beam=6 Eval=0 - 4im Aval=-47 - 115im sval=6 Jval=-7 + 3im
    freq=83 polr=0 time=10203 dish=0 beam=8 Eval=-1 + 1im Aval=-122 - 57im sval=7 Jval=1 + 0im
    freq=164 polr=1 time=10221 dish=55 beam=10 Eval=1 - 7im Aval=85 - 91im sval=8 Jval=-2 - 3im
    freq=291 polr=0 time=14183 dish=56 beam=9 Eval=-5 + 4im Aval=66 - 72im sval=8 Jval=0 + 2im
    freq=220 polr=1 time=15856 dish=43 beam=4 Eval=1 + 6im Aval=86 - 109im sval=9 Jval=1 + 1im
    freq=255 polr=0 time=2996 dish=45 beam=8 Eval=-4 + 2im Aval=-44 + 109im sval=8 Jval=0 - 2im
    freq=172 polr=0 time=5412 dish=14 beam=10 Eval=4 + 4im Aval=-26 + 53im sval=8 Jval=-1 + 0im
    freq=165 polr=0 time=8787 dish=31 beam=11 Eval=5 + 3im Aval=125 - 91im sval=7 Jval=7 - 1im
    freq=282 polr=0 time=7441 dish=42 beam=10 Eval=0 - 6im Aval=18 - 112im sval=9 Jval=-1 + 0im
    freq=104 polr=1 time=9229 dish=27 beam=1 Eval=1 + 0im Aval=-1 + 72im sval=4 Jval=0 + 5im
    freq=109 polr=0 time=1935 dish=36 beam=15 Eval=-5 + 7im Aval=-44 + 18im sval=6 Jval=2 - 6im
    freq=283 polr=1 time=12537 dish=53 beam=11 Eval=2 - 4im Aval=-8 + 18im sval=4 Jval=4 + 4im
    freq=187 polr=1 time=730 dish=53 beam=4 Eval=5 - 5im Aval=26 + 64im sval=6 Jval=7 + 3im
    freq=115 polr=1 time=3951 dish=29 beam=10 Eval=-3 + 6im Aval=32 - 104im sval=7 Jval=4 + 4im
    freq=266 polr=1 time=15110 dish=56 beam=12 Eval=3 + 0im Aval=77 - 91im sval=8 Jval=1 - 1im
    freq=97 polr=0 time=10871 dish=53 beam=4 Eval=-2 - 6im Aval=-127 + 16im sval=10 Jval=0 + 1im
    freq=174 polr=1 time=11431 dish=36 beam=2 Eval=0 + 2im Aval=36 + 119im sval=7 Jval=-2 + 1im
    freq=141 polr=1 time=11404 dish=37 beam=3 Eval=-5 - 5im Aval=31 + 93im sval=8 Jval=1 - 2im
    freq=11 polr=1 time=6706 dish=22 beam=3 Eval=-4 - 1im Aval=81 - 67im sval=9 Jval=-1 + 0im
    freq=89 polr=0 time=12148 dish=52 beam=5 Eval=-3 + 6im Aval=25 - 7im sval=6 Jval=0 + 3im
    freq=68 polr=1 time=4810 dish=28 beam=1 Eval=6 + 5im Aval=-44 - 28im sval=7 Jval=-1 - 3im
    freq=247 polr=1 time=412 dish=8 beam=11 Eval=1 + 1im Aval=-30 - 60im sval=6 Jval=1 - 1im
    freq=165 polr=1 time=7814 dish=55 beam=10 Eval=-4 + 2im Aval=-56 - 64im sval=6 Jval=6 + 2im
    freq=71 polr=0 time=750 dish=11 beam=7 Eval=-7 + 3im Aval=-68 - 90im sval=8 Jval=3 + 2im
    freq=128 polr=1 time=2841 dish=38 beam=15 Eval=3 + 7im Aval=126 - 29im sval=10 Jval=1 + 1im
    freq=259 polr=1 time=4691 dish=4 beam=2 Eval=-5 - 5im Aval=-51 - 19im sval=9 Jval=0 + 1im
    freq=37 polr=1 time=5401 dish=52 beam=0 Eval=7 - 7im Aval=1 + 123im sval=10 Jval=1 + 1im
    freq=258 polr=0 time=3935 dish=23 beam=8 Eval=7 - 7im Aval=74 + 31im sval=9 Jval=1 - 1im
    freq=6 polr=0 time=11126 dish=18 beam=5 Eval=4 - 1im Aval=42 - 27im sval=5 Jval=4 - 5im
    freq=276 polr=1 time=5054 dish=59 beam=0 Eval=-1 + 3im Aval=-15 + 29im sval=6 Jval=-1 - 1im
    freq=111 polr=1 time=13214 dish=48 beam=8 Eval=5 + 0im Aval=-53 - 88im sval=6 Jval=-4 - 7im
    freq=96 polr=0 time=8374 dish=30 beam=4 Eval=2 + 1im Aval=125 - 47im sval=9 Jval=1 + 0im
    freq=72 polr=1 time=14178 dish=8 beam=10 Eval=-3 - 7im Aval=48 + 94im sval=9 Jval=1 - 1im
    freq=202 polr=1 time=10725 dish=62 beam=1 Eval=2 - 2im Aval=113 - 111im sval=8 Jval=0 - 2im
    freq=142 polr=1 time=2097 dish=7 beam=13 Eval=7 - 6im Aval=15 + 77im sval=8 Jval=2 + 2im
    freq=146 polr=1 time=1480 dish=63 beam=1 Eval=-6 - 4im Aval=-82 - 51im sval=10 Jval=0 + 1im
    freq=50 polr=1 time=14193 dish=25 beam=2 Eval=6 - 6im Aval=-48 - 107im sval=10 Jval=-1 + 0im
    freq=65 polr=1 time=10197 dish=29 beam=14 Eval=7 + 1im Aval=83 - 69im sval=8 Jval=3 - 2im
    freq=257 polr=1 time=4334 dish=49 beam=10 Eval=-5 - 4im Aval=127 - 62im sval=7 Jval=-7 - 2im
    freq=72 polr=0 time=10368 dish=38 beam=4 Eval=4 + 2im Aval=-8 + 81im sval=8 Jval=-1 + 1im
    freq=228 polr=1 time=945 dish=14 beam=0 Eval=3 + 7im Aval=124 - 52im sval=7 Jval=6 + 6im
    freq=215 polr=1 time=7051 dish=58 beam=5 Eval=7 + 3im Aval=-122 - 42im sval=7 Jval=-6 - 5im
    freq=188 polr=0 time=7890 dish=12 beam=5 Eval=5 - 6im Aval=113 + 120im sval=8 Jval=5 + 0im
    freq=17 polr=1 time=10181 dish=5 beam=14 Eval=-4 - 1im Aval=-125 + 45im sval=9 Jval=1 + 0im
    freq=5 polr=1 time=4900 dish=22 beam=4 Eval=5 + 2im Aval=-19 + 26im sval=6 Jval=-2 + 1im
    freq=158 polr=0 time=4481 dish=40 beam=9 Eval=6 + 7im Aval=-39 - 91im sval=7 Jval=3 - 6im
    freq=204 polr=1 time=6806 dish=28 beam=9 Eval=-6 + 6im Aval=78 + 105im sval=9 Jval=-2 + 0im
    freq=319 polr=0 time=9904 dish=35 beam=8 Eval=1 - 1im Aval=-18 - 15im sval=3 Jval=-4 + 1im
    freq=70 polr=1 time=14671 dish=32 beam=0 Eval=-3 + 3im Aval=12 + 104im sval=6 Jval=-5 - 4im
    freq=246 polr=1 time=14091 dish=27 beam=15 Eval=4 + 3im Aval=-122 + 31im sval=7 Jval=-5 - 2im
    freq=323 polr=0 time=5181 dish=7 beam=4 Eval=2 + 6im Aval=-95 + 18im sval=9 Jval=-1 - 1im
    freq=5 polr=1 time=12022 dish=47 beam=2 Eval=-7 - 1im Aval=-113 + 17im sval=10 Jval=1 + 0im
    freq=60 polr=1 time=14679 dish=31 beam=5 Eval=0 - 3im Aval=-48 - 54im sval=6 Jval=-2 + 2im
    freq=328 polr=1 time=8102 dish=23 beam=7 Eval=-6 - 7im Aval=40 + 41im sval=7 Jval=0 - 4im
    freq=159 polr=1 time=9616 dish=63 beam=3 Eval=-1 - 6im Aval=69 - 120im sval=9 Jval=-2 - 1im
    freq=332 polr=1 time=2955 dish=35 beam=7 Eval=-1 - 4im Aval=28 - 87im sval=9 Jval=-1 + 0im
    freq=219 polr=1 time=7551 dish=43 beam=14 Eval=-5 + 6im Aval=-42 - 59im sval=7 Jval=4 + 0im
    freq=242 polr=0 time=3000 dish=12 beam=13 Eval=-3 - 3im Aval=-7 - 63im sval=5 Jval=-5 + 7im
    freq=296 polr=1 time=2380 dish=30 beam=14 Eval=-6 - 5im Aval=-7 - 116im sval=8 Jval=-2 + 3im
    freq=119 polr=0 time=4654 dish=33 beam=3 Eval=-6 + 1im Aval=10 + 54im sval=8 Jval=0 - 1im
    freq=186 polr=1 time=9290 dish=16 beam=7 Eval=4 + 0im Aval=102 - 125im sval=9 Jval=1 - 1im
    freq=49 polr=1 time=15621 dish=63 beam=11 Eval=-5 + 4im Aval=-51 + 38im sval=8 Jval=0 - 2im
    freq=161 polr=0 time=15322 dish=54 beam=9 Eval=0 + 3im Aval=63 + 13im sval=7 Jval=0 + 1im
    freq=257 polr=0 time=3634 dish=42 beam=15 Eval=-2 + 3im Aval=33 + 3im sval=7 Jval=-1 + 1im
    freq=20 polr=1 time=4240 dish=3 beam=2 Eval=5 - 3im Aval=98 + 53im sval=8 Jval=3 + 0im
    freq=192 polr=0 time=9683 dish=49 beam=9 Eval=-6 - 4im Aval=-59 + 52im sval=8 Jval=2 + 0im
    freq=62 polr=0 time=8942 dish=52 beam=9 Eval=6 - 1im Aval=3 - 33im sval=8 Jval=0 - 1im
    freq=119 polr=1 time=5401 dish=48 beam=3 Eval=2 + 6im Aval=32 + 41im sval=6 Jval=-3 + 4im
    freq=172 polr=1 time=15358 dish=8 beam=4 Eval=-1 + 1im Aval=34 + 106im sval=7 Jval=-1 - 1im
    freq=3 polr=1 time=11092 dish=28 beam=13 Eval=-7 + 4im Aval=35 + 84im sval=9 Jval=-1 - 1im
    freq=71 polr=0 time=2702 dish=42 beam=5 Eval=0 + 5im Aval=-80 - 67im sval=8 Jval=1 - 2im
    freq=179 polr=0 time=9432 dish=42 beam=0 Eval=-5 + 2im Aval=122 + 121im sval=9 Jval=-2 - 1im
    freq=258 polr=0 time=9731 dish=33 beam=8 Eval=1 + 7im Aval=83 + 91im sval=9 Jval=-1 + 1im
    freq=329 polr=1 time=10251 dish=12 beam=2 Eval=-1 + 1im Aval=-121 - 8im sval=5 Jval=4 - 3im
    freq=44 polr=1 time=7851 dish=49 beam=9 Eval=-5 - 6im Aval=46 + 79im sval=9 Jval=0 - 1im
    freq=128 polr=1 time=9536 dish=30 beam=5 Eval=-6 - 6im Aval=113 - 91im sval=11 Jval=-1 + 0im
    freq=124 polr=0 time=15174 dish=10 beam=1 Eval=-6 + 7im Aval=-29 - 57im sval=7 Jval=4 + 1im
    freq=245 polr=1 time=14699 dish=33 beam=11 Eval=6 + 1im Aval=67 + 5im sval=6 Jval=6 + 2im
    freq=6 polr=0 time=10747 dish=58 beam=15 Eval=-6 - 1im Aval=117 + 103im sval=9 Jval=-1 - 1im
    freq=31 polr=0 time=7493 dish=58 beam=2 Eval=-1 - 7im Aval=26 + 26im sval=5 Jval=5 - 6im
    freq=158 polr=1 time=3185 dish=37 beam=5 Eval=-7 + 1im Aval=-119 + 20im sval=8 Jval=3 - 1im
    freq=320 polr=0 time=14082 dish=54 beam=9 Eval=7 + 3im Aval=73 - 120im sval=9 Jval=2 - 1im
    freq=8 polr=0 time=8919 dish=8 beam=0 Eval=-6 + 3im Aval=-13 - 81im sval=9 Jval=1 + 1im
    freq=278 polr=1 time=3618 dish=31 beam=9 Eval=0 - 3im Aval=51 - 18im sval=5 Jval=-2 - 5im
    freq=10 polr=0 time=9310 dish=47 beam=15 Eval=-5 - 6im Aval=-74 + 75im sval=9 Jval=2 + 0im
    freq=294 polr=0 time=9259 dish=53 beam=12 Eval=3 - 7im Aval=64 - 9im sval=7 Jval=1 - 4im
    freq=155 polr=1 time=15390 dish=61 beam=10 Eval=1 - 4im Aval=-88 - 42im sval=6 Jval=-4 + 5im
    freq=40 polr=0 time=9778 dish=61 beam=3 Eval=0 + 7im Aval=-82 + 78im sval=10 Jval=-1 - 1im
    freq=283 polr=1 time=1212 dish=23 beam=8 Eval=2 + 0im Aval=101 + 121im sval=8 Jval=1 + 1im
    freq=171 polr=1 time=8284 dish=32 beam=10 Eval=7 - 7im Aval=-10 + 122im sval=10 Jval=1 + 1im
    freq=275 polr=1 time=10041 dish=34 beam=15 Eval=4 - 2im Aval=101 + 20im sval=8 Jval=2 + 0im
    freq=326 polr=1 time=3310 dish=41 beam=2 Eval=2 + 4im Aval=105 + 122im sval=10 Jval=0 + 1im
    freq=255 polr=0 time=11573 dish=24 beam=13 Eval=2 + 5im Aval=-71 - 27im sval=8 Jval=0 - 2im
    freq=104 polr=1 time=7490 dish=56 beam=10 Eval=3 - 7im Aval=111 + 127im sval=9 Jval=2 - 1im
    freq=45 polr=0 time=1941 dish=44 beam=8 Eval=-2 + 1im Aval=56 - 37im sval=8 Jval=0 + 1im
    freq=130 polr=0 time=4213 dish=33 beam=5 Eval=4 + 4im Aval=45 + 114im sval=8 Jval=-1 + 2im
    freq=321 polr=1 time=3871 dish=1 beam=2 Eval=-6 - 7im Aval=65 + 123im sval=11 Jval=0 - 1im
    freq=42 polr=1 time=9056 dish=18 beam=8 Eval=-1 + 5im Aval=18 + 32im sval=6 Jval=-3 + 1im
    freq=120 polr=0 time=12533 dish=48 beam=13 Eval=6 - 5im Aval=69 + 126im sval=9 Jval=2 + 1im
    freq=328 polr=0 time=9 dish=1 beam=8 Eval=-4 - 2im Aval=67 + 98im sval=8 Jval=0 - 2im
    freq=121 polr=1 time=9141 dish=4 beam=4 Eval=-7 - 5im Aval=-29 - 124im sval=9 Jval=-1 + 2im
    freq=182 polr=0 time=6814 dish=19 beam=5 Eval=-3 - 7im Aval=65 + 94im sval=7 Jval=4 - 6im
    freq=280 polr=1 time=9336 dish=52 beam=0 Eval=-7 - 6im Aval=-11 + 25im sval=7 Jval=2 - 1im
    freq=177 polr=1 time=8974 dish=39 beam=5 Eval=-1 - 2im Aval=34 - 56im sval=8 Jval=-1 + 0im
    freq=146 polr=0 time=153 dish=22 beam=6 Eval=-6 + 7im Aval=88 + 3im sval=8 Jval=-2 + 2im
    freq=274 polr=1 time=4499 dish=62 beam=1 Eval=1 - 3im Aval=75 + 61im sval=6 Jval=4 - 3im
    freq=130 polr=1 time=12063 dish=61 beam=3 Eval=2 - 6im Aval=61 + 81im sval=8 Jval=2 - 1im
    freq=176 polr=0 time=15541 dish=5 beam=2 Eval=-6 - 6im Aval=39 - 110im sval=7 Jval=-7 + 3im
    freq=233 polr=0 time=2998 dish=11 beam=0 Eval=2 + 3im Aval=63 - 82im sval=6 Jval=6 + 0im
    freq=255 polr=1 time=14714 dish=40 beam=5 Eval=-2 + 3im Aval=51 - 124im sval=8 Jval=1 + 2im
    freq=308 polr=1 time=6150 dish=49 beam=8 Eval=6 + 7im Aval=-82 - 120im sval=8 Jval=1 - 5im
    freq=148 polr=1 time=1169 dish=39 beam=10 Eval=-2 - 2im Aval=-113 - 25im sval=9 Jval=0 + 1im
    freq=57 polr=1 time=7686 dish=47 beam=0 Eval=-1 - 7im Aval=-107 + 1im sval=7 Jval=1 + 6im
    freq=49 polr=1 time=12281 dish=17 beam=11 Eval=-3 - 4im Aval=-32 - 111im sval=8 Jval=-1 + 2im
    freq=197 polr=1 time=10794 dish=7 beam=3 Eval=5 + 4im Aval=-66 - 28im sval=9 Jval=0 - 1im
    freq=249 polr=1 time=7908 dish=15 beam=6 Eval=-1 + 2im Aval=127 + 53im sval=7 Jval=-2 + 2im
    freq=194 polr=1 time=586 dish=38 beam=15 Eval=2 - 7im Aval=87 - 88im sval=7 Jval=-3 - 6im
    freq=25 polr=1 time=2496 dish=48 beam=6 Eval=6 + 2im Aval=-93 + 120im sval=8 Jval=-3 + 2im
    freq=19 polr=1 time=5363 dish=43 beam=10 Eval=-1 - 3im Aval=-41 - 17im sval=5 Jval=0 + 4im
    freq=174 polr=0 time=3979 dish=44 beam=10 Eval=1 + 3im Aval=-37 + 102im sval=7 Jval=-3 + 0im
    freq=249 polr=1 time=9090 dish=61 beam=15 Eval=3 - 6im Aval=43 + 36im sval=6 Jval=5 - 2im
    freq=159 polr=0 time=7551 dish=14 beam=2 Eval=2 + 1im Aval=62 + 123im sval=8 Jval=0 + 1im
    freq=291 polr=1 time=3067 dish=42 beam=1 Eval=-6 + 5im Aval=-93 - 76im sval=8 Jval=4 + 0im
    freq=275 polr=0 time=3173 dish=10 beam=11 Eval=-7 - 2im Aval=-64 - 50im sval=8 Jval=1 + 2im
    freq=239 polr=0 time=5100 dish=41 beam=13 Eval=6 - 6im Aval=-10 + 4im sval=4 Jval=-2 + 5im
    freq=313 polr=1 time=11108 dish=6 beam=11 Eval=-6 - 2im Aval=16 + 110im sval=10 Jval=0 - 1im
    freq=249 polr=1 time=2292 dish=43 beam=6 Eval=3 + 1im Aval=-98 - 124im sval=7 Jval=-1 - 4im
    freq=113 polr=0 time=12169 dish=19 beam=13 Eval=-7 - 1im Aval=-124 - 46im sval=7 Jval=6 + 4im
    freq=14 polr=1 time=124 dish=41 beam=15 Eval=-7 + 7im Aval=42 + 3im sval=9 Jval=-1 + 1im
    freq=96 polr=1 time=3107 dish=7 beam=1 Eval=4 + 5im Aval=111 + 109im sval=8 Jval=0 + 4im
    freq=83 polr=0 time=15207 dish=52 beam=3 Eval=7 + 1im Aval=48 + 89im sval=10 Jval=0 + 1im
    freq=291 polr=0 time=12618 dish=52 beam=12 Eval=-3 + 2im Aval=79 + 91im sval=8 Jval=-2 + 0im
    freq=128 polr=0 time=6702 dish=57 beam=5 Eval=-5 - 7im Aval=110 - 28im sval=7 Jval=-6 - 5im
    freq=75 polr=0 time=7340 dish=30 beam=13 Eval=-7 + 5im Aval=-47 - 25im sval=8 Jval=2 + 0im
    freq=239 polr=1 time=15434 dish=27 beam=12 Eval=-4 - 6im Aval=114 + 25im sval=7 Jval=-2 - 6im
    freq=206 polr=1 time=7365 dish=38 beam=10 Eval=2 + 2im Aval=0 + 73im sval=6 Jval=-2 + 2im
    freq=126 polr=1 time=10627 dish=47 beam=2 Eval=4 + 1im Aval=-82 - 121im sval=7 Jval=-2 - 4im
    freq=247 polr=1 time=2506 dish=37 beam=15 Eval=2 + 6im Aval=113 + 3im sval=8 Jval=1 + 3im
    freq=130 polr=1 time=6975 dish=51 beam=3 Eval=5 + 5im Aval=-24 + 78im sval=8 Jval=-2 + 1im
    freq=79 polr=1 time=10846 dish=8 beam=11 Eval=7 - 3im Aval=10 - 47im sval=9 Jval=0 - 1im
    freq=211 polr=0 time=4765 dish=51 beam=2 Eval=3 + 1im Aval=55 - 39im sval=7 Jval=2 + 0im
    freq=160 polr=0 time=6263 dish=27 beam=11 Eval=6 + 5im Aval=-46 + 123im sval=8 Jval=-3 + 2im
    freq=313 polr=0 time=2150 dish=20 beam=3 Eval=-7 - 6im Aval=18 + 112im sval=7 Jval=4 - 7im
    freq=225 polr=0 time=520 dish=1 beam=0 Eval=0 + 5im Aval=44 - 66im sval=8 Jval=1 + 1im
    freq=267 polr=1 time=10140 dish=11 beam=7 Eval=-4 - 3im Aval=21 + 27im sval=6 Jval=0 - 3im
    freq=102 polr=1 time=13224 dish=47 beam=2 Eval=0 + 6im Aval=126 - 14im sval=7 Jval=1 + 6im
    freq=133 polr=0 time=4935 dish=45 beam=13 Eval=5 + 3im Aval=-12 - 10im sval=4 Jval=-2 - 5im
    freq=212 polr=1 time=1092 dish=45 beam=10 Eval=5 + 1im Aval=-60 + 17im sval=6 Jval=-5 + 0im
    freq=134 polr=1 time=4375 dish=52 beam=9 Eval=0 - 7im Aval=-62 + 114im sval=9 Jval=2 + 1im
    freq=225 polr=0 time=294 dish=21 beam=0 Eval=3 + 4im Aval=61 + 61im sval=8 Jval=0 + 2im
    freq=198 polr=0 time=1649 dish=15 beam=4 Eval=-2 - 7im Aval=4 + 13im sval=6 Jval=1 - 1im
    freq=79 polr=1 time=12168 dish=25 beam=1 Eval=5 + 4im Aval=48 + 21im sval=7 Jval=1 + 2im
    freq=55 polr=1 time=1618 dish=56 beam=12 Eval=0 - 1im Aval=65 - 120im sval=5 Jval=-4 - 2im
    freq=8 polr=0 time=9411 dish=35 beam=2 Eval=2 - 3im Aval=-13 + 90im sval=6 Jval=4 + 3im
    freq=177 polr=1 time=9577 dish=4 beam=7 Eval=6 + 1im Aval=85 - 124im sval=9 Jval=1 - 1im
    freq=168 polr=1 time=14942 dish=33 beam=5 Eval=-6 - 1im Aval=-57 - 84im sval=9 Jval=1 + 1im
    freq=281 polr=1 time=14393 dish=4 beam=2 Eval=4 + 6im Aval=-75 + 8im sval=6 Jval=-5 - 6im
    freq=261 polr=1 time=15124 dish=52 beam=14 Eval=-4 - 2im Aval=86 - 104im sval=10 Jval=-1 + 0im
    freq=67 polr=0 time=9483 dish=26 beam=14 Eval=2 + 5im Aval=-59 + 53im sval=9 Jval=-1 + 0im
    freq=167 polr=0 time=14757 dish=53 beam=8 Eval=6 - 1im Aval=-82 + 98im sval=9 Jval=-1 + 1im
    freq=79 polr=1 time=15469 dish=19 beam=10 Eval=-2 + 0im Aval=103 - 67im sval=5 Jval=-6 + 4im
    freq=116 polr=0 time=14391 dish=29 beam=11 Eval=-5 + 7im Aval=-101 + 106im sval=9 Jval=0 - 2im
    freq=124 polr=0 time=2796 dish=14 beam=15 Eval=-1 - 6im Aval=-122 + 12im sval=8 Jval=1 + 3im
    freq=298 polr=1 time=3066 dish=57 beam=2 Eval=-2 - 2im Aval=-1 - 71im sval=8 Jval=-1 + 1im
    freq=52 polr=0 time=15852 dish=13 beam=12 Eval=2 - 7im Aval=-79 + 80im sval=10 Jval=0 + 1im
    freq=174 polr=1 time=3532 dish=1 beam=11 Eval=5 - 6im Aval=54 - 95im sval=10 Jval=0 - 1im
    freq=278 polr=1 time=6613 dish=29 beam=10 Eval=5 - 4im Aval=-124 - 34im sval=9 Jval=-1 + 1im
    freq=237 polr=1 time=3212 dish=32 beam=0 Eval=-5 - 3im Aval=60 - 49im sval=7 Jval=-3 + 1im
    freq=75 polr=0 time=183 dish=11 beam=1 Eval=7 + 2im Aval=-58 - 45im sval=6 Jval=-5 - 7im
    freq=72 polr=1 time=4934 dish=62 beam=9 Eval=-5 - 3im Aval=95 - 117im sval=8 Jval=-3 + 1im
    freq=94 polr=1 time=9634 dish=56 beam=7 Eval=2 - 2im Aval=26 - 50im sval=5 Jval=-1 - 5im
    freq=129 polr=1 time=12878 dish=61 beam=9 Eval=4 + 0im Aval=68 - 1im sval=8 Jval=1 + 0im
    freq=251 polr=0 time=4447 dish=12 beam=0 Eval=1 - 4im Aval=-65 + 87im sval=9 Jval=1 + 1im
    freq=282 polr=1 time=6078 dish=17 beam=14 Eval=1 + 3im Aval=123 - 71im sval=6 Jval=5 + 5im
    freq=1 polr=0 time=3004 dish=60 beam=15 Eval=-3 + 2im Aval=27 + 48im sval=6 Jval=-3 - 1im
    freq=313 polr=1 time=5666 dish=45 beam=2 Eval=-4 - 5im Aval=-99 + 40im sval=7 Jval=5 + 3im
    freq=30 polr=0 time=10543 dish=11 beam=0 Eval=6 + 2im Aval=1 + 31im sval=6 Jval=-1 + 3im
    freq=290 polr=0 time=5170 dish=12 beam=6 Eval=-3 + 5im Aval=-123 - 20im sval=9 Jval=1 - 1im
    freq=148 polr=0 time=9956 dish=62 beam=4 Eval=-6 - 2im Aval=125 + 23im sval=7 Jval=-5 - 3im
    freq=47 polr=0 time=15421 dish=36 beam=7 Eval=-4 + 0im Aval=-79 + 83im sval=9 Jval=1 - 1im
    freq=234 polr=0 time=6955 dish=33 beam=10 Eval=7 - 3im Aval=0 + 99im sval=10 Jval=0 + 1im
    freq=10 polr=0 time=10481 dish=1 beam=10 Eval=-4 + 4im Aval=11 - 49im sval=6 Jval=2 + 4im
    freq=193 polr=1 time=14064 dish=55 beam=5 Eval=3 + 3im Aval=-115 - 86im sval=8 Jval=0 - 2im
    freq=189 polr=0 time=838 dish=16 beam=0 Eval=2 + 6im Aval=-118 - 4im sval=10 Jval=0 - 1im
    freq=261 polr=1 time=1590 dish=32 beam=9 Eval=3 + 6im Aval=28 - 104im sval=7 Jval=6 - 1im
    freq=16 polr=0 time=8827 dish=3 beam=1 Eval=6 + 1im Aval=-64 - 16im sval=7 Jval=-3 - 1im
    freq=322 polr=1 time=12921 dish=12 beam=7 Eval=-3 - 3im Aval=67 + 22im sval=9 Jval=0 - 1im
    freq=2 polr=0 time=9781 dish=59 beam=5 Eval=3 - 4im Aval=-78 - 7im sval=6 Jval=-4 + 5im
    freq=96 polr=0 time=14555 dish=4 beam=9 Eval=0 - 3im Aval=27 + 112im sval=8 Jval=1 + 0im
    freq=208 polr=1 time=2044 dish=22 beam=6 Eval=-1 + 5im Aval=41 + 91im sval=7 Jval=-4 + 1im
    freq=182 polr=0 time=16099 dish=23 beam=11 Eval=-4 - 3im Aval=70 - 100im sval=8 Jval=-2 + 1im
    freq=60 polr=1 time=15437 dish=5 beam=15 Eval=5 + 4im Aval=51 + 36im sval=7 Jval=1 + 3im
    freq=133 polr=0 time=4914 dish=46 beam=1 Eval=-3 - 3im Aval=-65 + 65im sval=6 Jval=6 + 0im
    freq=73 polr=1 time=16103 dish=13 beam=14 Eval=7 + 3im Aval=-55 + 11im sval=9 Jval=-1 + 0im
    freq=90 polr=0 time=12157 dish=34 beam=10 Eval=-3 - 2im Aval=69 - 50im sval=7 Jval=-2 + 0im
    freq=294 polr=0 time=3920 dish=7 beam=0 Eval=-3 + 4im Aval=13 + 117im sval=7 Jval=-4 - 2im
    freq=145 polr=1 time=13428 dish=53 beam=7 Eval=-5 + 2im Aval=60 + 81im sval=8 Jval=-2 - 1im
    freq=127 polr=1 time=14738 dish=51 beam=9 Eval=7 + 7im Aval=29 - 64im sval=8 Jval=3 - 1im
    freq=139 polr=1 time=13050 dish=45 beam=5 Eval=0 + 5im Aval=47 + 7im sval=8 Jval=0 + 1im
    freq=169 polr=1 time=16015 dish=63 beam=3 Eval=-1 - 4im Aval=114 - 41im sval=8 Jval=-1 - 2im
    freq=245 polr=0 time=16050 dish=45 beam=8 Eval=6 - 7im Aval=62 - 63im sval=9 Jval=0 - 2im
    freq=41 polr=1 time=7111 dish=54 beam=1 Eval=2 + 4im Aval=92 + 25im sval=8 Jval=0 + 2im
    freq=330 polr=0 time=5205 dish=3 beam=11 Eval=-2 + 2im Aval=84 + 26im sval=6 Jval=-3 + 2im
    freq=90 polr=1 time=4072 dish=36 beam=0 Eval=-1 + 4im Aval=70 - 117im sval=6 Jval=6 + 6im
    freq=99 polr=1 time=3433 dish=39 beam=3 Eval=5 - 5im Aval=-127 - 18im sval=10 Jval=-1 + 1im
    freq=52 polr=1 time=11470 dish=1 beam=15 Eval=-6 + 2im Aval=18 - 52im sval=8 Jval=0 + 1im
    freq=7 polr=0 time=6220 dish=30 beam=15 Eval=1 + 0im Aval=73 - 24im sval=5 Jval=2 - 1im
    freq=237 polr=0 time=9363 dish=7 beam=10 Eval=-3 + 3im Aval=-18 + 26im sval=8 Jval=0 - 1im
    freq=14 polr=0 time=9736 dish=0 beam=10 Eval=-5 + 2im Aval=109 - 92im sval=9 Jval=-1 + 1im
    freq=164 polr=1 time=7852 dish=22 beam=0 Eval=-6 + 2im Aval=-7 - 91im sval=9 Jval=0 + 1im
    freq=187 polr=0 time=12786 dish=22 beam=4 Eval=3 + 2im Aval=-39 + 6im sval=6 Jval=-2 - 1im
    freq=326 polr=0 time=12334 dish=54 beam=8 Eval=3 + 7im Aval=-51 + 21im sval=9 Jval=-1 - 1im
    freq=225 polr=0 time=8881 dish=60 beam=1 Eval=-5 + 5im Aval=59 + 7im sval=9 Jval=-1 + 1im
    freq=206 polr=0 time=8816 dish=22 beam=13 Eval=-6 - 2im Aval=52 + 51im sval=7 Jval=-2 - 3im
    freq=65 polr=0 time=14578 dish=28 beam=15 Eval=-5 - 3im Aval=-122 + 107im sval=8 Jval=4 - 1im
    freq=68 polr=1 time=14918 dish=12 beam=6 Eval=4 + 4im Aval=103 + 92im sval=9 Jval=0 + 2im
    freq=325 polr=0 time=12275 dish=20 beam=1 Eval=-5 + 3im Aval=-120 + 70im sval=9 Jval=1 - 1im
    freq=20 polr=1 time=3613 dish=22 beam=5 Eval=1 - 3im Aval=124 + 0im sval=6 Jval=2 - 6im
    freq=177 polr=1 time=13484 dish=12 beam=1 Eval=-6 - 7im Aval=-32 - 22im sval=7 Jval=0 + 3im
    freq=142 polr=0 time=13724 dish=38 beam=14 Eval=2 + 5im Aval=36 - 77im sval=6 Jval=7 + 0im
    freq=188 polr=0 time=9647 dish=39 beam=10 Eval=2 + 2im Aval=0 - 1im sval=3 Jval=1 + 0im
    freq=229 polr=1 time=8575 dish=22 beam=5 Eval=2 + 1im Aval=-40 + 85im sval=6 Jval=-3 + 2im
    freq=317 polr=0 time=7194 dish=0 beam=10 Eval=-6 - 4im Aval=-71 + 83im sval=9 Jval=1 + 0im
    freq=115 polr=0 time=736 dish=0 beam=1 Eval=2 - 1im Aval=-127 + 94im sval=6 Jval=-2 + 5im
    freq=187 polr=1 time=2321 dish=11 beam=13 Eval=1 + 5im Aval=22 - 109im sval=10 Jval=1 + 0im
    freq=65 polr=1 time=458 dish=11 beam=12 Eval=-5 + 3im Aval=73 - 100im sval=10 Jval=0 + 1im
    freq=332 polr=1 time=15628 dish=31 beam=4 Eval=4 + 2im Aval=-85 - 42im sval=8 Jval=-1 - 1im
    freq=142 polr=1 time=12112 dish=37 beam=4 Eval=7 - 2im Aval=-22 - 56im sval=8 Jval=-1 - 1im
    freq=52 polr=0 time=5840 dish=4 beam=14 Eval=2 + 2im Aval=126 + 74im sval=7 Jval=1 + 3im
    freq=70 polr=0 time=16027 dish=54 beam=1 Eval=5 + 2im Aval=-121 + 43im sval=8 Jval=-3 + 0im
    freq=91 polr=1 time=81 dish=46 beam=0 Eval=-6 + 0im Aval=-55 + 0im sval=7 Jval=3 + 0im
    freq=138 polr=1 time=1217 dish=34 beam=6 Eval=-1 - 5im Aval=71 + 120im sval=9 Jval=1 - 1im
    freq=216 polr=0 time=4754 dish=59 beam=3 Eval=3 - 4im Aval=24 - 120im sval=7 Jval=-3 - 4im
    freq=279 polr=1 time=408 dish=35 beam=5 Eval=-1 + 5im Aval=74 - 33im sval=7 Jval=1 + 3im
    freq=281 polr=0 time=4241 dish=12 beam=13 Eval=-1 + 4im Aval=39 + 96im sval=6 Jval=-7 + 1im
    freq=126 polr=0 time=511 dish=34 beam=3 Eval=-2 + 0im Aval=-23 + 112im sval=5 Jval=2 - 7im
    freq=285 polr=0 time=1026 dish=56 beam=12 Eval=0 + 2im Aval=60 - 126im sval=8 Jval=1 + 0im
    freq=127 polr=1 time=1229 dish=62 beam=7 Eval=-2 - 7im Aval=-43 - 105im sval=9 Jval=-1 + 1im
    freq=145 polr=0 time=8333 dish=49 beam=7 Eval=0 - 5im Aval=-124 - 84im sval=8 Jval=-2 + 2im
    freq=89 polr=0 time=13104 dish=1 beam=0 Eval=-2 - 3im Aval=12 + 94im sval=6 Jval=4 - 3im
    freq=13 polr=1 time=9433 dish=9 beam=0 Eval=-6 + 3im Aval=41 + 22im sval=6 Jval=-5 + 0im
    freq=246 polr=0 time=10410 dish=5 beam=12 Eval=4 - 3im Aval=-11 - 84im sval=8 Jval=-1 - 1im
    freq=154 polr=1 time=13574 dish=29 beam=11 Eval=6 - 2im Aval=-63 + 103im sval=9 Jval=0 + 1im
    freq=30 polr=1 time=16061 dish=43 beam=11 Eval=6 - 2im Aval=-122 + 69im sval=10 Jval=-1 + 1im
    freq=115 polr=0 time=2998 dish=20 beam=15 Eval=-5 + 2im Aval=107 + 4im sval=9 Jval=-1 + 0im
    freq=86 polr=0 time=12475 dish=0 beam=4 Eval=-2 - 4im Aval=80 + 53im sval=9 Jval=0 - 1im
    freq=243 polr=1 time=615 dish=44 beam=15 Eval=-4 + 2im Aval=-65 - 26im sval=7 Jval=2 + 0im
    freq=64 polr=1 time=4137 dish=28 beam=10 Eval=6 - 5im Aval=107 - 59im sval=9 Jval=1 - 2im
    freq=88 polr=0 time=5137 dish=16 beam=5 Eval=1 + 0im Aval=-49 - 104im sval=6 Jval=-1 - 2im
    freq=0 polr=0 time=798 dish=9 beam=10 Eval=-4 + 2im Aval=-120 + 37im sval=8 Jval=2 - 2im
    freq=41 polr=0 time=13036 dish=55 beam=6 Eval=-7 + 6im Aval=90 - 7im sval=9 Jval=-1 + 1im
    freq=211 polr=1 time=11335 dish=19 beam=12 Eval=2 - 5im Aval=91 + 127im sval=8 Jval=3 - 1im
    freq=257 polr=0 time=2524 dish=59 beam=2 Eval=-3 - 4im Aval=-8 - 21im sval=4 Jval=-4 + 6im
    freq=8 polr=0 time=12808 dish=34 beam=3 Eval=-5 + 1im Aval=-101 + 68im sval=8 Jval=2 - 2im
    freq=214 polr=1 time=2331 dish=33 beam=7 Eval=2 + 2im Aval=-112 + 94im sval=6 Jval=-6 - 1im
    freq=250 polr=1 time=8095 dish=52 beam=10 Eval=1 + 0im Aval=-89 + 64im sval=5 Jval=-3 + 2im
    freq=129 polr=1 time=8248 dish=37 beam=2 Eval=7 - 4im Aval=-34 - 104im sval=7 Jval=-5 - 5im
    freq=128 polr=0 time=4003 dish=9 beam=13 Eval=4 + 5im Aval=-7 - 44im sval=6 Jval=3 - 3im
    freq=105 polr=1 time=1698 dish=19 beam=14 Eval=-3 + 3im Aval=18 + 85im sval=6 Jval=-5 - 3im
    freq=3 polr=0 time=12497 dish=26 beam=10 Eval=1 - 6im Aval=18 + 106im sval=7 Jval=5 + 0im
    freq=80 polr=0 time=10427 dish=44 beam=13 Eval=-7 + 1im Aval=-84 + 44im sval=10 Jval=1 + 0im
    freq=44 polr=1 time=4180 dish=20 beam=4 Eval=6 + 3im Aval=86 - 61im sval=10 Jval=1 + 0im
    freq=98 polr=0 time=10043 dish=29 beam=12 Eval=-1 + 2im Aval=-86 - 1im sval=6 Jval=1 - 3im
    freq=114 polr=0 time=4920 dish=37 beam=11 Eval=2 - 2im Aval=-40 - 120im sval=9 Jval=-1 + 0im
    freq=291 polr=0 time=13403 dish=49 beam=12 Eval=7 + 1im Aval=-90 - 45im sval=8 Jval=-2 - 2im
    freq=31 polr=0 time=10792 dish=9 beam=8 Eval=-6 - 6im Aval=45 + 60im sval=7 Jval=1 - 5im
    freq=299 polr=0 time=14872 dish=61 beam=5 Eval=-3 - 4im Aval=-21 - 53im sval=7 Jval=-1 + 2im
    freq=25 polr=0 time=11408 dish=4 beam=10 Eval=-2 - 6im Aval=127 + 78im sval=7 Jval=2 - 7im
    freq=183 polr=1 time=2996 dish=32 beam=12 Eval=-2 + 2im Aval=-121 - 81im sval=7 Jval=3 - 1im
    freq=220 polr=1 time=8102 dish=28 beam=12 Eval=6 - 5im Aval=-124 + 32im sval=9 Jval=-1 + 2im
    freq=187 polr=0 time=7509 dish=28 beam=15 Eval=-4 - 3im Aval=114 + 119im sval=9 Jval=0 - 2im
    freq=242 polr=1 time=12676 dish=15 beam=9 Eval=-7 - 6im Aval=-63 - 70im sval=8 Jval=0 + 3im
    freq=313 polr=1 time=14550 dish=52 beam=15 Eval=-7 - 3im Aval=-7 - 66im sval=9 Jval=0 + 1im
    freq=167 polr=0 time=6017 dish=24 beam=8 Eval=6 + 3im Aval=-61 - 97im sval=9 Jval=0 - 1im
    freq=223 polr=1 time=607 dish=22 beam=9 Eval=1 + 3im Aval=-1 - 45im sval=7 Jval=1 + 0im
    freq=7 polr=0 time=16131 dish=6 beam=6 Eval=1 + 5im Aval=-67 + 63im sval=6 Jval=-6 - 4im
    freq=60 polr=0 time=729 dish=35 beam=3 Eval=-4 + 1im Aval=-67 - 77im sval=8 Jval=1 + 1im
    freq=238 polr=1 time=7497 dish=10 beam=7 Eval=-6 - 7im Aval=102 - 98im sval=8 Jval=-5 + 0im
    freq=287 polr=1 time=2053 dish=56 beam=1 Eval=4 + 2im Aval=87 - 77im sval=8 Jval=2 - 1im
    freq=53 polr=1 time=1592 dish=43 beam=1 Eval=-1 - 6im Aval=2 - 15im sval=4 Jval=-6 + 0im
    freq=50 polr=0 time=664 dish=17 beam=14 Eval=2 + 2im Aval=58 - 72im sval=8 Jval=1 + 0im
    freq=160 polr=1 time=1270 dish=3 beam=12 Eval=-5 - 5im Aval=108 - 81im sval=10 Jval=-1 + 0im
    freq=50 polr=0 time=14788 dish=61 beam=14 Eval=5 + 1im Aval=-107 - 126im sval=8 Jval=-2 - 3im
    freq=139 polr=1 time=10049 dish=33 beam=8 Eval=-4 - 5im Aval=-106 + 76im sval=7 Jval=6 + 2im
    freq=227 polr=0 time=1254 dish=13 beam=4 Eval=2 + 0im Aval=-59 - 79im sval=7 Jval=-1 - 1im
    freq=2 polr=1 time=2866 dish=45 beam=6 Eval=-2 + 5im Aval=34 - 92im sval=8 Jval=2 + 1im
    freq=41 polr=1 time=11003 dish=27 beam=6 Eval=2 - 1im Aval=117 - 126im sval=6 Jval=2 - 6im
    freq=249 polr=0 time=1062 dish=0 beam=14 Eval=-6 + 0im Aval=45 + 31im sval=8 Jval=-1 - 1im
    freq=23 polr=0 time=3701 dish=37 beam=8 Eval=5 - 2im Aval=77 + 8im sval=8 Jval=2 + 0im
    freq=137 polr=0 time=8468 dish=5 beam=13 Eval=7 + 1im Aval=65 + 4im sval=6 Jval=7 + 1im
    freq=146 polr=1 time=16224 dish=53 beam=5 Eval=1 - 5im Aval=-26 - 18im sval=7 Jval=-1 + 1im
    freq=324 polr=0 time=10645 dish=7 beam=2 Eval=-4 + 0im Aval=-8 - 127im sval=7 Jval=0 + 4im
    freq=128 polr=1 time=9503 dish=10 beam=0 Eval=-1 - 3im Aval=32 - 42im sval=5 Jval=-5 - 2im
    freq=298 polr=0 time=15687 dish=49 beam=10 Eval=6 + 3im Aval=-79 + 116im sval=8 Jval=-3 + 2im
    freq=138 polr=0 time=12040 dish=46 beam=3 Eval=6 - 4im Aval=-45 - 32im sval=9 Jval=-1 + 0im
    freq=217 polr=1 time=13272 dish=20 beam=7 Eval=0 + 6im Aval=-46 - 60im sval=7 Jval=3 - 2im
    freq=36 polr=1 time=13779 dish=5 beam=14 Eval=7 + 2im Aval=113 + 79im sval=8 Jval=2 + 3im
    freq=14 polr=0 time=8705 dish=34 beam=10 Eval=1 + 5im Aval=65 + 114im sval=9 Jval=-1 + 1im
    freq=79 polr=0 time=8007 dish=57 beam=14 Eval=-1 - 5im Aval=-101 - 77im sval=9 Jval=-1 + 1im
    freq=162 polr=1 time=15477 dish=63 beam=12 Eval=2 + 5im Aval=-112 + 85im sval=10 Jval=-1 + 0im
    freq=161 polr=0 time=9806 dish=48 beam=2 Eval=3 - 2im Aval=-16 - 29im sval=6 Jval=-2 - 1im
    freq=50 polr=1 time=5996 dish=43 beam=15 Eval=7 - 4im Aval=90 - 5im sval=10 Jval=1 + 0im
    freq=212 polr=1 time=2150 dish=37 beam=2 Eval=-3 + 1im Aval=17 - 13im sval=3 Jval=-4 + 7im
    freq=318 polr=1 time=3759 dish=60 beam=5 Eval=7 + 3im Aval=-17 - 72im sval=7 Jval=1 - 4im
    freq=201 polr=0 time=8358 dish=42 beam=3 Eval=0 + 4im Aval=-23 - 45im sval=6 Jval=3 - 1im
    freq=42 polr=1 time=13746 dish=28 beam=1 Eval=2 + 1im Aval=-108 + 86im sval=8 Jval=-1 + 0im
    freq=215 polr=0 time=11284 dish=21 beam=1 Eval=7 + 5im Aval=-109 - 123im sval=11 Jval=0 - 1im
    freq=255 polr=0 time=11106 dish=18 beam=1 Eval=-1 + 0im Aval=-6 - 115im sval=6 Jval=0 + 2im
    freq=85 polr=0 time=11225 dish=54 beam=0 Eval=7 - 7im Aval=31 - 119im sval=9 Jval=-1 - 2im
    freq=233 polr=1 time=12453 dish=51 beam=8 Eval=7 - 7im Aval=108 - 27im sval=10 Jval=1 - 1im
    freq=230 polr=0 time=15583 dish=53 beam=8 Eval=-1 + 4im Aval=-42 - 124im sval=10 Jval=1 + 0im
    freq=73 polr=0 time=7666 dish=20 beam=10 Eval=3 - 3im Aval=47 + 107im sval=8 Jval=2 + 1im
    freq=91 polr=0 time=5658 dish=10 beam=10 Eval=0 + 5im Aval=57 - 17im sval=7 Jval=1 + 2im
    freq=193 polr=0 time=4857 dish=52 beam=5 Eval=-4 - 4im Aval=-16 + 83im sval=7 Jval=3 - 2im
    freq=113 polr=1 time=15734 dish=4 beam=0 Eval=1 + 3im Aval=-109 - 102im sval=8 Jval=1 - 2im
Copying data from CPU to GPU...
Running kernel...
Copying data back from GPU to CPU...
Done.
