[Creating bb kernel...]
[Done creating bb kernel]
CHORD 8-bit baseband beamformer
J[t,p,f,b] = s[b,p,f] Σ[d] A[d,b,p,f] E[d,p,f,t]
Compiling kernel...
Allocating input data...
Setting up input data...
    freq=7 polr=1 time=13108 dish=657 beam=30 Eval=-7 + 1im Aval=-1 + 22im sval=7 Jval=0 - 1im
    freq=8 polr=0 time=22932 dish=7 beam=4 Eval=-6 - 7im Aval=105 + 108im sval=9 Jval=0 - 3im
    freq=7 polr=0 time=21019 dish=524 beam=22 Eval=-5 - 5im Aval=-93 + 36im sval=7 Jval=5 + 2im
    freq=7 polr=1 time=54244 dish=116 beam=9 Eval=-5 + 1im Aval=-97 + 107im sval=8 Jval=2 - 2im
    freq=7 polr=1 time=42568 dish=714 beam=15 Eval=5 + 0im Aval=-116 + 58im sval=8 Jval=-2 + 1im
    freq=0 polr=0 time=11613 dish=1005 beam=14 Eval=-5 - 1im Aval=-55 - 92im sval=9 Jval=0 + 1im
    freq=15 polr=1 time=54380 dish=295 beam=13 Eval=-4 + 0im Aval=26 + 19im sval=5 Jval=-3 - 2im
    freq=4 polr=1 time=7217 dish=1014 beam=28 Eval=0 - 4im Aval=55 - 75im sval=9 Jval=-1 + 0im
    freq=14 polr=0 time=27263 dish=608 beam=15 Eval=-7 - 5im Aval=88 - 66im sval=7 Jval=-7 + 0im
    freq=0 polr=0 time=44332 dish=915 beam=0 Eval=-7 - 4im Aval=-17 - 35im sval=9 Jval=0 + 1im
    freq=9 polr=0 time=52447 dish=646 beam=19 Eval=6 + 6im Aval=10 + 6im sval=5 Jval=1 + 3im
    freq=10 polr=0 time=64186 dish=546 beam=10 Eval=-7 + 7im Aval=-110 + 50im sval=11 Jval=0 - 1im
    freq=10 polr=1 time=22066 dish=908 beam=29 Eval=3 - 1im Aval=87 - 51im sval=5 Jval=7 - 7im
    freq=6 polr=1 time=11434 dish=649 beam=28 Eval=5 - 6im Aval=54 + 20im sval=7 Jval=3 - 2im
    freq=11 polr=0 time=20917 dish=613 beam=14 Eval=1 - 6im Aval=112 + 69im sval=8 Jval=2 - 2im
    freq=4 polr=1 time=50285 dish=672 beam=21 Eval=-4 - 4im Aval=115 + 114im sval=7 Jval=0 - 7im
    freq=12 polr=1 time=13881 dish=127 beam=19 Eval=-6 - 7im Aval=-107 - 20im sval=9 Jval=1 + 2im
    freq=14 polr=1 time=31702 dish=604 beam=19 Eval=7 + 2im Aval=-82 + 87im sval=8 Jval=-3 + 2im
    freq=12 polr=0 time=53586 dish=307 beam=31 Eval=5 - 5im Aval=-33 + 107im sval=10 Jval=0 + 1im
    freq=14 polr=1 time=26966 dish=620 beam=6 Eval=-5 + 5im Aval=92 + 51im sval=8 Jval=-3 + 1im
    freq=5 polr=1 time=63455 dish=258 beam=23 Eval=4 + 2im Aval=-11 - 2im sval=5 Jval=-1 - 1im
    freq=0 polr=0 time=39242 dish=449 beam=18 Eval=-4 - 3im Aval=-118 - 119im sval=10 Jval=0 + 1im
    freq=8 polr=0 time=31322 dish=314 beam=1 Eval=-6 - 2im Aval=-15 - 51im sval=9 Jval=0 + 1im
    freq=8 polr=1 time=30427 dish=205 beam=29 Eval=-5 - 4im Aval=-17 - 29im sval=5 Jval=-1 + 7im
    freq=2 polr=0 time=34065 dish=21 beam=23 Eval=4 - 5im Aval=-121 - 50im sval=9 Jval=-1 + 1im
    freq=0 polr=0 time=46192 dish=54 beam=8 Eval=-7 - 2im Aval=-15 - 113im sval=7 Jval=-1 + 6im
    freq=6 polr=0 time=40802 dish=138 beam=16 Eval=4 - 4im Aval=19 + 92im sval=6 Jval=7 + 5im
    freq=1 polr=1 time=17698 dish=939 beam=7 Eval=0 + 4im Aval=103 + 10im sval=7 Jval=0 + 3im
    freq=5 polr=1 time=64298 dish=484 beam=2 Eval=0 + 1im Aval=25 + 54im sval=6 Jval=-1 + 1im
    freq=2 polr=1 time=8514 dish=1006 beam=5 Eval=-7 - 5im Aval=-33 - 94im sval=10 Jval=0 + 1im
    freq=7 polr=1 time=61445 dish=459 beam=23 Eval=3 + 7im Aval=34 - 82im sval=10 Jval=1 + 0im
    freq=7 polr=1 time=62072 dish=103 beam=4 Eval=-1 - 4im Aval=89 + 70im sval=7 Jval=2 - 3im
    freq=14 polr=1 time=58568 dish=774 beam=0 Eval=-5 + 5im Aval=-27 - 77im sval=8 Jval=2 + 1im
    freq=15 polr=1 time=8565 dish=460 beam=28 Eval=-5 - 5im Aval=-29 - 44im sval=9 Jval=0 + 1im
    freq=12 polr=0 time=38091 dish=1008 beam=6 Eval=-6 - 1im Aval=-113 + 45im sval=10 Jval=1 + 0im
    freq=13 polr=0 time=18134 dish=74 beam=18 Eval=7 - 6im Aval=-109 - 117im sval=8 Jval=-6 - 1im
    freq=13 polr=0 time=46729 dish=670 beam=18 Eval=-7 + 7im Aval=35 - 61im sval=8 Jval=1 + 3im
    freq=11 polr=1 time=64877 dish=498 beam=29 Eval=-3 - 1im Aval=-126 - 28im sval=9 Jval=1 + 0im
    freq=0 polr=0 time=57861 dish=678 beam=12 Eval=4 - 5im Aval=78 + 74im sval=7 Jval=5 - 1im
    freq=3 polr=1 time=16113 dish=15 beam=1 Eval=-7 - 4im Aval=18 - 124im sval=7 Jval=-5 + 6im
    freq=1 polr=1 time=36195 dish=36 beam=24 Eval=4 + 4im Aval=-21 - 42im sval=6 Jval=1 - 4im
    freq=14 polr=0 time=18000 dish=546 beam=19 Eval=-3 + 5im Aval=111 + 91im sval=9 Jval=-2 + 1im
    freq=7 polr=1 time=1307 dish=368 beam=19 Eval=-2 + 5im Aval=-123 + 85im sval=8 Jval=-1 - 3im
    freq=11 polr=0 time=38416 dish=216 beam=27 Eval=3 + 5im Aval=120 + 56im sval=8 Jval=0 + 3im
    freq=0 polr=1 time=37694 dish=179 beam=21 Eval=-5 + 1im Aval=-26 - 70im sval=7 Jval=2 + 3im
    freq=13 polr=1 time=13894 dish=42 beam=27 Eval=-3 + 4im Aval=-40 + 106im sval=7 Jval=-2 - 4im
    freq=8 polr=0 time=40110 dish=1009 beam=16 Eval=3 + 6im Aval=-92 - 51im sval=9 Jval=0 - 1im
    freq=12 polr=1 time=33856 dish=327 beam=5 Eval=2 + 2im Aval=-111 - 45im sval=9 Jval=0 - 1im
    freq=9 polr=1 time=31072 dish=641 beam=24 Eval=3 + 4im Aval=123 - 5im sval=9 Jval=1 + 1im
    freq=10 polr=1 time=146 dish=238 beam=0 Eval=4 - 4im Aval=-91 + 27im sval=8 Jval=-1 + 2im
    freq=4 polr=1 time=45564 dish=357 beam=26 Eval=-7 - 3im Aval=123 - 4im sval=7 Jval=-7 - 3im
    freq=10 polr=1 time=29126 dish=899 beam=11 Eval=-5 - 6im Aval=-90 - 121im sval=11 Jval=0 + 1im
    freq=13 polr=1 time=2367 dish=456 beam=13 Eval=4 - 6im Aval=119 + 84im sval=9 Jval=2 - 1im
    freq=8 polr=1 time=8304 dish=332 beam=20 Eval=3 + 6im Aval=66 + 47im sval=8 Jval=0 + 2im
    freq=9 polr=1 time=47850 dish=805 beam=20 Eval=-5 - 6im Aval=89 + 98im sval=10 Jval=0 - 1im
    freq=13 polr=1 time=38658 dish=755 beam=1 Eval=5 + 7im Aval=-38 + 24im sval=8 Jval=-1 - 1im
    freq=10 polr=1 time=40609 dish=17 beam=1 Eval=7 - 3im Aval=-54 - 91im sval=9 Jval=-1 - 1im
    freq=3 polr=0 time=38108 dish=251 beam=27 Eval=5 + 6im Aval=-48 - 64im sval=10 Jval=0 - 1im
    freq=6 polr=0 time=21909 dish=594 beam=11 Eval=3 - 1im Aval=123 - 7im sval=6 Jval=6 - 2im
    freq=10 polr=1 time=47185 dish=522 beam=28 Eval=6 - 2im Aval=-2 + 23im sval=5 Jval=1 + 5im
    freq=14 polr=1 time=56246 dish=857 beam=5 Eval=-2 - 2im Aval=-65 + 11im sval=6 Jval=3 + 2im
    freq=14 polr=0 time=31511 dish=999 beam=6 Eval=-2 + 5im Aval=-16 - 47im sval=8 Jval=1 + 0im
    freq=14 polr=0 time=10631 dish=1016 beam=30 Eval=-7 + 1im Aval=-5 - 48im sval=9 Jval=0 + 1im
    freq=15 polr=0 time=41510 dish=845 beam=31 Eval=-3 + 4im Aval=-108 + 98im sval=7 Jval=0 - 6im
    freq=9 polr=1 time=30763 dish=201 beam=27 Eval=-2 + 2im Aval=-20 + 88im sval=6 Jval=-2 - 3im
    freq=4 polr=1 time=3096 dish=659 beam=12 Eval=-1 - 1im Aval=116 - 106im sval=7 Jval=-2 + 0im
    freq=14 polr=1 time=5568 dish=445 beam=18 Eval=-4 + 0im Aval=65 - 116im sval=8 Jval=-1 + 2im
    freq=0 polr=0 time=4596 dish=360 beam=9 Eval=-2 - 4im Aval=-50 + 19im sval=5 Jval=6 + 5im
    freq=3 polr=0 time=31396 dish=83 beam=25 Eval=4 + 5im Aval=-121 + 5im sval=7 Jval=-4 - 5im
    freq=9 polr=1 time=16544 dish=800 beam=1 Eval=-5 - 6im Aval=-90 + 98im sval=8 Jval=4 + 0im
    freq=7 polr=1 time=26198 dish=241 beam=3 Eval=7 - 7im Aval=-46 - 47im sval=7 Jval=-5 + 0im
    freq=3 polr=1 time=14032 dish=387 beam=14 Eval=-1 - 6im Aval=119 + 107im sval=8 Jval=2 - 3im
    freq=9 polr=1 time=37376 dish=564 beam=5 Eval=2 - 2im Aval=-89 - 17im sval=5 Jval=-6 + 5im
    freq=4 polr=1 time=50118 dish=369 beam=31 Eval=6 + 7im Aval=76 + 99im sval=9 Jval=0 + 2im
    freq=12 polr=1 time=52571 dish=127 beam=25 Eval=7 + 7im Aval=112 + 29im sval=9 Jval=1 + 2im
    freq=5 polr=1 time=50486 dish=47 beam=7 Eval=5 - 2im Aval=55 - 45im sval=8 Jval=1 - 1im
    freq=14 polr=0 time=20564 dish=301 beam=30 Eval=5 - 7im Aval=-1 - 39im sval=9 Jval=-1 + 0im
    freq=11 polr=1 time=56497 dish=947 beam=1 Eval=-6 + 3im Aval=-66 + 41im sval=6 Jval=4 - 7im
    freq=1 polr=0 time=16198 dish=468 beam=21 Eval=5 - 5im Aval=74 - 48im sval=8 Jval=1 - 2im
    freq=10 polr=1 time=43544 dish=167 beam=6 Eval=4 + 2im Aval=-91 + 18im sval=6 Jval=-6 - 2im
    freq=12 polr=0 time=24214 dish=147 beam=4 Eval=-1 - 5im Aval=-102 + 127im sval=9 Jval=1 + 1im
    freq=7 polr=1 time=35491 dish=744 beam=22 Eval=5 - 3im Aval=-19 + 52im sval=7 Jval=1 + 3im
    freq=1 polr=0 time=20388 dish=159 beam=8 Eval=-7 + 1im Aval=-11 + 44im sval=7 Jval=0 - 2im
    freq=11 polr=1 time=35473 dish=422 beam=0 Eval=7 + 3im Aval=14 + 89im sval=9 Jval=0 + 1im
    freq=0 polr=1 time=32688 dish=199 beam=1 Eval=-3 + 7im Aval=70 + 88im sval=8 Jval=-3 + 1im
    freq=4 polr=0 time=1647 dish=285 beam=5 Eval=2 - 5im Aval=27 + 24im sval=7 Jval=1 - 1im
    freq=15 polr=1 time=6611 dish=377 beam=17 Eval=-6 - 7im Aval=-41 + 10im sval=7 Jval=3 + 2im
    freq=13 polr=1 time=31940 dish=925 beam=27 Eval=4 + 0im Aval=-14 - 110im sval=7 Jval=0 - 3im
    freq=5 polr=1 time=54604 dish=127 beam=21 Eval=4 + 4im Aval=-103 + 99im sval=9 Jval=-2 + 0im
    freq=9 polr=0 time=49133 dish=276 beam=25 Eval=2 - 7im Aval=-4 - 76im sval=9 Jval=-1 + 0im
    freq=15 polr=1 time=28435 dish=815 beam=8 Eval=-2 + 5im Aval=-18 - 97im sval=9 Jval=1 + 0im
    freq=14 polr=0 time=20372 dish=1001 beam=8 Eval=-7 + 1im Aval=76 + 118im sval=9 Jval=-1 - 1im
    freq=1 polr=0 time=47382 dish=146 beam=13 Eval=-5 + 7im Aval=31 - 47im sval=6 Jval=3 + 7im
    freq=15 polr=1 time=34077 dish=813 beam=14 Eval=-5 - 2im Aval=-26 - 118im sval=9 Jval=0 + 1im
    freq=11 polr=0 time=33427 dish=517 beam=1 Eval=5 + 7im Aval=-61 - 90im sval=10 Jval=0 - 1im
    freq=13 polr=0 time=13348 dish=856 beam=8 Eval=-6 - 7im Aval=53 + 68im sval=7 Jval=1 - 6im
    freq=6 polr=0 time=28804 dish=574 beam=20 Eval=2 - 4im Aval=-80 + 106im sval=7 Jval=2 + 4im
    freq=1 polr=0 time=60385 dish=1023 beam=1 Eval=5 + 0im Aval=92 + 17im sval=9 Jval=1 + 0im
    freq=9 polr=1 time=36089 dish=705 beam=26 Eval=-3 - 6im Aval=-109 - 14im sval=7 Jval=2 + 6im
    freq=5 polr=1 time=9753 dish=592 beam=7 Eval=1 + 1im Aval=40 + 117im sval=8 Jval=0 + 1im
    freq=2 polr=1 time=30504 dish=1003 beam=27 Eval=1 - 2im Aval=-65 - 119im sval=6 Jval=-5 + 0im
    freq=10 polr=0 time=55721 dish=634 beam=0 Eval=-3 - 4im Aval=38 - 25im sval=6 Jval=-3 - 1im
    freq=7 polr=0 time=28948 dish=69 beam=0 Eval=1 - 2im Aval=36 + 28im sval=7 Jval=1 + 0im
    freq=7 polr=1 time=19429 dish=419 beam=7 Eval=4 + 3im Aval=-49 + 87im sval=7 Jval=-4 + 2im
    freq=14 polr=1 time=18154 dish=277 beam=19 Eval=6 + 0im Aval=122 - 55im sval=8 Jval=3 - 1im
    freq=3 polr=0 time=65099 dish=292 beam=14 Eval=-2 + 2im Aval=18 - 14im sval=6 Jval=0 + 1im
    freq=14 polr=1 time=44876 dish=570 beam=31 Eval=-6 - 5im Aval=-20 + 9im sval=8 Jval=1 + 0im
    freq=0 polr=1 time=26576 dish=945 beam=15 Eval=-1 + 6im Aval=28 + 33im sval=8 Jval=-1 + 1im
    freq=9 polr=0 time=20450 dish=931 beam=11 Eval=1 + 3im Aval=66 + 82im sval=6 Jval=-3 + 5im
    freq=1 polr=0 time=14140 dish=832 beam=9 Eval=4 - 6im Aval=-116 - 14im sval=8 Jval=-2 + 3im
    freq=0 polr=1 time=22616 dish=954 beam=18 Eval=0 + 5im Aval=94 - 18im sval=6 Jval=2 + 7im
    freq=2 polr=1 time=36172 dish=333 beam=30 Eval=-1 + 7im Aval=34 + 7im sval=7 Jval=-1 + 2im
    freq=7 polr=0 time=23847 dish=933 beam=0 Eval=-3 + 2im Aval=91 + 127im sval=7 Jval=-4 - 1im
    freq=3 polr=0 time=6896 dish=86 beam=5 Eval=7 - 5im Aval=54 + 14im sval=7 Jval=4 - 1im
    freq=1 polr=0 time=34810 dish=464 beam=21 Eval=4 + 3im Aval=3 - 109im sval=8 Jval=1 - 2im
    freq=1 polr=0 time=33009 dish=838 beam=18 Eval=4 + 4im Aval=108 + 62im sval=9 Jval=0 + 1im
    freq=5 polr=1 time=11275 dish=232 beam=12 Eval=-4 + 7im Aval=-31 + 0im sval=8 Jval=1 - 1im
    freq=11 polr=1 time=12133 dish=886 beam=16 Eval=-4 - 3im Aval=102 + 40im sval=8 Jval=-1 - 2im
    freq=0 polr=0 time=49772 dish=163 beam=24 Eval=6 - 6im Aval=-42 - 60im sval=9 Jval=-1 + 0im
    freq=13 polr=1 time=17895 dish=844 beam=2 Eval=2 - 7im Aval=-125 - 54im sval=7 Jval=-5 + 6im
    freq=1 polr=0 time=22048 dish=584 beam=29 Eval=3 - 1im Aval=-7 - 44im sval=7 Jval=0 - 1im
    freq=5 polr=1 time=25091 dish=285 beam=8 Eval=1 + 7im Aval=-66 - 64im sval=9 Jval=1 - 1im
    freq=1 polr=0 time=29802 dish=598 beam=29 Eval=-6 - 1im Aval=19 + 15im sval=7 Jval=-1 - 1im
    freq=7 polr=0 time=8813 dish=418 beam=0 Eval=4 - 5im Aval=-69 + 40im sval=7 Jval=-1 + 4im
    freq=15 polr=1 time=58256 dish=323 beam=6 Eval=-4 - 7im Aval=-57 + 111im sval=10 Jval=1 + 0im
    freq=0 polr=1 time=35272 dish=15 beam=29 Eval=-4 - 3im Aval=-91 + 2im sval=6 Jval=6 + 4im
    freq=4 polr=0 time=59744 dish=16 beam=19 Eval=6 + 5im Aval=-27 + 13im sval=5 Jval=-7 - 2im
    freq=5 polr=1 time=11573 dish=848 beam=8 Eval=-6 + 3im Aval=-77 - 22im sval=9 Jval=1 + 0im
    freq=5 polr=1 time=929 dish=438 beam=27 Eval=-6 + 0im Aval=110 - 54im sval=7 Jval=-5 + 3im
    freq=14 polr=0 time=8027 dish=254 beam=19 Eval=-1 + 5im Aval=-122 + 113im sval=9 Jval=-1 - 1im
    freq=9 polr=1 time=52969 dish=377 beam=28 Eval=-2 - 5im Aval=-21 - 28im sval=8 Jval=0 + 1im
    freq=5 polr=1 time=13959 dish=555 beam=2 Eval=3 - 2im Aval=-77 + 63im sval=6 Jval=-2 + 5im
    freq=1 polr=0 time=2126 dish=281 beam=17 Eval=-4 - 7im Aval=52 - 101im sval=8 Jval=-4 + 0im
    freq=6 polr=1 time=5338 dish=98 beam=18 Eval=-7 + 6im Aval=-114 + 70im sval=8 Jval=2 - 5im
    freq=8 polr=0 time=2975 dish=754 beam=2 Eval=-2 + 4im Aval=103 + 59im sval=7 Jval=-3 + 2im
    freq=0 polr=0 time=15901 dish=779 beam=21 Eval=4 + 2im Aval=-93 + 18im sval=9 Jval=-1 + 0im
    freq=9 polr=1 time=30703 dish=200 beam=1 Eval=2 - 3im Aval=-78 - 102im sval=8 Jval=-2 + 0im
    freq=3 polr=1 time=33964 dish=910 beam=26 Eval=0 - 6im Aval=-89 + 57im sval=7 Jval=3 + 4im
    freq=3 polr=0 time=17753 dish=743 beam=25 Eval=-4 + 1im Aval=5 + 92im sval=7 Jval=-1 - 3im
    freq=2 polr=1 time=6267 dish=696 beam=20 Eval=-7 - 5im Aval=73 + 122im sval=8 Jval=0 - 5im
    freq=5 polr=0 time=63851 dish=577 beam=11 Eval=7 - 4im Aval=-83 + 124im sval=8 Jval=0 + 5im
    freq=12 polr=1 time=63546 dish=726 beam=22 Eval=7 + 5im Aval=122 + 11im sval=10 Jval=1 + 1im
    freq=5 polr=1 time=59257 dish=283 beam=27 Eval=2 - 1im Aval=38 - 122im sval=7 Jval=0 - 2im
    freq=0 polr=0 time=54209 dish=843 beam=14 Eval=2 - 7im Aval=104 + 14im sval=9 Jval=1 - 1im
    freq=8 polr=1 time=28813 dish=74 beam=5 Eval=3 + 0im Aval=-34 + 37im sval=6 Jval=-1 + 2im
    freq=6 polr=1 time=57333 dish=299 beam=25 Eval=6 + 5im Aval=-58 + 12im sval=9 Jval=-1 + 0im
    freq=5 polr=0 time=59975 dish=620 beam=23 Eval=4 - 6im Aval=-72 + 96im sval=8 Jval=1 + 3im
    freq=1 polr=1 time=50559 dish=12 beam=30 Eval=6 - 1im Aval=-114 - 48im sval=9 Jval=-1 + 0im
    freq=0 polr=0 time=53606 dish=178 beam=19 Eval=-5 + 2im Aval=47 - 110im sval=9 Jval=0 + 1im
    freq=0 polr=1 time=30869 dish=638 beam=0 Eval=-6 - 1im Aval=-17 + 28im sval=5 Jval=4 - 4im
    freq=5 polr=1 time=36632 dish=133 beam=15 Eval=1 + 2im Aval=-11 - 73im sval=6 Jval=2 - 1im
    freq=8 polr=0 time=54341 dish=367 beam=20 Eval=-1 + 4im Aval=73 - 76im sval=6 Jval=4 + 6im
    freq=14 polr=1 time=51655 dish=648 beam=24 Eval=2 + 2im Aval=-120 + 98im sval=6 Jval=-7 - 1im
    freq=11 polr=1 time=23147 dish=551 beam=6 Eval=-3 - 2im Aval=-31 - 13im sval=5 Jval=2 + 3im
    freq=5 polr=1 time=44356 dish=55 beam=5 Eval=2 + 0im Aval=0 - 110im sval=8 Jval=0 - 1im
    freq=2 polr=1 time=17222 dish=364 beam=14 Eval=-7 + 6im Aval=-93 - 63im sval=8 Jval=4 + 0im
    freq=5 polr=1 time=2537 dish=859 beam=8 Eval=0 + 7im Aval=110 + 89im sval=9 Jval=-1 + 2im
    freq=6 polr=1 time=38080 dish=599 beam=19 Eval=-6 - 7im Aval=-31 + 35im sval=9 Jval=1 + 0im
    freq=8 polr=0 time=12131 dish=491 beam=9 Eval=1 - 4im Aval=-65 - 1im sval=7 Jval=0 + 2im
    freq=10 polr=1 time=64441 dish=552 beam=20 Eval=7 + 7im Aval=120 + 61im sval=10 Jval=0 + 1im
    freq=13 polr=1 time=62459 dish=187 beam=8 Eval=-1 - 6im Aval=-25 + 113im sval=10 Jval=1 + 0im
    freq=12 polr=0 time=5973 dish=630 beam=30 Eval=-2 - 2im Aval=94 - 82im sval=8 Jval=-1 + 0im
    freq=4 polr=1 time=26242 dish=696 beam=9 Eval=4 + 0im Aval=103 + 45im sval=6 Jval=7 + 3im
    freq=11 polr=1 time=29769 dish=52 beam=1 Eval=-1 - 1im Aval=42 + 83im sval=6 Jval=1 - 2im
    freq=3 polr=0 time=18703 dish=202 beam=27 Eval=6 + 5im Aval=-127 - 41im sval=10 Jval=-1 - 1im
    freq=15 polr=0 time=49995 dish=379 beam=30 Eval=-6 - 7im Aval=-63 - 39im sval=8 Jval=0 + 3im
    freq=12 polr=1 time=52510 dish=951 beam=21 Eval=6 + 3im Aval=98 + 6im sval=7 Jval=5 + 3im
    freq=3 polr=1 time=47223 dish=954 beam=29 Eval=5 + 0im Aval=11 - 108im sval=7 Jval=0 - 4im
    freq=7 polr=0 time=31258 dish=927 beam=24 Eval=-1 - 7im Aval=98 - 40im sval=7 Jval=-3 - 5im
    freq=3 polr=1 time=44008 dish=902 beam=12 Eval=-3 - 1im Aval=-36 - 42im sval=8 Jval=0 + 1im
    freq=8 polr=1 time=27543 dish=553 beam=3 Eval=3 + 0im Aval=-108 + 121im sval=8 Jval=-1 + 1im
    freq=1 polr=1 time=7691 dish=305 beam=10 Eval=-5 + 6im Aval=-28 - 59im sval=9 Jval=1 + 0im
    freq=13 polr=0 time=33034 dish=410 beam=22 Eval=2 + 6im Aval=14 + 17im sval=5 Jval=-2 + 4im
    freq=6 polr=1 time=51942 dish=827 beam=10 Eval=4 - 5im Aval=-87 + 123im sval=10 Jval=0 + 1im
    freq=2 polr=1 time=55350 dish=586 beam=20 Eval=-4 + 3im Aval=-24 + 68im sval=8 Jval=0 - 1im
    freq=3 polr=0 time=23671 dish=521 beam=8 Eval=-7 + 7im Aval=-22 + 28im sval=8 Jval=0 - 1im
    freq=12 polr=1 time=34688 dish=466 beam=18 Eval=-3 - 6im Aval=85 + 87im sval=8 Jval=1 - 3im
    freq=0 polr=0 time=3131 dish=602 beam=18 Eval=2 - 5im Aval=-50 - 125im sval=10 Jval=-1 + 0im
    freq=2 polr=0 time=27927 dish=644 beam=26 Eval=-1 + 2im Aval=15 + 121im sval=8 Jval=-1 + 0im
    freq=1 polr=1 time=1271 dish=472 beam=15 Eval=6 - 1im Aval=6 - 35im sval=6 Jval=0 - 3im
    freq=7 polr=1 time=3687 dish=919 beam=24 Eval=7 - 5im Aval=-114 + 104im sval=10 Jval=0 + 1im
    freq=9 polr=1 time=44560 dish=495 beam=4 Eval=3 - 3im Aval=-92 + 97im sval=7 Jval=0 + 4im
    freq=14 polr=1 time=54341 dish=957 beam=18 Eval=-2 + 3im Aval=-40 + 100im sval=8 Jval=-1 - 1im
    freq=6 polr=0 time=47747 dish=565 beam=12 Eval=3 - 5im Aval=49 + 80im sval=9 Jval=1 + 0im
    freq=3 polr=1 time=35712 dish=316 beam=29 Eval=-3 + 6im Aval=77 + 72im sval=7 Jval=-5 + 2im
    freq=11 polr=0 time=50371 dish=503 beam=6 Eval=-4 + 0im Aval=-34 - 64im sval=7 Jval=1 + 2im
    freq=1 polr=1 time=6123 dish=26 beam=17 Eval=1 + 4im Aval=-60 - 83im sval=7 Jval=2 - 2im
    freq=0 polr=1 time=5428 dish=930 beam=16 Eval=-1 + 7im Aval=87 - 104im sval=9 Jval=1 + 1im
    freq=11 polr=0 time=1500 dish=306 beam=26 Eval=-1 + 2im Aval=85 + 79im sval=6 Jval=-4 + 2im
    freq=15 polr=0 time=22667 dish=746 beam=0 Eval=2 - 6im Aval=-87 - 14im sval=8 Jval=-1 + 2im
    freq=3 polr=1 time=57900 dish=735 beam=1 Eval=7 - 3im Aval=17 + 87im sval=7 Jval=3 + 4im
    freq=3 polr=0 time=27448 dish=741 beam=20 Eval=-3 + 6im Aval=100 - 80im sval=10 Jval=0 + 1im
    freq=6 polr=1 time=28170 dish=728 beam=27 Eval=7 + 2im Aval=108 - 40im sval=9 Jval=2 + 0im
    freq=12 polr=1 time=58677 dish=618 beam=6 Eval=7 + 0im Aval=-126 + 54im sval=7 Jval=-7 + 3im
    freq=6 polr=0 time=20692 dish=833 beam=18 Eval=4 - 1im Aval=4 - 60im sval=6 Jval=-1 - 4im
    freq=14 polr=0 time=16329 dish=33 beam=20 Eval=-5 - 7im Aval=70 - 7im sval=7 Jval=-3 - 3im
    freq=9 polr=1 time=19621 dish=411 beam=28 Eval=7 - 4im Aval=-99 - 86im sval=8 Jval=-4 - 1im
    freq=4 polr=0 time=911 dish=202 beam=3 Eval=7 + 7im Aval=59 + 105im sval=10 Jval=0 + 1im
    freq=1 polr=1 time=39442 dish=198 beam=21 Eval=6 + 7im Aval=102 + 116im sval=11 Jval=0 + 1im
    freq=4 polr=0 time=14739 dish=851 beam=3 Eval=-5 - 6im Aval=-93 - 53im sval=10 Jval=0 + 1im
    freq=6 polr=0 time=26030 dish=198 beam=18 Eval=4 - 3im Aval=64 - 23im sval=6 Jval=3 - 4im
    freq=13 polr=1 time=28672 dish=73 beam=25 Eval=-4 + 7im Aval=-79 - 32im sval=8 Jval=2 - 2im
    freq=13 polr=1 time=16668 dish=802 beam=27 Eval=-2 + 5im Aval=-1 - 97im sval=7 Jval=4 + 2im
    freq=9 polr=0 time=29891 dish=359 beam=2 Eval=-7 + 5im Aval=-32 + 43im sval=9 Jval=0 - 1im
    freq=9 polr=0 time=56479 dish=791 beam=3 Eval=5 + 0im Aval=74 - 80im sval=7 Jval=3 - 3im
    freq=8 polr=1 time=19816 dish=278 beam=27 Eval=-4 - 5im Aval=-81 + 96im sval=7 Jval=6 + 0im
    freq=9 polr=1 time=2422 dish=402 beam=9 Eval=-7 + 4im Aval=29 - 12im sval=5 Jval=-5 + 7im
    freq=5 polr=1 time=59714 dish=773 beam=26 Eval=-1 + 4im Aval=36 - 38im sval=6 Jval=2 + 3im
    freq=0 polr=0 time=7772 dish=267 beam=31 Eval=4 + 1im Aval=-52 - 29im sval=6 Jval=-3 - 2im
    freq=0 polr=0 time=29381 dish=507 beam=21 Eval=6 + 3im Aval=23 - 114im sval=9 Jval=1 - 1im
    freq=9 polr=0 time=50953 dish=129 beam=13 Eval=2 - 7im Aval=-73 + 57im sval=10 Jval=0 + 1im
    freq=14 polr=0 time=35735 dish=765 beam=16 Eval=4 + 5im Aval=124 - 118im sval=11 Jval=1 + 0im
    freq=7 polr=1 time=24028 dish=490 beam=3 Eval=3 + 3im Aval=115 - 113im sval=7 Jval=5 + 0im
    freq=14 polr=1 time=23891 dish=543 beam=15 Eval=1 - 5im Aval=32 + 91im sval=7 Jval=4 + 0im
    freq=8 polr=0 time=46823 dish=631 beam=7 Eval=-2 + 4im Aval=-10 - 65im sval=8 Jval=1 + 0im
    freq=9 polr=0 time=55398 dish=722 beam=10 Eval=7 - 2im Aval=78 + 59im sval=10 Jval=1 + 0im
    freq=9 polr=1 time=19257 dish=295 beam=4 Eval=-6 - 2im Aval=-77 + 123im sval=7 Jval=6 - 4im
    freq=15 polr=1 time=7349 dish=400 beam=8 Eval=-5 + 5im Aval=41 - 82im sval=9 Jval=0 + 1im
    freq=2 polr=1 time=59739 dish=280 beam=4 Eval=-2 + 1im Aval=20 - 100im sval=5 Jval=2 + 7im
    freq=2 polr=1 time=28911 dish=377 beam=12 Eval=0 - 2im Aval=28 - 16im sval=6 Jval=0 - 1im
    freq=4 polr=1 time=64513 dish=727 beam=22 Eval=-3 + 7im Aval=121 + 111im sval=9 Jval=-2 + 1im
    freq=2 polr=0 time=52719 dish=796 beam=29 Eval=4 + 2im Aval=-28 + 123im sval=6 Jval=-5 + 7im
    freq=9 polr=0 time=56960 dish=949 beam=12 Eval=1 - 5im Aval=113 + 30im sval=7 Jval=2 - 4im
    freq=1 polr=1 time=55251 dish=670 beam=6 Eval=6 - 5im Aval=48 + 33im sval=6 Jval=7 - 1im
    freq=12 polr=0 time=54211 dish=722 beam=4 Eval=0 - 6im Aval=-51 - 116im sval=9 Jval=-1 + 1im
    freq=13 polr=0 time=19704 dish=822 beam=5 Eval=-6 + 4im Aval=-1 + 80im sval=9 Jval=-1 - 1im
    freq=8 polr=0 time=17363 dish=124 beam=16 Eval=-5 - 2im Aval=40 + 75im sval=9 Jval=0 - 1im
    freq=1 polr=0 time=6476 dish=670 beam=5 Eval=-4 - 3im Aval=-33 + 9im sval=8 Jval=1 + 0im
    freq=14 polr=1 time=47163 dish=714 beam=26 Eval=-6 - 7im Aval=-22 - 120im sval=9 Jval=-1 + 2im
    freq=7 polr=1 time=40130 dish=896 beam=29 Eval=3 + 6im Aval=109 + 89im sval=10 Jval=0 + 1im
    freq=15 polr=1 time=47602 dish=77 beam=17 Eval=2 + 4im Aval=66 - 127im sval=7 Jval=5 + 0im
    freq=1 polr=0 time=10216 dish=702 beam=17 Eval=-4 + 5im Aval=-121 - 3im sval=8 Jval=2 - 2im
    freq=15 polr=0 time=62683 dish=94 beam=3 Eval=-7 - 4im Aval=89 + 49im sval=10 Jval=0 - 1im
    freq=15 polr=0 time=40743 dish=487 beam=6 Eval=3 - 2im Aval=124 - 75im sval=6 Jval=4 - 7im
    freq=12 polr=1 time=6568 dish=1023 beam=31 Eval=6 + 3im Aval=13 + 87im sval=7 Jval=-1 + 4im
    freq=4 polr=1 time=16543 dish=891 beam=16 Eval=-7 + 6im Aval=-72 - 6im sval=8 Jval=2 - 1im
    freq=12 polr=1 time=49637 dish=824 beam=18 Eval=6 + 1im Aval=106 - 75im sval=8 Jval=3 - 1im
    freq=0 polr=1 time=10794 dish=170 beam=2 Eval=-6 + 4im Aval=-18 + 20im sval=6 Jval=1 - 3im
    freq=4 polr=1 time=625 dish=465 beam=13 Eval=-4 + 6im Aval=68 + 111im sval=7 Jval=-7 + 0im
    freq=3 polr=1 time=53143 dish=258 beam=26 Eval=-5 + 4im Aval=-121 - 86im sval=7 Jval=7 + 0im
    freq=3 polr=1 time=7486 dish=1014 beam=6 Eval=-6 - 2im Aval=-89 + 106im sval=8 Jval=3 - 2im
    freq=14 polr=0 time=16118 dish=270 beam=2 Eval=-6 - 5im Aval=99 - 73im sval=8 Jval=-4 + 0im
    freq=7 polr=0 time=4883 dish=283 beam=0 Eval=6 - 2im Aval=-90 - 87im sval=7 Jval=-6 - 3im
    freq=8 polr=0 time=7890 dish=748 beam=30 Eval=-4 + 3im Aval=68 - 18im sval=7 Jval=-2 + 2im
    freq=7 polr=1 time=29931 dish=386 beam=2 Eval=-1 - 7im Aval=-65 - 54im sval=10 Jval=0 + 1im
    freq=12 polr=0 time=27794 dish=521 beam=4 Eval=-1 + 7im Aval=-99 + 114im sval=9 Jval=-1 - 2im
    freq=4 polr=1 time=17520 dish=1009 beam=9 Eval=-3 - 3im Aval=-74 + 34im sval=6 Jval=5 + 2im
    freq=8 polr=1 time=38863 dish=787 beam=14 Eval=-1 - 5im Aval=15 + 83im sval=8 Jval=2 - 1im
    freq=1 polr=1 time=52220 dish=61 beam=7 Eval=2 + 2im Aval=-31 + 104im sval=7 Jval=-2 + 1im
    freq=14 polr=1 time=48814 dish=780 beam=28 Eval=-2 - 6im Aval=-10 + 46im sval=8 Jval=1 + 0im
    freq=12 polr=0 time=52482 dish=971 beam=9 Eval=0 + 7im Aval=-67 - 54im sval=8 Jval=2 - 2im
    freq=0 polr=0 time=18884 dish=985 beam=13 Eval=-1 + 5im Aval=-35 + 88im sval=8 Jval=-2 - 1im
    freq=10 polr=0 time=28815 dish=907 beam=25 Eval=4 + 2im Aval=51 + 32im sval=5 Jval=5 + 7im
    freq=14 polr=0 time=28232 dish=119 beam=19 Eval=3 - 3im Aval=-127 - 118im sval=9 Jval=-1 + 0im
    freq=15 polr=0 time=55094 dish=381 beam=20 Eval=-3 - 2im Aval=-54 - 86im sval=6 Jval=0 + 6im
    freq=14 polr=0 time=51998 dish=711 beam=30 Eval=3 + 7im Aval=-96 - 121im sval=9 Jval=1 - 2im
    freq=6 polr=1 time=11845 dish=625 beam=26 Eval=-2 + 1im Aval=30 - 115im sval=9 Jval=0 + 1im
    freq=7 polr=1 time=12111 dish=522 beam=1 Eval=6 - 7im Aval=-37 + 46im sval=8 Jval=0 + 2im
    freq=15 polr=0 time=41753 dish=220 beam=19 Eval=-6 + 4im Aval=-4 + 109im sval=8 Jval=-2 - 3im
    freq=9 polr=0 time=49057 dish=136 beam=4 Eval=3 - 5im Aval=77 - 27im sval=7 Jval=1 - 4im
    freq=13 polr=1 time=21720 dish=812 beam=24 Eval=-7 + 2im Aval=117 + 43im sval=8 Jval=-4 + 0im
    freq=5 polr=0 time=53086 dish=1 beam=13 Eval=-6 - 2im Aval=-82 - 39im sval=7 Jval=3 + 3im
    freq=13 polr=0 time=9045 dish=524 beam=8 Eval=3 - 1im Aval=-82 + 64im sval=7 Jval=-1 + 2im
    freq=14 polr=0 time=27044 dish=114 beam=5 Eval=0 + 1im Aval=-103 - 66im sval=5 Jval=2 - 3im
    freq=11 polr=0 time=36003 dish=858 beam=13 Eval=-2 - 1im Aval=-114 + 22im sval=9 Jval=1 + 0im
    freq=4 polr=0 time=29301 dish=454 beam=3 Eval=-7 - 2im Aval=-69 + 29im sval=10 Jval=1 + 0im
    freq=15 polr=1 time=26086 dish=352 beam=4 Eval=1 + 7im Aval=-17 + 85im sval=7 Jval=-5 + 0im
    freq=2 polr=0 time=10684 dish=142 beam=18 Eval=-6 - 5im Aval=91 - 20im sval=8 Jval=-2 - 1im
    freq=7 polr=1 time=41573 dish=193 beam=19 Eval=-6 - 2im Aval=-48 - 21im sval=8 Jval=1 + 1im
    freq=11 polr=0 time=24466 dish=497 beam=12 Eval=-7 + 0im Aval=-113 + 41im sval=8 Jval=3 - 1im
    freq=2 polr=0 time=19178 dish=739 beam=3 Eval=-2 + 6im Aval=66 + 80im sval=8 Jval=-2 + 1im
    freq=4 polr=1 time=26031 dish=382 beam=31 Eval=-3 + 5im Aval=49 + 102im sval=9 Jval=-1 + 0im
    freq=4 polr=1 time=35606 dish=790 beam=9 Eval=7 - 5im Aval=55 + 2im sval=6 Jval=6 - 4im
    freq=1 polr=0 time=30201 dish=469 beam=17 Eval=-2 - 7im Aval=14 + 33im sval=8 Jval=1 - 1im
    freq=0 polr=1 time=10507 dish=976 beam=21 Eval=-6 + 3im Aval=-47 - 37im sval=7 Jval=3 + 1im
    freq=13 polr=0 time=64188 dish=85 beam=16 Eval=0 + 5im Aval=-91 + 98im sval=7 Jval=-4 - 3im
    freq=3 polr=1 time=31341 dish=790 beam=15 Eval=0 - 7im Aval=-77 + 33im sval=7 Jval=2 + 4im
    freq=9 polr=1 time=49570 dish=174 beam=13 Eval=4 - 1im Aval=106 - 117im sval=10 Jval=0 - 1im
    freq=6 polr=0 time=42819 dish=582 beam=20 Eval=7 + 1im Aval=-96 + 49im sval=7 Jval=-6 + 2im
    freq=10 polr=0 time=38651 dish=207 beam=4 Eval=7 - 6im Aval=-11 + 113im sval=8 Jval=2 + 3im
    freq=0 polr=0 time=845 dish=181 beam=13 Eval=-7 + 5im Aval=43 + 98im sval=8 Jval=-3 - 2im
    freq=4 polr=1 time=21423 dish=234 beam=18 Eval=7 - 1im Aval=-51 + 36im sval=7 Jval=-2 + 2im
    freq=14 polr=0 time=6358 dish=706 beam=26 Eval=-7 - 5im Aval=31 - 26im sval=6 Jval=-5 + 1im
    freq=13 polr=0 time=55202 dish=988 beam=31 Eval=4 + 4im Aval=-79 + 122im sval=7 Jval=-6 + 1im
    freq=0 polr=1 time=41936 dish=724 beam=16 Eval=4 - 1im Aval=-107 - 53im sval=9 Jval=-1 + 0im
    freq=12 polr=1 time=19999 dish=347 beam=18 Eval=4 - 5im Aval=-4 - 52im sval=8 Jval=-1 - 1im
    freq=4 polr=1 time=14510 dish=63 beam=30 Eval=1 - 2im Aval=-20 + 93im sval=6 Jval=3 + 2im
    freq=12 polr=1 time=16627 dish=247 beam=1 Eval=-1 - 6im Aval=-48 - 78im sval=7 Jval=-3 + 3im
    freq=5 polr=1 time=41594 dish=455 beam=24 Eval=0 + 2im Aval=63 - 15im sval=7 Jval=0 + 1im
    freq=7 polr=1 time=39890 dish=590 beam=23 Eval=7 - 6im Aval=106 - 124im sval=10 Jval=0 - 1im
    freq=3 polr=0 time=3713 dish=443 beam=5 Eval=-7 - 2im Aval=-27 - 4im sval=7 Jval=1 + 1im
    freq=8 polr=0 time=50658 dish=243 beam=6 Eval=4 - 1im Aval=-93 - 54im sval=6 Jval=-7 - 2im
    freq=14 polr=1 time=10825 dish=316 beam=28 Eval=0 - 5im Aval=-99 - 84im sval=8 Jval=-2 + 2im
    freq=15 polr=0 time=31934 dish=458 beam=6 Eval=-1 - 4im Aval=60 - 82im sval=6 Jval=-6 - 2im
    freq=12 polr=0 time=11498 dish=925 beam=9 Eval=6 - 1im Aval=-46 + 102im sval=8 Jval=-1 + 3im
    freq=4 polr=1 time=62042 dish=689 beam=17 Eval=4 - 2im Aval=83 - 38im sval=7 Jval=2 - 2im
    freq=0 polr=1 time=24283 dish=579 beam=15 Eval=-4 - 3im Aval=-54 - 104im sval=8 Jval=0 + 2im
    freq=4 polr=1 time=34268 dish=993 beam=2 Eval=5 + 1im Aval=-110 + 19im sval=9 Jval=-1 + 0im
    freq=7 polr=0 time=50213 dish=391 beam=23 Eval=-3 - 1im Aval=-38 + 23im sval=8 Jval=1 + 0im
    freq=1 polr=0 time=24702 dish=82 beam=8 Eval=-3 - 2im Aval=127 + 104im sval=7 Jval=-1 - 4im
    freq=10 polr=1 time=9550 dish=975 beam=9 Eval=4 - 4im Aval=-116 + 122im sval=10 Jval=0 + 1im
    freq=1 polr=0 time=13781 dish=537 beam=26 Eval=3 - 4im Aval=24 - 1im sval=5 Jval=2 - 3im
    freq=14 polr=1 time=46952 dish=1004 beam=0 Eval=4 - 6im Aval=-74 + 5im sval=8 Jval=-1 + 2im
    freq=13 polr=0 time=41111 dish=556 beam=23 Eval=-1 + 0im Aval=-93 - 83im sval=7 Jval=1 + 1im
    freq=3 polr=1 time=28305 dish=653 beam=6 Eval=-4 + 1im Aval=45 - 98im sval=8 Jval=0 + 2im
    freq=12 polr=1 time=1854 dish=917 beam=26 Eval=-2 - 2im Aval=-107 - 71im sval=8 Jval=0 + 1im
    freq=10 polr=1 time=61338 dish=60 beam=9 Eval=2 + 7im Aval=4 - 106im sval=10 Jval=1 + 0im
    freq=8 polr=1 time=5150 dish=646 beam=18 Eval=7 + 1im Aval=51 + 95im sval=10 Jval=0 + 1im
    freq=14 polr=0 time=22712 dish=653 beam=27 Eval=3 - 4im Aval=26 - 83im sval=7 Jval=-2 - 3im
    freq=1 polr=0 time=9410 dish=197 beam=18 Eval=-6 - 2im Aval=47 + 111im sval=9 Jval=0 - 1im
    freq=2 polr=1 time=25692 dish=592 beam=27 Eval=-2 - 4im Aval=90 + 36im sval=6 Jval=0 - 7im
    freq=14 polr=1 time=13057 dish=842 beam=7 Eval=4 - 3im Aval=-3 - 85im sval=8 Jval=-1 - 1im
    freq=2 polr=0 time=64638 dish=199 beam=9 Eval=3 - 2im Aval=63 + 97im sval=9 Jval=1 + 0im
    freq=1 polr=1 time=12892 dish=184 beam=7 Eval=1 + 4im Aval=5 - 105im sval=7 Jval=3 - 1im
    freq=10 polr=0 time=34509 dish=851 beam=19 Eval=7 + 7im Aval=34 - 21im sval=9 Jval=1 + 0im
    freq=13 polr=0 time=2329 dish=601 beam=7 Eval=7 - 4im Aval=66 - 96im sval=10 Jval=0 - 1im
    freq=2 polr=0 time=29050 dish=552 beam=23 Eval=7 - 5im Aval=116 + 34im sval=9 Jval=2 - 1im
    freq=8 polr=1 time=24400 dish=668 beam=13 Eval=6 - 2im Aval=56 - 93im sval=10 Jval=0 - 1im
    freq=15 polr=0 time=9979 dish=146 beam=6 Eval=-1 - 5im Aval=-47 + 28im sval=6 Jval=3 + 3im
    freq=13 polr=0 time=26247 dish=623 beam=23 Eval=-3 - 3im Aval=55 - 35im sval=7 Jval=-2 + 0im
    freq=7 polr=0 time=47101 dish=112 beam=5 Eval=-6 - 2im Aval=-9 + 99im sval=9 Jval=1 - 1im
    freq=15 polr=1 time=34910 dish=469 beam=4 Eval=7 + 3im Aval=-81 + 67im sval=7 Jval=-6 + 2im
    freq=14 polr=0 time=53544 dish=845 beam=20 Eval=5 - 2im Aval=-104 + 110im sval=7 Jval=-2 + 6im
    freq=1 polr=0 time=15768 dish=405 beam=28 Eval=-3 + 7im Aval=66 - 83im sval=8 Jval=2 + 3im
    freq=6 polr=1 time=11302 dish=46 beam=12 Eval=-4 + 0im Aval=-55 + 40im sval=8 Jval=1 - 1im
    freq=2 polr=0 time=33225 dish=557 beam=26 Eval=-3 + 4im Aval=36 + 80im sval=8 Jval=-2 + 0im
    freq=9 polr=0 time=35710 dish=653 beam=12 Eval=3 + 6im Aval=-29 + 101im sval=7 Jval=-5 + 1im
    freq=11 polr=1 time=19010 dish=461 beam=8 Eval=-6 - 7im Aval=123 + 118im sval=10 Jval=0 - 2im
    freq=12 polr=0 time=58613 dish=372 beam=5 Eval=7 + 2im Aval=91 + 104im sval=10 Jval=0 + 1im
    freq=12 polr=1 time=33216 dish=488 beam=4 Eval=-4 + 6im Aval=39 + 102im sval=10 Jval=-1 + 0im
    freq=1 polr=0 time=57774 dish=552 beam=14 Eval=-3 + 5im Aval=-40 - 124im sval=8 Jval=3 + 1im
    freq=8 polr=0 time=63645 dish=1017 beam=0 Eval=-5 - 1im Aval=18 + 127im sval=7 Jval=0 - 5im
    freq=11 polr=1 time=34466 dish=166 beam=26 Eval=2 + 5im Aval=102 + 30im sval=9 Jval=0 + 1im
    freq=5 polr=0 time=56693 dish=222 beam=11 Eval=-1 + 1im Aval=84 - 66im sval=8 Jval=0 + 1im
    freq=3 polr=0 time=18356 dish=103 beam=11 Eval=-1 - 2im Aval=-18 + 88im sval=6 Jval=3 - 1im
    freq=5 polr=0 time=60688 dish=808 beam=17 Eval=-1 + 5im Aval=7 - 15im sval=7 Jval=1 + 0im
    freq=4 polr=1 time=16036 dish=120 beam=21 Eval=1 + 4im Aval=-43 - 29im sval=7 Jval=1 - 2im
    freq=13 polr=0 time=30844 dish=308 beam=5 Eval=-5 - 1im Aval=57 - 97im sval=9 Jval=-1 + 1im
    freq=7 polr=0 time=6434 dish=809 beam=24 Eval=7 + 1im Aval=-127 - 68im sval=7 Jval=-6 - 5im
    freq=3 polr=0 time=13773 dish=979 beam=3 Eval=-6 - 1im Aval=-116 + 42im sval=10 Jval=1 + 0im
    freq=10 polr=0 time=342 dish=230 beam=4 Eval=-3 + 2im Aval=-80 + 34im sval=8 Jval=1 - 1im
    freq=1 polr=0 time=45981 dish=170 beam=31 Eval=0 + 5im Aval=98 - 80im sval=9 Jval=1 + 1im
    freq=3 polr=1 time=23572 dish=252 beam=29 Eval=2 + 4im Aval=38 - 18im sval=7 Jval=1 + 1im
    freq=13 polr=0 time=31244 dish=179 beam=23 Eval=0 - 3im Aval=-19 - 80im sval=7 Jval=-2 + 1im
    freq=10 polr=0 time=22796 dish=132 beam=31 Eval=-6 + 3im Aval=5 + 39im sval=5 Jval=-4 - 7im
    freq=15 polr=0 time=37254 dish=253 beam=0 Eval=7 + 4im Aval=-65 + 80im sval=8 Jval=-3 + 1im
    freq=1 polr=1 time=5741 dish=320 beam=6 Eval=6 + 0im Aval=-42 + 64im sval=6 Jval=-4 + 6im
    freq=15 polr=0 time=54982 dish=964 beam=24 Eval=1 + 5im Aval=-96 + 109im sval=7 Jval=-5 - 3im
    freq=4 polr=0 time=37531 dish=786 beam=29 Eval=3 + 0im Aval=94 + 90im sval=6 Jval=5 + 4im
    freq=4 polr=1 time=29205 dish=675 beam=13 Eval=-7 - 7im Aval=-67 - 53im sval=7 Jval=1 + 7im
    freq=0 polr=1 time=33816 dish=357 beam=3 Eval=-4 + 2im Aval=-53 - 78im sval=6 Jval=6 + 3im
    freq=2 polr=1 time=31745 dish=64 beam=27 Eval=5 - 3im Aval=18 + 19im sval=6 Jval=2 + 1im
    freq=5 polr=0 time=35678 dish=548 beam=24 Eval=0 - 7im Aval=-100 + 69im sval=8 Jval=2 + 3im
    freq=6 polr=1 time=58182 dish=734 beam=20 Eval=-1 + 2im Aval=-7 + 123im sval=8 Jval=-1 - 1im
    freq=11 polr=1 time=10735 dish=434 beam=9 Eval=-4 + 1im Aval=111 + 15im sval=8 Jval=-2 + 0im
    freq=4 polr=1 time=9974 dish=224 beam=28 Eval=-2 - 2im Aval=65 + 70im sval=9 Jval=0 - 1im
    freq=15 polr=0 time=64718 dish=809 beam=3 Eval=-2 - 5im Aval=-27 + 110im sval=10 Jval=1 + 0im
    freq=10 polr=0 time=37144 dish=65 beam=31 Eval=0 + 1im Aval=-77 + 116im sval=5 Jval=-3 - 2im
    freq=8 polr=1 time=42520 dish=149 beam=3 Eval=-4 + 3im Aval=126 + 4im sval=8 Jval=-2 + 1im
    freq=4 polr=1 time=35525 dish=15 beam=15 Eval=0 + 3im Aval=54 - 38im sval=6 Jval=2 + 3im
    freq=10 polr=0 time=5172 dish=554 beam=30 Eval=6 + 7im Aval=-79 - 57im sval=10 Jval=0 - 1im
    freq=5 polr=0 time=43567 dish=43 beam=24 Eval=3 - 7im Aval=4 + 36im sval=8 Jval=1 + 0im
    freq=0 polr=0 time=21803 dish=538 beam=0 Eval=7 + 3im Aval=73 - 4im sval=9 Jval=1 + 0im
    freq=10 polr=0 time=32786 dish=603 beam=13 Eval=-2 + 3im Aval=89 + 59im sval=6 Jval=-5 + 2im
    freq=9 polr=1 time=29566 dish=834 beam=28 Eval=1 - 3im Aval=-22 + 117im sval=8 Jval=1 + 1im
    freq=5 polr=0 time=12005 dish=859 beam=14 Eval=2 + 0im Aval=84 + 18im sval=5 Jval=6 + 1im
    freq=12 polr=0 time=49350 dish=72 beam=6 Eval=7 - 3im Aval=35 - 124im sval=10 Jval=0 - 1im
    freq=9 polr=1 time=43780 dish=312 beam=4 Eval=4 - 3im Aval=-21 + 27im sval=7 Jval=0 + 1im
    freq=12 polr=1 time=20223 dish=277 beam=18 Eval=6 + 4im Aval=35 + 84im sval=8 Jval=0 + 3im
    freq=8 polr=0 time=57744 dish=634 beam=9 Eval=1 - 3im Aval=-10 - 54im sval=7 Jval=-1 + 0im
    freq=14 polr=0 time=18916 dish=274 beam=23 Eval=5 + 7im Aval=59 + 0im sval=7 Jval=2 + 3im
    freq=2 polr=0 time=3745 dish=87 beam=23 Eval=7 - 5im Aval=-77 + 31im sval=9 Jval=-1 + 1im
    freq=1 polr=0 time=53606 dish=434 beam=14 Eval=1 - 5im Aval=-37 + 115im sval=8 Jval=2 + 1im
    freq=5 polr=1 time=52953 dish=356 beam=22 Eval=1 - 6im Aval=-99 + 67im sval=7 Jval=2 + 5im
    freq=11 polr=0 time=42018 dish=303 beam=27 Eval=3 + 5im Aval=-123 + 52im sval=8 Jval=-2 - 2im
    freq=3 polr=1 time=33532 dish=561 beam=29 Eval=6 - 5im Aval=35 - 48im sval=7 Jval=0 - 4im
    freq=1 polr=0 time=34388 dish=933 beam=21 Eval=-7 + 0im Aval=-45 + 97im sval=8 Jval=1 - 3im
    freq=1 polr=1 time=28669 dish=530 beam=19 Eval=-5 + 6im Aval=93 - 115im sval=11 Jval=0 + 1im
    freq=1 polr=0 time=15669 dish=706 beam=17 Eval=0 + 3im Aval=-63 + 12im sval=8 Jval=0 - 1im
    freq=10 polr=0 time=30739 dish=52 beam=24 Eval=5 - 6im Aval=-47 - 23im sval=8 Jval=-1 + 1im
    freq=4 polr=1 time=13774 dish=559 beam=11 Eval=0 - 3im Aval=88 - 100im sval=6 Jval=-5 - 4im
    freq=10 polr=1 time=14694 dish=325 beam=3 Eval=-5 - 1im Aval=55 + 74im sval=8 Jval=-1 - 2im
    freq=11 polr=0 time=44547 dish=723 beam=28 Eval=5 - 3im Aval=-98 + 40im sval=8 Jval=-1 + 2im
    freq=3 polr=1 time=22461 dish=951 beam=6 Eval=-6 + 1im Aval=-63 + 4im sval=8 Jval=1 + 0im
    freq=14 polr=0 time=21056 dish=14 beam=12 Eval=-4 + 3im Aval=-41 + 110im sval=10 Jval=0 - 1im
    freq=5 polr=1 time=65082 dish=301 beam=15 Eval=7 + 0im Aval=43 + 24im sval=6 Jval=5 + 3im
    freq=5 polr=1 time=27839 dish=619 beam=5 Eval=4 + 7im Aval=126 + 56im sval=8 Jval=0 + 4im
    freq=14 polr=1 time=41491 dish=598 beam=18 Eval=-7 - 4im Aval=47 + 32im sval=8 Jval=-1 - 2im
    freq=12 polr=1 time=26785 dish=243 beam=19 Eval=4 - 5im Aval=-83 + 32im sval=9 Jval=0 + 1im
    freq=2 polr=0 time=50276 dish=65 beam=29 Eval=-4 + 6im Aval=16 - 72im sval=6 Jval=6 + 6im
    freq=1 polr=1 time=1428 dish=44 beam=30 Eval=-2 - 6im Aval=35 - 108im sval=9 Jval=-1 + 0im
    freq=15 polr=1 time=62615 dish=560 beam=0 Eval=5 - 3im Aval=-11 - 96im sval=7 Jval=-3 - 3im
    freq=8 polr=1 time=1384 dish=117 beam=29 Eval=5 + 2im Aval=7 - 43im sval=5 Jval=4 - 6im
    freq=9 polr=1 time=16659 dish=57 beam=1 Eval=-6 + 1im Aval=35 - 17im sval=8 Jval=-1 + 1im
    freq=10 polr=1 time=1591 dish=806 beam=3 Eval=-2 - 7im Aval=-62 - 81im sval=8 Jval=-2 + 2im
    freq=14 polr=0 time=42965 dish=353 beam=10 Eval=-4 - 2im Aval=-111 + 118im sval=8 Jval=3 - 1im
    freq=7 polr=1 time=43111 dish=582 beam=5 Eval=0 + 7im Aval=30 - 87im sval=7 Jval=5 + 2im
    freq=11 polr=0 time=5480 dish=627 beam=12 Eval=3 - 1im Aval=113 - 52im sval=8 Jval=1 - 1im
    freq=2 polr=1 time=11770 dish=336 beam=30 Eval=1 - 5im Aval=40 + 18im sval=7 Jval=1 - 1im
    freq=2 polr=1 time=40071 dish=491 beam=2 Eval=-4 - 1im Aval=54 + 80im sval=6 Jval=-2 - 6im
    freq=2 polr=0 time=44623 dish=550 beam=3 Eval=1 + 1im Aval=-49 + 119im sval=8 Jval=-1 + 0im
    freq=7 polr=0 time=50368 dish=61 beam=15 Eval=-5 + 0im Aval=78 + 16im sval=9 Jval=-1 + 0im
    freq=7 polr=1 time=64982 dish=203 beam=14 Eval=-3 + 4im Aval=83 + 94im sval=9 Jval=-1 + 0im
    freq=0 polr=0 time=8322 dish=79 beam=23 Eval=-5 + 3im Aval=-26 + 1im sval=5 Jval=4 - 2im
    freq=3 polr=1 time=59812 dish=33 beam=7 Eval=-1 - 1im Aval=67 - 51im sval=7 Jval=-1 + 0im
    freq=12 polr=1 time=63293 dish=993 beam=7 Eval=7 + 5im Aval=112 + 35im sval=8 Jval=2 + 3im
    freq=6 polr=1 time=52785 dish=537 beam=12 Eval=2 - 4im Aval=-93 - 99im sval=8 Jval=-2 + 1im
    freq=10 polr=0 time=12021 dish=781 beam=24 Eval=3 + 1im Aval=42 + 107im sval=8 Jval=0 + 1im
    freq=2 polr=1 time=8288 dish=923 beam=9 Eval=7 - 6im Aval=-126 + 98im sval=11 Jval=0 + 1im
    freq=0 polr=0 time=14236 dish=188 beam=24 Eval=4 + 5im Aval=-102 + 48im sval=9 Jval=-1 - 1im
    freq=15 polr=1 time=17274 dish=136 beam=24 Eval=5 + 7im Aval=86 + 4im sval=8 Jval=2 + 2im
    freq=6 polr=1 time=14627 dish=344 beam=20 Eval=3 - 1im Aval=84 + 36im sval=8 Jval=1 + 0im
    freq=15 polr=1 time=56070 dish=284 beam=2 Eval=-7 + 5im Aval=-21 + 39im sval=7 Jval=0 - 3im
    freq=8 polr=1 time=37499 dish=87 beam=20 Eval=0 + 4im Aval=55 - 57im sval=8 Jval=1 + 1im
    freq=12 polr=1 time=30157 dish=242 beam=18 Eval=3 + 4im Aval=11 - 82im sval=8 Jval=1 - 1im
    freq=2 polr=1 time=16747 dish=463 beam=7 Eval=-7 + 7im Aval=103 + 80im sval=8 Jval=-5 + 1im
    freq=4 polr=0 time=33322 dish=362 beam=11 Eval=-3 - 6im Aval=123 + 50im sval=10 Jval=0 - 1im
    freq=6 polr=1 time=33697 dish=959 beam=13 Eval=0 - 2im Aval=-76 - 83im sval=8 Jval=-1 + 1im
    freq=1 polr=0 time=15947 dish=814 beam=11 Eval=0 - 7im Aval=58 + 27im sval=7 Jval=2 - 3im
    freq=6 polr=1 time=18971 dish=309 beam=18 Eval=-3 + 3im Aval=25 - 45im sval=8 Jval=0 + 1im
    freq=10 polr=1 time=17511 dish=297 beam=9 Eval=4 + 4im Aval=20 - 106im sval=10 Jval=1 + 0im
    freq=10 polr=0 time=11001 dish=264 beam=20 Eval=1 + 7im Aval=-40 - 122im sval=9 Jval=2 - 1im
    freq=11 polr=0 time=10892 dish=168 beam=14 Eval=0 - 5im Aval=82 - 20im sval=8 Jval=0 - 2im
    freq=10 polr=0 time=22734 dish=513 beam=4 Eval=5 - 4im Aval=124 - 120im sval=8 Jval=1 - 4im
    freq=9 polr=0 time=26885 dish=921 beam=28 Eval=6 - 1im Aval=33 - 63im sval=6 Jval=2 - 6im
    freq=6 polr=1 time=1049 dish=128 beam=31 Eval=3 - 4im Aval=-11 - 27im sval=5 Jval=-4 - 1im
    freq=8 polr=0 time=17262 dish=789 beam=7 Eval=5 - 4im Aval=-87 + 112im sval=8 Jval=0 + 4im
    freq=13 polr=0 time=7635 dish=452 beam=1 Eval=2 + 7im Aval=-102 + 37im sval=10 Jval=0 - 1im
    freq=12 polr=1 time=58508 dish=697 beam=28 Eval=7 + 3im Aval=90 + 59im sval=10 Jval=0 + 1im
    freq=1 polr=0 time=60574 dish=352 beam=7 Eval=4 + 4im Aval=-85 + 6im sval=7 Jval=-3 - 2im
    freq=2 polr=0 time=27289 dish=281 beam=9 Eval=-3 + 5im Aval=-68 - 13im sval=9 Jval=1 - 1im
    freq=6 polr=1 time=23001 dish=758 beam=26 Eval=2 + 3im Aval=77 - 111im sval=9 Jval=1 + 0im
    freq=12 polr=0 time=36274 dish=476 beam=13 Eval=-2 - 5im Aval=-18 - 16im sval=8 Jval=0 + 1im
    freq=13 polr=0 time=17089 dish=576 beam=23 Eval=4 + 0im Aval=105 - 21im sval=7 Jval=3 - 1im
    freq=13 polr=1 time=61392 dish=787 beam=1 Eval=1 - 6im Aval=109 + 42im sval=8 Jval=1 - 2im
    freq=15 polr=1 time=8808 dish=384 beam=8 Eval=3 - 1im Aval=-114 - 77im sval=9 Jval=-1 + 0im
    freq=4 polr=1 time=2722 dish=453 beam=14 Eval=-1 - 6im Aval=-3 - 107im sval=9 Jval=-1 + 0im
    freq=9 polr=1 time=32884 dish=742 beam=1 Eval=-5 + 3im Aval=107 + 80im sval=8 Jval=-3 + 0im
    freq=10 polr=1 time=64644 dish=420 beam=16 Eval=-3 + 7im Aval=-31 - 19im sval=5 Jval=7 - 5im
    freq=11 polr=0 time=39218 dish=880 beam=20 Eval=0 + 2im Aval=-27 - 21im sval=5 Jval=2 - 1im
    freq=3 polr=1 time=54900 dish=46 beam=20 Eval=3 - 6im Aval=-6 + 43im sval=8 Jval=1 + 1im
    freq=0 polr=0 time=19004 dish=562 beam=12 Eval=5 + 1im Aval=57 - 48im sval=7 Jval=3 - 1im
    freq=2 polr=1 time=60146 dish=507 beam=31 Eval=3 - 5im Aval=9 - 126im sval=7 Jval=-5 - 3im
    freq=13 polr=1 time=59540 dish=358 beam=27 Eval=-4 + 2im Aval=-44 + 19im sval=7 Jval=1 - 1im
    freq=15 polr=1 time=18442 dish=1003 beam=0 Eval=4 - 6im Aval=13 - 116im sval=7 Jval=-5 - 4im
    freq=11 polr=0 time=52116 dish=401 beam=9 Eval=5 - 6im Aval=-68 - 6im sval=7 Jval=-3 + 3im
    freq=14 polr=0 time=10117 dish=992 beam=26 Eval=-5 + 0im Aval=35 + 21im sval=6 Jval=-3 - 2im
    freq=12 polr=0 time=17890 dish=347 beam=4 Eval=-7 + 3im Aval=-92 - 53im sval=9 Jval=2 + 0im
    freq=7 polr=1 time=46434 dish=763 beam=3 Eval=-5 - 1im Aval=28 + 125im sval=7 Jval=0 - 5im
    freq=9 polr=0 time=23374 dish=493 beam=4 Eval=-5 - 2im Aval=-112 + 68im sval=7 Jval=6 - 1im
    freq=13 polr=0 time=16829 dish=607 beam=29 Eval=6 + 1im Aval=-76 - 15im sval=8 Jval=-2 - 1im
    freq=12 polr=0 time=50135 dish=28 beam=20 Eval=7 - 7im Aval=-109 + 99im sval=11 Jval=0 + 1im
    freq=12 polr=0 time=19469 dish=778 beam=15 Eval=5 + 2im Aval=92 + 39im sval=8 Jval=2 + 2im
    freq=9 polr=1 time=22926 dish=703 beam=2 Eval=2 + 6im Aval=-20 - 74im sval=7 Jval=3 - 2im
    freq=6 polr=1 time=23246 dish=393 beam=18 Eval=-6 - 3im Aval=-122 + 75im sval=8 Jval=4 + 0im
    freq=14 polr=0 time=2117 dish=529 beam=15 Eval=1 + 5im Aval=3 - 87im sval=7 Jval=3 + 0im
    freq=2 polr=0 time=28209 dish=860 beam=23 Eval=1 - 6im Aval=82 + 86im sval=9 Jval=1 - 1im
    freq=8 polr=1 time=58939 dish=18 beam=16 Eval=-7 - 7im Aval=114 + 123im sval=11 Jval=0 - 1im
    freq=1 polr=0 time=62108 dish=964 beam=31 Eval=4 + 6im Aval=-56 - 69im sval=9 Jval=0 - 1im
    freq=15 polr=0 time=8797 dish=955 beam=1 Eval=5 + 4im Aval=-53 + 33im sval=6 Jval=-6 - 1im
    freq=1 polr=0 time=62675 dish=142 beam=8 Eval=-5 - 5im Aval=-29 + 79im sval=7 Jval=4 - 2im
    freq=7 polr=0 time=48991 dish=36 beam=8 Eval=-2 + 1im Aval=-5 - 105im sval=7 Jval=1 + 2im
    freq=13 polr=0 time=29247 dish=985 beam=5 Eval=5 - 5im Aval=-71 + 85im sval=9 Jval=0 + 2im
    freq=9 polr=1 time=12865 dish=513 beam=26 Eval=6 - 2im Aval=61 - 126im sval=7 Jval=1 - 7im
    freq=15 polr=1 time=29054 dish=794 beam=20 Eval=-2 + 1im Aval=62 - 101im sval=6 Jval=0 + 4im
    freq=1 polr=0 time=57015 dish=948 beam=28 Eval=0 + 7im Aval=-60 + 41im sval=8 Jval=-1 - 2im
    freq=8 polr=1 time=25880 dish=387 beam=6 Eval=-5 + 3im Aval=-71 - 46im sval=7 Jval=4 + 0im
    freq=7 polr=1 time=16822 dish=148 beam=11 Eval=-3 + 3im Aval=5 + 85im sval=6 Jval=-4 - 4im
    freq=9 polr=0 time=43021 dish=740 beam=1 Eval=6 - 2im Aval=-12 + 115im sval=8 Jval=1 + 3im
    freq=14 polr=0 time=53901 dish=981 beam=17 Eval=0 - 1im Aval=61 - 50im sval=5 Jval=-1 - 2im
    freq=3 polr=1 time=15604 dish=137 beam=5 Eval=-2 + 2im Aval=93 - 3im sval=6 Jval=-3 + 3im
    freq=13 polr=0 time=61998 dish=898 beam=21 Eval=-2 + 2im Aval=64 - 80im sval=7 Jval=0 + 2im
    freq=12 polr=1 time=45797 dish=1009 beam=30 Eval=4 + 1im Aval=61 - 8im sval=9 Jval=1 + 0im
    freq=3 polr=1 time=24363 dish=280 beam=24 Eval=-2 - 3im Aval=-21 - 126im sval=6 Jval=-5 + 5im
    freq=6 polr=1 time=64087 dish=813 beam=10 Eval=-6 - 4im Aval=95 + 31im sval=10 Jval=0 - 1im
    freq=12 polr=1 time=51336 dish=167 beam=15 Eval=-6 + 5im Aval=-40 + 8im sval=5 Jval=7 - 7im
    freq=12 polr=1 time=24936 dish=41 beam=6 Eval=7 - 1im Aval=86 - 125im sval=7 Jval=4 - 7im
    freq=13 polr=1 time=54860 dish=762 beam=27 Eval=6 + 6im Aval=-69 + 33im sval=7 Jval=-5 - 2im
    freq=2 polr=1 time=2921 dish=646 beam=22 Eval=0 - 1im Aval=-79 - 66im sval=5 Jval=-2 + 3im
    freq=14 polr=0 time=44092 dish=890 beam=27 Eval=-2 + 2im Aval=-91 + 79im sval=7 Jval=0 - 3im
    freq=1 polr=0 time=26547 dish=748 beam=31 Eval=5 + 3im Aval=80 - 46im sval=9 Jval=1 + 0im
    freq=13 polr=1 time=29158 dish=690 beam=19 Eval=-6 + 0im Aval=7 + 91im sval=9 Jval=0 - 1im
    freq=9 polr=1 time=60479 dish=867 beam=20 Eval=6 + 0im Aval=108 + 126im sval=10 Jval=1 + 1im
    freq=2 polr=0 time=29886 dish=929 beam=3 Eval=1 + 6im Aval=76 - 77im sval=8 Jval=2 + 2im
    freq=10 polr=1 time=28239 dish=238 beam=10 Eval=-3 - 1im Aval=-37 + 40im sval=6 Jval=2 - 1im
    freq=12 polr=1 time=52651 dish=450 beam=9 Eval=-1 + 2im Aval=49 + 76im sval=7 Jval=-2 + 0im
    freq=5 polr=1 time=39670 dish=371 beam=17 Eval=-2 + 5im Aval=4 - 27im sval=5 Jval=4 + 3im
    freq=13 polr=1 time=7455 dish=390 beam=24 Eval=-1 - 2im Aval=-83 + 17im sval=8 Jval=0 + 1im
    freq=1 polr=0 time=57000 dish=12 beam=9 Eval=-2 - 5im Aval=40 - 20im sval=8 Jval=-1 - 1im
    freq=1 polr=1 time=56443 dish=14 beam=30 Eval=-7 - 4im Aval=-60 - 46im sval=9 Jval=0 + 1im
    freq=13 polr=0 time=892 dish=790 beam=15 Eval=5 + 6im Aval=-19 - 15im sval=5 Jval=0 - 6im
    freq=15 polr=1 time=46659 dish=829 beam=4 Eval=4 + 1im Aval=121 + 31im sval=7 Jval=4 + 2im
    freq=10 polr=1 time=51259 dish=381 beam=1 Eval=-1 - 7im Aval=102 - 115im sval=9 Jval=-2 - 1im
    freq=10 polr=0 time=36941 dish=256 beam=21 Eval=2 + 0im Aval=-98 + 98im sval=8 Jval=-1 + 1im
    freq=12 polr=1 time=15139 dish=111 beam=6 Eval=-2 + 2im Aval=57 - 53im sval=7 Jval=0 + 2im
    freq=1 polr=0 time=23204 dish=989 beam=29 Eval=-7 - 1im Aval=56 - 9im sval=7 Jval=-3 + 0im
    freq=14 polr=0 time=56490 dish=912 beam=17 Eval=1 + 3im Aval=-26 + 22im sval=5 Jval=-3 - 1im
    freq=3 polr=1 time=18967 dish=172 beam=15 Eval=6 + 3im Aval=-83 - 88im sval=7 Jval=-2 - 6im
    freq=2 polr=0 time=55584 dish=908 beam=10 Eval=3 + 1im Aval=-63 + 52im sval=8 Jval=-1 + 0im
    freq=15 polr=0 time=15173 dish=843 beam=24 Eval=-3 - 3im Aval=110 - 117im sval=7 Jval=-5 + 0im
    freq=14 polr=1 time=58871 dish=38 beam=6 Eval=7 - 5im Aval=16 + 44im sval=8 Jval=1 + 1im
    freq=9 polr=1 time=40508 dish=926 beam=14 Eval=6 + 5im Aval=-79 - 22im sval=10 Jval=0 - 1im
    freq=15 polr=0 time=34434 dish=830 beam=24 Eval=1 - 1im Aval=-92 - 98im sval=7 Jval=-1 + 0im
    freq=10 polr=0 time=54138 dish=839 beam=4 Eval=6 - 6im Aval=-72 - 21im sval=8 Jval=-2 + 1im
    freq=14 polr=1 time=53297 dish=22 beam=28 Eval=6 + 5im Aval=115 - 45im sval=8 Jval=4 + 1im
    freq=9 polr=1 time=45341 dish=794 beam=13 Eval=-7 - 6im Aval=-89 + 13im sval=10 Jval=1 + 0im
    freq=4 polr=1 time=2539 dish=861 beam=18 Eval=4 - 5im Aval=56 + 36im sval=7 Jval=3 - 1im
    freq=0 polr=1 time=63219 dish=526 beam=16 Eval=-3 - 2im Aval=-20 - 126im sval=9 Jval=0 + 1im
    freq=5 polr=1 time=31411 dish=587 beam=7 Eval=-1 - 5im Aval=-118 + 89im sval=8 Jval=2 + 2im
    freq=5 polr=0 time=29695 dish=965 beam=30 Eval=-3 + 2im Aval=105 + 11im sval=7 Jval=-3 + 1im
    freq=12 polr=0 time=52018 dish=521 beam=13 Eval=5 + 7im Aval=3 - 35im sval=8 Jval=1 - 1im
    freq=1 polr=1 time=13036 dish=249 beam=10 Eval=5 + 6im Aval=34 + 71im sval=9 Jval=0 + 1im
    freq=12 polr=0 time=28166 dish=929 beam=6 Eval=1 - 5im Aval=-119 + 48im sval=10 Jval=0 + 1im
    freq=7 polr=1 time=25325 dish=34 beam=29 Eval=-6 + 6im Aval=79 + 109im sval=10 Jval=-1 + 0im
    freq=3 polr=1 time=47700 dish=811 beam=15 Eval=-6 + 2im Aval=98 + 67im sval=7 Jval=-6 - 2im
    freq=11 polr=1 time=33649 dish=612 beam=17 Eval=7 + 4im Aval=97 - 112im sval=11 Jval=1 + 0im
    freq=1 polr=0 time=52232 dish=197 beam=31 Eval=0 - 5im Aval=1 + 56im sval=9 Jval=1 + 0im
    freq=5 polr=1 time=62424 dish=379 beam=24 Eval=1 - 7im Aval=62 + 87im sval=7 Jval=5 - 3im
    freq=9 polr=1 time=63789 dish=955 beam=1 Eval=3 - 7im Aval=12 + 99im sval=8 Jval=3 + 1im
    freq=5 polr=0 time=25950 dish=169 beam=16 Eval=-3 + 4im Aval=-97 - 19im sval=6 Jval=6 - 5im
    freq=10 polr=1 time=29829 dish=765 beam=27 Eval=-2 - 7im Aval=36 - 84im sval=7 Jval=-5 - 1im
    freq=14 polr=1 time=5807 dish=604 beam=15 Eval=-4 - 3im Aval=-53 - 93im sval=7 Jval=0 + 4im
    freq=2 polr=0 time=2094 dish=1004 beam=15 Eval=-1 - 4im Aval=70 + 30im sval=8 Jval=0 - 1im
    freq=0 polr=1 time=41168 dish=805 beam=11 Eval=3 - 4im Aval=-10 - 31im sval=8 Jval=-1 + 0im
    freq=15 polr=0 time=10416 dish=373 beam=19 Eval=-4 + 3im Aval=-20 - 54im sval=8 Jval=1 + 1im
    freq=1 polr=0 time=10650 dish=580 beam=7 Eval=-5 - 7im Aval=-30 + 10im sval=7 Jval=2 + 1im
    freq=7 polr=0 time=52541 dish=425 beam=24 Eval=2 + 2im Aval=-27 + 27im sval=7 Jval=-1 + 0im
    freq=6 polr=0 time=50298 dish=552 beam=22 Eval=2 + 7im Aval=-94 + 14im sval=7 Jval=-2 - 5im
    freq=14 polr=1 time=33470 dish=473 beam=15 Eval=1 - 7im Aval=-61 - 33im sval=7 Jval=-2 + 3im
    freq=2 polr=0 time=919 dish=588 beam=31 Eval=0 - 7im Aval=-32 - 118im sval=7 Jval=-6 + 2im
    freq=1 polr=0 time=40853 dish=449 beam=29 Eval=2 + 0im Aval=88 + 86im sval=7 Jval=1 + 1im
    freq=3 polr=1 time=29773 dish=414 beam=21 Eval=6 + 1im Aval=98 + 80im sval=7 Jval=4 + 5im
    freq=14 polr=0 time=50780 dish=53 beam=19 Eval=3 - 7im Aval=-49 + 107im sval=9 Jval=1 + 1im
    freq=6 polr=1 time=56033 dish=761 beam=8 Eval=-3 + 4im Aval=22 - 66im sval=9 Jval=0 + 1im
    freq=8 polr=0 time=46489 dish=159 beam=28 Eval=4 + 7im Aval=98 - 96im sval=11 Jval=1 + 0im
    freq=10 polr=1 time=46992 dish=663 beam=3 Eval=5 + 3im Aval=49 - 33im sval=8 Jval=1 + 0im
    freq=15 polr=1 time=32917 dish=619 beam=14 Eval=5 - 4im Aval=0 + 113im sval=9 Jval=1 + 1im
    freq=14 polr=1 time=44762 dish=455 beam=6 Eval=-4 + 3im Aval=96 + 89im sval=8 Jval=-3 + 0im
    freq=15 polr=0 time=61667 dish=407 beam=18 Eval=-1 - 2im Aval=-20 + 0im sval=5 Jval=1 + 2im
    freq=14 polr=0 time=20842 dish=748 beam=0 Eval=5 + 5im Aval=29 + 31im sval=8 Jval=0 + 1im
    freq=1 polr=0 time=56122 dish=548 beam=9 Eval=-4 + 5im Aval=-59 + 84im sval=8 Jval=-1 - 2im
    freq=0 polr=0 time=38338 dish=740 beam=12 Eval=5 + 0im Aval=26 + 35im sval=7 Jval=1 + 1im
    freq=12 polr=1 time=45278 dish=222 beam=8 Eval=-2 + 1im Aval=32 - 79im sval=5 Jval=1 + 6im
    freq=6 polr=1 time=17821 dish=640 beam=12 Eval=-5 - 1im Aval=-117 + 59im sval=8 Jval=3 - 1im
    freq=8 polr=0 time=59685 dish=596 beam=4 Eval=4 + 3im Aval=88 - 57im sval=9 Jval=1 + 0im
    freq=0 polr=0 time=40913 dish=250 beam=24 Eval=5 - 1im Aval=64 - 3im sval=9 Jval=1 + 0im
    freq=4 polr=0 time=39380 dish=174 beam=5 Eval=-2 + 7im Aval=-4 + 100im sval=7 Jval=-5 - 2im
    freq=0 polr=0 time=33509 dish=707 beam=12 Eval=-3 + 6im Aval=-35 + 13im sval=7 Jval=0 - 2im
    freq=11 polr=1 time=58310 dish=991 beam=26 Eval=7 - 5im Aval=-32 + 119im sval=9 Jval=1 + 2im
    freq=14 polr=0 time=63200 dish=694 beam=30 Eval=-3 + 5im Aval=-126 + 24im sval=9 Jval=1 - 1im
    freq=9 polr=1 time=58546 dish=436 beam=20 Eval=6 - 7im Aval=27 + 94im sval=10 Jval=1 + 0im
    freq=13 polr=0 time=45610 dish=560 beam=0 Eval=5 + 0im Aval=-83 + 114im sval=10 Jval=0 + 1im
    freq=1 polr=1 time=23088 dish=634 beam=30 Eval=-3 - 2im Aval=-28 + 112im sval=9 Jval=1 - 1im
    freq=9 polr=0 time=49021 dish=788 beam=2 Eval=1 + 4im Aval=-97 - 100im sval=9 Jval=1 - 1im
    freq=4 polr=1 time=7508 dish=315 beam=27 Eval=7 - 1im Aval=80 + 48im sval=7 Jval=5 + 2im
    freq=4 polr=0 time=31071 dish=165 beam=3 Eval=0 - 5im Aval=55 - 113im sval=10 Jval=-1 + 0im
    freq=3 polr=1 time=30304 dish=684 beam=14 Eval=-6 + 1im Aval=-22 + 22im sval=8 Jval=0 - 1im
    freq=15 polr=0 time=6373 dish=468 beam=19 Eval=1 - 3im Aval=57 + 71im sval=8 Jval=1 + 0im
    freq=4 polr=1 time=41951 dish=638 beam=27 Eval=-3 - 3im Aval=-64 + 96im sval=7 Jval=4 - 1im
    freq=12 polr=1 time=41517 dish=215 beam=27 Eval=2 + 1im Aval=-97 - 81im sval=6 Jval=-2 - 4im
    freq=7 polr=0 time=9163 dish=297 beam=15 Eval=7 + 7im Aval=-80 + 53im sval=9 Jval=-2 + 0im
    freq=7 polr=0 time=26199 dish=356 beam=31 Eval=-7 - 4im Aval=-126 - 117im sval=11 Jval=0 + 1im
    freq=2 polr=1 time=51616 dish=944 beam=13 Eval=-7 + 0im Aval=119 + 71im sval=7 Jval=-6 - 4im
    freq=0 polr=0 time=52851 dish=859 beam=5 Eval=2 - 4im Aval=-58 - 10im sval=6 Jval=-2 + 3im
    freq=14 polr=0 time=39524 dish=236 beam=18 Eval=-1 + 0im Aval=-20 - 75im sval=5 Jval=1 + 3im
    freq=15 polr=0 time=47409 dish=82 beam=6 Eval=1 - 5im Aval=-49 - 82im sval=6 Jval=-7 + 3im
    freq=4 polr=1 time=53286 dish=348 beam=12 Eval=1 + 1im Aval=69 + 56im sval=7 Jval=0 + 1im
    freq=1 polr=1 time=3972 dish=369 beam=16 Eval=1 + 5im Aval=-28 - 49im sval=8 Jval=1 - 1im
    freq=11 polr=0 time=63746 dish=333 beam=7 Eval=-2 - 5im Aval=71 - 24im sval=7 Jval=-2 - 2im
    freq=2 polr=0 time=21360 dish=163 beam=29 Eval=0 + 5im Aval=-36 + 6im sval=6 Jval=0 - 3im
    freq=8 polr=1 time=42826 dish=276 beam=13 Eval=5 + 0im Aval=-15 + 101im sval=10 Jval=0 + 1im
    freq=4 polr=1 time=10260 dish=1022 beam=22 Eval=1 + 4im Aval=-96 + 47im sval=9 Jval=-1 - 1im
    freq=4 polr=1 time=4698 dish=410 beam=12 Eval=-4 - 3im Aval=-33 + 43im sval=7 Jval=2 - 1im
    freq=9 polr=0 time=22124 dish=563 beam=5 Eval=-3 + 2im Aval=54 - 94im sval=9 Jval=0 + 1im
    freq=11 polr=1 time=41757 dish=74 beam=24 Eval=3 + 3im Aval=55 - 53im sval=6 Jval=5 + 0im
    freq=14 polr=0 time=45048 dish=900 beam=8 Eval=0 - 4im Aval=-70 - 92im sval=9 Jval=-1 + 1im
    freq=7 polr=0 time=60916 dish=938 beam=15 Eval=5 + 1im Aval=23 - 89im sval=9 Jval=0 - 1im
    freq=13 polr=1 time=41146 dish=12 beam=7 Eval=-1 - 4im Aval=-88 - 107im sval=6 Jval=-5 + 7im
    freq=9 polr=1 time=30315 dish=772 beam=30 Eval=-7 + 0im Aval=-103 - 71im sval=7 Jval=6 + 4im
    freq=11 polr=1 time=64000 dish=198 beam=24 Eval=2 - 1im Aval=-3 + 56im sval=6 Jval=1 + 2im
    freq=11 polr=0 time=53109 dish=649 beam=31 Eval=-5 - 6im Aval=-103 + 41im sval=8 Jval=3 + 2im
    freq=0 polr=0 time=7564 dish=79 beam=13 Eval=5 + 4im Aval=42 - 17im sval=8 Jval=1 + 0im
    freq=1 polr=1 time=4071 dish=122 beam=6 Eval=0 - 3im Aval=-125 - 125im sval=6 Jval=-6 + 6im
    freq=3 polr=1 time=51554 dish=771 beam=7 Eval=5 + 6im Aval=5 + 10im sval=7 Jval=0 + 1im
    freq=5 polr=0 time=13650 dish=127 beam=13 Eval=7 + 1im Aval=-43 + 72im sval=7 Jval=-3 + 4im
    freq=11 polr=1 time=52182 dish=180 beam=24 Eval=-7 - 2im Aval=-7 + 29im sval=6 Jval=2 - 3im
    freq=6 polr=1 time=37294 dish=231 beam=13 Eval=0 + 5im Aval=11 + 83im sval=8 Jval=-2 + 0im
    freq=0 polr=1 time=14238 dish=762 beam=2 Eval=1 - 4im Aval=86 + 33im sval=6 Jval=4 - 5im
    freq=11 polr=0 time=25120 dish=925 beam=16 Eval=7 + 1im Aval=-124 - 31im sval=7 Jval=-6 - 3im
    freq=12 polr=0 time=58214 dish=237 beam=27 Eval=2 - 1im Aval=26 + 83im sval=5 Jval=4 + 5im
    freq=11 polr=0 time=54201 dish=689 beam=24 Eval=-2 - 4im Aval=-92 + 23im sval=9 Jval=1 + 1im
    freq=15 polr=0 time=53351 dish=587 beam=31 Eval=-7 + 3im Aval=96 + 50im sval=7 Jval=-6 + 0im
    freq=9 polr=0 time=37184 dish=663 beam=16 Eval=1 - 5im Aval=-63 + 80im sval=9 Jval=1 + 1im
    freq=2 polr=1 time=18853 dish=616 beam=17 Eval=-4 - 1im Aval=121 + 20im sval=9 Jval=-1 + 0im
    freq=13 polr=1 time=57236 dish=154 beam=1 Eval=7 + 4im Aval=33 + 109im sval=8 Jval=-1 + 4im
    freq=14 polr=0 time=53663 dish=702 beam=10 Eval=-7 - 5im Aval=-123 + 88im sval=8 Jval=5 + 0im
    freq=11 polr=0 time=22483 dish=892 beam=7 Eval=-7 + 4im Aval=-86 - 45im sval=7 Jval=6 + 0im
    freq=1 polr=0 time=39028 dish=516 beam=10 Eval=-2 + 6im Aval=-98 - 124im sval=10 Jval=1 + 0im
    freq=14 polr=0 time=1652 dish=853 beam=10 Eval=0 - 7im Aval=-33 + 92im sval=8 Jval=3 + 1im
    freq=12 polr=0 time=1709 dish=756 beam=29 Eval=2 - 4im Aval=-125 - 31im sval=6 Jval=-6 + 7im
    freq=3 polr=1 time=58261 dish=365 beam=3 Eval=-5 - 5im Aval=-100 - 112im sval=11 Jval=0 + 1im
    freq=14 polr=1 time=31090 dish=42 beam=26 Eval=7 - 5im Aval=-81 + 96im sval=9 Jval=0 + 2im
    freq=7 polr=1 time=37147 dish=926 beam=7 Eval=6 + 2im Aval=62 + 95im sval=7 Jval=1 + 5im
    freq=7 polr=1 time=1179 dish=192 beam=23 Eval=-5 - 5im Aval=123 + 80im sval=10 Jval=0 - 1im
    freq=5 polr=1 time=4522 dish=681 beam=24 Eval=-1 - 5im Aval=-111 + 75im sval=7 Jval=4 + 4im
    freq=9 polr=0 time=4925 dish=582 beam=2 Eval=7 + 5im Aval=49 + 96im sval=9 Jval=0 + 2im
    freq=2 polr=0 time=52195 dish=87 beam=24 Eval=0 + 2im Aval=-107 + 38im sval=5 Jval=-2 - 6im
    freq=3 polr=1 time=35274 dish=74 beam=1 Eval=-7 + 4im Aval=6 - 69im sval=7 Jval=2 + 4im
    freq=1 polr=1 time=7677 dish=25 beam=30 Eval=-7 + 1im Aval=104 + 83im sval=9 Jval=-2 - 1im
    freq=0 polr=1 time=24549 dish=454 beam=14 Eval=-2 + 4im Aval=-44 + 33im sval=5 Jval=-1 - 7im
    freq=4 polr=1 time=28344 dish=818 beam=30 Eval=-2 + 2im Aval=-61 - 83im sval=6 Jval=5 + 1im
    freq=13 polr=1 time=57004 dish=265 beam=24 Eval=7 + 7im Aval=-92 + 4im sval=8 Jval=-3 - 2im
    freq=4 polr=1 time=47931 dish=919 beam=15 Eval=-4 - 4im Aval=-21 - 68im sval=6 Jval=-3 + 6im
    freq=3 polr=0 time=20917 dish=972 beam=10 Eval=2 + 5im Aval=12 - 80im sval=6 Jval=7 - 1im
    freq=12 polr=0 time=16569 dish=517 beam=10 Eval=-4 - 2im Aval=111 - 65im sval=9 Jval=-1 + 0im
    freq=13 polr=1 time=11758 dish=807 beam=15 Eval=7 - 7im Aval=-100 - 125im sval=11 Jval=-1 + 0im
    freq=3 polr=1 time=13364 dish=568 beam=19 Eval=4 - 6im Aval=51 - 114im sval=8 Jval=-2 - 3im
    freq=6 polr=1 time=59642 dish=326 beam=15 Eval=6 + 1im Aval=17 - 118im sval=8 Jval=1 - 3im
    freq=5 polr=0 time=21174 dish=4 beam=7 Eval=-2 + 7im Aval=45 + 94im sval=10 Jval=-1 + 0im
    freq=11 polr=0 time=23129 dish=147 beam=13 Eval=7 + 4im Aval=-121 + 9im sval=9 Jval=-2 - 1im
    freq=1 polr=0 time=40563 dish=742 beam=29 Eval=-7 + 1im Aval=-61 - 7im sval=7 Jval=3 + 0im
    freq=1 polr=0 time=23785 dish=62 beam=11 Eval=-1 - 6im Aval=-53 - 69im sval=7 Jval=-3 + 3im
    freq=1 polr=1 time=19308 dish=116 beam=7 Eval=2 + 2im Aval=-118 + 110im sval=7 Jval=-3 + 0im
    freq=13 polr=0 time=60392 dish=213 beam=7 Eval=-5 + 1im Aval=120 - 91im sval=10 Jval=0 + 1im
    freq=10 polr=0 time=36349 dish=267 beam=26 Eval=3 + 0im Aval=44 - 117im sval=6 Jval=2 - 5im
    freq=2 polr=1 time=42550 dish=767 beam=20 Eval=-1 + 5im Aval=-49 + 117im sval=8 Jval=-2 - 1im
    freq=7 polr=1 time=63280 dish=833 beam=19 Eval=-7 + 4im Aval=-58 - 90im sval=8 Jval=3 + 2im
    freq=12 polr=0 time=29438 dish=862 beam=13 Eval=-3 + 3im Aval=-78 + 19im sval=8 Jval=1 - 1im
    freq=6 polr=1 time=50612 dish=973 beam=28 Eval=0 - 1im Aval=-69 - 96im sval=7 Jval=-1 + 1im
    freq=14 polr=1 time=24693 dish=571 beam=19 Eval=4 - 1im Aval=-17 + 98im sval=8 Jval=0 + 2im
    freq=8 polr=0 time=51155 dish=838 beam=2 Eval=-3 + 6im Aval=-45 + 78im sval=7 Jval=-3 - 4im
    freq=10 polr=1 time=15401 dish=132 beam=5 Eval=5 + 2im Aval=36 + 50im sval=6 Jval=1 + 5im
    freq=10 polr=1 time=40026 dish=831 beam=3 Eval=0 - 2im Aval=82 - 90im sval=8 Jval=-1 - 1im
    freq=2 polr=0 time=46202 dish=411 beam=10 Eval=3 - 4im Aval=-110 + 105im sval=8 Jval=0 + 3im
    freq=2 polr=1 time=49815 dish=259 beam=2 Eval=4 - 2im Aval=18 + 82im sval=6 Jval=4 + 5im
    freq=5 polr=1 time=63968 dish=662 beam=30 Eval=4 + 7im Aval=-125 - 82im sval=11 Jval=0 - 1im
    freq=7 polr=0 time=61595 dish=605 beam=7 Eval=3 - 3im Aval=-35 + 50im sval=6 Jval=1 + 4im
    freq=6 polr=0 time=15953 dish=28 beam=30 Eval=5 + 4im Aval=13 - 23im sval=5 Jval=5 - 2im
    freq=9 polr=0 time=37648 dish=511 beam=5 Eval=-5 - 1im Aval=126 - 43im sval=9 Jval=-1 + 0im
    freq=15 polr=1 time=44070 dish=95 beam=0 Eval=-1 - 7im Aval=-113 - 90im sval=7 Jval=-4 + 7im
    freq=6 polr=1 time=15448 dish=315 beam=8 Eval=-6 + 2im Aval=-97 + 27im sval=9 Jval=1 - 1im
    freq=2 polr=1 time=1991 dish=499 beam=12 Eval=-7 + 3im Aval=9 - 61im sval=6 Jval=2 + 7im
    freq=11 polr=0 time=28612 dish=16 beam=9 Eval=-5 - 1im Aval=-37 + 25im sval=7 Jval=2 - 1im
    freq=7 polr=0 time=30486 dish=949 beam=9 Eval=5 - 3im Aval=-2 - 92im sval=9 Jval=-1 - 1im
    freq=7 polr=0 time=28659 dish=592 beam=23 Eval=-2 - 4im Aval=-44 + 71im sval=8 Jval=1 + 0im
    freq=10 polr=1 time=14746 dish=756 beam=23 Eval=3 - 7im Aval=103 + 99im sval=10 Jval=1 + 0im
    freq=10 polr=0 time=60712 dish=504 beam=1 Eval=-2 + 4im Aval=31 - 53im sval=6 Jval=2 + 4im
    freq=3 polr=1 time=54148 dish=875 beam=29 Eval=2 + 2im Aval=-83 + 47im sval=7 Jval=-2 + 0im
    freq=8 polr=0 time=28545 dish=866 beam=16 Eval=-6 - 3im Aval=-12 + 52im sval=9 Jval=0 - 1im
    freq=14 polr=0 time=61113 dish=474 beam=1 Eval=1 - 3im Aval=-97 + 18im sval=6 Jval=-1 + 5im
    freq=7 polr=1 time=4646 dish=652 beam=24 Eval=7 + 0im Aval=-65 - 101im sval=10 Jval=0 - 1im
    freq=1 polr=1 time=54775 dish=819 beam=16 Eval=4 + 3im Aval=-104 - 53im sval=8 Jval=-1 - 2im
    freq=0 polr=1 time=18794 dish=522 beam=1 Eval=2 + 6im Aval=44 - 1im sval=8 Jval=0 + 1im
    freq=5 polr=0 time=60580 dish=704 beam=8 Eval=-7 + 4im Aval=70 - 19im sval=9 Jval=-1 + 1im
    freq=12 polr=1 time=17149 dish=841 beam=6 Eval=-7 + 2im Aval=-18 + 20im sval=7 Jval=1 - 1im
    freq=14 polr=1 time=54759 dish=486 beam=21 Eval=-3 - 7im Aval=-19 + 43im sval=8 Jval=1 + 0im
    freq=1 polr=0 time=63220 dish=270 beam=17 Eval=-5 - 3im Aval=-113 + 126im sval=8 Jval=4 - 1im
    freq=9 polr=1 time=50771 dish=571 beam=1 Eval=6 + 3im Aval=78 + 1im sval=8 Jval=2 + 1im
    freq=4 polr=0 time=63089 dish=473 beam=9 Eval=-2 - 1im Aval=-29 - 82im sval=6 Jval=0 + 3im
    freq=7 polr=1 time=14568 dish=320 beam=19 Eval=2 - 7im Aval=-51 + 104im sval=8 Jval=2 + 2im
    freq=15 polr=0 time=38524 dish=184 beam=1 Eval=-3 - 2im Aval=-73 - 18im sval=6 Jval=3 + 3im
    freq=8 polr=1 time=65213 dish=730 beam=5 Eval=-4 + 2im Aval=-27 + 67im sval=6 Jval=0 - 5im
    freq=1 polr=1 time=57251 dish=510 beam=7 Eval=-4 - 5im Aval=45 + 25im sval=7 Jval=0 - 2im
    freq=8 polr=0 time=16783 dish=107 beam=25 Eval=2 - 7im Aval=84 + 49im sval=9 Jval=1 - 1im
    freq=11 polr=0 time=31306 dish=903 beam=30 Eval=-7 - 7im Aval=-106 - 44im sval=11 Jval=0 + 1im
    freq=11 polr=1 time=59149 dish=673 beam=2 Eval=7 + 0im Aval=46 + 49im sval=9 Jval=1 + 1im
    freq=10 polr=0 time=38378 dish=234 beam=5 Eval=4 - 5im Aval=25 + 33im sval=7 Jval=2 + 0im
    freq=11 polr=1 time=4561 dish=298 beam=29 Eval=7 - 1im Aval=-57 - 123im sval=9 Jval=-1 - 2im
    freq=5 polr=1 time=17637 dish=93 beam=22 Eval=5 - 5im Aval=34 + 100im sval=7 Jval=5 + 3im
    freq=14 polr=1 time=18403 dish=737 beam=18 Eval=-5 - 4im Aval=-94 + 127im sval=8 Jval=4 - 1im
    freq=1 polr=0 time=58321 dish=418 beam=5 Eval=-3 + 2im Aval=116 + 43im sval=8 Jval=-2 + 0im
    freq=4 polr=1 time=19349 dish=345 beam=15 Eval=-4 + 4im Aval=-43 - 31im sval=6 Jval=5 - 1im
    freq=6 polr=1 time=10418 dish=69 beam=10 Eval=4 - 5im Aval=99 + 111im sval=10 Jval=1 + 0im
    freq=13 polr=0 time=60000 dish=109 beam=31 Eval=-1 + 2im Aval=-74 + 89im sval=7 Jval=-1 - 2im
    freq=7 polr=1 time=28685 dish=450 beam=5 Eval=0 - 2im Aval=90 + 67im sval=7 Jval=1 - 1im
    freq=5 polr=0 time=52008 dish=173 beam=24 Eval=6 + 6im Aval=-78 - 8im sval=8 Jval=-2 - 2im
    freq=7 polr=1 time=60502 dish=557 beam=5 Eval=3 - 1im Aval=-67 - 99im sval=7 Jval=-2 - 2im
    freq=15 polr=1 time=41597 dish=850 beam=30 Eval=3 + 4im Aval=-104 + 39im sval=8 Jval=-2 - 1im
    freq=2 polr=1 time=26101 dish=542 beam=13 Eval=1 - 5im Aval=36 - 22im sval=7 Jval=-1 - 2im
    freq=11 polr=0 time=16169 dish=157 beam=19 Eval=-4 + 2im Aval=-43 + 122im sval=7 Jval=0 - 4im
    freq=15 polr=1 time=23515 dish=616 beam=4 Eval=2 + 1im Aval=59 - 60im sval=7 Jval=1 + 0im
    freq=5 polr=1 time=6788 dish=99 beam=5 Eval=-5 - 4im Aval=-20 - 10im sval=8 Jval=0 + 1im
    freq=15 polr=0 time=58302 dish=1 beam=1 Eval=3 + 3im Aval=1 + 39im sval=6 Jval=-2 + 2im
    freq=0 polr=0 time=57838 dish=428 beam=1 Eval=0 - 2im Aval=30 - 102im sval=5 Jval=-6 - 2im
    freq=13 polr=1 time=43858 dish=666 beam=19 Eval=-4 - 1im Aval=46 + 67im sval=9 Jval=0 - 1im
    freq=14 polr=0 time=19387 dish=627 beam=27 Eval=1 + 7im Aval=12 - 19im sval=7 Jval=1 + 1im
    freq=12 polr=1 time=44409 dish=251 beam=30 Eval=-6 - 4im Aval=-77 + 92im sval=9 Jval=2 + 0im
    freq=11 polr=1 time=33768 dish=78 beam=18 Eval=6 + 2im Aval=-11 + 118im sval=9 Jval=-1 + 1im
    freq=14 polr=1 time=33413 dish=129 beam=31 Eval=-1 - 7im Aval=-57 + 22im sval=8 Jval=1 + 2im
    freq=15 polr=0 time=65422 dish=336 beam=10 Eval=2 - 2im Aval=123 - 22im sval=6 Jval=3 - 4im
    freq=11 polr=1 time=49433 dish=360 beam=18 Eval=-4 - 4im Aval=-114 + 100im sval=9 Jval=2 + 0im
    freq=15 polr=0 time=25954 dish=566 beam=0 Eval=2 - 2im Aval=13 - 89im sval=8 Jval=-1 - 1im
    freq=8 polr=0 time=28228 dish=817 beam=8 Eval=4 - 4im Aval=-115 - 22im sval=10 Jval=-1 + 0im
    freq=1 polr=0 time=11475 dish=258 beam=9 Eval=-3 + 3im Aval=30 - 92im sval=8 Jval=1 + 1im
    freq=9 polr=0 time=8672 dish=36 beam=20 Eval=0 + 3im Aval=32 - 52im sval=5 Jval=5 + 3im
    freq=14 polr=1 time=8979 dish=699 beam=23 Eval=-4 + 6im Aval=-3 - 46im sval=7 Jval=2 + 1im
    freq=8 polr=0 time=63709 dish=498 beam=4 Eval=5 - 3im Aval=-59 + 95im sval=9 Jval=0 + 1im
    freq=5 polr=0 time=10454 dish=402 beam=13 Eval=5 + 3im Aval=-20 - 122im sval=7 Jval=2 - 5im
    freq=5 polr=0 time=8650 dish=375 beam=17 Eval=6 + 1im Aval=-65 - 119im sval=7 Jval=-2 - 6im
    freq=5 polr=1 time=12863 dish=402 beam=29 Eval=-7 + 7im Aval=-106 - 95im sval=8 Jval=6 + 0im
    freq=15 polr=0 time=21673 dish=640 beam=30 Eval=7 - 3im Aval=-2 + 17im sval=8 Jval=0 + 1im
    freq=10 polr=1 time=57785 dish=102 beam=3 Eval=4 - 1im Aval=26 + 58im sval=8 Jval=1 + 1im
    freq=13 polr=0 time=28099 dish=342 beam=19 Eval=-6 + 0im Aval=-98 + 28im sval=10 Jval=1 + 0im
    freq=4 polr=1 time=25908 dish=555 beam=26 Eval=-2 - 6im Aval=-95 + 102im sval=7 Jval=6 + 3im
    freq=3 polr=1 time=43856 dish=496 beam=7 Eval=-5 - 2im Aval=-122 + 51im sval=7 Jval=6 + 0im
    freq=14 polr=1 time=780 dish=118 beam=6 Eval=-6 + 2im Aval=89 - 30im sval=8 Jval=-2 + 1im
    freq=1 polr=0 time=10288 dish=866 beam=18 Eval=5 + 1im Aval=55 + 21im sval=9 Jval=1 + 0im
    freq=4 polr=1 time=2431 dish=130 beam=26 Eval=6 + 0im Aval=-14 + 107im sval=7 Jval=-1 + 5im
    freq=2 polr=1 time=17970 dish=260 beam=2 Eval=3 - 6im Aval=35 + 43im sval=6 Jval=6 - 1im
    freq=5 polr=1 time=61015 dish=389 beam=5 Eval=-1 - 5im Aval=-89 + 51im sval=8 Jval=1 + 2im
    freq=2 polr=1 time=34876 dish=1000 beam=21 Eval=0 + 3im Aval=-59 - 13im sval=5 Jval=1 - 5im
    freq=15 polr=0 time=25183 dish=628 beam=6 Eval=-6 + 7im Aval=15 + 45im sval=6 Jval=-6 - 2im
    freq=0 polr=1 time=6878 dish=608 beam=26 Eval=6 - 5im Aval=-32 + 0im sval=5 Jval=-6 + 5im
    freq=1 polr=1 time=34569 dish=501 beam=3 Eval=3 + 1im Aval=-10 + 32im sval=5 Jval=-2 + 3im
    freq=8 polr=1 time=61213 dish=941 beam=3 Eval=4 + 4im Aval=-33 + 2im sval=8 Jval=-1 + 0im
    freq=13 polr=1 time=1727 dish=454 beam=23 Eval=2 + 4im Aval=-71 - 56im sval=8 Jval=0 - 2im
    freq=15 polr=0 time=4709 dish=173 beam=31 Eval=-1 - 2im Aval=19 - 42im sval=7 Jval=-1 + 0im
    freq=9 polr=1 time=26290 dish=620 beam=30 Eval=-3 + 4im Aval=70 - 64im sval=7 Jval=0 + 4im
    freq=12 polr=0 time=61672 dish=951 beam=29 Eval=-6 + 6im Aval=60 - 11im sval=6 Jval=-4 + 7im
    freq=9 polr=0 time=38869 dish=502 beam=7 Eval=-7 - 6im Aval=-63 + 102im sval=11 Jval=1 + 0im
    freq=3 polr=0 time=13927 dish=616 beam=5 Eval=-2 + 4im Aval=-92 + 22im sval=7 Jval=1 - 3im
    freq=3 polr=1 time=28463 dish=9 beam=21 Eval=-7 - 1im Aval=-29 - 50im sval=7 Jval=1 + 3im
    freq=9 polr=0 time=57116 dish=495 beam=12 Eval=6 - 3im Aval=-11 - 57im sval=7 Jval=-2 - 2im
    freq=15 polr=1 time=2016 dish=216 beam=24 Eval=-5 + 3im Aval=102 - 126im sval=8 Jval=0 + 4im
    freq=14 polr=1 time=28807 dish=407 beam=1 Eval=-5 - 3im Aval=-2 + 127im sval=10 Jval=0 - 1im
    freq=13 polr=1 time=6770 dish=420 beam=30 Eval=-2 - 3im Aval=-14 - 53im sval=5 Jval=-4 + 5im
    freq=5 polr=1 time=45117 dish=838 beam=18 Eval=-4 + 3im Aval=-66 - 118im sval=8 Jval=2 + 1im
    freq=0 polr=0 time=30805 dish=199 beam=31 Eval=-2 - 5im Aval=-33 + 46im sval=6 Jval=5 + 1im
    freq=8 polr=0 time=64660 dish=205 beam=0 Eval=-2 + 0im Aval=36 - 115im sval=7 Jval=0 + 2im
    freq=3 polr=1 time=23489 dish=0 beam=18 Eval=-1 + 3im Aval=15 + 107im sval=7 Jval=-3 + 0im
    freq=12 polr=1 time=9393 dish=519 beam=26 Eval=-5 + 6im Aval=87 - 26im sval=8 Jval=-1 + 3im
    freq=7 polr=0 time=47956 dish=307 beam=8 Eval=2 + 1im Aval=-74 - 86im sval=7 Jval=0 - 2im
    freq=8 polr=0 time=332 dish=34 beam=29 Eval=5 - 6im Aval=66 - 37im sval=8 Jval=0 - 2im
    freq=6 polr=0 time=60246 dish=756 beam=12 Eval=0 + 4im Aval=87 - 24im sval=9 Jval=0 + 1im
    freq=1 polr=1 time=2032 dish=470 beam=7 Eval=-1 - 4im Aval=59 - 31im sval=7 Jval=-1 - 2im
    freq=14 polr=0 time=2304 dish=860 beam=20 Eval=1 + 1im Aval=55 - 83im sval=7 Jval=1 + 0im
    freq=13 polr=1 time=29504 dish=595 beam=24 Eval=5 + 2im Aval=-89 + 59im sval=8 Jval=-2 + 0im
    freq=10 polr=1 time=15985 dish=1014 beam=13 Eval=1 - 6im Aval=80 - 87im sval=7 Jval=-3 - 4im
    freq=11 polr=0 time=30985 dish=276 beam=31 Eval=-7 + 2im Aval=3 + 41im sval=8 Jval=0 - 1im
    freq=3 polr=0 time=1866 dish=822 beam=10 Eval=-3 + 0im Aval=110 + 86im sval=6 Jval=-5 - 4im
    freq=1 polr=1 time=802 dish=881 beam=24 Eval=1 + 0im Aval=-61 - 103im sval=6 Jval=-1 - 1im
    freq=13 polr=0 time=58299 dish=855 beam=18 Eval=6 - 1im Aval=14 - 66im sval=8 Jval=0 - 2im
    freq=14 polr=1 time=64646 dish=869 beam=28 Eval=6 - 3im Aval=-30 + 29im sval=8 Jval=0 + 1im
    freq=14 polr=1 time=417 dish=1013 beam=18 Eval=-3 + 0im Aval=67 - 85im sval=8 Jval=-1 + 1im
    freq=10 polr=0 time=34230 dish=611 beam=6 Eval=-1 - 4im Aval=-6 + 53im sval=8 Jval=1 + 0im
    freq=3 polr=1 time=59722 dish=350 beam=18 Eval=3 + 5im Aval=4 - 90im sval=7 Jval=4 - 2im
    freq=1 polr=1 time=14870 dish=758 beam=1 Eval=-6 - 5im Aval=76 + 8im sval=9 Jval=-1 - 1im
    freq=12 polr=1 time=50784 dish=896 beam=19 Eval=4 - 3im Aval=41 - 76im sval=9 Jval=0 - 1im
    freq=15 polr=1 time=20793 dish=293 beam=18 Eval=5 - 5im Aval=47 + 51im sval=8 Jval=2 + 0im
    freq=7 polr=1 time=53579 dish=93 beam=3 Eval=0 - 6im Aval=-118 + 32im sval=7 Jval=2 + 6im
    freq=7 polr=1 time=3467 dish=410 beam=4 Eval=-1 + 1im Aval=-97 + 66im sval=7 Jval=0 - 1im
    freq=7 polr=1 time=29738 dish=46 beam=14 Eval=3 - 2im Aval=-86 - 104im sval=9 Jval=-1 + 0im
    freq=11 polr=0 time=52070 dish=186 beam=14 Eval=3 + 2im Aval=120 + 49im sval=8 Jval=1 + 2im
    freq=1 polr=0 time=25256 dish=976 beam=7 Eval=-1 - 1im Aval=-84 - 25im sval=7 Jval=1 + 1im
    freq=15 polr=0 time=6022 dish=100 beam=31 Eval=4 - 4im Aval=-127 + 28im sval=7 Jval=-3 + 5im
    freq=9 polr=0 time=46971 dish=73 beam=16 Eval=4 + 7im Aval=-92 - 2im sval=9 Jval=-1 - 1im
    freq=6 polr=1 time=24371 dish=732 beam=16 Eval=-6 + 3im Aval=-61 + 18im sval=8 Jval=1 - 1im
    freq=14 polr=0 time=33142 dish=721 beam=2 Eval=-6 + 3im Aval=5 + 45im sval=8 Jval=-1 - 1im
    freq=2 polr=0 time=65296 dish=867 beam=26 Eval=0 + 3im Aval=99 - 43im sval=8 Jval=1 + 1im
    freq=2 polr=0 time=130 dish=247 beam=9 Eval=4 - 4im Aval=-18 - 91im sval=9 Jval=-1 - 1im
    freq=10 polr=0 time=52429 dish=281 beam=5 Eval=-5 + 2im Aval=41 + 75im sval=7 Jval=-3 - 2im
    freq=7 polr=0 time=45643 dish=58 beam=5 Eval=3 - 3im Aval=-57 + 119im sval=9 Jval=0 + 1im
    freq=1 polr=0 time=11003 dish=935 beam=31 Eval=-7 + 6im Aval=60 - 106im sval=9 Jval=0 + 2im
    freq=12 polr=0 time=50324 dish=151 beam=16 Eval=-6 - 2im Aval=102 - 112im sval=9 Jval=-2 + 1im
    freq=8 polr=1 time=50167 dish=466 beam=0 Eval=-1 + 2im Aval=87 - 39im sval=5 Jval=0 + 7im
    freq=1 polr=1 time=358 dish=264 beam=30 Eval=-7 + 7im Aval=31 - 58im sval=9 Jval=0 + 1im
    freq=7 polr=0 time=51091 dish=693 beam=9 Eval=-3 - 7im Aval=122 - 123im sval=9 Jval=-2 - 1im
    freq=7 polr=1 time=32554 dish=932 beam=17 Eval=-3 - 5im Aval=-7 + 48im sval=8 Jval=1 + 0im
    freq=13 polr=1 time=11386 dish=853 beam=2 Eval=6 - 4im Aval=-53 + 2im sval=7 Jval=-2 + 2im
    freq=0 polr=1 time=17859 dish=931 beam=15 Eval=-6 + 7im Aval=-82 + 74im sval=8 Jval=0 - 4im
    freq=11 polr=0 time=22014 dish=946 beam=6 Eval=5 + 2im Aval=-94 + 52im sval=7 Jval=-4 + 1im
    freq=14 polr=0 time=21435 dish=531 beam=1 Eval=-2 - 7im Aval=12 - 22im sval=6 Jval=-3 + 0im
    freq=9 polr=0 time=56896 dish=290 beam=10 Eval=-7 + 4im Aval=-72 + 120im sval=10 Jval=0 - 1im
    freq=10 polr=0 time=29709 dish=596 beam=30 Eval=-7 + 7im Aval=-112 - 61im sval=10 Jval=1 + 0im
    freq=5 polr=1 time=53521 dish=825 beam=7 Eval=-2 - 3im Aval=-47 + 80im sval=8 Jval=1 + 0im
    freq=7 polr=0 time=24516 dish=753 beam=7 Eval=-5 + 0im Aval=-20 + 97im sval=6 Jval=2 - 7im
    freq=15 polr=0 time=57014 dish=105 beam=14 Eval=-5 + 1im Aval=79 - 114im sval=8 Jval=-1 + 3im
    freq=15 polr=0 time=19085 dish=113 beam=19 Eval=0 - 6im Aval=112 - 57im sval=8 Jval=-1 - 3im
    freq=2 polr=0 time=65384 dish=687 beam=28 Eval=-7 + 4im Aval=-8 + 27im sval=5 Jval=-1 - 7im
    freq=5 polr=1 time=30787 dish=816 beam=4 Eval=-3 + 0im Aval=95 + 23im sval=6 Jval=-4 - 1im
    freq=5 polr=1 time=38780 dish=269 beam=5 Eval=7 - 5im Aval=117 + 119im sval=8 Jval=6 + 1im
    freq=13 polr=1 time=13136 dish=810 beam=7 Eval=-2 - 2im Aval=-32 - 50im sval=6 Jval=0 + 3im
    freq=14 polr=0 time=5792 dish=964 beam=6 Eval=5 - 2im Aval=-115 + 10im sval=8 Jval=-2 + 1im
    freq=4 polr=1 time=3603 dish=104 beam=13 Eval=-5 + 7im Aval=35 - 63im sval=7 Jval=2 + 4im
    freq=0 polr=0 time=9296 dish=668 beam=12 Eval=-2 - 4im Aval=120 - 86im sval=7 Jval=-4 - 2im
    freq=4 polr=1 time=62250 dish=419 beam=2 Eval=-5 + 3im Aval=-36 + 125im sval=9 Jval=0 - 1im
    freq=10 polr=0 time=65263 dish=395 beam=0 Eval=0 + 4im Aval=-98 + 96im sval=6 Jval=-6 - 6im
    freq=3 polr=0 time=11287 dish=252 beam=25 Eval=-1 - 1im Aval=116 - 35im sval=7 Jval=-1 - 1im
    freq=11 polr=1 time=248 dish=586 beam=8 Eval=3 - 5im Aval=67 - 79im sval=10 Jval=0 - 1im
    freq=12 polr=1 time=763 dish=1012 beam=31 Eval=0 + 3im Aval=73 + 127im sval=7 Jval=-3 + 2im
    freq=6 polr=1 time=61858 dish=500 beam=16 Eval=-1 - 3im Aval=-24 - 119im sval=8 Jval=-1 + 1im
    freq=14 polr=1 time=46485 dish=813 beam=18 Eval=4 - 7im Aval=51 + 19im sval=8 Jval=1 - 1im
    freq=14 polr=1 time=30302 dish=654 beam=10 Eval=5 + 3im Aval=127 - 20im sval=10 Jval=1 + 0im
    freq=0 polr=0 time=25892 dish=583 beam=17 Eval=2 - 4im Aval=114 + 16im sval=6 Jval=5 - 6im
    freq=2 polr=1 time=8780 dish=908 beam=31 Eval=-4 - 7im Aval=6 - 8im sval=7 Jval=-1 + 0im
    freq=9 polr=1 time=32665 dish=939 beam=26 Eval=-3 - 4im Aval=-117 + 29im sval=7 Jval=4 + 3im
    freq=4 polr=0 time=16153 dish=713 beam=2 Eval=-4 - 6im Aval=19 + 104im sval=8 Jval=2 - 2im
    freq=15 polr=0 time=60620 dish=372 beam=10 Eval=1 - 6im Aval=-50 + 64im sval=6 Jval=5 + 6im
    freq=0 polr=1 time=31370 dish=913 beam=1 Eval=4 + 0im Aval=-110 - 45im sval=8 Jval=-2 - 1im
    freq=15 polr=0 time=41599 dish=677 beam=14 Eval=1 + 7im Aval=-114 + 51im sval=8 Jval=-2 - 3im
    freq=14 polr=1 time=25783 dish=427 beam=31 Eval=0 + 6im Aval=120 - 2im sval=8 Jval=0 + 3im
    freq=7 polr=1 time=36966 dish=666 beam=9 Eval=-2 + 0im Aval=-109 + 25im sval=8 Jval=1 + 0im
    freq=4 polr=1 time=62383 dish=779 beam=22 Eval=5 + 1im Aval=-102 - 15im sval=9 Jval=-1 + 0im
    freq=13 polr=1 time=38889 dish=754 beam=17 Eval=7 - 4im Aval=32 - 35im sval=6 Jval=1 - 6im
    freq=14 polr=1 time=41382 dish=63 beam=21 Eval=0 - 6im Aval=103 + 72im sval=8 Jval=2 - 2im
    freq=6 polr=1 time=60300 dish=329 beam=28 Eval=-7 + 7im Aval=2 + 11im sval=7 Jval=-1 + 0im
    freq=3 polr=0 time=7015 dish=407 beam=27 Eval=-6 + 3im Aval=43 + 108im sval=10 Jval=-1 + 0im
    freq=14 polr=0 time=22434 dish=255 beam=15 Eval=4 + 7im Aval=-48 - 13im sval=7 Jval=-1 - 3im
    freq=12 polr=0 time=29813 dish=887 beam=0 Eval=1 + 7im Aval=108 - 69im sval=7 Jval=5 + 5im
    freq=4 polr=1 time=38543 dish=721 beam=18 Eval=-7 + 3im Aval=23 + 3im sval=7 Jval=-1 + 0im
    freq=10 polr=0 time=54366 dish=125 beam=11 Eval=2 - 4im Aval=51 - 70im sval=6 Jval=-3 - 5im
    freq=5 polr=0 time=49532 dish=861 beam=1 Eval=1 - 7im Aval=-9 + 20im sval=7 Jval=1 + 1im
    freq=15 polr=1 time=46126 dish=227 beam=15 Eval=-7 - 5im Aval=54 + 112im sval=9 Jval=0 - 2im
    freq=2 polr=1 time=4148 dish=39 beam=31 Eval=7 + 7im Aval=-76 + 3im sval=7 Jval=-4 - 4im
    freq=7 polr=1 time=32788 dish=433 beam=14 Eval=2 - 4im Aval=-87 + 88im sval=9 Jval=0 + 1im
    freq=15 polr=0 time=21562 dish=128 beam=0 Eval=3 + 3im Aval=113 + 124im sval=8 Jval=0 + 3im
    freq=3 polr=0 time=3778 dish=436 beam=3 Eval=6 - 6im Aval=63 + 84im sval=10 Jval=1 + 0im
    freq=0 polr=0 time=38104 dish=772 beam=24 Eval=-5 + 5im Aval=44 + 53im sval=9 Jval=-1 + 0im
    freq=7 polr=1 time=21333 dish=9 beam=22 Eval=-3 + 2im Aval=97 - 13im sval=7 Jval=-2 + 2im
    freq=4 polr=1 time=445 dish=919 beam=26 Eval=-2 - 5im Aval=110 - 84im sval=7 Jval=-5 - 3im
    freq=3 polr=1 time=4334 dish=235 beam=5 Eval=-5 - 1im Aval=-12 + 97im sval=6 Jval=3 - 7im
    freq=1 polr=0 time=11192 dish=839 beam=29 Eval=-4 + 1im Aval=-73 - 45im sval=7 Jval=3 + 1im
    freq=3 polr=1 time=43154 dish=34 beam=29 Eval=6 - 3im Aval=-26 + 11im sval=7 Jval=-1 + 1im
    freq=15 polr=0 time=35410 dish=681 beam=30 Eval=2 - 1im Aval=55 + 11im sval=8 Jval=1 + 0im
    freq=8 polr=0 time=59592 dish=147 beam=2 Eval=-3 + 4im Aval=65 - 84im sval=7 Jval=1 + 4im
    freq=1 polr=0 time=55849 dish=157 beam=18 Eval=6 - 4im Aval=77 + 85im sval=9 Jval=2 + 0im
    freq=7 polr=1 time=9270 dish=22 beam=17 Eval=-6 + 0im Aval=-120 + 81im sval=8 Jval=3 - 2im
    freq=10 polr=0 time=33713 dish=653 beam=4 Eval=1 - 6im Aval=-84 + 123im sval=8 Jval=3 + 2im
    freq=12 polr=1 time=15029 dish=779 beam=26 Eval=-7 - 1im Aval=-61 + 91im sval=8 Jval=2 - 2im
    freq=11 polr=0 time=34774 dish=35 beam=7 Eval=6 - 7im Aval=27 - 24im sval=7 Jval=0 - 3im
    freq=14 polr=0 time=28863 dish=213 beam=30 Eval=7 + 3im Aval=114 - 127im sval=9 Jval=2 - 1im
    freq=11 polr=1 time=40002 dish=198 beam=2 Eval=7 - 6im Aval=-74 - 112im sval=9 Jval=-2 - 1im
    freq=14 polr=1 time=3880 dish=677 beam=10 Eval=-6 - 4im Aval=126 + 50im sval=10 Jval=-1 - 1im
    freq=0 polr=1 time=29180 dish=962 beam=22 Eval=-6 + 5im Aval=18 - 117im sval=9 Jval=1 + 2im
    freq=9 polr=1 time=62898 dish=32 beam=27 Eval=-4 + 1im Aval=59 - 101im sval=6 Jval=-2 + 7im
    freq=15 polr=1 time=55827 dish=45 beam=18 Eval=2 - 6im Aval=86 - 32im sval=8 Jval=0 - 2im
    freq=10 polr=0 time=25435 dish=746 beam=19 Eval=4 + 6im Aval=120 - 114im sval=9 Jval=2 + 1im
    freq=11 polr=0 time=27370 dish=690 beam=6 Eval=-5 + 3im Aval=-103 - 72im sval=7 Jval=6 + 0im
    freq=5 polr=1 time=38286 dish=559 beam=26 Eval=-4 + 5im Aval=71 + 35im sval=6 Jval=-7 + 3im
    freq=13 polr=0 time=20770 dish=829 beam=21 Eval=2 - 6im Aval=-114 + 34im sval=7 Jval=0 + 6im
    freq=11 polr=0 time=34550 dish=472 beam=27 Eval=6 - 2im Aval=-27 - 8im sval=8 Jval=-1 + 0im
    freq=14 polr=0 time=39420 dish=924 beam=18 Eval=-2 - 5im Aval=24 + 15im sval=5 Jval=1 - 4im
    freq=5 polr=0 time=42691 dish=754 beam=8 Eval=1 - 4im Aval=9 - 88im sval=9 Jval=-1 + 0im
    freq=14 polr=0 time=61345 dish=928 beam=6 Eval=4 - 4im Aval=-34 + 43im sval=8 Jval=0 + 1im
    freq=10 polr=1 time=23553 dish=790 beam=27 Eval=-5 + 4im Aval=102 + 51im sval=7 Jval=-6 + 1im
    freq=14 polr=0 time=62136 dish=756 beam=10 Eval=-6 - 1im Aval=126 + 38im sval=8 Jval=-3 - 1im
    freq=15 polr=0 time=10239 dish=85 beam=11 Eval=-6 + 7im Aval=-17 - 50im sval=9 Jval=1 + 0im
    freq=9 polr=0 time=4314 dish=961 beam=2 Eval=5 + 5im Aval=116 - 74im sval=9 Jval=2 + 0im
    freq=6 polr=1 time=15766 dish=96 beam=29 Eval=-2 + 5im Aval=-109 + 9im sval=8 Jval=1 - 2im
    freq=12 polr=0 time=61075 dish=233 beam=0 Eval=-4 + 1im Aval=-91 + 66im sval=7 Jval=2 - 3im
    freq=0 polr=0 time=39077 dish=75 beam=8 Eval=-5 + 6im Aval=6 - 54im sval=7 Jval=2 + 2im
    freq=14 polr=0 time=9801 dish=255 beam=15 Eval=4 - 2im Aval=-32 - 78im sval=7 Jval=-2 - 2im
    freq=2 polr=1 time=27707 dish=423 beam=13 Eval=-6 + 0im Aval=50 - 82im sval=7 Jval=-2 + 4im
    freq=10 polr=1 time=1191 dish=383 beam=24 Eval=4 + 5im Aval=73 - 4im sval=9 Jval=1 + 1im
    freq=7 polr=1 time=34987 dish=250 beam=2 Eval=-7 - 2im Aval=58 + 65im sval=10 Jval=0 - 1im
    freq=11 polr=1 time=16810 dish=845 beam=16 Eval=2 + 0im Aval=-70 - 29im sval=8 Jval=-1 + 0im
    freq=9 polr=1 time=51950 dish=546 beam=13 Eval=-2 - 5im Aval=-71 + 114im sval=10 Jval=1 + 0im
    freq=7 polr=0 time=30602 dish=833 beam=18 Eval=-3 - 5im Aval=-75 - 121im sval=7 Jval=-3 + 6im
    freq=3 polr=1 time=29088 dish=1009 beam=15 Eval=0 + 3im Aval=-70 + 54im sval=7 Jval=-1 - 2im
    freq=8 polr=1 time=29755 dish=582 beam=27 Eval=3 + 6im Aval=-62 - 89im sval=7 Jval=3 - 5im
    freq=14 polr=1 time=54051 dish=436 beam=20 Eval=0 - 4im Aval=-24 + 2im sval=6 Jval=0 + 2im
    freq=4 polr=1 time=10676 dish=862 beam=22 Eval=-7 + 5im Aval=92 - 42im sval=9 Jval=-1 + 1im
    freq=7 polr=1 time=2576 dish=370 beam=4 Eval=-6 - 3im Aval=-99 - 8im sval=7 Jval=5 + 3im
    freq=5 polr=1 time=61936 dish=267 beam=18 Eval=6 + 1im Aval=-35 + 99im sval=8 Jval=-1 + 2im
    freq=8 polr=1 time=5746 dish=417 beam=22 Eval=4 + 7im Aval=-46 + 29im sval=6 Jval=-6 - 3im
    freq=8 polr=1 time=35012 dish=791 beam=10 Eval=-5 + 7im Aval=3 + 11im sval=5 Jval=-3 - 1im
    freq=11 polr=0 time=25674 dish=739 beam=13 Eval=7 + 2im Aval=-123 + 98im sval=9 Jval=-2 + 1im
    freq=12 polr=1 time=10975 dish=525 beam=10 Eval=4 - 7im Aval=1 - 52im sval=9 Jval=-1 + 0im
    freq=0 polr=1 time=23267 dish=402 beam=2 Eval=-3 - 6im Aval=42 + 64im sval=6 Jval=4 - 7im
    freq=3 polr=1 time=50102 dish=128 beam=10 Eval=3 - 3im Aval=-31 - 122im sval=9 Jval=-1 - 1im
    freq=7 polr=1 time=63602 dish=184 beam=15 Eval=-1 + 7im Aval=105 + 92im sval=8 Jval=-3 + 3im
    freq=5 polr=0 time=17003 dish=700 beam=6 Eval=-5 + 1im Aval=23 + 92im sval=6 Jval=-3 - 7im
    freq=6 polr=1 time=7388 dish=927 beam=7 Eval=7 + 0im Aval=-49 + 63im sval=9 Jval=-1 + 1im
    freq=11 polr=1 time=49018 dish=518 beam=3 Eval=-3 + 3im Aval=-3 - 80im sval=6 Jval=4 + 4im
    freq=5 polr=1 time=12816 dish=732 beam=17 Eval=-1 - 1im Aval=-4 - 16im sval=5 Jval=0 + 1im
    freq=14 polr=1 time=11439 dish=970 beam=15 Eval=-7 + 6im Aval=-17 + 18im sval=7 Jval=0 - 2im
    freq=7 polr=0 time=61925 dish=851 beam=18 Eval=-5 - 3im Aval=-78 - 65im sval=7 Jval=2 + 4im
    freq=3 polr=1 time=41667 dish=630 beam=7 Eval=-2 + 2im Aval=59 - 3im sval=7 Jval=-1 + 1im
    freq=13 polr=0 time=20512 dish=8 beam=16 Eval=5 + 7im Aval=96 + 54im sval=7 Jval=1 + 7im
    freq=2 polr=0 time=49208 dish=276 beam=28 Eval=-5 + 2im Aval=-41 + 21im sval=5 Jval=5 - 6im
    freq=11 polr=0 time=53857 dish=331 beam=26 Eval=-2 - 6im Aval=-64 - 23im sval=6 Jval=0 + 7im
    freq=8 polr=0 time=51716 dish=306 beam=4 Eval=0 + 6im Aval=-122 + 63im sval=9 Jval=-1 - 1im
    freq=15 polr=0 time=45055 dish=310 beam=29 Eval=6 - 2im Aval=3 - 113im sval=10 Jval=0 - 1im
    freq=1 polr=0 time=13831 dish=908 beam=5 Eval=-7 - 6im Aval=91 - 114im sval=8 Jval=-5 + 1im
    freq=8 polr=1 time=47026 dish=328 beam=1 Eval=3 + 1im Aval=115 - 127im sval=9 Jval=1 - 1im
    freq=11 polr=0 time=64554 dish=889 beam=25 Eval=-5 + 1im Aval=54 - 68im sval=7 Jval=-2 + 3im
    freq=14 polr=1 time=1306 dish=70 beam=21 Eval=-5 - 6im Aval=105 + 5im sval=8 Jval=-2 - 3im
    freq=12 polr=0 time=22916 dish=578 beam=29 Eval=2 + 4im Aval=-97 - 18im sval=6 Jval=-2 - 6im
    freq=11 polr=1 time=40087 dish=723 beam=9 Eval=0 + 5im Aval=31 + 56im sval=8 Jval=-1 + 1im
    freq=2 polr=0 time=31398 dish=682 beam=14 Eval=2 + 0im Aval=-113 + 30im sval=5 Jval=-7 + 2im
    freq=11 polr=1 time=9360 dish=586 beam=8 Eval=7 + 5im Aval=92 - 66im sval=10 Jval=1 + 0im
    freq=7 polr=0 time=22152 dish=495 beam=29 Eval=6 + 4im Aval=27 - 65im sval=6 Jval=7 - 4im
    freq=10 polr=0 time=39871 dish=271 beam=29 Eval=-1 + 4im Aval=59 - 69im sval=7 Jval=2 + 2im
    freq=0 polr=0 time=3413 dish=832 beam=25 Eval=7 - 3im Aval=-87 - 83im sval=10 Jval=-1 + 0im
    freq=12 polr=1 time=20750 dish=524 beam=19 Eval=3 - 3im Aval=23 + 98im sval=9 Jval=1 + 0im
    freq=2 polr=0 time=23504 dish=924 beam=29 Eval=-2 - 5im Aval=-106 + 35im sval=6 Jval=6 + 7im
    freq=0 polr=0 time=15377 dish=978 beam=6 Eval=-3 - 4im Aval=-30 - 54im sval=6 Jval=-2 + 5im
    freq=11 polr=0 time=12982 dish=212 beam=7 Eval=5 + 7im Aval=49 - 36im sval=7 Jval=4 + 1im
    freq=5 polr=0 time=48650 dish=642 beam=6 Eval=6 + 0im Aval=-60 + 25im sval=6 Jval=-5 + 2im
    freq=6 polr=0 time=48003 dish=844 beam=13 Eval=-7 + 5im Aval=74 + 39im sval=8 Jval=-3 + 0im
    freq=13 polr=0 time=55174 dish=109 beam=18 Eval=2 + 6im Aval=-34 + 28im sval=8 Jval=-1 - 1im
    freq=13 polr=0 time=7447 dish=604 beam=24 Eval=4 + 4im Aval=0 - 2im sval=5 Jval=1 + 0im
    freq=1 polr=0 time=9683 dish=944 beam=10 Eval=7 + 3im Aval=97 - 7im sval=10 Jval=1 + 0im
    freq=6 polr=0 time=30860 dish=830 beam=22 Eval=0 + 7im Aval=88 - 113im sval=7 Jval=6 + 5im
    freq=7 polr=1 time=61802 dish=301 beam=30 Eval=3 + 1im Aval=123 - 112im sval=7 Jval=4 - 2im
    freq=5 polr=0 time=51164 dish=901 beam=11 Eval=1 - 2im Aval=84 - 115im sval=8 Jval=-1 - 1im
    freq=5 polr=1 time=21088 dish=471 beam=29 Eval=5 + 0im Aval=105 + 83im sval=8 Jval=2 + 2im
    freq=1 polr=0 time=34403 dish=410 beam=11 Eval=1 - 6im Aval=52 - 88im sval=7 Jval=-4 - 3im
    freq=3 polr=1 time=12608 dish=126 beam=24 Eval=1 + 7im Aval=62 + 0im sval=6 Jval=1 + 7im
    freq=11 polr=0 time=47846 dish=377 beam=23 Eval=6 + 2im Aval=-60 - 48im sval=6 Jval=-4 - 6im
    freq=8 polr=1 time=10041 dish=338 beam=14 Eval=-3 - 4im Aval=-70 + 121im sval=8 Jval=3 + 0im
    freq=5 polr=0 time=1172 dish=983 beam=10 Eval=3 - 3im Aval=-47 - 8im sval=8 Jval=-1 + 0im
    freq=3 polr=0 time=27085 dish=594 beam=0 Eval=7 - 3im Aval=84 + 55im sval=10 Jval=1 + 0im
    freq=0 polr=0 time=16388 dish=472 beam=21 Eval=-2 + 6im Aval=19 - 88im sval=9 Jval=1 + 1im
    freq=8 polr=0 time=57434 dish=757 beam=1 Eval=-6 + 4im Aval=-56 - 113im sval=9 Jval=2 + 1im
    freq=9 polr=0 time=17428 dish=818 beam=11 Eval=-6 + 0im Aval=-5 - 17im sval=6 Jval=1 + 2im
    freq=12 polr=1 time=21992 dish=641 beam=26 Eval=5 - 6im Aval=115 + 83im sval=8 Jval=4 - 1im
    freq=15 polr=0 time=26705 dish=299 beam=13 Eval=-3 - 4im Aval=-14 - 126im sval=7 Jval=-4 + 3im
    freq=0 polr=0 time=96 dish=702 beam=26 Eval=5 - 6im Aval=-110 - 84im sval=9 Jval=-2 + 0im
    freq=12 polr=1 time=31628 dish=969 beam=31 Eval=-7 + 3im Aval=72 - 15im sval=7 Jval=-4 + 3im
    freq=13 polr=1 time=60736 dish=485 beam=25 Eval=3 - 5im Aval=-35 - 120im sval=8 Jval=-3 - 1im
    freq=2 polr=0 time=29488 dish=1015 beam=24 Eval=1 + 3im Aval=-16 - 11im sval=5 Jval=1 - 2im
    freq=3 polr=0 time=14775 dish=317 beam=4 Eval=1 - 5im Aval=93 + 101im sval=10 Jval=1 + 0im
    freq=14 polr=1 time=29171 dish=214 beam=6 Eval=-2 - 3im Aval=57 - 83im sval=8 Jval=-1 + 0im
    freq=5 polr=0 time=4186 dish=454 beam=10 Eval=-4 - 6im Aval=66 + 104im sval=8 Jval=1 - 3im
    freq=12 polr=0 time=3457 dish=1016 beam=0 Eval=-2 + 3im Aval=60 - 45im sval=7 Jval=0 + 2im
    freq=11 polr=1 time=3392 dish=81 beam=16 Eval=-7 - 7im Aval=59 + 108im sval=8 Jval=1 - 5im
    freq=15 polr=1 time=38295 dish=848 beam=12 Eval=-1 - 5im Aval=45 - 103im sval=9 Jval=-1 + 0im
    freq=15 polr=0 time=7534 dish=425 beam=24 Eval=-5 + 2im Aval=109 + 125im sval=7 Jval=-6 - 3im
    freq=3 polr=1 time=28925 dish=747 beam=21 Eval=3 - 4im Aval=-58 - 29im sval=7 Jval=-2 + 1im
    freq=1 polr=0 time=48506 dish=137 beam=30 Eval=-7 + 4im Aval=-82 - 111im sval=11 Jval=1 + 0im
    freq=12 polr=1 time=28235 dish=468 beam=18 Eval=-6 + 0im Aval=-79 - 38im sval=8 Jval=2 + 1im
    freq=5 polr=0 time=28508 dish=539 beam=23 Eval=6 + 3im Aval=-21 - 113im sval=8 Jval=1 - 3im
    freq=8 polr=0 time=41570 dish=234 beam=20 Eval=-4 - 1im Aval=-75 + 81im sval=6 Jval=6 - 4im
    freq=11 polr=1 time=15169 dish=1014 beam=18 Eval=2 - 2im Aval=43 + 113im sval=9 Jval=1 + 0im
    freq=1 polr=0 time=27070 dish=175 beam=13 Eval=4 + 7im Aval=-36 - 7im sval=6 Jval=-1 - 4im
    freq=14 polr=1 time=35243 dish=652 beam=31 Eval=6 + 2im Aval=13 + 118im sval=8 Jval=-1 + 3im
    freq=4 polr=0 time=7604 dish=635 beam=10 Eval=4 - 6im Aval=-24 + 98im sval=10 Jval=0 + 1im
    freq=15 polr=0 time=22959 dish=356 beam=19 Eval=-6 - 5im Aval=-34 + 41im sval=8 Jval=2 + 0im
    freq=8 polr=1 time=40833 dish=407 beam=7 Eval=6 - 1im Aval=96 + 123im sval=10 Jval=1 + 1im
    freq=15 polr=1 time=46175 dish=483 beam=5 Eval=0 - 7im Aval=37 - 110im sval=10 Jval=-1 + 0im
    freq=11 polr=0 time=58936 dish=695 beam=11 Eval=5 - 5im Aval=88 + 111im sval=9 Jval=2 + 0im
    freq=2 polr=0 time=9802 dish=193 beam=31 Eval=-7 + 0im Aval=105 + 53im sval=7 Jval=-6 - 3im
    freq=4 polr=1 time=18757 dish=39 beam=7 Eval=-4 + 5im Aval=-35 + 103im sval=7 Jval=-3 - 5im
    freq=3 polr=1 time=45476 dish=975 beam=17 Eval=2 + 7im Aval=62 + 66im sval=10 Jval=0 + 1im
    freq=7 polr=0 time=28817 dish=665 beam=8 Eval=6 - 1im Aval=66 - 61im sval=7 Jval=3 - 3im
    freq=0 polr=0 time=7916 dish=167 beam=24 Eval=4 + 3im Aval=115 - 121im sval=9 Jval=2 + 0im
    freq=3 polr=1 time=42011 dish=93 beam=21 Eval=0 - 6im Aval=34 - 120im sval=7 Jval=-6 - 2im
    freq=9 polr=0 time=4269 dish=36 beam=1 Eval=7 - 1im Aval=45 + 86im sval=8 Jval=2 + 2im
    freq=15 polr=1 time=267 dish=960 beam=24 Eval=-4 + 1im Aval=35 - 38im sval=8 Jval=0 + 1im
    freq=0 polr=0 time=16232 dish=473 beam=12 Eval=7 + 4im Aval=-116 + 28im sval=7 Jval=-7 - 2im
    freq=14 polr=1 time=30408 dish=988 beam=23 Eval=-5 - 6im Aval=18 + 16im sval=7 Jval=0 - 1im
    freq=14 polr=1 time=15908 dish=370 beam=24 Eval=0 - 5im Aval=39 + 2im sval=6 Jval=0 - 3im
    freq=1 polr=0 time=16177 dish=169 beam=18 Eval=3 + 5im Aval=-19 + 111im sval=9 Jval=-1 + 0im
    freq=1 polr=0 time=62374 dish=393 beam=9 Eval=5 + 4im Aval=4 - 102im sval=8 Jval=2 - 2im
    freq=11 polr=1 time=41577 dish=472 beam=9 Eval=3 + 6im Aval=-121 + 125im sval=8 Jval=-4 - 1im
    freq=7 polr=1 time=38775 dish=345 beam=14 Eval=5 + 7im Aval=-67 + 34im sval=9 Jval=-1 - 1im
    freq=12 polr=1 time=12400 dish=89 beam=31 Eval=-4 - 5im Aval=116 - 71im sval=7 Jval=-6 - 2im
    freq=13 polr=0 time=58432 dish=287 beam=7 Eval=-4 - 4im Aval=-96 + 47im sval=10 Jval=1 + 0im
    freq=14 polr=1 time=46707 dish=841 beam=15 Eval=7 - 5im Aval=13 - 48im sval=7 Jval=-1 - 3im
    freq=7 polr=0 time=57644 dish=1014 beam=24 Eval=-1 + 5im Aval=87 - 121im sval=7 Jval=4 + 4im
    freq=14 polr=1 time=51882 dish=296 beam=27 Eval=-5 - 6im Aval=81 - 25im sval=7 Jval=-4 - 3im
    freq=1 polr=1 time=11488 dish=359 beam=10 Eval=0 + 6im Aval=28 + 64im sval=9 Jval=-1 + 0im
    freq=11 polr=0 time=24542 dish=9 beam=31 Eval=-7 - 5im Aval=-16 + 60im sval=8 Jval=2 - 1im
    freq=10 polr=1 time=1290 dish=103 beam=14 Eval=-1 + 6im Aval=-32 + 41im sval=5 Jval=-6 - 7im
    freq=6 polr=0 time=27157 dish=80 beam=15 Eval=2 + 6im Aval=-94 + 11im sval=10 Jval=0 - 1im
    freq=4 polr=1 time=11060 dish=555 beam=14 Eval=7 - 3im Aval=108 - 74im sval=9 Jval=1 - 2im
    freq=14 polr=0 time=11862 dish=641 beam=6 Eval=-3 - 7im Aval=-27 + 70im sval=8 Jval=2 + 0im
    freq=6 polr=0 time=15126 dish=253 beam=13 Eval=6 - 4im Aval=-36 + 101im sval=8 Jval=1 + 3im
    freq=15 polr=1 time=9721 dish=174 beam=17 Eval=1 + 0im Aval=53 + 86im sval=7 Jval=0 + 1im
    freq=2 polr=0 time=49477 dish=813 beam=3 Eval=6 - 1im Aval=-115 + 111im sval=8 Jval=-2 + 3im
    freq=14 polr=1 time=12363 dish=1021 beam=0 Eval=0 + 5im Aval=-118 - 83im sval=8 Jval=2 - 2im
    freq=13 polr=0 time=16375 dish=1000 beam=19 Eval=-7 + 4im Aval=123 - 122im sval=10 Jval=0 + 1im
    freq=2 polr=0 time=37427 dish=269 beam=3 Eval=-5 - 3im Aval=40 - 36im sval=8 Jval=-1 + 0im
    freq=5 polr=1 time=58884 dish=129 beam=8 Eval=-2 - 1im Aval=-95 + 90im sval=9 Jval=1 + 0im
    freq=4 polr=1 time=33371 dish=356 beam=17 Eval=0 + 1im Aval=-105 - 92im sval=7 Jval=1 - 1im
    freq=2 polr=0 time=55139 dish=329 beam=29 Eval=-7 - 7im Aval=-60 + 2im sval=6 Jval=7 + 6im
    freq=15 polr=1 time=19919 dish=589 beam=13 Eval=-2 + 1im Aval=3 - 91im sval=5 Jval=3 + 6im
    freq=10 polr=1 time=24848 dish=615 beam=30 Eval=-1 - 3im Aval=-36 - 108im sval=6 Jval=-4 + 4im
    freq=7 polr=1 time=27991 dish=461 beam=30 Eval=-1 - 4im Aval=91 + 47im sval=7 Jval=1 - 3im
    freq=6 polr=1 time=52566 dish=811 beam=19 Eval=1 - 6im Aval=26 + 83im sval=9 Jval=1 + 0im
    freq=5 polr=0 time=37321 dish=3 beam=30 Eval=-1 - 2im Aval=73 - 115im sval=7 Jval=-2 + 0im
    freq=8 polr=1 time=2643 dish=497 beam=20 Eval=4 + 3im Aval=115 + 7im sval=8 Jval=2 + 1im
    freq=12 polr=0 time=35095 dish=977 beam=8 Eval=-2 + 0im Aval=96 - 61im sval=7 Jval=-1 + 1im
    freq=10 polr=0 time=61945 dish=155 beam=18 Eval=0 - 6im Aval=-96 - 87im sval=10 Jval=-1 + 1im
    freq=12 polr=1 time=23604 dish=1009 beam=18 Eval=2 - 6im Aval=-6 - 21im sval=8 Jval=-1 + 0im
    freq=14 polr=1 time=1134 dish=82 beam=19 Eval=-7 - 5im Aval=80 + 123im sval=8 Jval=0 - 5im
    freq=2 polr=0 time=55321 dish=809 beam=9 Eval=4 + 2im Aval=38 - 115im sval=9 Jval=1 - 1im
    freq=11 polr=0 time=38023 dish=368 beam=16 Eval=4 + 0im Aval=-10 + 43im sval=7 Jval=0 + 1im
    freq=10 polr=0 time=1105 dish=1018 beam=30 Eval=-3 - 3im Aval=114 + 88im sval=10 Jval=0 - 1im
    freq=10 polr=1 time=2652 dish=877 beam=3 Eval=3 + 6im Aval=-96 - 96im sval=8 Jval=1 - 3im
    freq=14 polr=0 time=19079 dish=902 beam=10 Eval=-6 + 3im Aval=-49 - 110im sval=8 Jval=2 + 2im
    freq=9 polr=1 time=25549 dish=54 beam=25 Eval=-7 - 3im Aval=123 + 5im sval=10 Jval=-1 + 0im
    freq=9 polr=1 time=23650 dish=304 beam=6 Eval=-2 + 0im Aval=30 + 28im sval=5 Jval=-2 - 1im
    freq=12 polr=1 time=23303 dish=546 beam=25 Eval=2 + 4im Aval=-118 + 113im sval=9 Jval=-1 + 0im
    freq=3 polr=1 time=47158 dish=102 beam=19 Eval=-5 + 1im Aval=-56 - 45im sval=8 Jval=1 + 1im
    freq=12 polr=1 time=54638 dish=680 beam=20 Eval=-6 - 5im Aval=44 + 53im sval=10 Jval=0 - 1im
    freq=11 polr=0 time=21985 dish=348 beam=27 Eval=-3 - 3im Aval=-70 + 85im sval=8 Jval=2 + 0im
    freq=15 polr=0 time=61517 dish=424 beam=29 Eval=7 - 6im Aval=34 + 127im sval=10 Jval=1 + 1im
    freq=13 polr=0 time=27868 dish=38 beam=4 Eval=4 + 2im Aval=-48 - 83im sval=7 Jval=0 - 3im
Copying data from CPU to GPU...
Running kernel...
Copying data back from GPU to CPU...
Done.
