[Creating bb kernel...]
[Done creating bb kernel]
CHORD 8-bit baseband beamformer
J[t,p,f,b] = s[b,p,f] Σ[d] A[d,b,p,f] E[d,p,f,t]
Compiling kernel...
Allocating input data...
Setting up input data...
    freq=108 polr=0 time=31210 dish=110 beam=15 Eval=-6 - 4im Aval=-114 - 125im sval=11 Jval=0 + 1im
    freq=106 polr=0 time=5792 dish=88 beam=3 Eval=-1 - 3im Aval=19 - 124im sval=6 Jval=-6 + 1im
    freq=54 polr=1 time=6558 dish=68 beam=14 Eval=-3 + 6im Aval=-39 - 96im sval=10 Jval=1 + 0im
    freq=69 polr=0 time=47249 dish=50 beam=3 Eval=4 - 6im Aval=-109 - 119im sval=10 Jval=-1 + 0im
    freq=35 polr=1 time=17403 dish=1 beam=11 Eval=-6 + 1im Aval=11 + 125im sval=8 Jval=-1 - 3im
    freq=59 polr=0 time=26255 dish=52 beam=6 Eval=5 - 2im Aval=105 - 107im sval=8 Jval=1 - 3im
    freq=15 polr=0 time=54591 dish=37 beam=15 Eval=0 + 1im Aval=-5 - 116im sval=7 Jval=1 + 0im
    freq=125 polr=0 time=8882 dish=13 beam=15 Eval=0 + 7im Aval=69 - 87im sval=8 Jval=2 + 2im
    freq=53 polr=1 time=28704 dish=20 beam=14 Eval=-2 + 2im Aval=-53 + 21im sval=7 Jval=1 - 1im
    freq=116 polr=1 time=42291 dish=84 beam=5 Eval=-1 - 2im Aval=120 + 72im sval=6 Jval=0 - 5im
    freq=110 polr=0 time=8822 dish=118 beam=2 Eval=-2 - 5im Aval=-95 - 34im sval=7 Jval=0 + 4im
    freq=35 polr=1 time=56526 dish=5 beam=15 Eval=-3 - 5im Aval=19 - 21im sval=7 Jval=-1 + 0im
    freq=27 polr=1 time=3647 dish=9 beam=15 Eval=-1 - 7im Aval=-123 - 66im sval=10 Jval=0 + 1im
    freq=58 polr=1 time=14738 dish=88 beam=4 Eval=0 - 4im Aval=-14 + 95im sval=6 Jval=6 + 1im
    freq=46 polr=1 time=113 dish=96 beam=6 Eval=0 + 7im Aval=119 + 77im sval=8 Jval=-2 + 3im
    freq=41 polr=1 time=4618 dish=76 beam=14 Eval=-4 + 0im Aval=52 + 29im sval=8 Jval=-1 + 0im
    freq=76 polr=1 time=8905 dish=54 beam=8 Eval=5 - 4im Aval=97 + 5im sval=9 Jval=1 - 1im
    freq=65 polr=1 time=55542 dish=22 beam=15 Eval=-7 + 2im Aval=0 + 121im sval=9 Jval=0 - 2im
    freq=110 polr=0 time=40627 dish=9 beam=14 Eval=1 - 4im Aval=-39 - 58im sval=8 Jval=-1 + 0im
    freq=83 polr=0 time=62392 dish=91 beam=14 Eval=3 - 5im Aval=9 - 103im sval=9 Jval=-1 - 1im
    freq=99 polr=1 time=15766 dish=101 beam=1 Eval=7 - 6im Aval=45 + 26im sval=9 Jval=1 + 0im
    freq=89 polr=1 time=34006 dish=32 beam=0 Eval=6 + 4im Aval=-87 - 112im sval=10 Jval=0 - 1im
    freq=71 polr=1 time=7507 dish=124 beam=8 Eval=-3 - 2im Aval=-124 + 106im sval=7 Jval=5 - 1im
    freq=77 polr=1 time=49418 dish=9 beam=3 Eval=6 + 1im Aval=-96 + 24im sval=9 Jval=-1 + 0im
    freq=1 polr=1 time=60311 dish=52 beam=0 Eval=-3 + 0im Aval=-36 - 104im sval=8 Jval=0 + 1im
    freq=123 polr=0 time=18070 dish=88 beam=8 Eval=2 + 4im Aval=120 + 121im sval=9 Jval=0 + 1im
    freq=92 polr=1 time=43988 dish=49 beam=14 Eval=4 - 7im Aval=54 - 7im sval=6 Jval=3 - 6im
    freq=120 polr=1 time=41284 dish=123 beam=4 Eval=-4 - 2im Aval=121 + 15im sval=6 Jval=-7 - 5im
    freq=16 polr=0 time=38052 dish=84 beam=7 Eval=-4 - 2im Aval=-9 - 63im sval=7 Jval=-1 + 2im
    freq=54 polr=1 time=11386 dish=127 beam=2 Eval=-4 + 1im Aval=-7 + 84im sval=9 Jval=0 - 1im
    freq=45 polr=1 time=27492 dish=101 beam=12 Eval=-4 + 5im Aval=-52 + 107im sval=7 Jval=-3 - 5im
    freq=2 polr=0 time=13231 dish=117 beam=10 Eval=-7 + 2im Aval=58 - 27im sval=9 Jval=-1 + 1im
    freq=17 polr=0 time=13642 dish=109 beam=3 Eval=6 + 6im Aval=8 + 73im sval=7 Jval=-3 + 4im
    freq=92 polr=1 time=32728 dish=83 beam=5 Eval=1 + 4im Aval=2 - 37im sval=7 Jval=1 + 0im
    freq=10 polr=0 time=32162 dish=37 beam=5 Eval=-6 + 7im Aval=2 + 96im sval=10 Jval=-1 - 1im
    freq=18 polr=0 time=24977 dish=33 beam=5 Eval=4 - 2im Aval=73 + 45im sval=8 Jval=2 + 0im
    freq=29 polr=1 time=38999 dish=103 beam=2 Eval=5 - 1im Aval=17 + 31im sval=7 Jval=1 + 1im
    freq=61 polr=0 time=50373 dish=22 beam=4 Eval=3 - 5im Aval=67 - 60im sval=7 Jval=-1 - 4im
    freq=45 polr=0 time=3686 dish=112 beam=2 Eval=-4 - 5im Aval=118 - 12im sval=9 Jval=-1 - 1im
    freq=107 polr=0 time=31029 dish=127 beam=14 Eval=5 - 1im Aval=100 - 32im sval=8 Jval=2 - 1im
    freq=76 polr=0 time=50389 dish=53 beam=4 Eval=-1 - 1im Aval=-49 + 25im sval=7 Jval=1 + 0im
    freq=16 polr=1 time=31843 dish=105 beam=12 Eval=3 + 5im Aval=46 - 88im sval=10 Jval=1 + 0im
    freq=108 polr=0 time=49839 dish=86 beam=3 Eval=-4 - 1im Aval=77 + 21im sval=7 Jval=-2 - 1im
    freq=74 polr=1 time=5679 dish=2 beam=6 Eval=2 + 0im Aval=-40 - 80im sval=7 Jval=-1 - 1im
    freq=69 polr=1 time=63036 dish=120 beam=15 Eval=4 - 5im Aval=-29 - 69im sval=8 Jval=-2 + 0im
    freq=105 polr=1 time=18985 dish=99 beam=4 Eval=2 + 6im Aval=23 + 75im sval=7 Jval=-3 + 2im
    freq=87 polr=0 time=63918 dish=60 beam=15 Eval=-2 - 3im Aval=3 + 108im sval=9 Jval=1 + 0im
    freq=11 polr=0 time=39943 dish=60 beam=0 Eval=-3 + 0im Aval=23 + 117im sval=6 Jval=-1 - 5im
    freq=103 polr=0 time=7598 dish=71 beam=5 Eval=7 + 7im Aval=-115 - 75im sval=9 Jval=-1 - 3im
    freq=47 polr=1 time=5235 dish=1 beam=4 Eval=-2 + 4im Aval=5 + 77im sval=6 Jval=-5 - 2im
    freq=118 polr=1 time=60222 dish=90 beam=14 Eval=0 - 1im Aval=38 + 14im sval=5 Jval=1 - 1im
    freq=47 polr=1 time=35787 dish=115 beam=10 Eval=-4 - 6im Aval=103 - 98im sval=8 Jval=-4 - 1im
    freq=30 polr=0 time=37280 dish=39 beam=13 Eval=-5 + 1im Aval=-16 - 41im sval=6 Jval=2 + 3im
    freq=126 polr=0 time=58895 dish=14 beam=7 Eval=2 + 5im Aval=-38 + 1im sval=8 Jval=0 - 1im
    freq=73 polr=1 time=15344 dish=93 beam=6 Eval=4 - 4im Aval=-115 - 35im sval=8 Jval=-2 + 1im
    freq=65 polr=0 time=3366 dish=126 beam=6 Eval=2 - 6im Aval=98 - 90im sval=9 Jval=-1 - 1im
    freq=126 polr=1 time=20442 dish=116 beam=2 Eval=-7 - 2im Aval=-44 - 96im sval=8 Jval=0 + 3im
    freq=10 polr=0 time=22641 dish=19 beam=6 Eval=3 + 4im Aval=5 + 7im sval=5 Jval=0 + 1im
    freq=58 polr=1 time=19026 dish=13 beam=13 Eval=5 - 6im Aval=-60 + 16im sval=7 Jval=-2 + 3im
    freq=75 polr=1 time=41626 dish=25 beam=4 Eval=-7 + 5im Aval=-97 - 110im sval=9 Jval=2 + 1im
    freq=32 polr=1 time=41483 dish=79 beam=4 Eval=6 - 6im Aval=-38 - 44im sval=8 Jval=-2 + 0im
    freq=85 polr=1 time=40906 dish=62 beam=0 Eval=-7 - 3im Aval=-54 - 83im sval=7 Jval=1 + 6im
    freq=92 polr=1 time=53335 dish=87 beam=2 Eval=2 - 5im Aval=-15 - 19im sval=7 Jval=-1 + 0im
    freq=61 polr=0 time=44713 dish=36 beam=2 Eval=6 + 6im Aval=72 + 84im sval=7 Jval=-1 + 7im
    freq=62 polr=1 time=48201 dish=81 beam=0 Eval=-1 - 4im Aval=56 + 11im sval=6 Jval=0 - 4im
    freq=39 polr=1 time=17732 dish=111 beam=12 Eval=4 + 3im Aval=-27 + 68im sval=6 Jval=-5 + 3im
    freq=62 polr=0 time=15702 dish=62 beam=5 Eval=-4 - 6im Aval=55 - 104im sval=9 Jval=-2 + 0im
    freq=98 polr=1 time=9080 dish=65 beam=15 Eval=-3 + 4im Aval=15 + 124im sval=7 Jval=-4 - 2im
    freq=22 polr=1 time=7652 dish=116 beam=11 Eval=5 + 0im Aval=-59 - 21im sval=7 Jval=-2 - 1im
    freq=18 polr=0 time=1970 dish=1 beam=5 Eval=-5 - 4im Aval=116 - 87im sval=8 Jval=-4 + 0im
    freq=116 polr=1 time=29035 dish=127 beam=13 Eval=-6 + 4im Aval=-49 - 122im sval=9 Jval=2 + 1im
    freq=38 polr=1 time=28628 dish=84 beam=13 Eval=5 - 1im Aval=63 - 21im sval=6 Jval=5 - 3im
    freq=22 polr=0 time=46450 dish=0 beam=4 Eval=-3 + 7im Aval=88 - 85im sval=8 Jval=1 + 3im
    freq=3 polr=0 time=15618 dish=83 beam=1 Eval=1 - 3im Aval=51 + 63im sval=8 Jval=1 + 0im
    freq=93 polr=0 time=42771 dish=11 beam=2 Eval=-1 - 1im Aval=-101 - 77im sval=7 Jval=0 + 1im
    freq=92 polr=1 time=18747 dish=113 beam=14 Eval=-5 - 2im Aval=88 - 18im sval=6 Jval=-7 - 1im
    freq=13 polr=1 time=17486 dish=49 beam=12 Eval=-1 - 2im Aval=-61 - 47im sval=6 Jval=0 + 3im
    freq=6 polr=0 time=40239 dish=62 beam=4 Eval=-1 + 6im Aval=-11 - 64im sval=9 Jval=1 + 0im
    freq=51 polr=1 time=65014 dish=27 beam=1 Eval=-5 - 5im Aval=-4 + 41im sval=5 Jval=7 - 6im
    freq=24 polr=1 time=57976 dish=125 beam=14 Eval=7 - 1im Aval=-125 + 7im sval=7 Jval=-7 + 1im
    freq=98 polr=0 time=56522 dish=64 beam=12 Eval=-5 + 5im Aval=-8 + 7im sval=7 Jval=0 - 1im
    freq=9 polr=0 time=21666 dish=80 beam=4 Eval=-1 + 1im Aval=46 - 50im sval=4 Jval=1 + 6im
    freq=18 polr=0 time=7760 dish=11 beam=3 Eval=5 - 1im Aval=-36 - 22im sval=6 Jval=-3 - 1im
    freq=39 polr=0 time=54729 dish=8 beam=6 Eval=0 + 1im Aval=23 - 118im sval=5 Jval=4 + 1im
    freq=122 polr=1 time=14759 dish=71 beam=1 Eval=1 - 2im Aval=101 + 105im sval=6 Jval=5 - 1im
    freq=113 polr=0 time=31566 dish=59 beam=3 Eval=1 - 7im Aval=-53 - 13im sval=6 Jval=-2 + 6im
    freq=63 polr=1 time=60938 dish=86 beam=9 Eval=-7 + 2im Aval=-108 + 71im sval=8 Jval=2 - 3im
    freq=26 polr=1 time=16238 dish=54 beam=9 Eval=7 + 6im Aval=32 - 35im sval=9 Jval=1 + 0im
    freq=78 polr=0 time=22991 dish=94 beam=7 Eval=-4 + 5im Aval=-92 + 22im sval=9 Jval=1 - 1im
    freq=36 polr=0 time=6315 dish=43 beam=3 Eval=7 - 5im Aval=79 + 51im sval=8 Jval=3 + 0im
    freq=2 polr=1 time=52876 dish=77 beam=5 Eval=-6 - 5im Aval=41 - 32im sval=7 Jval=-3 + 0im
    freq=50 polr=0 time=12116 dish=104 beam=10 Eval=-5 - 6im Aval=99 + 105im sval=10 Jval=0 - 1im
    freq=47 polr=0 time=32198 dish=47 beam=9 Eval=-1 - 3im Aval=79 + 124im sval=6 Jval=5 - 6im
    freq=32 polr=0 time=56498 dish=17 beam=2 Eval=0 + 2im Aval=60 - 47im sval=6 Jval=2 + 2im
    freq=115 polr=0 time=17984 dish=110 beam=1 Eval=-3 - 7im Aval=-20 - 5im sval=7 Jval=0 + 1im
    freq=24 polr=0 time=53763 dish=73 beam=7 Eval=-6 - 5im Aval=-21 + 78im sval=9 Jval=1 - 1im
    freq=118 polr=0 time=36971 dish=24 beam=15 Eval=2 + 5im Aval=-98 + 103im sval=10 Jval=-1 + 0im
    freq=57 polr=1 time=39279 dish=25 beam=11 Eval=7 + 4im Aval=-33 + 83im sval=10 Jval=-1 + 0im
    freq=15 polr=1 time=10465 dish=46 beam=10 Eval=4 - 6im Aval=4 - 110im sval=7 Jval=-5 - 4im
    freq=89 polr=1 time=7914 dish=0 beam=6 Eval=-7 - 6im Aval=-59 + 67im sval=9 Jval=2 + 0im
    freq=112 polr=1 time=44948 dish=117 beam=14 Eval=5 + 5im Aval=116 + 103im sval=11 Jval=0 + 1im
    freq=6 polr=0 time=24389 dish=121 beam=13 Eval=2 + 7im Aval=71 + 58im sval=10 Jval=0 + 1im
    freq=9 polr=1 time=42288 dish=99 beam=12 Eval=-7 - 6im Aval=-116 - 88im sval=8 Jval=1 + 5im
    freq=87 polr=1 time=14177 dish=108 beam=0 Eval=0 + 7im Aval=50 - 97im sval=9 Jval=1 + 1im
    freq=3 polr=0 time=25119 dish=15 beam=10 Eval=3 + 4im Aval=-66 + 83im sval=8 Jval=-2 + 0im
    freq=21 polr=0 time=11251 dish=126 beam=9 Eval=4 + 4im Aval=-3 + 105im sval=9 Jval=-1 + 1im
    freq=24 polr=0 time=11059 dish=1 beam=6 Eval=7 + 4im Aval=37 - 102im sval=9 Jval=1 - 1im
    freq=127 polr=1 time=60580 dish=91 beam=8 Eval=5 - 3im Aval=47 - 63im sval=6 Jval=1 - 7im
    freq=35 polr=1 time=8844 dish=44 beam=15 Eval=-3 + 2im Aval=31 + 58im sval=7 Jval=-2 - 1im
    freq=61 polr=0 time=19889 dish=107 beam=4 Eval=-5 + 4im Aval=-2 + 14im sval=7 Jval=0 - 1im
    freq=94 polr=0 time=25205 dish=124 beam=10 Eval=-2 - 4im Aval=-22 - 79im sval=6 Jval=-4 + 4im
    freq=71 polr=0 time=2723 dish=5 beam=13 Eval=-6 + 5im Aval=126 + 66im sval=9 Jval=-2 + 0im
    freq=103 polr=1 time=59253 dish=73 beam=14 Eval=-4 - 7im Aval=8 - 85im sval=10 Jval=-1 + 0im
    freq=21 polr=0 time=4575 dish=94 beam=6 Eval=1 - 3im Aval=3 - 57im sval=5 Jval=-5 - 2im
    freq=117 polr=0 time=35239 dish=124 beam=12 Eval=3 - 2im Aval=-105 - 34im sval=7 Jval=-3 + 1im
    freq=35 polr=0 time=60863 dish=43 beam=2 Eval=-5 + 4im Aval=39 - 26im sval=9 Jval=0 + 1im
    freq=109 polr=1 time=551 dish=46 beam=12 Eval=-5 + 5im Aval=44 + 119im sval=8 Jval=-3 - 1im
    freq=86 polr=1 time=27783 dish=83 beam=14 Eval=1 + 4im Aval=-26 - 60im sval=5 Jval=7 - 5im
    freq=48 polr=0 time=26896 dish=8 beam=3 Eval=-3 + 4im Aval=-93 - 19im sval=9 Jval=1 - 1im
    freq=126 polr=0 time=21177 dish=39 beam=3 Eval=2 + 0im Aval=4 + 24im sval=6 Jval=0 + 1im
    freq=98 polr=0 time=29375 dish=18 beam=8 Eval=5 + 3im Aval=-60 - 87im sval=8 Jval=0 - 2im
    freq=38 polr=0 time=65091 dish=15 beam=4 Eval=7 + 2im Aval=72 - 107im sval=7 Jval=6 - 5im
    freq=52 polr=1 time=16575 dish=49 beam=2 Eval=5 + 5im Aval=112 + 90im sval=9 Jval=0 + 2im
    freq=7 polr=0 time=43118 dish=83 beam=6 Eval=6 + 6im Aval=64 + 62im sval=7 Jval=0 + 6im
    freq=97 polr=1 time=22976 dish=11 beam=7 Eval=3 + 4im Aval=-54 + 77im sval=6 Jval=-7 + 0im
    freq=17 polr=1 time=62300 dish=125 beam=14 Eval=7 + 1im Aval=-94 + 11im sval=10 Jval=-1 + 0im
    freq=66 polr=0 time=6853 dish=52 beam=1 Eval=3 + 7im Aval=-54 + 87im sval=7 Jval=-6 - 1im
    freq=69 polr=0 time=61677 dish=27 beam=10 Eval=-6 + 6im Aval=-66 + 75im sval=8 Jval=0 - 3im
    freq=88 polr=1 time=47588 dish=127 beam=1 Eval=-7 + 5im Aval=116 + 89im sval=11 Jval=-1 + 0im
    freq=78 polr=1 time=25469 dish=72 beam=9 Eval=-7 + 5im Aval=-90 - 59im sval=10 Jval=1 + 0im
    freq=23 polr=1 time=7508 dish=58 beam=10 Eval=-1 - 1im Aval=118 + 16im sval=8 Jval=0 - 1im
    freq=83 polr=0 time=25087 dish=87 beam=6 Eval=1 + 0im Aval=6 - 80im sval=6 Jval=0 - 1im
    freq=97 polr=1 time=49746 dish=26 beam=11 Eval=-5 + 3im Aval=-68 + 75im sval=7 Jval=1 - 4im
    freq=115 polr=1 time=21937 dish=25 beam=10 Eval=1 - 6im Aval=120 + 124im sval=8 Jval=3 - 2im
    freq=38 polr=0 time=31118 dish=64 beam=10 Eval=-1 + 7im Aval=-71 + 35im sval=8 Jval=-1 - 2im
    freq=27 polr=1 time=7303 dish=96 beam=7 Eval=6 - 3im Aval=-122 + 77im sval=7 Jval=-4 + 7im
    freq=1 polr=0 time=9497 dish=55 beam=15 Eval=-1 - 7im Aval=107 + 29im sval=7 Jval=1 - 6im
    freq=71 polr=1 time=41356 dish=91 beam=2 Eval=-3 + 4im Aval=65 - 45im sval=7 Jval=0 + 3im
    freq=26 polr=0 time=40222 dish=14 beam=5 Eval=-1 - 3im Aval=34 - 109im sval=8 Jval=-1 + 0im
    freq=14 polr=0 time=30941 dish=75 beam=1 Eval=-4 - 6im Aval=-56 + 25im sval=9 Jval=1 + 0im
    freq=90 polr=0 time=54608 dish=89 beam=0 Eval=1 - 2im Aval=26 - 66im sval=6 Jval=-2 - 2im
    freq=69 polr=1 time=38261 dish=40 beam=15 Eval=2 + 3im Aval=-108 + 13im sval=8 Jval=-1 - 1im
    freq=107 polr=0 time=23369 dish=59 beam=0 Eval=1 - 3im Aval=-94 - 13im sval=6 Jval=-2 + 4im
    freq=44 polr=0 time=37414 dish=127 beam=6 Eval=5 + 7im Aval=-74 - 113im sval=10 Jval=0 - 1im
    freq=17 polr=1 time=4866 dish=21 beam=13 Eval=-1 + 0im Aval=72 + 34im sval=4 Jval=-4 - 2im
    freq=62 polr=0 time=3949 dish=66 beam=0 Eval=2 + 4im Aval=60 + 76im sval=6 Jval=-3 + 6im
    freq=42 polr=0 time=9099 dish=47 beam=15 Eval=3 - 5im Aval=-76 - 53im sval=8 Jval=-2 + 1im
    freq=40 polr=0 time=60968 dish=78 beam=15 Eval=1 - 3im Aval=71 - 26im sval=7 Jval=0 - 2im
    freq=47 polr=1 time=19527 dish=105 beam=11 Eval=6 - 3im Aval=114 + 11im sval=7 Jval=6 - 2im
    freq=122 polr=1 time=5441 dish=89 beam=5 Eval=-2 + 3im Aval=94 - 32im sval=9 Jval=0 + 1im
    freq=111 polr=0 time=63220 dish=84 beam=10 Eval=-1 - 5im Aval=-35 - 45im sval=7 Jval=-1 + 2im
    freq=23 polr=1 time=14797 dish=3 beam=2 Eval=1 + 2im Aval=-110 - 94im sval=8 Jval=0 - 1im
    freq=106 polr=0 time=24835 dish=49 beam=3 Eval=3 - 1im Aval=-7 + 39im sval=6 Jval=0 + 2im
    freq=72 polr=1 time=64325 dish=76 beam=1 Eval=3 - 2im Aval=34 + 54im sval=5 Jval=7 + 3im
    freq=48 polr=1 time=53547 dish=37 beam=3 Eval=3 + 2im Aval=-7 + 23im sval=5 Jval=-2 + 2im
    freq=25 polr=0 time=64098 dish=13 beam=7 Eval=7 - 1im Aval=-41 - 7im sval=7 Jval=-2 + 0im
    freq=59 polr=0 time=17813 dish=122 beam=3 Eval=5 - 2im Aval=-85 - 14im sval=6 Jval=-7 + 2im
    freq=100 polr=1 time=18500 dish=92 beam=7 Eval=-3 + 2im Aval=-16 - 116im sval=7 Jval=2 + 3im
    freq=51 polr=0 time=4419 dish=71 beam=10 Eval=5 + 1im Aval=-63 + 79im sval=9 Jval=-1 + 1im
    freq=49 polr=1 time=63757 dish=36 beam=6 Eval=-2 - 7im Aval=-73 - 124im sval=8 Jval=-3 + 3im
    freq=24 polr=0 time=62577 dish=36 beam=7 Eval=6 - 5im Aval=-28 - 67im sval=9 Jval=-1 - 1im
    freq=29 polr=1 time=65154 dish=55 beam=4 Eval=2 + 1im Aval=96 - 39im sval=5 Jval=7 + 1im
    freq=122 polr=1 time=31680 dish=50 beam=5 Eval=4 + 6im Aval=-80 + 87im sval=9 Jval=-2 + 0im
    freq=90 polr=1 time=51362 dish=51 beam=1 Eval=-3 + 4im Aval=103 + 22im sval=7 Jval=-3 + 3im
    freq=43 polr=1 time=50950 dish=23 beam=7 Eval=-3 + 1im Aval=53 + 82im sval=5 Jval=-7 - 6im
    freq=7 polr=1 time=37146 dish=49 beam=6 Eval=5 + 5im Aval=63 - 63im sval=9 Jval=1 + 0im
    freq=24 polr=0 time=53130 dish=67 beam=9 Eval=0 + 1im Aval=-63 + 82im sval=7 Jval=-1 + 0im
    freq=56 polr=1 time=34529 dish=82 beam=11 Eval=-1 + 6im Aval=81 + 93im sval=7 Jval=-5 + 3im
    freq=79 polr=1 time=57651 dish=31 beam=4 Eval=4 - 5im Aval=66 + 93im sval=10 Jval=1 + 0im
    freq=73 polr=1 time=63131 dish=15 beam=14 Eval=-7 - 3im Aval=99 + 1im sval=10 Jval=-1 + 0im
    freq=34 polr=1 time=30711 dish=63 beam=4 Eval=-6 - 4im Aval=-36 - 57im sval=9 Jval=0 + 1im
    freq=120 polr=0 time=54760 dish=28 beam=5 Eval=-4 - 3im Aval=68 - 41im sval=8 Jval=-2 + 0im
    freq=77 polr=1 time=25598 dish=28 beam=0 Eval=-2 + 3im Aval=-114 - 119im sval=7 Jval=5 - 1im
    freq=57 polr=0 time=30577 dish=30 beam=11 Eval=-5 + 7im Aval=49 + 60im sval=10 Jval=-1 + 0im
    freq=100 polr=1 time=50207 dish=47 beam=5 Eval=-4 + 2im Aval=60 + 47im sval=6 Jval=-5 - 1im
    freq=58 polr=1 time=61338 dish=7 beam=5 Eval=0 - 4im Aval=44 + 114im sval=9 Jval=1 + 0im
    freq=114 polr=0 time=18684 dish=78 beam=8 Eval=-2 - 7im Aval=85 - 33im sval=8 Jval=-2 - 2im
    freq=59 polr=1 time=4589 dish=67 beam=13 Eval=5 - 1im Aval=-12 + 68im sval=7 Jval=0 + 3im
    freq=48 polr=1 time=18573 dish=55 beam=5 Eval=1 + 7im Aval=-102 - 88im sval=9 Jval=1 - 2im
    freq=43 polr=1 time=8923 dish=121 beam=4 Eval=-2 - 6im Aval=-40 - 31im sval=9 Jval=0 + 1im
    freq=13 polr=1 time=2916 dish=38 beam=11 Eval=3 + 5im Aval=-76 + 32im sval=8 Jval=-1 - 1im
    freq=114 polr=1 time=24306 dish=49 beam=1 Eval=-4 + 7im Aval=70 + 82im sval=7 Jval=-7 + 1im
    freq=108 polr=0 time=1982 dish=34 beam=13 Eval=7 + 2im Aval=34 + 111im sval=10 Jval=0 + 1im
    freq=17 polr=0 time=9151 dish=64 beam=1 Eval=2 + 6im Aval=88 + 117im sval=8 Jval=-2 + 3im
    freq=80 polr=1 time=61268 dish=70 beam=11 Eval=6 + 6im Aval=-42 - 39im sval=9 Jval=0 - 1im
    freq=108 polr=1 time=38185 dish=69 beam=12 Eval=-3 - 7im Aval=-73 + 40im sval=9 Jval=1 + 1im
    freq=74 polr=1 time=26163 dish=29 beam=13 Eval=2 + 6im Aval=117 - 77im sval=8 Jval=3 + 2im
    freq=23 polr=0 time=35239 dish=94 beam=8 Eval=-6 + 3im Aval=-100 + 7im sval=9 Jval=1 - 1im
    freq=106 polr=1 time=62339 dish=121 beam=10 Eval=-1 - 2im Aval=-41 - 64im sval=7 Jval=-1 + 1im
    freq=87 polr=0 time=41986 dish=55 beam=3 Eval=6 + 6im Aval=-72 - 73im sval=10 Jval=0 - 1im
    freq=75 polr=0 time=61796 dish=32 beam=12 Eval=-6 + 2im Aval=-83 + 28im sval=7 Jval=3 - 3im
    freq=69 polr=1 time=64324 dish=18 beam=15 Eval=2 + 2im Aval=19 - 43im sval=8 Jval=1 + 0im
    freq=96 polr=0 time=41739 dish=80 beam=4 Eval=6 + 0im Aval=91 + 44im sval=10 Jval=1 + 0im
    freq=39 polr=1 time=61604 dish=121 beam=11 Eval=-3 + 5im Aval=-32 + 49im sval=6 Jval=-2 - 5im
    freq=9 polr=1 time=38924 dish=62 beam=9 Eval=6 + 7im Aval=-126 - 89im sval=11 Jval=0 - 1im
    freq=112 polr=1 time=37207 dish=44 beam=0 Eval=1 + 5im Aval=-4 - 25im sval=6 Jval=2 - 1im
    freq=112 polr=1 time=33302 dish=26 beam=5 Eval=2 + 7im Aval=116 + 8im sval=7 Jval=1 + 7im
    freq=50 polr=1 time=18241 dish=122 beam=12 Eval=-5 + 3im Aval=-67 + 100im sval=7 Jval=0 - 5im
    freq=69 polr=1 time=21301 dish=95 beam=10 Eval=5 + 2im Aval=-62 + 11im sval=6 Jval=-5 - 1im
    freq=57 polr=0 time=8172 dish=2 beam=15 Eval=7 - 1im Aval=-126 + 99im sval=7 Jval=-6 + 6im
    freq=46 polr=0 time=63525 dish=82 beam=13 Eval=6 + 2im Aval=76 + 93im sval=8 Jval=1 + 3im
    freq=61 polr=0 time=16450 dish=117 beam=10 Eval=6 - 6im Aval=-53 + 97im sval=9 Jval=1 + 2im
    freq=69 polr=0 time=20943 dish=108 beam=5 Eval=-7 + 5im Aval=-88 + 53im sval=8 Jval=1 - 3im
    freq=92 polr=0 time=21664 dish=4 beam=8 Eval=-1 + 0im Aval=-15 + 120im sval=7 Jval=0 - 1im
    freq=34 polr=1 time=56559 dish=92 beam=15 Eval=6 - 2im Aval=-82 - 123im sval=8 Jval=-3 - 2im
    freq=20 polr=1 time=42702 dish=107 beam=14 Eval=2 + 3im Aval=-114 + 34im sval=9 Jval=-1 - 1im
    freq=27 polr=0 time=26804 dish=69 beam=13 Eval=-4 - 5im Aval=88 - 69im sval=8 Jval=-3 - 1im
    freq=0 polr=0 time=6820 dish=23 beam=8 Eval=-2 - 5im Aval=-20 - 56im sval=6 Jval=-4 + 3im
    freq=12 polr=0 time=29351 dish=50 beam=6 Eval=5 - 3im Aval=-121 + 109im sval=10 Jval=0 + 1im
    freq=83 polr=1 time=53251 dish=43 beam=11 Eval=5 + 2im Aval=7 + 89im sval=7 Jval=-1 + 4im
    freq=15 polr=1 time=39243 dish=94 beam=5 Eval=-2 + 5im Aval=-46 - 7im sval=5 Jval=4 - 7im
    freq=101 polr=1 time=61203 dish=76 beam=0 Eval=-4 - 4im Aval=-125 - 74im sval=7 Jval=2 + 6im
    freq=28 polr=0 time=19716 dish=77 beam=2 Eval=2 - 6im Aval=-1 + 51im sval=7 Jval=2 + 1im
    freq=48 polr=1 time=58968 dish=11 beam=1 Eval=-3 + 5im Aval=-118 - 43im sval=8 Jval=2 - 2im
    freq=73 polr=1 time=5447 dish=31 beam=5 Eval=-2 - 2im Aval=7 - 105im sval=7 Jval=-2 + 2im
    freq=16 polr=1 time=48221 dish=26 beam=5 Eval=5 - 7im Aval=103 + 109im sval=9 Jval=3 + 0im
    freq=7 polr=1 time=27247 dish=73 beam=10 Eval=6 - 5im Aval=-38 + 37im sval=6 Jval=-1 + 7im
    freq=25 polr=0 time=3409 dish=72 beam=10 Eval=-2 - 4im Aval=-123 - 55im sval=8 Jval=0 + 2im
    freq=54 polr=1 time=1691 dish=40 beam=10 Eval=1 + 5im Aval=-106 - 6im sval=9 Jval=0 - 1im
    freq=83 polr=1 time=8238 dish=121 beam=13 Eval=0 - 6im Aval=41 - 105im sval=9 Jval=-1 + 0im
    freq=98 polr=1 time=44649 dish=66 beam=13 Eval=5 - 3im Aval=15 - 14im sval=5 Jval=1 - 3im
    freq=44 polr=0 time=15237 dish=80 beam=4 Eval=-5 - 5im Aval=37 - 4im sval=6 Jval=-3 - 3im
    freq=68 polr=1 time=34617 dish=1 beam=1 Eval=4 + 2im Aval=-13 - 62im sval=8 Jval=0 - 1im
    freq=91 polr=1 time=28010 dish=79 beam=7 Eval=7 - 3im Aval=-22 + 10im sval=7 Jval=-1 + 1im
    freq=36 polr=1 time=1161 dish=17 beam=14 Eval=7 - 1im Aval=80 - 35im sval=9 Jval=1 - 1im
    freq=125 polr=0 time=41679 dish=97 beam=13 Eval=4 - 6im Aval=54 + 98im sval=8 Jval=3 + 0im
    freq=8 polr=0 time=48961 dish=122 beam=11 Eval=3 - 3im Aval=119 - 37im sval=9 Jval=0 - 1im
    freq=31 polr=0 time=34320 dish=78 beam=15 Eval=0 - 4im Aval=-37 + 22im sval=8 Jval=0 + 1im
    freq=33 polr=0 time=63664 dish=22 beam=9 Eval=-6 + 6im Aval=-49 - 58im sval=7 Jval=5 + 0im
    freq=111 polr=0 time=53582 dish=43 beam=11 Eval=0 - 5im Aval=60 - 33im sval=7 Jval=-1 - 2im
    freq=3 polr=0 time=17561 dish=31 beam=4 Eval=7 + 6im Aval=-69 + 108im sval=11 Jval=-1 + 0im
    freq=45 polr=1 time=12883 dish=5 beam=2 Eval=-4 + 7im Aval=-47 - 108im sval=8 Jval=4 + 0im
    freq=28 polr=1 time=25565 dish=44 beam=12 Eval=4 + 1im Aval=118 - 16im sval=8 Jval=2 + 0im
    freq=107 polr=0 time=26542 dish=37 beam=14 Eval=-6 - 6im Aval=38 - 44im sval=8 Jval=-2 + 0im
    freq=80 polr=1 time=38818 dish=32 beam=11 Eval=-4 + 7im Aval=-21 + 124im sval=9 Jval=-2 - 1im
    freq=24 polr=0 time=3557 dish=47 beam=8 Eval=0 + 1im Aval=-41 - 30im sval=6 Jval=1 - 1im
    freq=23 polr=1 time=26633 dish=104 beam=13 Eval=-3 - 3im Aval=96 + 75im sval=8 Jval=0 - 2im
    freq=57 polr=0 time=3227 dish=79 beam=5 Eval=4 - 4im Aval=75 + 11im sval=9 Jval=1 + 0im
    freq=117 polr=0 time=57772 dish=97 beam=12 Eval=3 - 2im Aval=82 - 107im sval=7 Jval=0 - 4im
    freq=1 polr=0 time=30924 dish=91 beam=11 Eval=-2 + 2im Aval=-15 - 107im sval=7 Jval=2 + 1im
    freq=62 polr=0 time=60556 dish=104 beam=10 Eval=1 - 7im Aval=-93 - 43im sval=7 Jval=-3 + 5im
    freq=81 polr=1 time=11535 dish=26 beam=2 Eval=-3 + 5im Aval=95 + 3im sval=9 Jval=-1 + 1im
    freq=38 polr=1 time=29168 dish=41 beam=2 Eval=3 - 4im Aval=75 + 0im sval=6 Jval=4 - 5im
    freq=107 polr=0 time=40177 dish=62 beam=13 Eval=1 + 4im Aval=-57 + 65im sval=8 Jval=-1 - 1im
    freq=9 polr=0 time=64597 dish=35 beam=10 Eval=-7 + 1im Aval=88 + 43im sval=10 Jval=-1 + 0im
    freq=34 polr=1 time=59739 dish=101 beam=10 Eval=5 - 4im Aval=-20 - 11im sval=5 Jval=-4 + 1im
    freq=45 polr=0 time=26058 dish=15 beam=3 Eval=-5 - 7im Aval=25 - 3im sval=5 Jval=-4 - 5im
    freq=10 polr=1 time=63500 dish=19 beam=3 Eval=2 + 4im Aval=-17 - 20im sval=5 Jval=2 - 3im
    freq=54 polr=0 time=37091 dish=17 beam=5 Eval=7 + 2im Aval=81 + 95im sval=9 Jval=1 + 2im
    freq=33 polr=0 time=50272 dish=116 beam=13 Eval=-1 - 4im Aval=69 - 70im sval=9 Jval=-1 + 0im
    freq=14 polr=0 time=18830 dish=34 beam=8 Eval=0 - 4im Aval=70 - 120im sval=6 Jval=-7 - 4im
    freq=108 polr=1 time=43417 dish=31 beam=14 Eval=-4 + 1im Aval=-63 + 72im sval=9 Jval=0 - 1im
    freq=64 polr=0 time=6519 dish=46 beam=12 Eval=3 - 2im Aval=82 - 21im sval=8 Jval=1 - 1im
    freq=97 polr=1 time=39170 dish=94 beam=7 Eval=1 - 6im Aval=-61 + 6im sval=6 Jval=0 + 6im
    freq=116 polr=1 time=1689 dish=64 beam=5 Eval=6 - 6im Aval=24 - 16im sval=6 Jval=1 - 4im
    freq=66 polr=1 time=10900 dish=115 beam=13 Eval=-7 + 6im Aval=2 - 12im sval=7 Jval=0 + 1im
    freq=88 polr=1 time=33362 dish=93 beam=4 Eval=1 - 6im Aval=-58 + 73im sval=9 Jval=1 + 1im
    freq=79 polr=1 time=17089 dish=42 beam=1 Eval=5 + 2im Aval=5 - 70im sval=8 Jval=1 - 1im
    freq=40 polr=0 time=11956 dish=53 beam=11 Eval=4 - 4im Aval=-63 - 19im sval=9 Jval=-1 + 0im
    freq=90 polr=1 time=53506 dish=40 beam=1 Eval=2 + 3im Aval=7 + 57im sval=7 Jval=-1 + 1im
    freq=36 polr=0 time=49681 dish=41 beam=13 Eval=6 - 7im Aval=-33 + 78im sval=9 Jval=1 + 1im
    freq=16 polr=1 time=7548 dish=53 beam=11 Eval=-7 + 6im Aval=94 - 98im sval=9 Jval=0 + 2im
    freq=14 polr=1 time=42594 dish=61 beam=5 Eval=1 - 5im Aval=100 - 73im sval=10 Jval=0 - 1im
    freq=57 polr=0 time=39770 dish=24 beam=11 Eval=7 + 4im Aval=45 - 125im sval=10 Jval=1 - 1im
    freq=82 polr=1 time=33858 dish=28 beam=7 Eval=6 - 4im Aval=67 - 40im sval=9 Jval=0 - 1im
    freq=118 polr=0 time=5688 dish=72 beam=4 Eval=0 + 6im Aval=-18 - 46im sval=8 Jval=1 + 0im
    freq=1 polr=0 time=16982 dish=88 beam=5 Eval=6 - 3im Aval=72 + 126im sval=8 Jval=3 + 2im
    freq=102 polr=1 time=59771 dish=99 beam=2 Eval=5 + 6im Aval=101 + 34im sval=8 Jval=1 + 3im
    freq=74 polr=1 time=790 dish=27 beam=10 Eval=2 + 5im Aval=48 - 23im sval=6 Jval=3 + 3im
    freq=22 polr=0 time=53015 dish=74 beam=12 Eval=-5 - 5im Aval=-80 + 68im sval=7 Jval=6 + 1im
    freq=116 polr=0 time=53692 dish=27 beam=13 Eval=-6 + 7im Aval=-21 - 24im sval=6 Jval=5 + 0im
    freq=2 polr=0 time=34143 dish=73 beam=5 Eval=-2 - 5im Aval=66 - 9im sval=7 Jval=-1 - 2im
    freq=70 polr=0 time=37001 dish=7 beam=3 Eval=2 + 7im Aval=120 + 116im sval=11 Jval=0 + 1im
    freq=14 polr=1 time=53727 dish=78 beam=8 Eval=-3 + 0im Aval=89 + 66im sval=6 Jval=-4 - 3im
    freq=70 polr=0 time=14870 dish=10 beam=14 Eval=7 - 4im Aval=67 + 72im sval=9 Jval=1 + 0im
    freq=7 polr=0 time=6648 dish=73 beam=10 Eval=-1 + 3im Aval=109 - 121im sval=8 Jval=1 + 2im
    freq=100 polr=0 time=23637 dish=0 beam=4 Eval=-5 + 6im Aval=-57 + 40im sval=9 Jval=0 - 1im
    freq=61 polr=0 time=17117 dish=53 beam=11 Eval=5 - 3im Aval=11 - 54im sval=6 Jval=-2 - 5im
    freq=17 polr=1 time=6724 dish=41 beam=4 Eval=5 + 0im Aval=-39 - 61im sval=7 Jval=-1 - 2im
    freq=7 polr=0 time=10945 dish=62 beam=12 Eval=1 - 1im Aval=27 + 125im sval=7 Jval=1 + 1im
    freq=9 polr=1 time=11420 dish=91 beam=6 Eval=0 - 5im Aval=105 + 105im sval=8 Jval=2 - 2im
    freq=88 polr=1 time=42663 dish=96 beam=4 Eval=7 + 5im Aval=124 + 119im sval=9 Jval=1 + 3im
    freq=39 polr=1 time=24694 dish=96 beam=7 Eval=1 - 2im Aval=76 + 78im sval=7 Jval=2 - 1im
    freq=4 polr=1 time=8589 dish=32 beam=10 Eval=-4 - 2im Aval=-39 + 95im sval=7 Jval=3 - 2im
    freq=14 polr=1 time=32986 dish=40 beam=7 Eval=7 + 7im Aval=-71 - 40im sval=7 Jval=-2 - 6im
    freq=17 polr=0 time=54434 dish=4 beam=10 Eval=0 + 1im Aval=-35 + 89im sval=4 Jval=-5 - 2im
    freq=86 polr=0 time=61447 dish=91 beam=5 Eval=4 + 7im Aval=121 + 91im sval=11 Jval=0 + 1im
    freq=56 polr=1 time=11128 dish=88 beam=13 Eval=-3 - 4im Aval=-94 + 45im sval=6 Jval=7 + 4im
    freq=36 polr=1 time=15083 dish=80 beam=1 Eval=-3 + 2im Aval=84 - 26im sval=7 Jval=-2 + 2im
    freq=45 polr=0 time=21387 dish=12 beam=15 Eval=3 - 2im Aval=115 + 4im sval=8 Jval=1 - 1im
    freq=119 polr=0 time=32744 dish=50 beam=3 Eval=-5 - 6im Aval=-9 - 65im sval=9 Jval=-1 + 1im
    freq=101 polr=0 time=31919 dish=7 beam=11 Eval=2 - 1im Aval=29 - 54im sval=7 Jval=0 - 1im
    freq=48 polr=0 time=36439 dish=79 beam=10 Eval=0 + 6im Aval=-111 - 43im sval=9 Jval=1 - 1im
    freq=10 polr=1 time=62213 dish=6 beam=12 Eval=7 - 6im Aval=18 + 104im sval=10 Jval=1 + 1im
    freq=58 polr=1 time=62537 dish=91 beam=10 Eval=-4 + 3im Aval=108 - 126im sval=9 Jval=0 + 2im
    freq=56 polr=1 time=7681 dish=62 beam=10 Eval=-3 + 3im Aval=-68 - 85im sval=8 Jval=2 + 0im
    freq=21 polr=0 time=34363 dish=22 beam=13 Eval=-1 - 2im Aval=-88 - 105im sval=6 Jval=-2 + 4im
    freq=64 polr=0 time=56582 dish=29 beam=15 Eval=-7 + 3im Aval=1 + 77im sval=9 Jval=0 - 1im
    freq=115 polr=1 time=60324 dish=56 beam=10 Eval=-4 + 0im Aval=-39 + 39im sval=8 Jval=1 - 1im
    freq=78 polr=1 time=8908 dish=91 beam=11 Eval=5 + 1im Aval=39 - 14im sval=8 Jval=1 + 0im
    freq=26 polr=1 time=26319 dish=37 beam=7 Eval=0 - 2im Aval=116 + 2im sval=6 Jval=0 - 4im
    freq=82 polr=1 time=27996 dish=76 beam=7 Eval=7 - 1im Aval=107 - 123im sval=9 Jval=1 - 2im
    freq=56 polr=0 time=43002 dish=121 beam=1 Eval=2 - 7im Aval=-123 + 96im sval=11 Jval=0 + 1im
    freq=35 polr=0 time=21538 dish=104 beam=3 Eval=-1 - 2im Aval=71 - 38im sval=8 Jval=-1 + 0im
    freq=61 polr=0 time=518 dish=88 beam=11 Eval=-2 + 4im Aval=-66 + 14im sval=6 Jval=1 - 4im
    freq=59 polr=0 time=23668 dish=21 beam=6 Eval=-1 + 5im Aval=-64 - 61im sval=8 Jval=1 - 1im
    freq=48 polr=0 time=47532 dish=56 beam=0 Eval=-5 + 3im Aval=-119 - 80im sval=7 Jval=7 + 0im
    freq=29 polr=1 time=41910 dish=85 beam=11 Eval=-1 - 3im Aval=111 - 117im sval=6 Jval=-7 - 3im
    freq=35 polr=0 time=32083 dish=14 beam=10 Eval=3 - 5im Aval=20 - 27im sval=5 Jval=-2 - 6im
    freq=89 polr=0 time=42413 dish=72 beam=10 Eval=6 + 5im Aval=18 + 33im sval=8 Jval=0 + 1im
    freq=120 polr=1 time=40010 dish=104 beam=0 Eval=-7 + 1im Aval=73 + 0im sval=8 Jval=-2 + 0im
    freq=52 polr=1 time=19891 dish=122 beam=6 Eval=-1 + 3im Aval=-60 + 25im sval=8 Jval=0 - 1im
    freq=110 polr=1 time=34781 dish=78 beam=6 Eval=-1 + 2im Aval=32 + 1im sval=6 Jval=0 + 1im
    freq=101 polr=1 time=59348 dish=27 beam=0 Eval=-5 - 4im Aval=47 + 86im sval=7 Jval=1 - 5im
    freq=63 polr=1 time=45568 dish=21 beam=8 Eval=-7 + 0im Aval=125 + 54im sval=10 Jval=-1 + 0im
    freq=49 polr=1 time=51969 dish=75 beam=6 Eval=-6 + 0im Aval=-38 - 43im sval=8 Jval=1 + 1im
    freq=124 polr=1 time=12694 dish=80 beam=4 Eval=-1 + 5im Aval=105 + 104im sval=9 Jval=-1 + 1im
    freq=44 polr=1 time=13854 dish=78 beam=5 Eval=1 + 7im Aval=108 - 56im sval=7 Jval=4 + 6im
    freq=20 polr=1 time=21520 dish=84 beam=5 Eval=6 - 5im Aval=105 - 18im sval=7 Jval=4 - 5im
    freq=90 polr=1 time=17994 dish=78 beam=8 Eval=6 + 4im Aval=-32 + 75im sval=9 Jval=-1 + 1im
    freq=50 polr=0 time=53757 dish=16 beam=3 Eval=0 - 5im Aval=3 + 58im sval=8 Jval=1 + 0im
    freq=15 polr=1 time=6590 dish=77 beam=2 Eval=0 + 6im Aval=-125 - 88im sval=8 Jval=2 - 3im
    freq=95 polr=0 time=11863 dish=51 beam=9 Eval=7 + 1im Aval=-47 - 37im sval=8 Jval=-1 - 1im
    freq=100 polr=1 time=61274 dish=102 beam=14 Eval=-2 - 2im Aval=-99 - 45im sval=9 Jval=0 + 1im
    freq=87 polr=0 time=42329 dish=111 beam=6 Eval=-4 + 4im Aval=85 + 17im sval=9 Jval=-1 + 1im
    freq=29 polr=1 time=10753 dish=76 beam=2 Eval=4 + 5im Aval=42 + 12im sval=7 Jval=1 + 2im
    freq=46 polr=1 time=42723 dish=3 beam=14 Eval=-2 - 5im Aval=-3 - 44im sval=6 Jval=-3 + 2im
    freq=107 polr=1 time=37403 dish=11 beam=13 Eval=5 + 5im Aval=-92 + 31im sval=9 Jval=-1 - 1im
    freq=2 polr=1 time=2766 dish=7 beam=15 Eval=7 - 6im Aval=-89 + 114im sval=8 Jval=0 + 5im
    freq=34 polr=0 time=9818 dish=84 beam=5 Eval=-5 + 3im Aval=10 + 75im sval=6 Jval=-4 - 5im
    freq=123 polr=1 time=2437 dish=88 beam=14 Eval=-4 + 0im Aval=-110 + 27im sval=6 Jval=7 - 2im
    freq=119 polr=0 time=56390 dish=102 beam=4 Eval=2 + 3im Aval=-40 - 87im sval=9 Jval=0 - 1im
    freq=104 polr=1 time=12280 dish=58 beam=0 Eval=4 + 0im Aval=-95 + 63im sval=6 Jval=-6 + 4im
    freq=68 polr=1 time=4299 dish=10 beam=5 Eval=-5 + 5im Aval=-73 - 14im sval=8 Jval=2 - 1im
    freq=6 polr=0 time=13847 dish=41 beam=3 Eval=-5 + 5im Aval=-72 - 42im sval=9 Jval=1 + 0im
    freq=2 polr=1 time=32954 dish=61 beam=1 Eval=1 + 7im Aval=10 - 14im sval=7 Jval=1 + 0im
    freq=99 polr=1 time=22942 dish=69 beam=11 Eval=-6 + 6im Aval=87 + 100im sval=9 Jval=-2 + 0im
    freq=111 polr=1 time=54279 dish=39 beam=11 Eval=7 - 2im Aval=95 + 2im sval=8 Jval=3 - 1im
    freq=62 polr=0 time=4437 dish=89 beam=11 Eval=2 + 2im Aval=105 - 13im sval=6 Jval=4 + 3im
    freq=120 polr=0 time=15522 dish=33 beam=0 Eval=-7 + 2im Aval=-116 + 53im sval=10 Jval=1 - 1im
    freq=48 polr=0 time=10893 dish=88 beam=3 Eval=-3 + 4im Aval=-36 - 105im sval=9 Jval=1 + 0im
    freq=78 polr=0 time=53744 dish=90 beam=2 Eval=0 + 6im Aval=-49 + 82im sval=8 Jval=-2 - 1im
    freq=35 polr=1 time=25409 dish=34 beam=6 Eval=-7 - 2im Aval=88 + 122im sval=10 Jval=0 - 1im
    freq=103 polr=0 time=11277 dish=111 beam=14 Eval=1 - 5im Aval=-18 + 110im sval=9 Jval=1 + 0im
    freq=4 polr=1 time=39307 dish=21 beam=13 Eval=4 - 2im Aval=17 + 62im sval=5 Jval=6 + 7im
    freq=20 polr=0 time=6798 dish=104 beam=5 Eval=0 + 4im Aval=99 - 30im sval=6 Jval=2 + 6im
    freq=27 polr=1 time=34903 dish=115 beam=8 Eval=5 - 1im Aval=-51 + 125im sval=7 Jval=-1 + 5im
    freq=76 polr=1 time=9064 dish=49 beam=14 Eval=-2 - 4im Aval=110 + 54im sval=10 Jval=0 - 1im
    freq=107 polr=1 time=15355 dish=63 beam=11 Eval=1 - 5im Aval=115 - 98im sval=9 Jval=-1 - 1im
    freq=36 polr=1 time=9173 dish=73 beam=1 Eval=-6 + 4im Aval=64 - 37im sval=7 Jval=-2 + 4im
    freq=62 polr=1 time=63985 dish=106 beam=8 Eval=-6 + 2im Aval=-10 + 116im sval=8 Jval=-1 - 3im
    freq=15 polr=0 time=42569 dish=65 beam=9 Eval=-5 + 6im Aval=99 + 8im sval=7 Jval=-4 + 4im
    freq=82 polr=0 time=61170 dish=34 beam=2 Eval=7 + 5im Aval=37 + 86im sval=9 Jval=0 + 2im
    freq=95 polr=1 time=60800 dish=116 beam=3 Eval=2 + 2im Aval=112 + 19im sval=9 Jval=0 + 1im
    freq=44 polr=1 time=19640 dish=58 beam=14 Eval=-4 - 5im Aval=18 - 116im sval=10 Jval=-1 + 0im
    freq=80 polr=1 time=32933 dish=57 beam=3 Eval=-4 + 5im Aval=53 - 24im sval=9 Jval=0 + 1im
    freq=97 polr=0 time=51071 dish=38 beam=9 Eval=3 - 7im Aval=19 - 92im sval=10 Jval=-1 + 0im
    freq=93 polr=0 time=31768 dish=1 beam=3 Eval=0 + 6im Aval=-49 + 44im sval=7 Jval=-2 - 2im
    freq=111 polr=1 time=24339 dish=79 beam=2 Eval=5 + 1im Aval=122 - 20im sval=10 Jval=1 + 0im
    freq=15 polr=1 time=18327 dish=113 beam=0 Eval=5 - 6im Aval=-62 - 24im sval=9 Jval=-1 + 1im
    freq=93 polr=1 time=55006 dish=90 beam=12 Eval=-3 + 5im Aval=115 - 14im sval=8 Jval=-1 + 2im
    freq=110 polr=0 time=26115 dish=127 beam=14 Eval=-5 - 1im Aval=-37 - 117im sval=8 Jval=0 + 2im
    freq=104 polr=0 time=7388 dish=102 beam=8 Eval=5 + 2im Aval=8 + 108im sval=10 Jval=0 + 1im
    freq=115 polr=1 time=9274 dish=13 beam=11 Eval=-2 - 5im Aval=-8 - 11im sval=5 Jval=-1 + 2im
    freq=35 polr=1 time=60192 dish=63 beam=8 Eval=7 + 2im Aval=122 - 18im sval=10 Jval=1 + 0im
    freq=3 polr=0 time=34350 dish=94 beam=2 Eval=-7 - 4im Aval=-79 + 74im sval=10 Jval=1 + 0im
    freq=111 polr=1 time=49020 dish=40 beam=12 Eval=2 + 4im Aval=41 + 77im sval=8 Jval=-1 + 1im
    freq=46 polr=1 time=26205 dish=109 beam=8 Eval=-2 + 5im Aval=110 - 98im sval=8 Jval=1 + 3im
    freq=48 polr=1 time=28146 dish=43 beam=2 Eval=1 + 5im Aval=20 - 29im sval=7 Jval=1 + 1im
    freq=52 polr=1 time=21560 dish=30 beam=12 Eval=-7 - 1im Aval=-23 + 125im sval=7 Jval=2 - 7im
    freq=99 polr=1 time=29079 dish=80 beam=14 Eval=-6 + 2im Aval=-122 + 25im sval=10 Jval=1 + 0im
    freq=1 polr=1 time=3731 dish=33 beam=4 Eval=-3 + 5im Aval=114 - 58im sval=10 Jval=0 + 1im
    freq=15 polr=0 time=40043 dish=93 beam=10 Eval=-7 + 5im Aval=-113 - 124im sval=11 Jval=1 + 0im
    freq=47 polr=0 time=29500 dish=5 beam=14 Eval=-7 + 3im Aval=-25 + 16im sval=8 Jval=1 - 1im
    freq=114 polr=1 time=37769 dish=88 beam=6 Eval=1 + 1im Aval=-68 - 48im sval=4 Jval=-1 - 7im
    freq=32 polr=0 time=44464 dish=96 beam=11 Eval=-1 - 1im Aval=121 + 99im sval=7 Jval=0 - 2im
    freq=106 polr=0 time=20836 dish=87 beam=12 Eval=-7 + 6im Aval=79 + 102im sval=11 Jval=-1 + 0im
    freq=115 polr=0 time=58589 dish=106 beam=3 Eval=-1 - 7im Aval=66 + 50im sval=9 Jval=1 - 1im
    freq=48 polr=0 time=47826 dish=27 beam=12 Eval=-4 + 3im Aval=92 - 126im sval=8 Jval=0 + 3im
    freq=119 polr=1 time=45188 dish=74 beam=12 Eval=4 - 5im Aval=-107 + 21im sval=9 Jval=-1 + 1im
    freq=100 polr=0 time=30825 dish=93 beam=4 Eval=-3 + 5im Aval=121 - 38im sval=9 Jval=0 + 1im
    freq=108 polr=0 time=7912 dish=2 beam=6 Eval=-1 + 6im Aval=-107 - 53im sval=8 Jval=2 - 2im
    freq=15 polr=1 time=43755 dish=54 beam=0 Eval=4 + 7im Aval=-51 + 6im sval=9 Jval=0 - 1im
    freq=112 polr=0 time=23134 dish=11 beam=14 Eval=-6 - 3im Aval=-9 + 35im sval=8 Jval=1 - 1im
    freq=97 polr=1 time=1428 dish=99 beam=11 Eval=5 - 7im Aval=77 - 69im sval=7 Jval=-1 - 7im
    freq=92 polr=1 time=51940 dish=70 beam=5 Eval=-3 + 6im Aval=43 + 80im sval=7 Jval=-5 + 0im
    freq=2 polr=1 time=58452 dish=102 beam=15 Eval=-3 + 1im Aval=40 + 49im sval=8 Jval=-1 + 0im
    freq=99 polr=0 time=2392 dish=11 beam=2 Eval=1 - 3im Aval=88 - 118im sval=6 Jval=-4 - 6im
    freq=107 polr=1 time=52166 dish=19 beam=11 Eval=2 - 7im Aval=100 + 118im sval=9 Jval=2 - 1im
    freq=98 polr=1 time=1592 dish=60 beam=7 Eval=0 + 4im Aval=-68 + 75im sval=8 Jval=-1 - 1im
    freq=65 polr=0 time=52821 dish=124 beam=8 Eval=-2 + 3im Aval=92 - 50im sval=8 Jval=0 + 1im
    freq=27 polr=1 time=3261 dish=57 beam=7 Eval=-4 - 6im Aval=-86 - 8im sval=7 Jval=2 + 4im
    freq=29 polr=1 time=38068 dish=80 beam=2 Eval=-3 + 4im Aval=-66 - 18im sval=7 Jval=2 - 2im
    freq=0 polr=1 time=11204 dish=61 beam=2 Eval=-5 + 0im Aval=-100 + 117im sval=9 Jval=1 - 1im
    freq=62 polr=1 time=14760 dish=4 beam=1 Eval=2 - 1im Aval=56 - 29im sval=4 Jval=5 - 7im
    freq=84 polr=1 time=50468 dish=73 beam=6 Eval=-4 - 4im Aval=109 + 58im sval=7 Jval=-2 - 5im
    freq=101 polr=0 time=5701 dish=81 beam=14 Eval=4 + 4im Aval=7 + 0im sval=6 Jval=1 + 1im
    freq=74 polr=1 time=20326 dish=4 beam=2 Eval=-3 + 4im Aval=70 + 3im sval=6 Jval=-3 + 4im
    freq=76 polr=1 time=63075 dish=95 beam=14 Eval=-7 + 6im Aval=-114 - 40im sval=10 Jval=1 + 0im
    freq=120 polr=1 time=25694 dish=52 beam=12 Eval=6 - 7im Aval=-38 + 76im sval=7 Jval=2 + 6im
    freq=24 polr=1 time=33945 dish=24 beam=8 Eval=3 + 3im Aval=-95 - 123im sval=10 Jval=0 - 1im
    freq=47 polr=1 time=35504 dish=2 beam=11 Eval=5 + 1im Aval=6 + 121im sval=7 Jval=-1 + 5im
    freq=119 polr=0 time=44842 dish=7 beam=8 Eval=6 - 6im Aval=109 + 24im sval=9 Jval=2 - 1im
    freq=125 polr=0 time=30381 dish=27 beam=12 Eval=2 + 2im Aval=-29 + 110im sval=8 Jval=-1 + 1im
    freq=116 polr=0 time=57465 dish=96 beam=0 Eval=6 + 0im Aval=-105 - 104im sval=10 Jval=-1 - 1im
    freq=86 polr=1 time=26834 dish=121 beam=7 Eval=-4 + 3im Aval=-63 + 122im sval=8 Jval=0 - 3im
    freq=125 polr=0 time=50173 dish=68 beam=3 Eval=-6 - 7im Aval=127 + 33im sval=10 Jval=-1 - 1im
    freq=46 polr=1 time=15182 dish=89 beam=6 Eval=-3 + 6im Aval=-71 - 117im sval=8 Jval=4 + 0im
    freq=72 polr=0 time=9634 dish=8 beam=6 Eval=1 + 0im Aval=-24 + 77im sval=4 Jval=-1 + 5im
    freq=59 polr=0 time=35416 dish=7 beam=4 Eval=-2 + 5im Aval=114 + 84im sval=10 Jval=-1 + 0im
    freq=73 polr=1 time=34022 dish=6 beam=5 Eval=-7 - 3im Aval=-78 - 2im sval=7 Jval=4 + 2im
    freq=64 polr=0 time=19417 dish=110 beam=1 Eval=-2 - 4im Aval=41 - 12im sval=5 Jval=-4 - 4im
    freq=51 polr=1 time=57695 dish=75 beam=14 Eval=5 + 6im Aval=-74 + 70im sval=8 Jval=-3 + 0im
    freq=6 polr=1 time=46257 dish=5 beam=4 Eval=6 - 2im Aval=28 + 91im sval=9 Jval=1 + 1im
    freq=95 polr=0 time=20997 dish=101 beam=9 Eval=-4 + 0im Aval=-105 + 53im sval=8 Jval=2 - 1im
    freq=99 polr=1 time=34875 dish=60 beam=9 Eval=-7 - 7im Aval=27 - 63im sval=9 Jval=-1 + 1im
    freq=111 polr=1 time=11790 dish=100 beam=9 Eval=-6 - 2im Aval=-83 - 33im sval=6 Jval=7 + 6im
    freq=82 polr=0 time=53741 dish=86 beam=11 Eval=-2 + 7im Aval=78 + 1im sval=10 Jval=0 + 1im
    freq=77 polr=0 time=54053 dish=28 beam=8 Eval=7 - 6im Aval=51 - 32im sval=9 Jval=0 - 1im
    freq=40 polr=1 time=52056 dish=47 beam=2 Eval=1 + 6im Aval=101 + 47im sval=8 Jval=-1 + 3im
    freq=72 polr=0 time=4514 dish=23 beam=11 Eval=-6 + 7im Aval=-85 + 112im sval=10 Jval=0 - 1im
    freq=50 polr=1 time=27379 dish=42 beam=6 Eval=0 + 6im Aval=7 + 28im sval=7 Jval=-1 + 0im
    freq=123 polr=0 time=53099 dish=123 beam=5 Eval=-7 + 6im Aval=-84 - 46im sval=10 Jval=1 + 0im
    freq=93 polr=0 time=54922 dish=104 beam=9 Eval=2 - 6im Aval=-100 + 91im sval=10 Jval=0 + 1im
    freq=94 polr=1 time=11162 dish=42 beam=3 Eval=1 - 4im Aval=3 - 109im sval=9 Jval=-1 + 0im
    freq=80 polr=0 time=11521 dish=53 beam=0 Eval=3 + 0im Aval=-107 + 105im sval=8 Jval=-1 + 1im
    freq=74 polr=0 time=48442 dish=87 beam=13 Eval=-3 + 6im Aval=112 + 40im sval=10 Jval=-1 + 1im
    freq=31 polr=1 time=55301 dish=58 beam=11 Eval=0 + 2im Aval=-13 + 21im sval=5 Jval=-1 - 1im
    freq=88 polr=0 time=18357 dish=114 beam=5 Eval=1 + 7im Aval=0 - 18im sval=7 Jval=1 + 0im
    freq=123 polr=1 time=64156 dish=22 beam=5 Eval=7 + 6im Aval=-34 + 118im sval=8 Jval=-4 + 2im
    freq=86 polr=1 time=21634 dish=107 beam=0 Eval=1 + 1im Aval=66 + 100im sval=6 Jval=0 + 3im
    freq=41 polr=1 time=13949 dish=94 beam=14 Eval=-2 + 4im Aval=126 - 52im sval=8 Jval=0 + 2im
    freq=79 polr=1 time=17728 dish=50 beam=6 Eval=7 + 1im Aval=-46 + 63im sval=7 Jval=-3 + 3im
    freq=98 polr=0 time=37423 dish=99 beam=1 Eval=-6 + 4im Aval=-33 + 57im sval=8 Jval=0 - 2im
    freq=61 polr=0 time=54194 dish=52 beam=11 Eval=-1 - 3im Aval=96 - 98im sval=6 Jval=-6 - 3im
    freq=39 polr=1 time=64819 dish=56 beam=12 Eval=3 - 3im Aval=-89 - 7im sval=6 Jval=-4 + 4im
    freq=66 polr=0 time=34116 dish=109 beam=12 Eval=6 - 4im Aval=72 - 10im sval=7 Jval=3 - 3im
    freq=85 polr=0 time=5520 dish=70 beam=6 Eval=1 + 7im Aval=-41 - 103im sval=7 Jval=5 - 3im
    freq=79 polr=1 time=20825 dish=41 beam=4 Eval=6 + 0im Aval=-95 + 116im sval=10 Jval=-1 + 1im
    freq=7 polr=1 time=38010 dish=54 beam=2 Eval=5 - 4im Aval=-67 - 13im sval=6 Jval=-6 + 3im
    freq=28 polr=0 time=52527 dish=103 beam=14 Eval=-4 - 4im Aval=85 + 95im sval=10 Jval=0 - 1im
    freq=20 polr=1 time=2030 dish=44 beam=8 Eval=-3 + 4im Aval=-18 + 121im sval=7 Jval=-3 - 3im
    freq=10 polr=0 time=23319 dish=34 beam=8 Eval=3 + 4im Aval=24 + 34im sval=8 Jval=0 + 1im
    freq=26 polr=1 time=41868 dish=75 beam=1 Eval=-5 - 3im Aval=-115 - 122im sval=8 Jval=1 + 4im
    freq=70 polr=0 time=18416 dish=33 beam=5 Eval=-4 + 0im Aval=-41 - 119im sval=9 Jval=0 + 1im
    freq=59 polr=0 time=36811 dish=100 beam=0 Eval=2 + 4im Aval=70 + 57im sval=7 Jval=-1 + 3im
    freq=75 polr=0 time=52146 dish=86 beam=5 Eval=1 - 1im Aval=-8 - 92im sval=6 Jval=-1 - 1im
    freq=44 polr=1 time=1416 dish=27 beam=0 Eval=-7 + 5im Aval=-103 - 115im sval=9 Jval=3 + 1im
    freq=0 polr=0 time=32596 dish=60 beam=10 Eval=5 + 3im Aval=3 + 60im sval=9 Jval=0 + 1im
    freq=37 polr=1 time=26224 dish=10 beam=1 Eval=0 - 7im Aval=-42 + 78im sval=7 Jval=4 + 2im
    freq=75 polr=0 time=28071 dish=71 beam=7 Eval=7 + 5im Aval=-33 - 11im sval=5 Jval=-5 - 7im
    freq=117 polr=1 time=9334 dish=45 beam=11 Eval=7 - 4im Aval=-73 - 93im sval=10 Jval=-1 + 0im
    freq=117 polr=1 time=4938 dish=122 beam=6 Eval=-4 - 1im Aval=-121 - 36im sval=8 Jval=2 + 1im
    freq=117 polr=1 time=47018 dish=24 beam=5 Eval=6 - 1im Aval=-90 + 124im sval=9 Jval=-1 + 2im
    freq=105 polr=1 time=63708 dish=43 beam=8 Eval=-4 - 7im Aval=93 + 57im sval=8 Jval=0 - 3im
    freq=46 polr=1 time=35671 dish=104 beam=6 Eval=-3 + 4im Aval=-92 + 93im sval=8 Jval=0 - 3im
    freq=77 polr=0 time=29524 dish=27 beam=8 Eval=-7 + 3im Aval=-75 + 121im sval=9 Jval=0 - 2im
    freq=34 polr=0 time=54165 dish=61 beam=7 Eval=6 - 3im Aval=2 - 88im sval=8 Jval=-1 - 2im
    freq=51 polr=0 time=14392 dish=37 beam=5 Eval=3 - 4im Aval=-27 - 63im sval=9 Jval=-1 + 0im
    freq=9 polr=1 time=46651 dish=86 beam=11 Eval=-3 - 7im Aval=-59 - 3im sval=6 Jval=3 + 7im
    freq=0 polr=1 time=33507 dish=95 beam=10 Eval=-4 - 1im Aval=-91 + 79im sval=8 Jval=2 - 1im
    freq=93 polr=1 time=56045 dish=31 beam=5 Eval=-4 + 6im Aval=-31 + 48im sval=9 Jval=0 - 1im
    freq=112 polr=0 time=31604 dish=27 beam=3 Eval=-5 - 1im Aval=-111 + 110im sval=10 Jval=1 + 0im
    freq=1 polr=0 time=30154 dish=27 beam=2 Eval=-6 + 5im Aval=-30 - 5im sval=5 Jval=7 - 4im
    freq=112 polr=0 time=20805 dish=61 beam=14 Eval=1 - 4im Aval=-100 - 69im sval=8 Jval=-1 + 1im
    freq=53 polr=0 time=35333 dish=70 beam=5 Eval=3 + 2im Aval=-104 - 127im sval=8 Jval=0 - 2im
    freq=96 polr=1 time=926 dish=63 beam=1 Eval=-4 + 4im Aval=87 + 122im sval=9 Jval=-2 + 0im
    freq=68 polr=1 time=39685 dish=121 beam=1 Eval=-5 + 3im Aval=-13 + 109im sval=8 Jval=-1 - 2im
    freq=35 polr=1 time=14217 dish=39 beam=5 Eval=-4 - 7im Aval=46 - 112im sval=8 Jval=-4 + 1im
    freq=15 polr=0 time=63492 dish=68 beam=5 Eval=4 - 1im Aval=-39 + 12im sval=6 Jval=-2 + 1im
    freq=46 polr=1 time=29232 dish=98 beam=8 Eval=2 + 3im Aval=65 + 76im sval=8 Jval=0 + 1im
    freq=22 polr=1 time=1421 dish=50 beam=7 Eval=2 - 1im Aval=88 + 18im sval=5 Jval=6 - 1im
    freq=28 polr=0 time=34347 dish=110 beam=8 Eval=5 + 3im Aval=-105 - 73im sval=8 Jval=-1 - 3im
    freq=80 polr=1 time=6868 dish=104 beam=2 Eval=5 + 4im Aval=-38 - 42im sval=6 Jval=0 - 6im
    freq=95 polr=0 time=35836 dish=33 beam=13 Eval=2 - 5im Aval=87 + 67im sval=8 Jval=2 - 1im
    freq=69 polr=1 time=48242 dish=120 beam=10 Eval=0 + 3im Aval=-105 - 30im sval=6 Jval=1 - 5im
    freq=115 polr=1 time=61652 dish=72 beam=0 Eval=-2 + 4im Aval=-87 + 99im sval=9 Jval=0 - 1im
    freq=86 polr=1 time=24737 dish=28 beam=2 Eval=1 + 3im Aval=-43 - 78im sval=6 Jval=3 - 3im
    freq=73 polr=1 time=3118 dish=93 beam=14 Eval=3 + 4im Aval=-81 + 97im sval=10 Jval=-1 + 0im
    freq=77 polr=1 time=15560 dish=55 beam=15 Eval=1 - 1im Aval=-10 - 58im sval=6 Jval=-1 - 1im
    freq=19 polr=0 time=64740 dish=94 beam=10 Eval=6 - 3im Aval=-83 - 34im sval=8 Jval=-2 + 0im
    freq=28 polr=1 time=19764 dish=33 beam=5 Eval=2 + 6im Aval=-41 + 81im sval=9 Jval=-1 + 0im
    freq=87 polr=0 time=222 dish=23 beam=0 Eval=5 + 3im Aval=-120 - 40im sval=9 Jval=-1 - 1im
    freq=92 polr=0 time=57785 dish=55 beam=0 Eval=-5 + 3im Aval=52 + 40im sval=9 Jval=-1 + 0im
    freq=111 polr=0 time=30869 dish=41 beam=8 Eval=-4 + 5im Aval=25 + 2im sval=7 Jval=-1 + 1im
    freq=90 polr=1 time=14527 dish=37 beam=15 Eval=7 - 7im Aval=118 + 98im sval=10 Jval=1 + 0im
    freq=101 polr=0 time=7459 dish=53 beam=3 Eval=1 + 3im Aval=108 + 33im sval=9 Jval=0 + 1im
    freq=45 polr=0 time=9140 dish=21 beam=1 Eval=-7 - 2im Aval=-115 + 93im sval=10 Jval=1 + 0im
    freq=5 polr=1 time=61427 dish=23 beam=2 Eval=6 - 6im Aval=-117 - 87im sval=11 Jval=-1 + 0im
    freq=79 polr=0 time=3325 dish=77 beam=10 Eval=3 - 1im Aval=103 + 17im sval=8 Jval=1 + 0im
    freq=115 polr=0 time=57335 dish=77 beam=11 Eval=6 - 4im Aval=-110 + 84im sval=7 Jval=-2 + 7im
    freq=30 polr=1 time=55237 dish=51 beam=3 Eval=5 + 4im Aval=86 + 57im sval=7 Jval=2 + 5im
    freq=23 polr=1 time=42450 dish=73 beam=6 Eval=-7 - 3im Aval=85 + 121im sval=11 Jval=0 - 1im
    freq=57 polr=1 time=19546 dish=49 beam=2 Eval=0 + 7im Aval=-60 - 82im sval=7 Jval=5 - 3im
    freq=24 polr=1 time=12727 dish=20 beam=15 Eval=5 - 2im Aval=20 - 110im sval=9 Jval=0 - 1im
    freq=85 polr=1 time=27560 dish=19 beam=1 Eval=4 - 1im Aval=-25 + 105im sval=6 Jval=0 + 7im
    freq=95 polr=1 time=4376 dish=54 beam=10 Eval=-2 + 2im Aval=-7 - 108im sval=6 Jval=4 + 3im
    freq=72 polr=0 time=62107 dish=103 beam=11 Eval=6 - 5im Aval=-122 + 76im sval=10 Jval=0 + 1im
    freq=10 polr=1 time=33436 dish=80 beam=1 Eval=2 - 5im Aval=69 + 10im sval=6 Jval=3 - 5im
    freq=3 polr=1 time=1548 dish=75 beam=14 Eval=5 - 7im Aval=0 - 32im sval=8 Jval=-1 - 1im
    freq=86 polr=0 time=19758 dish=115 beam=8 Eval=-5 + 7im Aval=12 + 73im sval=9 Jval=-1 - 1im
    freq=73 polr=0 time=1616 dish=105 beam=4 Eval=-6 + 3im Aval=-80 + 78im sval=9 Jval=0 - 1im
    freq=14 polr=0 time=21728 dish=103 beam=8 Eval=0 - 4im Aval=-26 + 97im sval=6 Jval=6 + 2im
    freq=93 polr=1 time=30737 dish=67 beam=9 Eval=-7 - 7im Aval=105 - 113im sval=10 Jval=-1 + 0im
    freq=109 polr=1 time=25012 dish=65 beam=4 Eval=6 - 3im Aval=74 + 59im sval=10 Jval=1 + 0im
    freq=114 polr=0 time=15828 dish=27 beam=6 Eval=-4 + 7im Aval=126 - 76im sval=8 Jval=0 + 5im
    freq=36 polr=1 time=53954 dish=60 beam=14 Eval=-6 + 4im Aval=-85 - 63im sval=9 Jval=1 + 0im
    freq=73 polr=1 time=50129 dish=98 beam=12 Eval=0 - 2im Aval=-93 + 46im sval=5 Jval=3 + 6im
    freq=40 polr=0 time=59605 dish=75 beam=9 Eval=-7 - 3im Aval=-74 - 45im sval=9 Jval=1 + 1im
    freq=0 polr=0 time=24024 dish=124 beam=10 Eval=6 + 4im Aval=91 - 58im sval=9 Jval=2 + 0im
    freq=50 polr=0 time=5947 dish=69 beam=10 Eval=7 - 4im Aval=-39 + 114im sval=10 Jval=0 + 1im
    freq=69 polr=1 time=28288 dish=4 beam=15 Eval=-7 + 4im Aval=-63 - 65im sval=8 Jval=3 + 1im
    freq=99 polr=1 time=7534 dish=123 beam=10 Eval=0 - 6im Aval=-71 - 35im sval=6 Jval=-3 + 7im
    freq=7 polr=0 time=27951 dish=11 beam=4 Eval=-4 - 6im Aval=27 - 52im sval=9 Jval=-1 + 0im
    freq=95 polr=1 time=30033 dish=106 beam=4 Eval=7 - 1im Aval=50 + 119im sval=7 Jval=4 + 6im
    freq=11 polr=1 time=55459 dish=101 beam=6 Eval=5 - 7im Aval=11 + 55im sval=6 Jval=7 + 3im
    freq=52 polr=1 time=25431 dish=91 beam=4 Eval=4 + 4im Aval=-7 - 13im sval=5 Jval=1 - 2im
    freq=107 polr=0 time=20631 dish=87 beam=3 Eval=1 - 1im Aval=27 + 60im sval=7 Jval=1 + 0im
    freq=69 polr=0 time=29354 dish=23 beam=7 Eval=-7 + 2im Aval=-47 + 75im sval=9 Jval=0 - 1im
    freq=62 polr=0 time=50352 dish=117 beam=7 Eval=-4 - 4im Aval=46 + 84im sval=10 Jval=0 - 1im
    freq=49 polr=1 time=11568 dish=45 beam=10 Eval=2 + 0im Aval=-11 + 72im sval=5 Jval=-1 + 5im
    freq=103 polr=0 time=32511 dish=50 beam=13 Eval=-5 - 3im Aval=-84 + 71im sval=9 Jval=1 + 0im
    freq=102 polr=1 time=29779 dish=100 beam=14 Eval=-5 + 5im Aval=-40 + 16im sval=7 Jval=1 - 2im
    freq=96 polr=0 time=35906 dish=15 beam=7 Eval=0 - 7im Aval=-118 + 28im sval=9 Jval=0 + 2im
    freq=103 polr=1 time=10890 dish=23 beam=7 Eval=-7 - 5im Aval=-21 + 52im sval=9 Jval=1 + 0im
    freq=51 polr=0 time=47724 dish=28 beam=1 Eval=6 - 5im Aval=32 + 66im sval=9 Jval=1 + 0im
    freq=32 polr=0 time=48640 dish=47 beam=9 Eval=5 + 3im Aval=-28 - 100im sval=9 Jval=0 - 1im
    freq=75 polr=0 time=44077 dish=37 beam=5 Eval=3 + 0im Aval=71 + 62im sval=6 Jval=3 + 3im
    freq=110 polr=1 time=25506 dish=118 beam=6 Eval=-4 - 2im Aval=-66 - 65im sval=6 Jval=2 + 6im
    freq=3 polr=1 time=56454 dish=97 beam=8 Eval=-1 + 1im Aval=110 - 56im sval=5 Jval=-2 + 5im
    freq=73 polr=1 time=9405 dish=6 beam=2 Eval=2 + 2im Aval=-85 - 91im sval=6 Jval=0 - 5im
    freq=102 polr=0 time=46051 dish=33 beam=8 Eval=6 - 5im Aval=-49 - 24im sval=7 Jval=-3 + 1im
    freq=95 polr=0 time=58274 dish=4 beam=7 Eval=4 + 1im Aval=-36 + 19im sval=7 Jval=-1 + 0im
    freq=11 polr=0 time=29811 dish=1 beam=0 Eval=-5 - 1im Aval=58 - 67im sval=6 Jval=-6 + 4im
    freq=39 polr=0 time=6727 dish=84 beam=1 Eval=2 - 6im Aval=18 + 72im sval=6 Jval=7 + 1im
    freq=38 polr=0 time=64598 dish=29 beam=4 Eval=3 - 1im Aval=85 + 88im sval=7 Jval=3 + 1im
    freq=87 polr=0 time=31019 dish=8 beam=5 Eval=0 + 5im Aval=36 + 66im sval=6 Jval=-5 + 3im
    freq=119 polr=1 time=22344 dish=24 beam=10 Eval=-2 + 0im Aval=108 + 13im sval=5 Jval=-7 - 1im
    freq=10 polr=1 time=54905 dish=100 beam=5 Eval=6 + 3im Aval=-34 - 16im sval=5 Jval=-5 - 6im
    freq=2 polr=0 time=11745 dish=56 beam=5 Eval=1 - 6im Aval=-91 + 73im sval=7 Jval=3 + 5im
    freq=118 polr=0 time=54391 dish=37 beam=7 Eval=-5 + 1im Aval=117 - 34im sval=8 Jval=-2 + 1im
    freq=94 polr=1 time=45535 dish=2 beam=14 Eval=6 + 2im Aval=-36 + 109im sval=10 Jval=0 + 1im
    freq=63 polr=0 time=24383 dish=95 beam=9 Eval=-3 + 0im Aval=56 + 92im sval=6 Jval=-3 - 4im
    freq=112 polr=0 time=1246 dish=45 beam=3 Eval=-3 - 6im Aval=45 - 103im sval=10 Jval=-1 + 0im
    freq=108 polr=1 time=6622 dish=35 beam=7 Eval=3 + 6im Aval=-96 + 110im sval=10 Jval=-1 + 0im
    freq=59 polr=0 time=38500 dish=35 beam=1 Eval=1 + 0im Aval=80 + 20im sval=4 Jval=5 + 2im
    freq=48 polr=0 time=23079 dish=88 beam=5 Eval=2 - 1im Aval=36 - 109im sval=6 Jval=-1 - 4im
    freq=102 polr=1 time=51439 dish=85 beam=1 Eval=-3 - 7im Aval=-88 - 1im sval=7 Jval=2 + 5im
    freq=16 polr=0 time=43201 dish=24 beam=7 Eval=1 - 7im Aval=77 - 54im sval=7 Jval=-2 - 5im
    freq=64 polr=0 time=33707 dish=125 beam=5 Eval=-5 + 3im Aval=46 - 42im sval=9 Jval=0 + 1im
    freq=90 polr=0 time=13535 dish=3 beam=11 Eval=-1 - 6im Aval=38 + 38im sval=6 Jval=3 - 4im
    freq=105 polr=0 time=1030 dish=82 beam=6 Eval=1 + 6im Aval=94 + 86im sval=7 Jval=-3 + 5im
    freq=63 polr=1 time=48118 dish=75 beam=0 Eval=1 + 2im Aval=68 + 70im sval=7 Jval=-1 + 2im
    freq=71 polr=0 time=61150 dish=85 beam=12 Eval=0 - 5im Aval=69 + 15im sval=6 Jval=1 - 5im
    freq=59 polr=0 time=24354 dish=53 beam=6 Eval=-5 - 6im Aval=40 + 44im sval=8 Jval=0 - 2im
    freq=64 polr=1 time=56364 dish=3 beam=2 Eval=3 + 2im Aval=-29 - 16im sval=5 Jval=-2 - 3im
    freq=78 polr=0 time=41701 dish=10 beam=14 Eval=-2 + 0im Aval=74 - 71im sval=6 Jval=-2 + 2im
    freq=40 polr=1 time=39586 dish=3 beam=4 Eval=6 + 7im Aval=-1 + 22im sval=5 Jval=-5 + 4im
    freq=8 polr=0 time=47830 dish=46 beam=2 Eval=0 + 1im Aval=-111 - 62im sval=7 Jval=1 - 1im
    freq=13 polr=1 time=42198 dish=7 beam=13 Eval=3 + 3im Aval=-64 + 113im sval=7 Jval=-4 + 1im
    freq=3 polr=0 time=57365 dish=20 beam=8 Eval=-5 + 5im Aval=-63 - 30im sval=9 Jval=1 + 0im
    freq=99 polr=1 time=21172 dish=49 beam=5 Eval=4 + 7im Aval=113 - 86im sval=11 Jval=1 + 0im
    freq=80 polr=1 time=10273 dish=125 beam=2 Eval=2 - 3im Aval=86 + 80im sval=6 Jval=7 - 1im
    freq=114 polr=0 time=25104 dish=123 beam=2 Eval=7 + 4im Aval=-110 - 6im sval=7 Jval=-6 - 4im
    freq=112 polr=1 time=1964 dish=0 beam=1 Eval=-3 + 3im Aval=35 + 103im sval=8 Jval=-2 - 1im
    freq=84 polr=0 time=64972 dish=61 beam=10 Eval=3 + 2im Aval=-85 + 22im sval=6 Jval=-5 - 2im
    freq=90 polr=0 time=20918 dish=111 beam=7 Eval=-7 - 7im Aval=-37 - 70im sval=7 Jval=-2 + 6im
    freq=102 polr=0 time=47772 dish=24 beam=10 Eval=-2 + 6im Aval=116 - 56im sval=8 Jval=0 + 3im
    freq=52 polr=0 time=20798 dish=82 beam=15 Eval=3 + 6im Aval=-120 - 78im sval=7 Jval=1 - 7im
    freq=124 polr=0 time=60307 dish=82 beam=2 Eval=2 - 3im Aval=10 - 52im sval=5 Jval=-4 - 4im
    freq=43 polr=0 time=17449 dish=99 beam=5 Eval=-2 - 1im Aval=102 - 87im sval=7 Jval=-2 + 1im
    freq=8 polr=0 time=49924 dish=22 beam=14 Eval=7 + 5im Aval=-43 + 106im sval=8 Jval=-3 + 2im
    freq=13 polr=1 time=27104 dish=76 beam=3 Eval=5 + 7im Aval=78 - 98im sval=8 Jval=4 + 0im
    freq=69 polr=0 time=46543 dish=54 beam=3 Eval=-6 + 7im Aval=49 + 34im sval=10 Jval=-1 + 0im
    freq=106 polr=1 time=47265 dish=99 beam=1 Eval=2 + 6im Aval=57 + 96im sval=8 Jval=-2 + 2im
    freq=98 polr=0 time=46696 dish=5 beam=7 Eval=1 + 7im Aval=-104 - 4im sval=8 Jval=0 - 3im
    freq=99 polr=0 time=26770 dish=107 beam=15 Eval=-5 - 5im Aval=91 - 26im sval=7 Jval=-5 - 3im
    freq=19 polr=1 time=16882 dish=83 beam=5 Eval=7 + 7im Aval=44 - 36im sval=8 Jval=2 + 0im
    freq=99 polr=1 time=26873 dish=20 beam=8 Eval=-1 + 5im Aval=18 - 118im sval=10 Jval=1 + 0im
    freq=91 polr=0 time=57849 dish=45 beam=7 Eval=-3 - 7im Aval=-67 + 98im sval=8 Jval=3 + 1im
    freq=53 polr=0 time=31767 dish=50 beam=9 Eval=-6 - 6im Aval=4 + 105im sval=9 Jval=1 - 1im
    freq=53 polr=1 time=13473 dish=106 beam=3 Eval=7 + 5im Aval=75 + 43im sval=7 Jval=2 + 5im
    freq=78 polr=1 time=37019 dish=122 beam=8 Eval=-1 + 4im Aval=30 + 45im sval=5 Jval=-6 + 2im
    freq=33 polr=0 time=45154 dish=116 beam=8 Eval=-2 + 3im Aval=80 + 4im sval=5 Jval=-5 + 7im
    freq=113 polr=0 time=22647 dish=45 beam=4 Eval=1 - 6im Aval=91 - 120im sval=10 Jval=-1 - 1im
    freq=13 polr=1 time=333 dish=22 beam=2 Eval=-1 - 2im Aval=-76 - 73im sval=7 Jval=-1 + 2im
    freq=102 polr=0 time=59021 dish=105 beam=11 Eval=-6 - 3im Aval=-2 + 116im sval=7 Jval=3 - 5im
    freq=72 polr=1 time=47868 dish=44 beam=6 Eval=3 - 2im Aval=-73 - 126im sval=7 Jval=-4 - 2im
    freq=42 polr=1 time=36707 dish=100 beam=1 Eval=-4 + 1im Aval=93 - 118im sval=9 Jval=0 + 1im
    freq=42 polr=0 time=43608 dish=43 beam=15 Eval=-1 + 4im Aval=127 + 65im sval=8 Jval=-1 + 2im
    freq=102 polr=0 time=48570 dish=31 beam=0 Eval=-1 + 5im Aval=-90 - 8im sval=7 Jval=1 - 3im
    freq=66 polr=1 time=380 dish=88 beam=8 Eval=6 - 6im Aval=-99 - 83im sval=11 Jval=-1 + 0im
    freq=32 polr=0 time=17560 dish=88 beam=9 Eval=-5 + 1im Aval=-27 - 94im sval=9 Jval=0 + 1im
    freq=4 polr=1 time=33467 dish=87 beam=10 Eval=-3 + 1im Aval=47 + 64im sval=7 Jval=-2 - 1im
    freq=71 polr=1 time=26276 dish=67 beam=5 Eval=-4 + 6im Aval=75 - 93im sval=9 Jval=1 + 2im
    freq=87 polr=1 time=15372 dish=119 beam=7 Eval=-3 + 6im Aval=118 + 38im sval=10 Jval=-1 + 1im
    freq=16 polr=1 time=17029 dish=105 beam=12 Eval=7 - 3im Aval=-61 - 104im sval=10 Jval=-1 - 1im
    freq=50 polr=0 time=53773 dish=90 beam=6 Eval=-7 - 2im Aval=-94 - 94im sval=10 Jval=0 + 1im
    freq=50 polr=1 time=547 dish=123 beam=1 Eval=-6 + 7im Aval=-116 - 43im sval=9 Jval=2 - 1im
    freq=80 polr=1 time=65518 dish=42 beam=7 Eval=1 - 2im Aval=26 + 124im sval=8 Jval=1 + 0im
    freq=80 polr=1 time=18853 dish=5 beam=12 Eval=-5 + 2im Aval=-29 - 59im sval=8 Jval=1 + 1im
    freq=105 polr=1 time=22471 dish=29 beam=4 Eval=-2 + 2im Aval=114 + 97im sval=7 Jval=-3 + 0im
    freq=75 polr=1 time=54458 dish=23 beam=11 Eval=-1 - 2im Aval=104 + 74im sval=7 Jval=0 - 2im
    freq=12 polr=0 time=10750 dish=49 beam=8 Eval=0 + 6im Aval=-123 - 18im sval=10 Jval=0 - 1im
    freq=42 polr=1 time=6690 dish=67 beam=1 Eval=2 - 7im Aval=-65 + 118im sval=9 Jval=1 + 1im
    freq=49 polr=1 time=59937 dish=32 beam=14 Eval=-4 - 2im Aval=-110 + 119im sval=9 Jval=1 + 0im
    freq=99 polr=1 time=2828 dish=88 beam=11 Eval=3 - 4im Aval=120 + 43im sval=9 Jval=1 - 1im
    freq=62 polr=0 time=11184 dish=44 beam=0 Eval=3 + 0im Aval=-104 - 80im sval=6 Jval=-5 - 4im
    freq=59 polr=0 time=16812 dish=47 beam=5 Eval=0 - 1im Aval=76 + 92im sval=5 Jval=3 - 2im
    freq=14 polr=0 time=8247 dish=81 beam=13 Eval=-2 - 4im Aval=113 + 39im sval=10 Jval=0 - 1im
    freq=125 polr=0 time=59910 dish=27 beam=7 Eval=-3 - 7im Aval=126 - 93im sval=11 Jval=-1 + 0im
    freq=67 polr=1 time=61014 dish=46 beam=7 Eval=5 + 7im Aval=11 - 5im sval=6 Jval=1 + 1im
    freq=108 polr=1 time=55007 dish=71 beam=11 Eval=1 + 0im Aval=-117 + 2im sval=5 Jval=-4 + 0im
    freq=27 polr=0 time=44157 dish=68 beam=15 Eval=-4 - 7im Aval=40 - 106im sval=10 Jval=-1 + 0im
    freq=11 polr=1 time=37076 dish=66 beam=2 Eval=5 + 3im Aval=75 + 65im sval=7 Jval=1 + 4im
    freq=75 polr=1 time=2162 dish=19 beam=13 Eval=2 - 3im Aval=9 - 118im sval=6 Jval=-5 - 4im
    freq=16 polr=1 time=58753 dish=63 beam=7 Eval=6 + 7im Aval=-88 - 85im sval=11 Jval=0 - 1im
    freq=32 polr=0 time=47995 dish=11 beam=10 Eval=3 - 5im Aval=-39 + 22im sval=6 Jval=0 + 4im
    freq=117 polr=1 time=27751 dish=28 beam=11 Eval=-4 - 2im Aval=126 + 110im sval=10 Jval=0 - 1im
    freq=45 polr=0 time=26294 dish=7 beam=8 Eval=-4 + 5im Aval=-59 - 65im sval=9 Jval=1 + 0im
    freq=75 polr=0 time=61285 dish=91 beam=6 Eval=-2 - 5im Aval=77 + 8im sval=7 Jval=-1 - 3im
    freq=53 polr=1 time=405 dish=50 beam=12 Eval=2 + 7im Aval=-27 + 8im sval=7 Jval=-1 - 1im
    freq=22 polr=1 time=62042 dish=122 beam=15 Eval=6 - 3im Aval=-103 + 38im sval=7 Jval=-4 + 4im
    freq=75 polr=0 time=46655 dish=101 beam=13 Eval=-1 + 5im Aval=-101 - 32im sval=9 Jval=1 - 1im
    freq=9 polr=0 time=29009 dish=5 beam=10 Eval=-4 + 4im Aval=94 + 112im sval=10 Jval=-1 + 0im
    freq=62 polr=1 time=31320 dish=91 beam=8 Eval=5 + 3im Aval=25 - 57im sval=8 Jval=1 - 1im
    freq=38 polr=0 time=48082 dish=49 beam=4 Eval=7 - 4im Aval=-51 + 26im sval=7 Jval=-2 + 3im
    freq=120 polr=1 time=6575 dish=8 beam=10 Eval=-1 - 7im Aval=34 + 13im sval=7 Jval=0 - 2im
    freq=70 polr=1 time=63953 dish=51 beam=13 Eval=-4 + 1im Aval=-56 + 24im sval=8 Jval=1 - 1im
    freq=49 polr=0 time=35552 dish=123 beam=11 Eval=5 - 4im Aval=-120 - 73im sval=7 Jval=-7 + 1im
    freq=1 polr=1 time=1805 dish=55 beam=6 Eval=-3 + 5im Aval=-7 - 94im sval=8 Jval=2 + 1im
    freq=17 polr=0 time=35519 dish=22 beam=14 Eval=1 - 4im Aval=-54 - 56im sval=7 Jval=-2 + 1im
    freq=50 polr=0 time=11067 dish=39 beam=7 Eval=7 + 2im Aval=-88 + 41im sval=9 Jval=-1 + 0im
    freq=52 polr=1 time=22440 dish=38 beam=7 Eval=-3 + 7im Aval=-9 - 30im sval=6 Jval=4 + 0im
    freq=28 polr=0 time=10792 dish=98 beam=15 Eval=-2 - 7im Aval=-27 - 69im sval=6 Jval=-7 + 5im
    freq=91 polr=0 time=35723 dish=50 beam=12 Eval=3 + 0im Aval=-36 + 91im sval=7 Jval=-1 + 2im
    freq=25 polr=0 time=25091 dish=68 beam=10 Eval=-7 + 6im Aval=-78 + 86im sval=8 Jval=0 - 4im
    freq=0 polr=1 time=26718 dish=89 beam=8 Eval=6 + 4im Aval=102 - 91im sval=8 Jval=4 - 1im
    freq=64 polr=1 time=9626 dish=114 beam=13 Eval=-2 - 1im Aval=-95 + 59im sval=7 Jval=2 + 0im
    freq=122 polr=1 time=39061 dish=29 beam=3 Eval=-3 + 1im Aval=-89 - 126im sval=8 Jval=2 + 1im
    freq=49 polr=1 time=28836 dish=88 beam=6 Eval=0 + 6im Aval=105 + 18im sval=8 Jval=0 + 2im
    freq=82 polr=0 time=7092 dish=32 beam=6 Eval=-4 - 1im Aval=-14 + 107im sval=9 Jval=0 - 1im
    freq=115 polr=0 time=47630 dish=98 beam=3 Eval=-7 - 6im Aval=84 - 120im sval=9 Jval=-3 + 1im
    freq=116 polr=1 time=52919 dish=25 beam=5 Eval=-5 + 0im Aval=-61 - 76im sval=6 Jval=5 + 6im
    freq=81 polr=0 time=12027 dish=41 beam=10 Eval=5 + 1im Aval=-106 - 83im sval=7 Jval=-3 - 4im
    freq=95 polr=1 time=60392 dish=7 beam=15 Eval=7 + 2im Aval=-113 - 71im sval=10 Jval=-1 - 1im
    freq=107 polr=1 time=38218 dish=74 beam=11 Eval=-5 + 7im Aval=72 + 87im sval=9 Jval=-2 + 0im
    freq=22 polr=1 time=42819 dish=64 beam=0 Eval=-6 + 6im Aval=16 - 13im sval=6 Jval=0 + 3im
    freq=71 polr=1 time=57039 dish=53 beam=2 Eval=-7 + 2im Aval=83 - 65im sval=7 Jval=-3 + 5im
    freq=53 polr=1 time=18021 dish=26 beam=8 Eval=-1 + 4im Aval=-63 + 66im sval=8 Jval=-1 - 1im
    freq=126 polr=1 time=21338 dish=63 beam=12 Eval=-5 + 2im Aval=-49 + 6im sval=5 Jval=7 - 4im
    freq=38 polr=0 time=58921 dish=62 beam=12 Eval=0 - 6im Aval=52 - 70im sval=8 Jval=-2 - 1im
    freq=11 polr=0 time=30683 dish=16 beam=0 Eval=2 - 1im Aval=59 - 114im sval=6 Jval=0 - 4im
    freq=110 polr=1 time=59861 dish=33 beam=5 Eval=1 - 1im Aval=82 - 95im sval=5 Jval=0 - 5im
    freq=84 polr=0 time=16097 dish=72 beam=12 Eval=-3 + 4im Aval=-37 + 75im sval=7 Jval=-1 - 3im
    freq=122 polr=0 time=26713 dish=55 beam=2 Eval=-1 + 3im Aval=-96 + 69im sval=7 Jval=-1 - 3im
    freq=63 polr=0 time=3745 dish=34 beam=0 Eval=-3 + 7im Aval=-38 - 104im sval=9 Jval=2 + 0im
    freq=12 polr=1 time=48128 dish=33 beam=0 Eval=2 + 1im Aval=-32 + 55im sval=5 Jval=-4 + 3im
    freq=9 polr=1 time=49590 dish=126 beam=2 Eval=0 - 2im Aval=30 - 33im sval=6 Jval=-1 - 1im
    freq=90 polr=0 time=7978 dish=90 beam=8 Eval=3 - 7im Aval=-110 + 43im sval=7 Jval=0 + 7im
    freq=108 polr=1 time=32937 dish=86 beam=14 Eval=-3 - 2im Aval=-77 + 76im sval=9 Jval=1 + 0im
    freq=60 polr=0 time=23811 dish=48 beam=3 Eval=-6 - 1im Aval=5 + 124im sval=9 Jval=0 - 1im
    freq=7 polr=0 time=47580 dish=38 beam=4 Eval=7 - 6im Aval=-39 - 85im sval=9 Jval=-2 - 1im
    freq=118 polr=0 time=52612 dish=81 beam=2 Eval=3 - 1im Aval=108 + 119im sval=8 Jval=2 + 1im
    freq=40 polr=0 time=14620 dish=124 beam=1 Eval=5 - 4im Aval=122 - 81im sval=9 Jval=1 - 2im
    freq=85 polr=1 time=59283 dish=30 beam=13 Eval=-7 + 6im Aval=-110 - 44im sval=9 Jval=2 - 1im
    freq=66 polr=0 time=24075 dish=2 beam=8 Eval=-1 + 2im Aval=-9 + 94im sval=5 Jval=-5 - 3im
    freq=36 polr=0 time=1961 dish=96 beam=3 Eval=7 + 2im Aval=-67 - 12im sval=8 Jval=-2 - 1im
    freq=103 polr=0 time=24054 dish=37 beam=5 Eval=5 + 6im Aval=-97 - 84im sval=9 Jval=0 - 2im
    freq=21 polr=0 time=1683 dish=78 beam=12 Eval=3 + 4im Aval=-116 - 77im sval=9 Jval=0 - 1im
    freq=123 polr=1 time=27511 dish=41 beam=3 Eval=-5 + 0im Aval=-74 - 32im sval=6 Jval=6 + 3im
    freq=13 polr=0 time=10315 dish=72 beam=12 Eval=-7 - 1im Aval=-107 + 27im sval=7 Jval=6 - 1im
    freq=14 polr=1 time=33321 dish=9 beam=15 Eval=-3 - 5im Aval=-49 + 127im sval=10 Jval=1 + 0im
    freq=102 polr=0 time=20634 dish=65 beam=13 Eval=1 + 5im Aval=4 + 40im sval=5 Jval=-6 + 2im
    freq=101 polr=0 time=26016 dish=47 beam=5 Eval=-3 + 6im Aval=117 + 76im sval=7 Jval=-6 + 4im
    freq=39 polr=0 time=10938 dish=29 beam=8 Eval=-7 + 3im Aval=-55 + 120im sval=10 Jval=0 - 1im
    freq=40 polr=0 time=38432 dish=50 beam=1 Eval=0 - 6im Aval=124 + 3im sval=9 Jval=0 - 1im
    freq=88 polr=1 time=44435 dish=37 beam=10 Eval=5 - 3im Aval=-93 - 1im sval=7 Jval=-4 + 2im
    freq=120 polr=0 time=55188 dish=48 beam=0 Eval=1 - 4im Aval=-33 - 126im sval=10 Jval=-1 + 0im
    freq=117 polr=1 time=6420 dish=113 beam=9 Eval=-4 + 7im Aval=105 + 25im sval=9 Jval=-1 + 1im
    freq=80 polr=1 time=59616 dish=96 beam=13 Eval=5 - 3im Aval=106 - 113im sval=8 Jval=1 - 3im
    freq=13 polr=0 time=9055 dish=123 beam=10 Eval=-4 + 5im Aval=-111 + 87im sval=9 Jval=0 - 2im
    freq=36 polr=0 time=12122 dish=108 beam=13 Eval=-5 + 3im Aval=44 - 92im sval=9 Jval=0 + 1im
    freq=83 polr=0 time=23571 dish=28 beam=15 Eval=-5 - 5im Aval=-81 - 83im sval=9 Jval=0 + 2im
    freq=11 polr=0 time=42557 dish=11 beam=10 Eval=6 + 7im Aval=101 - 30im sval=9 Jval=2 + 1im
    freq=112 polr=1 time=60539 dish=117 beam=8 Eval=0 - 4im Aval=-3 - 84im sval=8 Jval=-1 + 0im
    freq=31 polr=1 time=28177 dish=58 beam=15 Eval=-2 + 1im Aval=-79 + 102im sval=9 Jval=0 - 1im
    freq=71 polr=0 time=18906 dish=81 beam=11 Eval=-6 + 3im Aval=44 - 127im sval=10 Jval=0 + 1im
    freq=15 polr=0 time=33535 dish=9 beam=14 Eval=4 + 2im Aval=-11 + 124im sval=8 Jval=-1 + 2im
    freq=72 polr=1 time=40790 dish=27 beam=15 Eval=1 - 6im Aval=-19 - 12im sval=6 Jval=-1 + 2im
    freq=37 polr=1 time=59876 dish=57 beam=9 Eval=-4 - 5im Aval=66 - 93im sval=10 Jval=-1 + 0im
    freq=113 polr=1 time=15279 dish=8 beam=8 Eval=0 + 1im Aval=87 + 0im sval=5 Jval=0 + 3im
    freq=117 polr=1 time=18029 dish=27 beam=0 Eval=2 - 3im Aval=-63 - 65im sval=7 Jval=-2 + 0im
    freq=91 polr=0 time=37734 dish=42 beam=14 Eval=4 - 2im Aval=-103 + 52im sval=6 Jval=-5 + 7im
    freq=86 polr=0 time=57788 dish=18 beam=8 Eval=-2 - 7im Aval=66 - 5im sval=9 Jval=0 - 1im
    freq=114 polr=0 time=48513 dish=60 beam=1 Eval=-3 + 0im Aval=77 + 8im sval=5 Jval=-7 - 1im
    freq=92 polr=0 time=14361 dish=113 beam=3 Eval=-5 + 7im Aval=-65 + 34im sval=9 Jval=0 - 1im
    freq=84 polr=0 time=35730 dish=122 beam=0 Eval=3 + 6im Aval=120 - 27im sval=7 Jval=4 + 5im
    freq=53 polr=1 time=32521 dish=113 beam=15 Eval=0 + 3im Aval=-54 - 94im sval=7 Jval=2 - 1im
    freq=119 polr=1 time=40708 dish=86 beam=6 Eval=-3 + 0im Aval=83 + 16im sval=7 Jval=-2 + 0im
    freq=99 polr=1 time=44055 dish=100 beam=1 Eval=-3 - 4im Aval=117 + 115im sval=9 Jval=0 - 2im
    freq=97 polr=1 time=52540 dish=73 beam=1 Eval=-1 + 5im Aval=86 + 24im sval=9 Jval=0 + 1im
    freq=94 polr=1 time=61539 dish=26 beam=10 Eval=-2 + 1im Aval=6 + 115im sval=6 Jval=-2 - 3im
    freq=7 polr=1 time=34326 dish=9 beam=14 Eval=4 - 2im Aval=-21 - 124im sval=9 Jval=-1 - 1im
    freq=86 polr=1 time=40252 dish=48 beam=7 Eval=2 + 7im Aval=-89 - 111im sval=8 Jval=2 - 3im
    freq=31 polr=0 time=48776 dish=123 beam=4 Eval=-1 + 2im Aval=105 + 38im sval=6 Jval=-3 + 3im
    freq=35 polr=0 time=25672 dish=32 beam=3 Eval=0 + 4im Aval=-116 - 11im sval=8 Jval=0 - 2im
    freq=110 polr=0 time=35872 dish=121 beam=14 Eval=-4 + 7im Aval=31 - 108im sval=8 Jval=2 + 3im
    freq=28 polr=0 time=27412 dish=103 beam=8 Eval=-6 + 5im Aval=-84 - 118im sval=8 Jval=4 + 1im
    freq=90 polr=1 time=289 dish=86 beam=9 Eval=0 + 6im Aval=-26 - 111im sval=10 Jval=1 + 0im
    freq=20 polr=0 time=59151 dish=97 beam=10 Eval=-6 - 6im Aval=-73 + 19im sval=10 Jval=1 + 0im
    freq=107 polr=0 time=38373 dish=3 beam=7 Eval=1 + 7im Aval=31 + 52im sval=7 Jval=-3 + 2im
    freq=49 polr=0 time=51488 dish=86 beam=6 Eval=-5 - 5im Aval=65 - 111im sval=7 Jval=-7 + 2im
    freq=10 polr=0 time=857 dish=127 beam=4 Eval=-7 - 4im Aval=-85 - 77im sval=10 Jval=0 + 1im
    freq=7 polr=1 time=5474 dish=18 beam=3 Eval=3 + 0im Aval=125 + 92im sval=7 Jval=3 + 2im
    freq=84 polr=1 time=44935 dish=53 beam=5 Eval=6 - 7im Aval=118 + 114im sval=11 Jval=1 + 0im
    freq=121 polr=1 time=52223 dish=41 beam=4 Eval=-3 + 7im Aval=-91 - 44im sval=10 Jval=1 + 0im
    freq=16 polr=0 time=47650 dish=86 beam=15 Eval=7 - 4im Aval=-83 - 113im sval=9 Jval=-2 - 1im
    freq=54 polr=0 time=61158 dish=15 beam=11 Eval=5 - 1im Aval=-79 + 126im sval=8 Jval=-1 + 3im
    freq=6 polr=1 time=43478 dish=7 beam=9 Eval=2 - 6im Aval=-41 + 0im sval=6 Jval=-1 + 4im
    freq=66 polr=0 time=10213 dish=18 beam=11 Eval=-3 - 3im Aval=-88 + 115im sval=7 Jval=5 - 1im
    freq=78 polr=1 time=61282 dish=66 beam=5 Eval=-6 - 7im Aval=-70 + 21im sval=7 Jval=4 + 3im
    freq=14 polr=1 time=22379 dish=106 beam=8 Eval=-3 - 1im Aval=60 - 44im sval=6 Jval=-3 + 1im
    freq=114 polr=1 time=23105 dish=21 beam=14 Eval=-5 - 4im Aval=26 - 111im sval=8 Jval=-2 + 2im
    freq=29 polr=0 time=12400 dish=59 beam=7 Eval=6 - 6im Aval=52 + 29im sval=7 Jval=4 - 1im
    freq=104 polr=1 time=15666 dish=71 beam=3 Eval=-3 - 4im Aval=4 + 40im sval=5 Jval=5 - 4im
    freq=26 polr=1 time=56987 dish=50 beam=13 Eval=6 + 7im Aval=-100 + 10im sval=7 Jval=-5 - 5im
    freq=19 polr=1 time=59118 dish=28 beam=12 Eval=5 - 4im Aval=-18 + 101im sval=7 Jval=2 + 5im
    freq=31 polr=0 time=47678 dish=6 beam=2 Eval=3 + 0im Aval=71 - 91im sval=6 Jval=3 - 4im
    freq=81 polr=0 time=36822 dish=9 beam=2 Eval=7 - 1im Aval=46 - 125im sval=9 Jval=0 - 2im
    freq=87 polr=0 time=6954 dish=26 beam=15 Eval=-5 + 4im Aval=-100 + 88im sval=9 Jval=0 - 2im
    freq=97 polr=1 time=2380 dish=58 beam=4 Eval=5 - 6im Aval=21 - 55im sval=9 Jval=0 - 1im
    freq=4 polr=0 time=60616 dish=1 beam=9 Eval=-1 + 7im Aval=22 - 9im sval=8 Jval=0 + 1im
    freq=24 polr=0 time=57712 dish=121 beam=4 Eval=-2 - 6im Aval=-84 + 65im sval=8 Jval=2 + 1im
    freq=115 polr=1 time=2138 dish=42 beam=15 Eval=3 - 1im Aval=62 - 93im sval=6 Jval=2 - 5im
    freq=80 polr=1 time=26323 dish=87 beam=9 Eval=2 - 5im Aval=81 + 125im sval=10 Jval=1 + 0im
    freq=48 polr=0 time=18874 dish=40 beam=0 Eval=6 + 3im Aval=33 + 28im sval=7 Jval=1 + 2im
    freq=98 polr=1 time=44442 dish=32 beam=2 Eval=7 - 1im Aval=123 - 54im sval=7 Jval=6 - 4im
    freq=44 polr=1 time=11040 dish=107 beam=5 Eval=-5 - 7im Aval=126 + 11im sval=7 Jval=-4 - 7im
    freq=117 polr=1 time=39822 dish=78 beam=2 Eval=-3 + 2im Aval=107 + 53im sval=8 Jval=-2 + 0im
    freq=56 polr=1 time=63447 dish=82 beam=13 Eval=-5 + 6im Aval=13 + 46im sval=6 Jval=-5 - 2im
    freq=24 polr=1 time=15735 dish=86 beam=8 Eval=-5 + 7im Aval=47 + 90im sval=10 Jval=-1 + 0im
    freq=86 polr=0 time=9848 dish=85 beam=1 Eval=-4 + 4im Aval=11 + 25im sval=7 Jval=-1 + 0im
    freq=6 polr=0 time=26078 dish=15 beam=3 Eval=0 + 6im Aval=-3 + 111im sval=9 Jval=-1 + 0im
    freq=116 polr=0 time=50695 dish=32 beam=5 Eval=3 - 5im Aval=104 - 122im sval=8 Jval=-1 - 3im
    freq=116 polr=1 time=39440 dish=60 beam=6 Eval=3 + 3im Aval=106 - 36im sval=6 Jval=7 + 3im
    freq=11 polr=0 time=64031 dish=99 beam=1 Eval=-3 + 6im Aval=-51 + 114im sval=10 Jval=-1 - 1im
    freq=8 polr=0 time=54582 dish=40 beam=0 Eval=-6 + 7im Aval=-89 - 88im sval=10 Jval=1 + 0im
    freq=62 polr=0 time=45260 dish=106 beam=10 Eval=4 - 4im Aval=-23 + 125im sval=7 Jval=3 + 5im
    freq=47 polr=1 time=59653 dish=50 beam=0 Eval=-1 - 1im Aval=83 - 59im sval=7 Jval=-1 + 0im
    freq=98 polr=1 time=39694 dish=28 beam=2 Eval=2 + 6im Aval=-81 - 89im sval=7 Jval=3 - 5im
    freq=31 polr=0 time=51145 dish=43 beam=6 Eval=-5 - 4im Aval=-84 + 89im sval=9 Jval=2 + 0im
    freq=0 polr=0 time=15461 dish=66 beam=13 Eval=-6 + 6im Aval=-35 - 98im sval=7 Jval=6 + 3im
    freq=83 polr=1 time=45188 dish=9 beam=11 Eval=1 + 2im Aval=29 + 13im sval=7 Jval=0 + 1im
    freq=100 polr=1 time=16131 dish=21 beam=8 Eval=-5 - 3im Aval=68 - 15im sval=9 Jval=-1 + 0im
    freq=89 polr=1 time=48051 dish=118 beam=13 Eval=3 + 6im Aval=69 + 58im sval=10 Jval=0 + 1im
    freq=7 polr=1 time=56320 dish=12 beam=2 Eval=-3 - 1im Aval=4 + 34im sval=6 Jval=0 - 2im
    freq=66 polr=0 time=58125 dish=63 beam=5 Eval=-2 + 7im Aval=88 - 78im sval=9 Jval=1 + 2im
    freq=72 polr=1 time=47148 dish=112 beam=4 Eval=-5 - 1im Aval=62 - 38im sval=7 Jval=-3 + 1im
    freq=44 polr=0 time=21981 dish=97 beam=6 Eval=5 + 7im Aval=1 + 83im sval=10 Jval=-1 + 0im
    freq=88 polr=0 time=21434 dish=30 beam=5 Eval=4 - 7im Aval=-13 - 12im sval=7 Jval=-1 + 0im
    freq=52 polr=1 time=49676 dish=120 beam=5 Eval=2 - 1im Aval=-50 + 54im sval=5 Jval=-1 + 5im
    freq=98 polr=0 time=13020 dish=123 beam=8 Eval=1 - 1im Aval=-98 + 102im sval=8 Jval=0 + 1im
    freq=92 polr=0 time=65358 dish=82 beam=0 Eval=6 + 1im Aval=-50 - 10im sval=9 Jval=-1 + 0im
    freq=122 polr=1 time=6187 dish=89 beam=7 Eval=1 + 6im Aval=-18 + 13im sval=5 Jval=-3 - 3im
    freq=65 polr=0 time=50947 dish=4 beam=8 Eval=-3 - 7im Aval=91 - 37im sval=8 Jval=-2 - 2im
    freq=50 polr=0 time=20285 dish=10 beam=10 Eval=4 - 4im Aval=71 + 67im sval=10 Jval=1 + 0im
    freq=117 polr=1 time=25454 dish=81 beam=7 Eval=2 - 4im Aval=-99 - 120im sval=9 Jval=-1 + 0im
    freq=28 polr=0 time=11973 dish=16 beam=15 Eval=-1 - 3im Aval=117 - 79im sval=6 Jval=-5 - 4im
    freq=62 polr=0 time=1373 dish=125 beam=0 Eval=6 + 5im Aval=49 + 5im sval=6 Jval=4 + 4im
    freq=93 polr=0 time=923 dish=52 beam=8 Eval=-4 + 5im Aval=59 - 80im sval=8 Jval=1 + 2im
    freq=104 polr=0 time=46534 dish=70 beam=12 Eval=2 - 6im Aval=105 - 96im sval=9 Jval=-1 - 2im
    freq=115 polr=0 time=64515 dish=67 beam=4 Eval=4 + 1im Aval=-61 - 98im sval=9 Jval=0 - 1im
    freq=25 polr=1 time=11457 dish=0 beam=9 Eval=3 + 4im Aval=34 + 63im sval=8 Jval=-1 + 1im
    freq=91 polr=1 time=28970 dish=56 beam=7 Eval=-1 + 6im Aval=126 - 83im sval=7 Jval=3 + 7im
    freq=127 polr=1 time=42743 dish=11 beam=3 Eval=1 + 4im Aval=-3 - 72im sval=9 Jval=1 + 0im
    freq=41 polr=1 time=24838 dish=12 beam=3 Eval=-1 - 2im Aval=-48 - 56im sval=8 Jval=0 + 1im
    freq=45 polr=1 time=51239 dish=59 beam=3 Eval=-6 - 1im Aval=94 - 118im sval=9 Jval=-1 + 1im
    freq=3 polr=0 time=2547 dish=49 beam=11 Eval=3 + 5im Aval=88 + 45im sval=10 Jval=0 + 1im
    freq=64 polr=0 time=56113 dish=6 beam=15 Eval=1 - 6im Aval=-117 + 30im sval=9 Jval=0 + 1im
    freq=113 polr=0 time=3259 dish=9 beam=13 Eval=-7 + 1im Aval=117 + 51im sval=8 Jval=-3 - 1im
    freq=52 polr=1 time=57716 dish=23 beam=2 Eval=-4 + 1im Aval=112 + 55im sval=9 Jval=-1 + 0im
    freq=111 polr=1 time=12782 dish=73 beam=11 Eval=-4 - 4im Aval=64 - 22im sval=8 Jval=-1 - 1im
    freq=60 polr=1 time=55026 dish=76 beam=15 Eval=-2 + 7im Aval=-50 + 20im sval=8 Jval=0 - 2im
    freq=103 polr=1 time=47865 dish=35 beam=6 Eval=-6 + 0im Aval=119 - 99im sval=10 Jval=-1 + 1im
    freq=11 polr=0 time=19875 dish=26 beam=10 Eval=4 + 4im Aval=47 + 28im sval=9 Jval=0 + 1im
    freq=88 polr=0 time=52206 dish=119 beam=0 Eval=4 - 5im Aval=-113 - 5im sval=7 Jval=-4 + 4im
    freq=64 polr=0 time=6162 dish=108 beam=9 Eval=-1 - 7im Aval=-119 - 37im sval=7 Jval=-1 + 7im
    freq=78 polr=1 time=51964 dish=54 beam=14 Eval=-5 + 5im Aval=63 - 84im sval=10 Jval=0 + 1im
    freq=122 polr=0 time=19647 dish=26 beam=6 Eval=-3 + 6im Aval=107 + 82im sval=8 Jval=-3 + 2im
    freq=86 polr=0 time=60479 dish=72 beam=12 Eval=3 - 7im Aval=23 - 112im sval=7 Jval=-6 - 4im
    freq=33 polr=1 time=58671 dish=117 beam=8 Eval=7 - 2im Aval=-67 + 62im sval=7 Jval=-3 + 4im
    freq=105 polr=0 time=3733 dish=110 beam=12 Eval=2 + 4im Aval=-81 - 64im sval=7 Jval=1 - 3im
    freq=51 polr=0 time=38199 dish=12 beam=11 Eval=-5 - 4im Aval=30 - 78im sval=9 Jval=-1 + 1im
    freq=47 polr=1 time=58845 dish=79 beam=4 Eval=-3 + 5im Aval=-102 - 26im sval=6 Jval=7 - 7im
    freq=80 polr=0 time=4800 dish=3 beam=11 Eval=7 + 4im Aval=-47 - 108im sval=10 Jval=0 - 1im
    freq=66 polr=1 time=43902 dish=61 beam=11 Eval=0 - 7im Aval=26 + 126im sval=10 Jval=1 + 0im
    freq=31 polr=1 time=48742 dish=36 beam=12 Eval=4 + 1im Aval=46 - 88im sval=8 Jval=1 - 1im
    freq=42 polr=0 time=21105 dish=34 beam=3 Eval=7 - 2im Aval=-29 - 123im sval=9 Jval=-1 - 2im
    freq=74 polr=0 time=61315 dish=37 beam=13 Eval=3 - 7im Aval=-63 - 64im sval=10 Jval=-1 + 0im
    freq=34 polr=0 time=58652 dish=80 beam=8 Eval=5 + 3im Aval=106 - 106im sval=9 Jval=2 + 0im
    freq=79 polr=1 time=25834 dish=21 beam=4 Eval=3 - 7im Aval=-77 - 127im sval=10 Jval=-1 + 0im
    freq=20 polr=1 time=21990 dish=95 beam=4 Eval=7 + 0im Aval=77 + 54im sval=8 Jval=2 + 1im
    freq=25 polr=0 time=19030 dish=55 beam=7 Eval=-5 - 7im Aval=26 - 96im sval=7 Jval=-6 + 2im
    freq=91 polr=0 time=24037 dish=65 beam=13 Eval=-1 + 5im Aval=90 + 109im sval=8 Jval=-2 + 1im
    freq=60 polr=1 time=45767 dish=24 beam=5 Eval=-7 + 3im Aval=61 + 66im sval=7 Jval=-5 - 2im
    freq=24 polr=0 time=44896 dish=72 beam=6 Eval=-6 - 5im Aval=-99 - 13im sval=9 Jval=1 + 1im
    freq=39 polr=0 time=39027 dish=21 beam=13 Eval=6 + 6im Aval=121 - 14im sval=9 Jval=2 + 1im
    freq=96 polr=1 time=56787 dish=97 beam=12 Eval=-6 - 1im Aval=-41 - 62im sval=6 Jval=3 + 7im
    freq=73 polr=1 time=36098 dish=7 beam=7 Eval=3 + 4im Aval=-18 - 114im sval=6 Jval=6 - 6im
    freq=52 polr=0 time=19638 dish=30 beam=12 Eval=7 - 5im Aval=107 - 117im sval=11 Jval=0 - 1im
    freq=106 polr=0 time=27003 dish=20 beam=10 Eval=-6 + 7im Aval=-109 - 98im sval=10 Jval=1 + 0im
    freq=2 polr=1 time=50434 dish=14 beam=6 Eval=7 - 4im Aval=-89 + 39im sval=9 Jval=-1 + 1im
    freq=93 polr=1 time=46732 dish=26 beam=4 Eval=-2 + 7im Aval=-112 - 41im sval=10 Jval=1 - 1im
    freq=56 polr=1 time=29360 dish=18 beam=1 Eval=-2 - 3im Aval=-62 - 3im sval=7 Jval=1 + 2im
    freq=55 polr=1 time=33409 dish=110 beam=9 Eval=-5 - 6im Aval=-90 + 61im sval=9 Jval=2 + 0im
    freq=17 polr=1 time=2987 dish=100 beam=2 Eval=-7 - 2im Aval=-92 + 105im sval=9 Jval=2 - 1im
    freq=123 polr=1 time=22137 dish=56 beam=5 Eval=6 + 5im Aval=44 - 18im sval=8 Jval=1 + 0im
    freq=37 polr=0 time=10550 dish=61 beam=15 Eval=2 - 5im Aval=-2 - 61im sval=8 Jval=-1 + 0im
    freq=29 polr=1 time=16120 dish=59 beam=3 Eval=5 + 3im Aval=7 - 68im sval=7 Jval=2 - 2im
    freq=81 polr=1 time=59529 dish=79 beam=8 Eval=7 - 2im Aval=-78 - 58im sval=9 Jval=-1 + 0im
    freq=28 polr=0 time=26960 dish=15 beam=12 Eval=-5 + 7im Aval=-50 - 38im sval=9 Jval=1 + 0im
    freq=44 polr=1 time=6122 dish=22 beam=5 Eval=2 + 0im Aval=36 + 31im sval=7 Jval=1 + 1im
    freq=43 polr=0 time=60269 dish=110 beam=7 Eval=5 + 7im Aval=42 + 58im sval=7 Jval=-1 + 5im
    freq=24 polr=1 time=3517 dish=62 beam=14 Eval=3 - 4im Aval=110 - 55im sval=7 Jval=1 - 5im
    freq=59 polr=0 time=65360 dish=99 beam=0 Eval=2 + 6im Aval=39 - 9im sval=7 Jval=1 + 2im
    freq=80 polr=1 time=51537 dish=24 beam=12 Eval=-2 + 6im Aval=26 - 66im sval=8 Jval=1 + 1im
    freq=55 polr=1 time=18294 dish=54 beam=9 Eval=-6 + 6im Aval=-111 - 104im sval=9 Jval=3 + 0im
    freq=59 polr=0 time=47188 dish=111 beam=0 Eval=7 + 0im Aval=85 + 87im sval=7 Jval=5 + 5im
    freq=72 polr=0 time=49470 dish=49 beam=11 Eval=-6 + 0im Aval=104 + 23im sval=10 Jval=-1 + 0im
    freq=61 polr=0 time=32581 dish=7 beam=3 Eval=6 + 5im Aval=-92 + 100im sval=10 Jval=-1 + 0im
    freq=35 polr=0 time=17155 dish=26 beam=2 Eval=3 + 6im Aval=11 + 54im sval=9 Jval=-1 + 0im
    freq=105 polr=0 time=62128 dish=18 beam=8 Eval=-3 - 5im Aval=-108 + 42im sval=10 Jval=1 + 0im
    freq=90 polr=0 time=814 dish=58 beam=10 Eval=-4 + 7im Aval=119 + 96im sval=8 Jval=-4 + 2im
    freq=51 polr=0 time=40825 dish=18 beam=1 Eval=5 - 6im Aval=-116 - 121im sval=9 Jval=-3 + 0im
    freq=52 polr=1 time=45356 dish=39 beam=13 Eval=-7 - 1im Aval=54 - 13im sval=7 Jval=-3 + 0im
    freq=44 polr=0 time=30744 dish=118 beam=9 Eval=4 + 0im Aval=104 - 1im sval=8 Jval=2 + 0im
    freq=1 polr=1 time=3007 dish=18 beam=6 Eval=4 + 2im Aval=52 - 122im sval=8 Jval=2 - 1im
    freq=48 polr=0 time=38524 dish=85 beam=8 Eval=-1 - 7im Aval=-11 - 122im sval=8 Jval=-3 + 1im
    freq=38 polr=1 time=6067 dish=14 beam=11 Eval=-1 - 4im Aval=-43 - 61im sval=7 Jval=-2 + 2im
    freq=80 polr=0 time=20070 dish=7 beam=6 Eval=4 - 1im Aval=-11 - 69im sval=6 Jval=-2 - 4im
    freq=31 polr=0 time=59760 dish=27 beam=5 Eval=6 + 7im Aval=58 - 90im sval=9 Jval=2 + 0im
    freq=92 polr=0 time=41341 dish=102 beam=3 Eval=5 - 5im Aval=-96 + 65im sval=9 Jval=0 + 2im
    freq=51 polr=0 time=31803 dish=127 beam=5 Eval=-4 - 2im Aval=64 + 102im sval=9 Jval=0 - 1im
    freq=54 polr=0 time=40852 dish=49 beam=7 Eval=0 + 2im Aval=33 - 31im sval=7 Jval=1 + 1im
    freq=76 polr=1 time=29378 dish=38 beam=5 Eval=-6 + 3im Aval=-43 - 26im sval=6 Jval=5 + 0im
    freq=105 polr=0 time=30382 dish=28 beam=6 Eval=3 + 7im Aval=-20 - 104im sval=7 Jval=5 - 3im
    freq=45 polr=0 time=5762 dish=107 beam=5 Eval=-4 - 1im Aval=85 + 77im sval=9 Jval=-1 - 1im
    freq=100 polr=0 time=348 dish=1 beam=6 Eval=-7 - 2im Aval=-60 + 119im sval=8 Jval=3 - 3im
    freq=43 polr=1 time=16011 dish=27 beam=5 Eval=0 - 7im Aval=55 - 64im sval=8 Jval=-2 - 1im
    freq=118 polr=0 time=47077 dish=13 beam=8 Eval=-6 + 3im Aval=-45 - 92im sval=9 Jval=1 + 1im
    freq=71 polr=0 time=2396 dish=80 beam=15 Eval=-7 + 3im Aval=45 + 108im sval=7 Jval=-5 - 5im
    freq=122 polr=0 time=25209 dish=64 beam=14 Eval=-4 + 3im Aval=-67 + 114im sval=9 Jval=0 - 1im
    freq=19 polr=1 time=31855 dish=9 beam=1 Eval=-5 + 1im Aval=-122 - 119im sval=8 Jval=3 + 2im
    freq=1 polr=1 time=1356 dish=81 beam=11 Eval=5 + 0im Aval=-125 - 85im sval=10 Jval=-1 + 0im
    freq=126 polr=1 time=43307 dish=15 beam=7 Eval=-1 + 4im Aval=-18 + 122im sval=9 Jval=-1 + 0im
    freq=41 polr=1 time=3250 dish=119 beam=5 Eval=-4 - 5im Aval=78 + 56im sval=9 Jval=0 - 1im
    freq=80 polr=0 time=65318 dish=56 beam=7 Eval=2 - 1im Aval=-51 + 6im sval=5 Jval=-3 + 2im
    freq=101 polr=0 time=49844 dish=77 beam=10 Eval=-7 + 3im Aval=-51 + 20im sval=9 Jval=1 - 1im
    freq=80 polr=0 time=39770 dish=85 beam=6 Eval=0 - 1im Aval=116 + 7im sval=6 Jval=0 - 2im
    freq=38 polr=0 time=23168 dish=65 beam=9 Eval=2 - 1im Aval=-112 + 71im sval=6 Jval=-2 + 4im
    freq=38 polr=0 time=35764 dish=110 beam=7 Eval=6 + 4im Aval=60 - 37im sval=9 Jval=1 + 0im
    freq=12 polr=1 time=11330 dish=70 beam=4 Eval=-3 + 0im Aval=20 - 83im sval=6 Jval=-1 + 4im
    freq=86 polr=1 time=3662 dish=126 beam=14 Eval=-2 - 4im Aval=47 + 0im sval=5 Jval=-3 - 6im
    freq=75 polr=1 time=61295 dish=111 beam=12 Eval=-6 + 4im Aval=115 + 85im sval=10 Jval=-1 + 0im
    freq=43 polr=1 time=17704 dish=37 beam=3 Eval=5 + 0im Aval=-60 - 63im sval=7 Jval=-2 - 2im
    freq=35 polr=1 time=13530 dish=36 beam=5 Eval=6 - 7im Aval=36 - 119im sval=8 Jval=-2 - 4im
    freq=40 polr=0 time=49529 dish=47 beam=6 Eval=7 + 7im Aval=-50 + 112im sval=11 Jval=-1 + 0im
    freq=64 polr=0 time=40252 dish=121 beam=12 Eval=4 - 7im Aval=-6 + 62im sval=8 Jval=2 + 1im
    freq=63 polr=0 time=28384 dish=9 beam=3 Eval=2 + 5im Aval=-41 - 19im sval=8 Jval=0 - 1im
    freq=6 polr=1 time=16136 dish=68 beam=0 Eval=-1 + 1im Aval=68 + 54im sval=6 Jval=-2 + 0im
    freq=32 polr=1 time=20247 dish=42 beam=4 Eval=2 + 4im Aval=33 + 38im sval=8 Jval=0 + 1im
    freq=78 polr=0 time=26326 dish=87 beam=3 Eval=4 + 1im Aval=-7 + 34im sval=7 Jval=0 + 1im
    freq=100 polr=0 time=36033 dish=71 beam=14 Eval=-3 + 0im Aval=-43 - 44im sval=6 Jval=2 + 2im
    freq=92 polr=1 time=1985 dish=42 beam=6 Eval=-7 - 5im Aval=85 + 89im sval=10 Jval=0 - 1im
    freq=2 polr=1 time=9980 dish=23 beam=11 Eval=-5 + 6im Aval=-23 - 69im sval=10 Jval=1 + 0im
    freq=109 polr=0 time=13970 dish=115 beam=15 Eval=-6 - 5im Aval=-33 + 31im sval=7 Jval=3 + 0im
    freq=121 polr=1 time=37441 dish=17 beam=11 Eval=-2 - 6im Aval=-91 - 37im sval=9 Jval=0 + 1im
    freq=86 polr=0 time=29969 dish=57 beam=12 Eval=-4 + 4im Aval=85 - 127im sval=7 Jval=1 + 7im
    freq=85 polr=0 time=46287 dish=19 beam=6 Eval=-5 + 5im Aval=-83 - 29im sval=7 Jval=4 - 2im
    freq=44 polr=0 time=41811 dish=77 beam=3 Eval=-1 - 6im Aval=72 + 85im sval=10 Jval=0 - 1im
    freq=13 polr=0 time=55215 dish=34 beam=8 Eval=-4 + 0im Aval=47 - 92im sval=8 Jval=-1 + 1im
    freq=36 polr=1 time=24562 dish=84 beam=6 Eval=2 + 6im Aval=66 - 65im sval=8 Jval=2 + 1im
    freq=113 polr=1 time=47368 dish=22 beam=5 Eval=-1 - 5im Aval=13 - 68im sval=9 Jval=-1 + 0im
    freq=4 polr=1 time=44330 dish=84 beam=3 Eval=4 + 3im Aval=93 + 13im sval=9 Jval=1 + 1im
    freq=93 polr=1 time=3687 dish=90 beam=6 Eval=-6 + 2im Aval=-110 + 119im sval=8 Jval=2 - 4im
    freq=57 polr=1 time=2925 dish=116 beam=6 Eval=-5 + 2im Aval=50 - 9im sval=7 Jval=-2 + 1im
    freq=113 polr=0 time=64902 dish=20 beam=14 Eval=6 - 2im Aval=-64 - 101im sval=7 Jval=-5 - 4im
    freq=58 polr=0 time=545 dish=30 beam=8 Eval=-6 + 4im Aval=-66 - 57im sval=10 Jval=1 + 0im
    freq=0 polr=0 time=20927 dish=13 beam=0 Eval=1 - 6im Aval=-57 - 2im sval=8 Jval=0 + 1im
    freq=96 polr=1 time=49208 dish=83 beam=4 Eval=-3 + 4im Aval=40 + 12im sval=7 Jval=-1 + 1im
    freq=40 polr=1 time=50156 dish=117 beam=12 Eval=1 + 1im Aval=-36 + 64im sval=4 Jval=-6 + 2im
    freq=105 polr=0 time=56519 dish=68 beam=6 Eval=7 + 6im Aval=95 + 50im sval=7 Jval=3 + 7im
    freq=98 polr=1 time=5679 dish=17 beam=15 Eval=6 + 7im Aval=-78 - 53im sval=7 Jval=-1 - 7im
    freq=30 polr=1 time=52824 dish=111 beam=1 Eval=-7 + 6im Aval=-107 + 65im sval=11 Jval=0 - 1im
    freq=69 polr=0 time=1570 dish=113 beam=12 Eval=-2 - 4im Aval=87 - 32im sval=7 Jval=-2 - 2im
    freq=109 polr=0 time=30843 dish=25 beam=3 Eval=-5 + 3im Aval=33 - 5im sval=6 Jval=-2 + 2im
    freq=10 polr=0 time=48972 dish=42 beam=4 Eval=-7 + 1im Aval=105 - 117im sval=10 Jval=-1 + 1im
    freq=72 polr=0 time=15942 dish=126 beam=12 Eval=-1 + 0im Aval=0 - 65im sval=5 Jval=0 + 2im
    freq=84 polr=1 time=38090 dish=115 beam=6 Eval=0 - 3im Aval=-116 + 36im sval=7 Jval=1 + 3im
    freq=74 polr=1 time=34083 dish=32 beam=9 Eval=4 + 3im Aval=65 - 99im sval=8 Jval=2 - 1im
    freq=120 polr=1 time=56528 dish=73 beam=13 Eval=-4 - 2im Aval=59 - 88im sval=7 Jval=-3 + 2im
    freq=40 polr=1 time=18406 dish=47 beam=2 Eval=-6 - 1im Aval=-57 + 71im sval=8 Jval=2 - 1im
    freq=33 polr=1 time=4394 dish=97 beam=1 Eval=4 + 1im Aval=112 - 73im sval=10 Jval=1 + 0im
    freq=98 polr=1 time=193 dish=127 beam=6 Eval=-5 + 1im Aval=-7 + 112im sval=10 Jval=0 - 1im
    freq=6 polr=0 time=14904 dish=54 beam=8 Eval=-7 - 4im Aval=117 + 70im sval=7 Jval=-4 - 7im
    freq=73 polr=1 time=55869 dish=46 beam=11 Eval=2 - 4im Aval=-34 + 42im sval=7 Jval=1 + 2im
    freq=3 polr=1 time=52292 dish=112 beam=1 Eval=2 - 2im Aval=-56 - 70im sval=6 Jval=-4 + 0im
    freq=106 polr=1 time=6304 dish=22 beam=12 Eval=-7 + 4im Aval=124 + 49im sval=8 Jval=-4 + 1im
    freq=40 polr=1 time=42586 dish=108 beam=8 Eval=-1 - 2im Aval=100 + 46im sval=6 Jval=0 - 4im
    freq=99 polr=1 time=43510 dish=45 beam=1 Eval=7 + 5im Aval=89 - 66im sval=9 Jval=2 + 0im
    freq=30 polr=1 time=44262 dish=101 beam=14 Eval=-7 - 3im Aval=20 + 83im sval=7 Jval=1 - 5im
    freq=57 polr=0 time=52403 dish=71 beam=13 Eval=2 - 2im Aval=-26 - 81im sval=8 Jval=-1 + 0im
    freq=25 polr=1 time=4077 dish=92 beam=4 Eval=7 + 2im Aval=-98 - 120im sval=9 Jval=-1 - 2im
    freq=47 polr=1 time=44822 dish=12 beam=0 Eval=-5 + 3im Aval=125 - 112im sval=7 Jval=-2 + 7im
    freq=28 polr=1 time=44751 dish=106 beam=5 Eval=-3 - 7im Aval=-76 - 85im sval=9 Jval=-1 + 2im
    freq=61 polr=0 time=64279 dish=76 beam=11 Eval=-1 + 6im Aval=-74 - 41im sval=6 Jval=5 - 6im
    freq=52 polr=0 time=23780 dish=13 beam=2 Eval=5 + 6im Aval=65 - 14im sval=8 Jval=2 + 1im
    freq=112 polr=1 time=58459 dish=111 beam=15 Eval=4 + 2im Aval=-107 + 117im sval=8 Jval=-3 + 1im
    freq=55 polr=0 time=22177 dish=95 beam=0 Eval=6 + 1im Aval=26 + 33im sval=7 Jval=1 + 2im
    freq=51 polr=0 time=46897 dish=47 beam=9 Eval=-7 - 4im Aval=-86 - 81im sval=8 Jval=1 + 4im
    freq=111 polr=1 time=60219 dish=14 beam=6 Eval=0 - 5im Aval=73 - 104im sval=10 Jval=-1 + 0im
    freq=37 polr=1 time=31788 dish=60 beam=10 Eval=-6 - 7im Aval=-18 - 47im sval=9 Jval=0 + 1im
    freq=66 polr=0 time=55066 dish=44 beam=11 Eval=5 + 4im Aval=79 + 96im sval=7 Jval=0 + 6im
    freq=64 polr=0 time=4904 dish=108 beam=5 Eval=-4 + 7im Aval=-5 + 111im sval=9 Jval=-1 - 1im
    freq=82 polr=0 time=22496 dish=34 beam=0 Eval=-4 + 0im Aval=-44 - 44im sval=5 Jval=6 + 6im
    freq=69 polr=0 time=24458 dish=80 beam=14 Eval=-5 - 5im Aval=113 + 95im sval=11 Jval=0 - 1im
    freq=44 polr=1 time=60288 dish=72 beam=5 Eval=7 + 2im Aval=22 + 97im sval=7 Jval=0 + 6im
    freq=117 polr=1 time=56977 dish=16 beam=5 Eval=-7 + 3im Aval=11 + 103im sval=9 Jval=-1 - 1im
    freq=3 polr=1 time=10810 dish=102 beam=11 Eval=0 + 1im Aval=-103 - 91im sval=5 Jval=3 - 3im
    freq=28 polr=0 time=27409 dish=70 beam=4 Eval=-3 - 2im Aval=12 + 1im sval=5 Jval=-1 - 1im
    freq=82 polr=0 time=58506 dish=103 beam=0 Eval=-1 + 0im Aval=66 + 50im sval=5 Jval=-2 - 1im
    freq=121 polr=0 time=21833 dish=99 beam=13 Eval=2 - 3im Aval=59 - 32im sval=6 Jval=0 - 4im
    freq=119 polr=0 time=44193 dish=118 beam=3 Eval=0 - 5im Aval=10 + 123im sval=9 Jval=1 + 0im
    freq=104 polr=1 time=1997 dish=3 beam=2 Eval=2 - 2im Aval=-13 - 72im sval=5 Jval=-5 - 4im
    freq=35 polr=0 time=46134 dish=123 beam=2 Eval=-2 - 7im Aval=125 + 4im sval=9 Jval=0 - 2im
    freq=20 polr=1 time=45210 dish=98 beam=13 Eval=1 + 0im Aval=68 - 58im sval=6 Jval=1 - 1im
    freq=2 polr=0 time=515 dish=3 beam=15 Eval=5 + 7im Aval=79 + 84im sval=10 Jval=0 + 1im
    freq=48 polr=0 time=40843 dish=4 beam=8 Eval=-1 - 4im Aval=60 - 117im sval=8 Jval=-2 + 0im
    freq=74 polr=0 time=53883 dish=123 beam=15 Eval=-3 - 5im Aval=93 - 30im sval=6 Jval=-7 - 6im
    freq=123 polr=1 time=35110 dish=89 beam=5 Eval=5 + 2im Aval=48 - 22im sval=8 Jval=1 + 0im
    freq=21 polr=0 time=62285 dish=34 beam=12 Eval=-4 - 4im Aval=62 + 127im sval=9 Jval=1 - 1im
    freq=98 polr=0 time=47905 dish=12 beam=2 Eval=-4 + 4im Aval=-76 - 24im sval=6 Jval=6 - 3im
    freq=89 polr=0 time=64549 dish=80 beam=10 Eval=7 + 2im Aval=29 + 4im sval=8 Jval=1 + 0im
    freq=0 polr=1 time=34267 dish=84 beam=6 Eval=7 + 4im Aval=-51 - 105im sval=10 Jval=0 - 1im
    freq=60 polr=1 time=7568 dish=25 beam=0 Eval=7 - 7im Aval=21 + 102im sval=10 Jval=1 + 1im
    freq=69 polr=1 time=50925 dish=112 beam=15 Eval=7 + 0im Aval=-82 + 80im sval=8 Jval=-2 + 2im
    freq=71 polr=1 time=36045 dish=22 beam=3 Eval=-4 + 1im Aval=85 + 37im sval=7 Jval=-3 + 0im
    freq=10 polr=0 time=57866 dish=95 beam=5 Eval=3 + 6im Aval=92 - 41im sval=10 Jval=1 + 0im
    freq=81 polr=1 time=10600 dish=80 beam=15 Eval=3 - 4im Aval=-66 - 125im sval=10 Jval=-1 + 0im
    freq=18 polr=0 time=40078 dish=67 beam=5 Eval=1 - 4im Aval=-8 + 96im sval=8 Jval=1 + 1im
    freq=45 polr=1 time=9540 dish=29 beam=12 Eval=0 - 7im Aval=-102 - 81im sval=7 Jval=-4 + 6im
    freq=113 polr=1 time=27693 dish=35 beam=9 Eval=-4 - 7im Aval=-29 + 109im sval=8 Jval=3 - 1im
    freq=60 polr=1 time=17226 dish=51 beam=6 Eval=0 + 2im Aval=92 + 52im sval=6 Jval=-2 + 3im
    freq=34 polr=0 time=24535 dish=87 beam=7 Eval=-1 + 6im Aval=-92 - 9im sval=8 Jval=1 - 2im
    freq=127 polr=0 time=4809 dish=5 beam=8 Eval=1 - 4im Aval=-126 - 8im sval=7 Jval=-1 + 4im
    freq=56 polr=1 time=57889 dish=107 beam=5 Eval=-4 - 4im Aval=115 + 21im sval=10 Jval=0 - 1im
    freq=33 polr=1 time=33433 dish=105 beam=6 Eval=-3 + 3im Aval=-71 + 27im sval=8 Jval=1 - 1im
    freq=57 polr=0 time=55689 dish=93 beam=5 Eval=5 - 3im Aval=-72 + 51im sval=9 Jval=0 + 1im
    freq=49 polr=1 time=43642 dish=18 beam=9 Eval=4 - 5im Aval=-51 + 122im sval=10 Jval=0 + 1im
    freq=29 polr=1 time=39759 dish=67 beam=5 Eval=3 + 5im Aval=56 - 110im sval=7 Jval=6 + 0im
    freq=110 polr=1 time=58557 dish=48 beam=14 Eval=-4 + 3im Aval=55 + 70im sval=7 Jval=-3 - 1im
    freq=23 polr=0 time=21812 dish=25 beam=2 Eval=-5 + 0im Aval=39 - 63im sval=8 Jval=-1 + 1im
    freq=97 polr=0 time=15768 dish=56 beam=6 Eval=0 + 4im Aval=-35 + 5im sval=8 Jval=0 - 1im
    freq=47 polr=1 time=4095 dish=15 beam=4 Eval=7 - 1im Aval=45 + 33im sval=6 Jval=6 + 3im
    freq=80 polr=1 time=9219 dish=123 beam=8 Eval=3 + 1im Aval=9 + 71im sval=6 Jval=-1 + 4im
    freq=65 polr=1 time=42076 dish=109 beam=2 Eval=6 + 3im Aval=82 - 69im sval=10 Jval=1 + 0im
    freq=88 polr=1 time=35132 dish=121 beam=3 Eval=5 - 4im Aval=-43 + 21im sval=7 Jval=-1 + 2im
    freq=52 polr=1 time=55429 dish=19 beam=7 Eval=-1 - 7im Aval=-72 + 37im sval=6 Jval=5 + 7im
    freq=25 polr=1 time=17677 dish=103 beam=4 Eval=-6 - 5im Aval=-55 + 65im sval=9 Jval=1 + 0im
    freq=66 polr=0 time=49568 dish=37 beam=11 Eval=4 - 7im Aval=110 + 28im sval=7 Jval=5 - 5im
    freq=6 polr=0 time=28508 dish=88 beam=3 Eval=0 - 3im Aval=97 + 82im sval=9 Jval=0 - 1im
    freq=13 polr=1 time=17565 dish=42 beam=0 Eval=7 - 1im Aval=4 - 64im sval=7 Jval=0 - 3im
    freq=90 polr=0 time=34697 dish=52 beam=0 Eval=7 + 1im Aval=35 - 12im sval=6 Jval=4 - 1im
    freq=42 polr=1 time=4778 dish=121 beam=14 Eval=7 - 1im Aval=-97 + 40im sval=10 Jval=-1 + 0im
    freq=119 polr=0 time=43301 dish=46 beam=3 Eval=-1 - 3im Aval=-8 - 114im sval=9 Jval=-1 + 0im
    freq=28 polr=1 time=54440 dish=6 beam=11 Eval=-4 + 2im Aval=-30 + 59im sval=6 Jval=0 - 5im
    freq=44 polr=1 time=19765 dish=101 beam=5 Eval=-2 - 7im Aval=-58 + 85im sval=7 Jval=6 + 2im
    freq=9 polr=1 time=50859 dish=44 beam=12 Eval=-3 - 7im Aval=-99 - 43im sval=8 Jval=0 + 3im
    freq=22 polr=0 time=3594 dish=35 beam=12 Eval=6 - 3im Aval=-37 + 98im sval=7 Jval=1 + 5im
    freq=60 polr=1 time=15239 dish=48 beam=3 Eval=-7 - 1im Aval=-76 + 123im sval=10 Jval=1 - 1im
    freq=126 polr=1 time=22353 dish=29 beam=9 Eval=-2 - 1im Aval=51 - 68im sval=6 Jval=-3 + 1im
    freq=63 polr=1 time=40085 dish=13 beam=9 Eval=5 + 4im Aval=-82 + 121im sval=8 Jval=-3 + 1im
    freq=43 polr=1 time=54425 dish=6 beam=3 Eval=-3 - 2im Aval=-115 - 76im sval=7 Jval=2 + 4im
    freq=95 polr=1 time=47600 dish=56 beam=14 Eval=5 + 4im Aval=-2 - 53im sval=8 Jval=1 - 1im
    freq=119 polr=0 time=15921 dish=14 beam=0 Eval=2 - 2im Aval=-64 - 115im sval=6 Jval=-6 - 2im
    freq=122 polr=1 time=64864 dish=39 beam=8 Eval=-1 + 7im Aval=-48 - 107im sval=8 Jval=3 - 1im
    freq=116 polr=1 time=22886 dish=120 beam=14 Eval=-2 + 7im Aval=98 - 89im sval=7 Jval=3 + 7im
    freq=78 polr=0 time=7383 dish=95 beam=4 Eval=7 - 7im Aval=-10 - 10im sval=7 Jval=-1 + 0im
    freq=40 polr=0 time=39969 dish=48 beam=9 Eval=5 + 5im Aval=68 + 83im sval=9 Jval=0 + 1im
    freq=58 polr=0 time=4050 dish=87 beam=4 Eval=-5 + 0im Aval=88 - 20im sval=8 Jval=-2 + 0im
    freq=20 polr=0 time=144 dish=43 beam=4 Eval=7 + 2im Aval=-100 - 93im sval=7 Jval=-4 - 7im
    freq=51 polr=1 time=28291 dish=98 beam=6 Eval=2 - 5im Aval=-72 - 66im sval=6 Jval=-7 + 4im
    freq=42 polr=0 time=22335 dish=124 beam=3 Eval=7 + 0im Aval=116 + 106im sval=9 Jval=2 + 1im
    freq=101 polr=1 time=11670 dish=106 beam=5 Eval=-2 + 7im Aval=-32 + 76im sval=8 Jval=-2 - 1im
    freq=85 polr=0 time=394 dish=43 beam=14 Eval=4 + 6im Aval=74 - 50im sval=8 Jval=2 + 1im
    freq=105 polr=1 time=10605 dish=98 beam=4 Eval=-7 + 5im Aval=-13 + 29im sval=7 Jval=0 - 2im
    freq=71 polr=1 time=32212 dish=62 beam=2 Eval=-5 + 5im Aval=99 + 61im sval=7 Jval=-6 + 2im
    freq=113 polr=1 time=37065 dish=37 beam=10 Eval=3 - 7im Aval=29 - 59im sval=9 Jval=-1 - 1im
    freq=43 polr=0 time=33351 dish=0 beam=5 Eval=4 + 6im Aval=-32 + 35im sval=7 Jval=-3 + 0im
Copying data from CPU to GPU...
Running kernel...
Copying data back from GPU to CPU...
Done.
