Precompiling packages...
    CUDASIMDTypes Being precompiled by another process (pid: 106834, pidfile: /home/eschnett/.julia/compiled/v1.12/CUDASIMDTypes/ZMfhI_dfG0G.ji.pidfile)
  10125.2 ms  ✓ CUDASIMDTypes
  1 dependency successfully precompiled in 11 seconds. 92 already precompiled.
  85 dependencies precompiled but different versions are currently loaded (AbstractFFTs, Adapt, Adapt → AdaptSparseArraysExt, Adapt → AdaptStaticArraysExt, ArgTools, Atomix, Atomix → AtomixCUDAExt, BFloat16s, Base64, CEnum, CUDA, CUDA_Compiler_jll, CUDA_Driver_jll, CUDA_Runtime_jll, Crayons, DataAPI, DataValueInterfaces, Dates, Downloads, ExprTools, GPUArrays, GPUArraysCore, GPUCompiler, GPUToolbox, InteractiveUtils, IteratorInterfaceExtensions, JLLWrappers, JuliaNVTXCallbacks_jll, JuliaSyntaxHighlighting, KernelAbstractions, KernelAbstractions → LinearAlgebraExt, KernelAbstractions → SparseArraysExt, LLVM, LLVM → BFloat16sExt, LLVMExtra_jll, LLVMLoopInfo, LaTeXStrings, LazyArtifacts, LibCURL, LibCURL_jll, LibGit2, LibGit2_jll, LibSSH2_jll, Logging, MacroTools, Markdown, MozillaCACerts_jll, NVTX, NVTX_jll, NetworkOptions, OpenSSL_jll, OrderedCollections, Pkg, Pkg → REPLExt, PrecompileTools, Preferences, PrettyTables, Printf, REPL, Random123, RandomNumbers, Reexport, Scratch, Serialization, SparseArrays, StaticArrays, StaticArrays → StaticArraysStatisticsExt, StaticArraysCore, Statistics, Statistics → SparseArraysExt, StringManipulation, StyledStrings, SuiteSparse_jll, TOML, TableTraits, Tables, Tar, UUIDs, Unicode, UnsafeAtomics, UnsafeAtomics → UnsafeAtomicsLLVM, Zlib_jll, demumble_jll, nghttp2_jll and p7zip_jll). Restart julia to access the new versions. Otherwise, 5 dependents of these packages may trigger further precompilation to work with the unexpected versions.
[Creating chimefrb kernel...]
[Done creating chimefrb kernel]
CHIME FRB beamformer
Compiling kernel...
Allocating input data...
   Fixed kernel parameters:
       Fbar:   2048   (number of frequencies)
       Tbar:   512   (maximum number of input time samples)
       Ttilde: 80   (maximum number of output time samples)
       Tds:    128   (downsampling factor)
    Dynamic kernel parameters:
    Tbarmin:   0   (input time samples)
    Tbarmax:   128
    Ttildemin: 0   (output time samples)
    Ttildemax: 1
Setting up input data...
Copying data from CPU to GPU...
Running kernel...
Copying data back from GPU to CPU...
Done.
CHIME FRB beamformer
Compiling kernel...
Allocating input data...
   Fixed kernel parameters:
       Fbar:   2048   (number of frequencies)
       Tbar:   512   (maximum number of input time samples)
       Ttilde: 80   (maximum number of output time samples)
       Tds:    128   (downsampling factor)
    Dynamic kernel parameters:
    Tbarmin:   0   (input time samples)
    Tbarmax:   128
    Ttildemin: 0   (output time samples)
    Ttildemax: 1
Setting up input data...
freq = 830
polr = 0
time = 110
Evalue = -20 - 32im
Copying data from CPU to GPU...
Running kernel...
Copying data back from GPU to CPU...
Checking results...
Self-test passed.
Done.
