Precompiling packages...
    IndexSpaces Being precompiled by another process (pid: 102454, pidfile: /home/eschnett/.julia/compiled/v1.12/IndexSpaces/n38FD_dfG0G.ji.pidfile)
  10209.1 ms  ✓ IndexSpaces
  1 dependency successfully precompiled in 12 seconds. 93 already precompiled.
  86 dependencies precompiled but different versions are currently loaded (AbstractFFTs, Adapt, Adapt → AdaptSparseArraysExt, Adapt → AdaptStaticArraysExt, ArgTools, Atomix, Atomix → AtomixCUDAExt, BFloat16s, Base64, CEnum, CUDA, CUDASIMDTypes, CUDA_Compiler_jll, CUDA_Driver_jll, CUDA_Runtime_jll, Crayons, DataAPI, DataValueInterfaces, Dates, Downloads, ExprTools, GPUArrays, GPUArraysCore, GPUCompiler, GPUToolbox, InteractiveUtils, IteratorInterfaceExtensions, JLLWrappers, JuliaNVTXCallbacks_jll, JuliaSyntaxHighlighting, KernelAbstractions, KernelAbstractions → LinearAlgebraExt, KernelAbstractions → SparseArraysExt, LLVM, LLVM → BFloat16sExt, LLVMExtra_jll, LLVMLoopInfo, LaTeXStrings, LazyArtifacts, LibCURL, LibCURL_jll, LibGit2, LibGit2_jll, LibSSH2_jll, Logging, MacroTools, Markdown, MozillaCACerts_jll, NVTX, NVTX_jll, NetworkOptions, OpenSSL_jll, OrderedCollections, Pkg, Pkg → REPLExt, PrecompileTools, Preferences, PrettyTables, Printf, REPL, Random123, RandomNumbers, Reexport, Scratch, Serialization, SparseArrays, StaticArrays, StaticArrays → StaticArraysStatisticsExt, StaticArraysCore, Statistics, Statistics → SparseArraysExt, StringManipulation, StyledStrings, SuiteSparse_jll, TOML, TableTraits, Tables, Tar, UUIDs, Unicode, UnsafeAtomics, UnsafeAtomics → UnsafeAtomicsLLVM, Zlib_jll, demumble_jll, nghttp2_jll and p7zip_jll). Restart julia to access the new versions. Otherwise, 5 dependents of these packages may trigger further precompilation to work with the unexpected versions.
[Creating frb kernel...]
[Done creating frb kernel]
CHORD FRB beamformer
Compiling kernel...
Allocating input data...
Setting up input data...
Tbarmin = 0
Tbarmax = 512
Fbar_in_min = 0
Fbar_in_max = 10752
Ttildemin = 0
Ttildemax = 51
Fbar_out_min = 0
Fbar_out_max = 10752
num_threads = 32
num_warps = 4
num_blocks = 10752
dish_grid = [(0, 0), (1, 0), (2, 0), (3, 0), (4, 0), (5, 0), (6, 0), (7, 0), (0, 1), (1, 1), (2, 1), (3, 1), (4, 1), (5, 1), (6, 1), (7, 1), (0, 2), (1, 2), (2, 2), (3, 2), (4, 2), (5, 2), (6, 2), (7, 2), (0, 3), (1, 3), (2, 3), (3, 3), (4, 3), (5, 3), (6, 3), (7, 3), (0, 4), (1, 4), (2, 4), (3, 4), (4, 4), (5, 4), (6, 4), (7, 4), (0, 5), (1, 5), (2, 5), (3, 5), (4, 5), (5, 5), (6, 5), (7, 5), (0, 6), (1, 6), (2, 6), (3, 6), (4, 6), (5, 6), (6, 6), (7, 6), (0, 7), (1, 7), (2, 7), (3, 7), (4, 7), (5, 7), (6, 7), (7, 7)]
freq = 4362
polr = 0
time = 1765
Fvalue = -1.1594405f0 - 1.8685707f0im
Evalue = -1 - 2im
dstime = 176
Copying data from CPU to GPU...
Running kernel...
Copying data back from GPU to CPU...
Done.
