[Creating xpose2048 kernel...]
[Done creating xpose2048 kernel]
CHORD 2048 transpose kernel
Compiling kernel...
Allocating input data...
Setting up input data...
Copying data from CPU to GPU...
Running kernel...
Copying data back from GPU to CPU...
Done.
CHORD 2048 transpose kernel
Compiling kernel...
Allocating input data...
Setting up input data...
Copying data from CPU to GPU...
Running kernel...
Copying data back from GPU to CPU...
Checking results...
    E: 0 errors found in 536870912 samples
Self-test passed.
Done.
