[Choosing CUDA device...]
NVIDIA A40
[Creating bb kernel...]
[Done creating bb kernel]
CHORD 8-bit baseband beamformer
J[t,p,f,b] = s[b,p,f] Σ[d] A[d,b,p,f] E[d,p,f,t]
Compiling kernel...
Allocating input data...
Setting up input data...
    freq=14 polr=0 time=25260 dish=60 beam=15 Eval=-2 - 3im Aval=-54 + 85im sval=7 Jval=3 + 0im
    freq=41 polr=0 time=13254 dish=18 beam=6 Eval=5 + 5im Aval=30 + 22im sval=9 Jval=0 + 1im
    freq=38 polr=0 time=18297 dish=62 beam=7 Eval=-6 + 0im Aval=13 + 25im sval=8 Jval=0 - 1im
    freq=34 polr=0 time=22979 dish=8 beam=15 Eval=-5 - 7im Aval=-77 - 33im sval=9 Jval=0 + 1im
    freq=6 polr=0 time=23990 dish=5 beam=4 Eval=-7 - 6im Aval=-79 + 16im sval=8 Jval=3 + 1im
    freq=41 polr=0 time=17365 dish=60 beam=1 Eval=-5 - 1im Aval=-66 + 89im sval=7 Jval=3 - 3im
    freq=43 polr=0 time=30171 dish=36 beam=8 Eval=3 - 1im Aval=48 - 90im sval=6 Jval=1 - 5im
    freq=2 polr=0 time=23907 dish=44 beam=1 Eval=-5 - 3im Aval=77 + 93im sval=7 Jval=-1 - 5im
    freq=41 polr=1 time=30094 dish=24 beam=3 Eval=7 + 7im Aval=39 - 95im sval=7 Jval=7 - 3im
    freq=20 polr=0 time=13645 dish=56 beam=10 Eval=-1 + 4im Aval=-79 + 78im sval=9 Jval=0 - 1im
    freq=37 polr=0 time=28466 dish=15 beam=0 Eval=-7 - 7im Aval=-62 + 18im sval=7 Jval=4 + 2im
    freq=0 polr=1 time=24390 dish=53 beam=9 Eval=6 + 7im Aval=-40 + 82im sval=8 Jval=-3 + 1im
    freq=41 polr=0 time=24136 dish=21 beam=9 Eval=4 + 1im Aval=-19 - 82im sval=8 Jval=0 - 1im
    freq=24 polr=0 time=25771 dish=61 beam=5 Eval=-1 - 5im Aval=110 - 63im sval=8 Jval=-2 - 2im
    freq=42 polr=0 time=22293 dish=1 beam=5 Eval=2 - 2im Aval=86 - 123im sval=9 Jval=0 - 1im
    freq=34 polr=1 time=17529 dish=13 beam=1 Eval=5 + 5im Aval=119 - 113im sval=9 Jval=2 + 0im
    freq=28 polr=0 time=29035 dish=36 beam=2 Eval=3 - 5im Aval=15 - 26im sval=6 Jval=-1 - 2im
    freq=43 polr=1 time=29203 dish=43 beam=6 Eval=7 + 1im Aval=-74 - 75im sval=8 Jval=-2 - 2im
    freq=44 polr=0 time=20979 dish=41 beam=13 Eval=7 + 3im Aval=-86 - 110im sval=11 Jval=0 - 1im
    freq=29 polr=0 time=4294 dish=28 beam=6 Eval=-1 + 1im Aval=-82 + 119im sval=6 Jval=-1 - 3im
    freq=14 polr=1 time=24453 dish=33 beam=5 Eval=-5 + 2im Aval=35 - 111im sval=9 Jval=0 + 1im
    freq=15 polr=0 time=20604 dish=32 beam=12 Eval=4 - 4im Aval=-52 + 109im sval=9 Jval=0 + 1im
    freq=37 polr=0 time=22988 dish=41 beam=0 Eval=3 + 3im Aval=2 + 21im sval=7 Jval=0 + 1im
    freq=23 polr=1 time=22935 dish=0 beam=3 Eval=-7 + 4im Aval=-62 - 91im sval=9 Jval=2 + 1im
    freq=23 polr=1 time=26084 dish=28 beam=14 Eval=-2 - 5im Aval=-103 - 90im sval=9 Jval=0 + 1im
    freq=47 polr=1 time=9256 dish=1 beam=1 Eval=3 + 2im Aval=-107 + 106im sval=8 Jval=-2 + 0im
    freq=18 polr=1 time=25361 dish=32 beam=14 Eval=6 + 6im Aval=71 + 106im sval=10 Jval=0 + 1im
    freq=29 polr=0 time=18394 dish=35 beam=1 Eval=4 - 6im Aval=17 - 118im sval=8 Jval=-2 - 2im
    freq=3 polr=1 time=18224 dish=16 beam=12 Eval=5 + 6im Aval=25 - 64im sval=9 Jval=1 + 0im
    freq=16 polr=0 time=25301 dish=54 beam=11 Eval=3 + 0im Aval=89 + 78im sval=9 Jval=1 + 0im
    freq=32 polr=1 time=18485 dish=2 beam=7 Eval=-1 + 4im Aval=-104 + 119im sval=8 Jval=-1 - 2im
    freq=29 polr=0 time=17000 dish=39 beam=6 Eval=7 + 6im Aval=-27 - 39im sval=6 Jval=1 - 7im
    freq=14 polr=1 time=22162 dish=8 beam=5 Eval=2 + 3im Aval=95 + 66im sval=9 Jval=0 + 1im
    freq=42 polr=0 time=3725 dish=55 beam=15 Eval=-3 - 2im Aval=-34 - 124im sval=7 Jval=-1 + 3im
    freq=28 polr=1 time=32514 dish=39 beam=0 Eval=-7 + 7im Aval=-51 - 54im sval=9 Jval=1 + 0im
    freq=6 polr=1 time=9868 dish=30 beam=4 Eval=-7 + 4im Aval=-86 - 37im sval=8 Jval=3 + 0im
    freq=5 polr=1 time=20410 dish=35 beam=14 Eval=0 + 6im Aval=-25 + 12im sval=5 Jval=-2 - 5im
    freq=36 polr=0 time=9808 dish=55 beam=8 Eval=-3 - 1im Aval=69 + 49im sval=5 Jval=-5 - 7im
    freq=47 polr=0 time=12295 dish=12 beam=13 Eval=-3 - 2im Aval=-78 + 49im sval=7 Jval=3 + 0im
    freq=44 polr=0 time=3184 dish=21 beam=9 Eval=-2 + 3im Aval=-17 + 123im sval=7 Jval=-3 - 2im
    freq=17 polr=1 time=8871 dish=39 beam=5 Eval=-1 - 7im Aval=-27 - 90im sval=8 Jval=-2 + 1im
    freq=28 polr=1 time=30109 dish=10 beam=3 Eval=2 - 6im Aval=-41 - 61im sval=7 Jval=-3 + 1im
    freq=25 polr=1 time=17039 dish=19 beam=12 Eval=-1 - 3im Aval=3 + 43im sval=8 Jval=1 + 0im
    freq=11 polr=1 time=29424 dish=54 beam=13 Eval=-5 - 2im Aval=-36 - 65im sval=6 Jval=1 + 6im
    freq=26 polr=0 time=7694 dish=8 beam=14 Eval=-6 + 1im Aval=27 - 38im sval=8 Jval=0 + 1im
    freq=4 polr=0 time=16904 dish=46 beam=1 Eval=4 - 6im Aval=44 + 19im sval=9 Jval=1 + 0im
    freq=15 polr=0 time=7638 dish=61 beam=8 Eval=2 - 4im Aval=101 + 95im sval=10 Jval=1 + 0im
    freq=5 polr=1 time=8545 dish=10 beam=15 Eval=7 - 7im Aval=19 - 5im sval=5 Jval=3 - 5im
    freq=15 polr=1 time=25932 dish=10 beam=10 Eval=-2 - 1im Aval=111 - 125im sval=6 Jval=-5 + 2im
    freq=42 polr=1 time=27309 dish=30 beam=3 Eval=5 - 2im Aval=37 - 20im sval=5 Jval=5 - 5im
    freq=40 polr=0 time=12803 dish=37 beam=9 Eval=-5 - 2im Aval=-37 - 67im sval=8 Jval=0 + 2im
    freq=4 polr=1 time=28981 dish=49 beam=3 Eval=-5 + 2im Aval=77 - 127im sval=8 Jval=-1 + 3im
    freq=30 polr=1 time=23642 dish=31 beam=8 Eval=0 - 1im Aval=-75 + 23im sval=5 Jval=1 + 2im
    freq=22 polr=1 time=32103 dish=5 beam=6 Eval=1 - 4im Aval=8 + 65im sval=9 Jval=1 + 0im
    freq=2 polr=0 time=9632 dish=4 beam=5 Eval=-3 - 2im Aval=-73 - 50im sval=6 Jval=2 + 5im
    freq=4 polr=0 time=3405 dish=15 beam=8 Eval=4 - 5im Aval=-120 + 75im sval=10 Jval=0 + 1im
    freq=11 polr=1 time=30480 dish=9 beam=15 Eval=7 - 5im Aval=54 + 37im sval=10 Jval=1 + 0im
    freq=42 polr=0 time=20085 dish=9 beam=5 Eval=6 + 1im Aval=21 + 85im sval=9 Jval=0 + 1im
    freq=47 polr=0 time=24532 dish=2 beam=4 Eval=2 + 5im Aval=16 - 33im sval=6 Jval=3 + 0im
    freq=15 polr=0 time=1293 dish=16 beam=12 Eval=7 - 5im Aval=21 + 124im sval=9 Jval=2 + 1im
    freq=26 polr=0 time=28174 dish=11 beam=5 Eval=6 - 4im Aval=107 - 65im sval=7 Jval=3 - 6im
    freq=46 polr=0 time=16439 dish=13 beam=6 Eval=-1 - 1im Aval=-102 + 119im sval=6 Jval=3 + 0im
    freq=43 polr=1 time=32657 dish=51 beam=1 Eval=4 + 7im Aval=112 + 112im sval=10 Jval=0 + 1im
    freq=30 polr=0 time=26586 dish=49 beam=0 Eval=-4 + 5im Aval=-30 + 55im sval=6 Jval=-2 - 6im
    freq=34 polr=1 time=19622 dish=55 beam=14 Eval=-7 - 6im Aval=44 - 66im sval=10 Jval=-1 + 0im
    freq=37 polr=0 time=10627 dish=11 beam=3 Eval=0 + 6im Aval=92 + 126im sval=10 Jval=-1 + 1im
    freq=30 polr=0 time=6337 dish=28 beam=5 Eval=2 - 5im Aval=28 + 117im sval=8 Jval=3 + 0im
    freq=11 polr=0 time=29149 dish=40 beam=8 Eval=4 + 3im Aval=4 - 116im sval=7 Jval=3 - 4im
    freq=44 polr=0 time=26822 dish=34 beam=11 Eval=3 + 5im Aval=-54 - 19im sval=9 Jval=0 - 1im
    freq=47 polr=0 time=1982 dish=1 beam=4 Eval=-5 + 2im Aval=-83 + 27im sval=6 Jval=6 - 5im
    freq=28 polr=1 time=23534 dish=6 beam=5 Eval=1 - 6im Aval=-111 - 41im sval=8 Jval=-1 + 2im
    freq=25 polr=0 time=14961 dish=36 beam=4 Eval=-1 + 7im Aval=11 + 76im sval=8 Jval=-2 + 0im
    freq=1 polr=1 time=16573 dish=24 beam=6 Eval=3 - 2im Aval=-5 - 54im sval=7 Jval=-1 - 1im
    freq=11 polr=1 time=25764 dish=31 beam=6 Eval=2 - 1im Aval=-10 + 48im sval=5 Jval=1 + 3im
    freq=44 polr=1 time=30295 dish=10 beam=9 Eval=4 + 1im Aval=116 + 18im sval=9 Jval=1 + 0im
    freq=19 polr=1 time=23873 dish=44 beam=1 Eval=0 + 7im Aval=-33 - 41im sval=7 Jval=2 - 2im
    freq=10 polr=1 time=18266 dish=31 beam=14 Eval=6 + 4im Aval=3 - 14im sval=5 Jval=2 - 2im
    freq=3 polr=0 time=21471 dish=53 beam=1 Eval=3 + 4im Aval=71 - 103im sval=7 Jval=5 + 0im
    freq=9 polr=1 time=3705 dish=57 beam=11 Eval=-1 - 1im Aval=-100 + 112im sval=5 Jval=7 + 0im
    freq=40 polr=0 time=5151 dish=2 beam=1 Eval=3 + 4im Aval=-48 - 123im sval=8 Jval=1 - 2im
    freq=31 polr=1 time=7540 dish=33 beam=7 Eval=6 + 2im Aval=-104 + 115im sval=8 Jval=-3 + 2im
    freq=34 polr=0 time=17596 dish=44 beam=4 Eval=-7 + 3im Aval=24 - 87im sval=10 Jval=0 + 1im
    freq=2 polr=0 time=11086 dish=57 beam=2 Eval=4 + 5im Aval=74 - 33im sval=9 Jval=1 + 0im
    freq=19 polr=0 time=24476 dish=2 beam=1 Eval=1 + 2im Aval=97 + 67im sval=6 Jval=-1 + 4im
    freq=6 polr=0 time=5319 dish=8 beam=2 Eval=-5 + 7im Aval=66 - 125im sval=9 Jval=1 + 2im
    freq=29 polr=1 time=193 dish=9 beam=10 Eval=0 + 2im Aval=83 + 27im sval=7 Jval=0 + 1im
    freq=8 polr=0 time=24231 dish=21 beam=15 Eval=3 + 2im Aval=76 + 122im sval=10 Jval=0 + 1im
    freq=23 polr=0 time=25174 dish=29 beam=2 Eval=1 + 3im Aval=-46 + 10im sval=7 Jval=-1 - 1im
    freq=0 polr=0 time=16184 dish=25 beam=14 Eval=6 + 0im Aval=92 + 92im sval=7 Jval=4 + 4im
    freq=4 polr=0 time=26865 dish=9 beam=9 Eval=-4 + 1im Aval=23 + 40im sval=7 Jval=-1 - 1im
    freq=46 polr=0 time=8653 dish=63 beam=13 Eval=-6 + 6im Aval=52 + 14im sval=7 Jval=-3 + 2im
    freq=13 polr=1 time=11373 dish=57 beam=13 Eval=3 + 1im Aval=-121 + 57im sval=6 Jval=-7 + 1im
    freq=23 polr=1 time=32434 dish=32 beam=7 Eval=-3 - 2im Aval=-110 - 110im sval=9 Jval=0 + 1im
    freq=30 polr=1 time=12736 dish=1 beam=11 Eval=-1 - 5im Aval=125 + 78im sval=10 Jval=0 - 1im
    freq=31 polr=0 time=23570 dish=29 beam=15 Eval=5 + 1im Aval=-31 - 65im sval=7 Jval=-1 - 3im
    freq=37 polr=0 time=10790 dish=5 beam=6 Eval=-6 - 3im Aval=16 - 60im sval=7 Jval=-2 + 2im
    freq=29 polr=0 time=25720 dish=18 beam=6 Eval=-4 + 4im Aval=51 - 49im sval=6 Jval=0 + 6im
    freq=21 polr=1 time=20577 dish=43 beam=8 Eval=7 - 6im Aval=-84 - 20im sval=7 Jval=-6 + 3im
    freq=25 polr=0 time=26139 dish=4 beam=14 Eval=1 - 7im Aval=-97 - 46im sval=8 Jval=-2 + 2im
    freq=30 polr=1 time=12425 dish=19 beam=14 Eval=-2 + 1im Aval=56 + 66im sval=6 Jval=-3 - 1im
    freq=39 polr=0 time=7614 dish=13 beam=13 Eval=-3 + 4im Aval=-108 - 116im sval=8 Jval=3 + 0im
    freq=25 polr=0 time=18195 dish=14 beam=10 Eval=-6 - 3im Aval=-42 - 33im sval=7 Jval=1 + 3im
    freq=47 polr=1 time=24524 dish=28 beam=1 Eval=-3 - 3im Aval=-100 + 41im sval=8 Jval=2 + 1im
    freq=13 polr=0 time=8080 dish=6 beam=1 Eval=-5 + 7im Aval=-77 + 54im sval=7 Jval=0 - 6im
    freq=6 polr=0 time=26063 dish=13 beam=5 Eval=-1 - 2im Aval=111 - 52im sval=5 Jval=-7 - 5im
    freq=13 polr=0 time=29411 dish=44 beam=1 Eval=2 + 6im Aval=36 + 6im sval=7 Jval=0 + 2im
    freq=10 polr=0 time=30364 dish=29 beam=2 Eval=-3 + 4im Aval=-127 - 78im sval=10 Jval=1 + 0im
    freq=18 polr=0 time=23368 dish=53 beam=9 Eval=4 + 5im Aval=67 + 120im sval=9 Jval=-1 + 2im
    freq=44 polr=0 time=23812 dish=34 beam=0 Eval=6 - 4im Aval=-57 - 91im sval=7 Jval=-5 - 2im
    freq=24 polr=0 time=23454 dish=22 beam=11 Eval=0 - 2im Aval=-53 + 105im sval=5 Jval=7 + 3im
    freq=10 polr=0 time=5819 dish=26 beam=13 Eval=-1 - 3im Aval=63 + 17im sval=5 Jval=0 - 6im
    freq=39 polr=0 time=18309 dish=61 beam=2 Eval=-6 + 5im Aval=-51 + 102im sval=7 Jval=-2 - 7im
    freq=16 polr=0 time=30040 dish=14 beam=15 Eval=-7 - 6im Aval=-93 - 121im sval=8 Jval=0 + 5im
    freq=22 polr=0 time=8425 dish=58 beam=0 Eval=2 + 6im Aval=91 - 27im sval=9 Jval=1 + 1im
    freq=46 polr=0 time=25664 dish=11 beam=13 Eval=-3 - 6im Aval=48 - 77im sval=7 Jval=-5 + 0im
    freq=13 polr=1 time=11385 dish=7 beam=3 Eval=2 - 1im Aval=91 - 122im sval=7 Jval=0 - 3im
    freq=18 polr=0 time=22671 dish=52 beam=2 Eval=-5 + 0im Aval=16 - 117im sval=7 Jval=-1 + 5im
    freq=33 polr=1 time=29804 dish=19 beam=10 Eval=4 - 4im Aval=-85 + 85im sval=10 Jval=0 + 1im
    freq=35 polr=0 time=2372 dish=2 beam=4 Eval=1 - 4im Aval=-124 + 52im sval=9 Jval=0 + 1im
    freq=35 polr=1 time=12750 dish=23 beam=5 Eval=5 + 6im Aval=91 - 26im sval=7 Jval=5 + 3im
    freq=21 polr=0 time=9214 dish=5 beam=15 Eval=-5 - 5im Aval=-101 + 114im sval=11 Jval=1 + 0im
    freq=24 polr=1 time=25298 dish=10 beam=6 Eval=5 - 1im Aval=-86 + 100im sval=9 Jval=-1 + 1im
    freq=18 polr=1 time=9538 dish=37 beam=2 Eval=3 - 4im Aval=-90 - 79im sval=9 Jval=-1 + 0im
    freq=27 polr=1 time=29636 dish=29 beam=3 Eval=-7 + 2im Aval=-46 - 78im sval=7 Jval=4 + 4im
    freq=24 polr=0 time=14546 dish=55 beam=5 Eval=3 - 7im Aval=65 - 16im sval=8 Jval=0 - 2im
    freq=22 polr=1 time=31709 dish=51 beam=5 Eval=3 - 6im Aval=25 + 111im sval=10 Jval=1 + 0im
    freq=0 polr=1 time=16337 dish=62 beam=13 Eval=-3 + 2im Aval=-109 + 110im sval=8 Jval=0 - 2im
    freq=41 polr=1 time=15747 dish=32 beam=10 Eval=-2 + 7im Aval=54 + 103im sval=9 Jval=-2 + 0im
    freq=33 polr=0 time=17589 dish=6 beam=10 Eval=2 - 7im Aval=-86 + 73im sval=8 Jval=1 + 3im
    freq=10 polr=0 time=18633 dish=29 beam=5 Eval=6 - 5im Aval=111 + 76im sval=9 Jval=2 + 0im
    freq=36 polr=0 time=604 dish=32 beam=9 Eval=6 + 3im Aval=-22 - 71im sval=9 Jval=0 - 1im
    freq=2 polr=0 time=31980 dish=48 beam=6 Eval=6 - 5im Aval=-100 - 39im sval=8 Jval=-3 + 1im
    freq=44 polr=0 time=19556 dish=41 beam=12 Eval=3 - 6im Aval=-26 - 26im sval=6 Jval=-4 + 1im
    freq=3 polr=0 time=22557 dish=63 beam=8 Eval=-4 - 3im Aval=92 - 19im sval=8 Jval=-2 - 1im
    freq=1 polr=0 time=243 dish=52 beam=13 Eval=-1 + 2im Aval=-123 + 104im sval=9 Jval=0 - 1im
    freq=26 polr=0 time=31565 dish=7 beam=12 Eval=7 - 4im Aval=75 - 101im sval=10 Jval=0 - 1im
    freq=47 polr=0 time=22145 dish=38 beam=14 Eval=-1 + 7im Aval=-69 - 55im sval=7 Jval=4 - 3im
    freq=30 polr=0 time=31473 dish=55 beam=4 Eval=5 + 6im Aval=90 - 58im sval=10 Jval=1 + 0im
    freq=44 polr=1 time=5153 dish=3 beam=14 Eval=-5 + 2im Aval=85 - 44im sval=9 Jval=-1 + 1im
    freq=42 polr=1 time=4106 dish=38 beam=14 Eval=6 - 7im Aval=20 - 49im sval=9 Jval=0 - 1im
    freq=10 polr=0 time=15255 dish=16 beam=3 Eval=-6 + 7im Aval=22 + 86im sval=10 Jval=-1 + 0im
    freq=2 polr=1 time=23838 dish=25 beam=2 Eval=0 - 4im Aval=90 - 67im sval=7 Jval=-2 - 3im
    freq=42 polr=1 time=28881 dish=38 beam=11 Eval=6 + 6im Aval=102 + 124im sval=11 Jval=0 + 1im
    freq=11 polr=0 time=25582 dish=15 beam=11 Eval=3 + 0im Aval=39 - 35im sval=4 Jval=7 - 6im
    freq=27 polr=1 time=16682 dish=22 beam=8 Eval=-5 - 3im Aval=-39 - 31im sval=6 Jval=2 + 4im
    freq=26 polr=0 time=32343 dish=0 beam=5 Eval=-5 + 1im Aval=126 + 79im sval=7 Jval=-6 - 2im
    freq=28 polr=0 time=4211 dish=39 beam=2 Eval=-6 - 2im Aval=-61 - 43im sval=6 Jval=4 + 6im
    freq=35 polr=0 time=25768 dish=43 beam=0 Eval=-5 + 2im Aval=6 + 0im sval=3 Jval=-3 + 2im
    freq=3 polr=0 time=8650 dish=60 beam=13 Eval=0 + 1im Aval=-98 - 71im sval=4 Jval=5 - 6im
    freq=34 polr=0 time=14252 dish=27 beam=13 Eval=7 + 1im Aval=109 - 78im sval=9 Jval=2 - 1im
    freq=40 polr=0 time=29236 dish=24 beam=9 Eval=-3 + 4im Aval=-22 - 53im sval=8 Jval=1 + 0im
    freq=27 polr=0 time=11260 dish=4 beam=13 Eval=7 - 6im Aval=-112 + 10im sval=7 Jval=-6 + 6im
    freq=19 polr=1 time=28393 dish=13 beam=2 Eval=2 + 0im Aval=83 + 70im sval=7 Jval=1 + 1im
    freq=12 polr=0 time=26337 dish=37 beam=9 Eval=2 - 6im Aval=-123 - 31im sval=10 Jval=0 + 1im
    freq=35 polr=0 time=12633 dish=14 beam=13 Eval=3 - 3im Aval=70 - 57im sval=7 Jval=0 - 3im
    freq=18 polr=0 time=16832 dish=59 beam=9 Eval=2 - 6im Aval=124 + 38im sval=9 Jval=1 - 1im
    freq=10 polr=0 time=23837 dish=25 beam=10 Eval=-3 + 4im Aval=-8 + 103im sval=6 Jval=-6 - 5im
    freq=16 polr=1 time=12657 dish=48 beam=5 Eval=7 - 6im Aval=-125 - 63im sval=8 Jval=-5 + 1im
    freq=2 polr=0 time=27384 dish=46 beam=14 Eval=6 + 5im Aval=-5 + 11im sval=6 Jval=-1 + 1im
    freq=10 polr=0 time=29654 dish=7 beam=4 Eval=-3 - 5im Aval=98 - 28im sval=9 Jval=-1 - 1im
    freq=9 polr=1 time=14276 dish=21 beam=15 Eval=-1 + 6im Aval=-99 - 3im sval=7 Jval=1 - 5im
    freq=31 polr=1 time=11495 dish=32 beam=6 Eval=3 + 2im Aval=102 + 14im sval=7 Jval=2 + 2im
    freq=27 polr=0 time=9209 dish=52 beam=14 Eval=5 + 5im Aval=-62 - 8im sval=8 Jval=-1 - 1im
    freq=33 polr=1 time=17069 dish=33 beam=7 Eval=1 - 3im Aval=-101 + 85im sval=6 Jval=2 + 6im
    freq=14 polr=0 time=819 dish=44 beam=10 Eval=3 + 2im Aval=-3 - 120im sval=9 Jval=0 - 1im
    freq=27 polr=0 time=17266 dish=3 beam=14 Eval=4 + 7im Aval=-86 - 114im sval=8 Jval=2 - 4im
    freq=34 polr=0 time=31733 dish=48 beam=0 Eval=4 + 3im Aval=81 + 121im sval=9 Jval=0 + 1im
    freq=12 polr=0 time=23437 dish=5 beam=0 Eval=1 + 1im Aval=70 - 60im sval=6 Jval=2 + 0im
    freq=8 polr=0 time=31342 dish=10 beam=14 Eval=-3 - 7im Aval=52 - 58im sval=7 Jval=-4 - 1im
    freq=15 polr=1 time=27639 dish=10 beam=0 Eval=-1 - 4im Aval=39 - 105im sval=8 Jval=-2 + 0im
    freq=2 polr=1 time=2936 dish=15 beam=2 Eval=3 - 3im Aval=4 - 22im sval=7 Jval=0 - 1im
    freq=43 polr=1 time=9836 dish=18 beam=0 Eval=-3 - 7im Aval=39 + 57im sval=8 Jval=1 - 2im
    freq=44 polr=0 time=27180 dish=56 beam=11 Eval=-7 + 7im Aval=-46 + 17im sval=9 Jval=0 - 1im
    freq=40 polr=0 time=2993 dish=26 beam=11 Eval=2 - 3im Aval=98 + 100im sval=8 Jval=2 + 0im
    freq=8 polr=0 time=27637 dish=27 beam=11 Eval=5 + 7im Aval=41 + 108im sval=8 Jval=-2 + 3im
    freq=16 polr=1 time=25610 dish=57 beam=9 Eval=-5 + 7im Aval=4 - 126im sval=7 Jval=7 + 5im
    freq=20 polr=0 time=8518 dish=20 beam=13 Eval=1 + 4im Aval=-9 + 4im sval=4 Jval=-1 - 2im
    freq=6 polr=0 time=1114 dish=22 beam=15 Eval=6 + 5im Aval=-68 + 17im sval=9 Jval=-1 + 0im
    freq=21 polr=0 time=24988 dish=18 beam=3 Eval=3 + 1im Aval=127 - 74im sval=6 Jval=7 - 1im
    freq=13 polr=1 time=30944 dish=19 beam=6 Eval=6 + 7im Aval=-72 - 99im sval=8 Jval=1 - 4im
    freq=7 polr=0 time=15852 dish=42 beam=0 Eval=4 - 1im Aval=106 - 115im sval=9 Jval=1 - 1im
    freq=44 polr=1 time=32360 dish=34 beam=14 Eval=6 + 7im Aval=-110 - 22im sval=9 Jval=-1 - 2im
    freq=42 polr=0 time=7358 dish=0 beam=3 Eval=-6 + 7im Aval=120 + 59im sval=8 Jval=-4 + 2im
    freq=45 polr=0 time=291 dish=33 beam=0 Eval=3 - 2im Aval=-78 - 59im sval=8 Jval=-1 + 0im
    freq=19 polr=1 time=22446 dish=28 beam=1 Eval=4 - 4im Aval=111 - 79im sval=7 Jval=1 - 6im
    freq=14 polr=0 time=5575 dish=50 beam=13 Eval=-1 + 7im Aval=-20 - 107im sval=9 Jval=2 + 0im
    freq=39 polr=1 time=262 dish=52 beam=9 Eval=-3 + 4im Aval=91 - 16im sval=9 Jval=0 + 1im
    freq=7 polr=1 time=20663 dish=60 beam=3 Eval=1 + 1im Aval=-11 - 86im sval=6 Jval=1 - 1im
    freq=41 polr=1 time=8962 dish=29 beam=5 Eval=-6 - 7im Aval=82 - 32im sval=8 Jval=-3 - 1im
    freq=21 polr=1 time=22336 dish=19 beam=4 Eval=6 - 4im Aval=-85 - 81im sval=8 Jval=-3 - 1im
    freq=42 polr=0 time=14198 dish=48 beam=2 Eval=-7 - 6im Aval=-104 - 78im sval=11 Jval=0 + 1im
    freq=29 polr=0 time=19674 dish=22 beam=12 Eval=-6 - 7im Aval=40 - 79im sval=10 Jval=-1 + 0im
    freq=24 polr=1 time=19357 dish=2 beam=6 Eval=-3 - 7im Aval=64 + 29im sval=9 Jval=0 - 1im
    freq=16 polr=1 time=29083 dish=54 beam=9 Eval=-5 + 7im Aval=-47 - 11im sval=7 Jval=2 - 2im
    freq=26 polr=0 time=9554 dish=28 beam=7 Eval=3 + 6im Aval=45 + 23im sval=8 Jval=0 + 1im
    freq=2 polr=1 time=2555 dish=49 beam=2 Eval=-1 + 2im Aval=-111 - 73im sval=7 Jval=2 - 1im
    freq=46 polr=1 time=20495 dish=23 beam=8 Eval=0 + 1im Aval=-77 + 32im sval=7 Jval=0 - 1im
    freq=25 polr=1 time=18375 dish=39 beam=13 Eval=-2 + 5im Aval=-117 + 27im sval=8 Jval=0 - 2im
    freq=5 polr=0 time=21651 dish=23 beam=9 Eval=5 - 3im Aval=108 - 98im sval=9 Jval=0 - 2im
    freq=41 polr=1 time=26486 dish=61 beam=10 Eval=6 - 2im Aval=-108 - 17im sval=9 Jval=-1 + 0im
    freq=44 polr=1 time=9140 dish=20 beam=1 Eval=-7 - 7im Aval=-74 - 111im sval=11 Jval=0 + 1im
    freq=6 polr=1 time=10059 dish=9 beam=4 Eval=-5 + 5im Aval=-92 - 87im sval=8 Jval=4 + 0im
    freq=23 polr=1 time=24078 dish=20 beam=14 Eval=-6 - 3im Aval=93 - 103im sval=9 Jval=-2 + 1im
    freq=47 polr=1 time=3926 dish=55 beam=14 Eval=-2 + 1im Aval=-80 + 113im sval=6 Jval=1 - 5im
    freq=29 polr=1 time=3773 dish=57 beam=12 Eval=3 + 3im Aval=-59 + 21im sval=6 Jval=-4 - 2im
    freq=42 polr=0 time=31530 dish=53 beam=10 Eval=-5 + 6im Aval=-78 + 48im sval=7 Jval=1 - 6im
    freq=2 polr=1 time=15956 dish=19 beam=12 Eval=-5 - 6im Aval=60 - 1im sval=6 Jval=-5 - 6im
    freq=28 polr=0 time=15133 dish=6 beam=10 Eval=-5 - 4im Aval=-54 - 33im sval=6 Jval=2 + 6im
    freq=25 polr=0 time=21554 dish=39 beam=14 Eval=6 + 3im Aval=107 + 109im sval=8 Jval=1 + 4im
    freq=15 polr=1 time=7695 dish=41 beam=0 Eval=-7 - 2im Aval=115 + 90im sval=8 Jval=-2 - 3im
    freq=31 polr=1 time=25492 dish=46 beam=1 Eval=1 + 2im Aval=71 + 66im sval=5 Jval=-2 + 7im
    freq=0 polr=0 time=1453 dish=9 beam=10 Eval=1 - 4im Aval=88 - 121im sval=8 Jval=-2 - 2im
    freq=42 polr=0 time=1323 dish=51 beam=15 Eval=6 + 0im Aval=112 - 30im sval=7 Jval=5 - 1im
    freq=33 polr=1 time=7881 dish=52 beam=2 Eval=-6 - 5im Aval=124 + 31im sval=8 Jval=-2 - 3im
    freq=37 polr=1 time=16005 dish=58 beam=6 Eval=1 + 5im Aval=-34 + 51im sval=9 Jval=-1 + 0im
    freq=23 polr=1 time=19588 dish=59 beam=3 Eval=0 - 5im Aval=-124 - 25im sval=9 Jval=0 + 1im
    freq=6 polr=1 time=16075 dish=35 beam=11 Eval=-6 - 2im Aval=120 + 44im sval=8 Jval=-2 - 2im
    freq=5 polr=1 time=32614 dish=48 beam=12 Eval=1 + 6im Aval=19 + 106im sval=9 Jval=-1 + 0im
    freq=9 polr=0 time=17416 dish=10 beam=2 Eval=-6 - 6im Aval=61 - 18im sval=7 Jval=-4 - 2im
    freq=7 polr=1 time=19815 dish=25 beam=14 Eval=-2 + 1im Aval=120 + 75im sval=8 Jval=-1 + 0im
    freq=43 polr=0 time=18439 dish=15 beam=4 Eval=2 - 4im Aval=37 + 77im sval=6 Jval=6 + 0im
    freq=14 polr=1 time=4383 dish=15 beam=4 Eval=-7 - 6im Aval=-85 + 99im sval=11 Jval=1 + 0im
    freq=10 polr=0 time=7360 dish=4 beam=4 Eval=-7 + 6im Aval=-41 - 90im sval=9 Jval=2 + 1im
    freq=7 polr=1 time=21423 dish=25 beam=1 Eval=3 - 4im Aval=-104 - 104im sval=8 Jval=-3 + 0im
    freq=0 polr=0 time=1769 dish=56 beam=10 Eval=2 + 4im Aval=120 + 110im sval=8 Jval=-1 + 3im
    freq=2 polr=1 time=4859 dish=47 beam=7 Eval=-2 + 0im Aval=-15 - 28im sval=3 Jval=4 + 7im
    freq=45 polr=0 time=9712 dish=6 beam=1 Eval=-5 + 1im Aval=38 + 84im sval=9 Jval=-1 - 1im
    freq=38 polr=1 time=30712 dish=54 beam=10 Eval=-5 + 4im Aval=108 - 42im sval=9 Jval=-1 + 1im
    freq=28 polr=0 time=24051 dish=50 beam=0 Eval=-4 + 2im Aval=39 - 31im sval=6 Jval=-1 + 3im
    freq=43 polr=1 time=24647 dish=47 beam=12 Eval=6 - 2im Aval=-105 - 10im sval=9 Jval=-1 + 0im
    freq=5 polr=0 time=2721 dish=18 beam=15 Eval=-1 - 1im Aval=81 - 35im sval=5 Jval=-4 - 1im
    freq=40 polr=1 time=4684 dish=28 beam=14 Eval=5 + 4im Aval=29 + 51im sval=7 Jval=0 + 3im
    freq=1 polr=1 time=31278 dish=54 beam=4 Eval=7 + 2im Aval=44 - 73im sval=9 Jval=1 - 1im
    freq=22 polr=1 time=30325 dish=36 beam=8 Eval=4 - 2im Aval=106 - 107im sval=7 Jval=2 - 5im
    freq=15 polr=1 time=6534 dish=47 beam=2 Eval=-5 + 3im Aval=-83 + 77im sval=7 Jval=1 - 5im
    freq=32 polr=0 time=10421 dish=14 beam=0 Eval=-5 - 5im Aval=-17 + 127im sval=7 Jval=6 - 4im
    freq=22 polr=0 time=30124 dish=39 beam=8 Eval=5 + 2im Aval=55 - 82im sval=9 Jval=1 - 1im
    freq=15 polr=1 time=24742 dish=20 beam=13 Eval=-2 + 2im Aval=-93 + 73im sval=8 Jval=0 - 1im
    freq=46 polr=0 time=12623 dish=51 beam=0 Eval=-1 - 6im Aval=-27 - 82im sval=6 Jval=-7 + 4im
    freq=19 polr=1 time=11221 dish=8 beam=8 Eval=-3 + 3im Aval=-19 - 82im sval=7 Jval=2 + 1im
    freq=28 polr=0 time=4299 dish=28 beam=7 Eval=-6 - 7im Aval=-36 - 69im sval=10 Jval=0 + 1im
    freq=19 polr=1 time=29321 dish=34 beam=9 Eval=-6 - 5im Aval=-82 + 125im sval=8 Jval=4 - 1im
    freq=16 polr=1 time=14988 dish=20 beam=5 Eval=-1 - 5im Aval=-32 + 122im sval=8 Jval=3 + 0im
    freq=39 polr=0 time=29221 dish=14 beam=5 Eval=-3 + 6im Aval=30 + 117im sval=10 Jval=-1 + 0im
    freq=27 polr=0 time=25518 dish=25 beam=5 Eval=7 - 3im Aval=82 + 49im sval=10 Jval=1 + 0im
    freq=24 polr=0 time=804 dish=29 beam=7 Eval=1 - 2im Aval=-114 + 14im sval=8 Jval=0 + 1im
    freq=30 polr=0 time=19908 dish=10 beam=15 Eval=2 - 6im Aval=50 - 47im sval=8 Jval=-1 - 2im
    freq=16 polr=1 time=28427 dish=23 beam=9 Eval=-2 + 1im Aval=-75 + 0im sval=7 Jval=1 - 1im
    freq=9 polr=1 time=28233 dish=20 beam=15 Eval=2 - 7im Aval=-45 + 28im sval=7 Jval=1 + 3im
    freq=1 polr=0 time=836 dish=60 beam=13 Eval=-7 + 7im Aval=41 + 32im sval=9 Jval=-1 + 0im
    freq=20 polr=0 time=11942 dish=20 beam=2 Eval=4 - 4im Aval=-121 - 92im sval=10 Jval=-1 + 0im
    freq=26 polr=1 time=2193 dish=8 beam=4 Eval=-2 + 6im Aval=-104 - 83im sval=10 Jval=1 + 0im
    freq=32 polr=0 time=15463 dish=41 beam=9 Eval=2 + 7im Aval=25 - 96im sval=8 Jval=3 + 0im
    freq=33 polr=0 time=20811 dish=45 beam=0 Eval=-6 - 7im Aval=124 - 50im sval=9 Jval=-2 - 1im
    freq=41 polr=1 time=1328 dish=9 beam=6 Eval=2 + 5im Aval=-53 - 75im sval=6 Jval=4 - 6im
    freq=17 polr=0 time=27818 dish=32 beam=7 Eval=-3 - 3im Aval=117 - 72im sval=8 Jval=-2 - 1im
    freq=13 polr=1 time=14334 dish=2 beam=6 Eval=-6 - 6im Aval=16 + 45im sval=8 Jval=1 - 1im
    freq=40 polr=1 time=8330 dish=51 beam=0 Eval=-3 - 2im Aval=53 - 121im sval=7 Jval=-3 + 2im
    freq=11 polr=0 time=31770 dish=45 beam=6 Eval=2 + 7im Aval=-54 - 29im sval=8 Jval=0 - 2im
    freq=18 polr=0 time=7057 dish=0 beam=2 Eval=-1 - 7im Aval=86 + 43im sval=7 Jval=2 - 5im
    freq=42 polr=1 time=31609 dish=5 beam=3 Eval=1 - 1im Aval=119 + 70im sval=5 Jval=6 - 1im
    freq=42 polr=0 time=12727 dish=15 beam=14 Eval=-2 + 6im Aval=78 + 117im sval=8 Jval=-3 + 1im
    freq=30 polr=1 time=28769 dish=22 beam=14 Eval=-5 + 5im Aval=29 + 21im sval=6 Jval=-4 + 1im
    freq=3 polr=1 time=31905 dish=19 beam=5 Eval=1 + 4im Aval=-81 - 4im sval=9 Jval=0 - 1im
    freq=41 polr=1 time=24473 dish=16 beam=3 Eval=-7 - 1im Aval=-100 - 48im sval=7 Jval=5 + 3im
    freq=2 polr=1 time=18115 dish=1 beam=5 Eval=-1 - 1im Aval=-30 - 121im sval=6 Jval=-1 + 2im
    freq=39 polr=0 time=31089 dish=38 beam=9 Eval=3 + 7im Aval=-97 + 106im sval=8 Jval=-4 - 1im
    freq=0 polr=0 time=29088 dish=32 beam=4 Eval=5 + 0im Aval=-1 - 61im sval=9 Jval=0 - 1im
    freq=35 polr=1 time=12734 dish=60 beam=15 Eval=-2 + 5im Aval=-71 - 33im sval=6 Jval=5 - 4im
    freq=41 polr=0 time=14286 dish=3 beam=6 Eval=-5 - 7im Aval=-34 - 27im sval=9 Jval=0 + 1im
    freq=23 polr=1 time=6289 dish=49 beam=3 Eval=-5 + 4im Aval=-24 - 93im sval=9 Jval=1 + 1im
    freq=31 polr=1 time=4940 dish=31 beam=7 Eval=-4 - 1im Aval=-66 + 60im sval=8 Jval=1 - 1im
    freq=8 polr=1 time=22662 dish=47 beam=5 Eval=2 - 4im Aval=-88 + 94im sval=9 Jval=0 + 1im
    freq=3 polr=1 time=3714 dish=11 beam=14 Eval=-3 + 6im Aval=-19 - 46im sval=7 Jval=3 + 0im
    freq=28 polr=1 time=3250 dish=9 beam=5 Eval=6 - 5im Aval=114 - 50im sval=8 Jval=2 - 3im
    freq=17 polr=0 time=11276 dish=24 beam=1 Eval=-4 - 3im Aval=-37 + 127im sval=7 Jval=4 - 3im
    freq=43 polr=1 time=22136 dish=9 beam=15 Eval=-3 + 4im Aval=-66 - 116im sval=8 Jval=3 + 0im
    freq=24 polr=1 time=30051 dish=21 beam=1 Eval=2 - 7im Aval=-51 + 59im sval=8 Jval=1 + 2im
    freq=35 polr=1 time=6595 dish=40 beam=8 Eval=3 - 1im Aval=8 - 93im sval=9 Jval=0 - 1im
    freq=8 polr=0 time=24534 dish=27 beam=10 Eval=-5 - 4im Aval=14 + 45im sval=8 Jval=0 - 1im
    freq=41 polr=1 time=10953 dish=22 beam=10 Eval=6 + 3im Aval=-60 + 26im sval=9 Jval=-1 + 0im
    freq=44 polr=1 time=21246 dish=42 beam=14 Eval=3 - 4im Aval=106 + 81im sval=9 Jval=1 + 0im
    freq=40 polr=0 time=27504 dish=25 beam=9 Eval=5 - 2im Aval=-68 + 90im sval=8 Jval=-1 + 2im
    freq=30 polr=1 time=31360 dish=12 beam=13 Eval=-4 + 4im Aval=-49 - 3im sval=8 Jval=1 - 1im
    freq=8 polr=1 time=15807 dish=50 beam=5 Eval=3 + 7im Aval=64 - 125im sval=9 Jval=2 + 0im
    freq=19 polr=0 time=11134 dish=15 beam=13 Eval=7 + 5im Aval=-48 - 12im sval=8 Jval=-1 - 1im
    freq=44 polr=1 time=7138 dish=13 beam=0 Eval=-3 - 5im Aval=63 - 24im sval=8 Jval=-1 - 1im
    freq=5 polr=1 time=5770 dish=39 beam=9 Eval=-4 - 1im Aval=75 + 101im sval=9 Jval=0 - 1im
    freq=16 polr=0 time=783 dish=28 beam=8 Eval=4 + 7im Aval=-91 + 116im sval=8 Jval=-5 - 1im
    freq=19 polr=1 time=11795 dish=59 beam=6 Eval=-4 - 7im Aval=-111 - 120im sval=9 Jval=-1 + 2im
    freq=44 polr=1 time=28089 dish=43 beam=7 Eval=0 + 7im Aval=73 - 105im sval=10 Jval=1 + 1im
    freq=43 polr=0 time=1666 dish=45 beam=11 Eval=2 - 5im Aval=84 + 113im sval=9 Jval=1 + 0im
    freq=19 polr=1 time=4940 dish=5 beam=6 Eval=-6 - 7im Aval=55 + 55im sval=9 Jval=0 - 1im
    freq=2 polr=0 time=10289 dish=13 beam=4 Eval=5 + 7im Aval=115 + 51im sval=11 Jval=0 + 1im
    freq=35 polr=1 time=2786 dish=10 beam=5 Eval=3 + 4im Aval=-19 - 33im sval=7 Jval=1 - 1im
    freq=1 polr=0 time=18513 dish=62 beam=1 Eval=4 + 1im Aval=-3 + 31im sval=6 Jval=-1 + 2im
    freq=17 polr=0 time=8365 dish=45 beam=1 Eval=-5 - 6im Aval=-31 - 9im sval=7 Jval=1 + 2im
    freq=42 polr=0 time=12296 dish=45 beam=3 Eval=-7 - 1im Aval=-80 + 0im sval=8 Jval=2 + 0im
    freq=38 polr=0 time=24642 dish=30 beam=14 Eval=4 + 0im Aval=-74 - 40im sval=8 Jval=-1 - 1im
    freq=36 polr=0 time=30429 dish=21 beam=1 Eval=-4 - 5im Aval=126 - 79im sval=10 Jval=-1 + 0im
    freq=8 polr=0 time=16838 dish=0 beam=10 Eval=-6 - 4im Aval=-4 - 91im sval=8 Jval=-1 + 2im
    freq=25 polr=1 time=10040 dish=52 beam=13 Eval=2 + 5im Aval=-36 - 104im sval=8 Jval=2 - 2im
    freq=44 polr=0 time=10902 dish=15 beam=6 Eval=6 - 3im Aval=117 + 66im sval=9 Jval=2 + 0im
    freq=31 polr=0 time=8115 dish=32 beam=8 Eval=5 - 3im Aval=63 + 36im sval=7 Jval=3 + 0im
    freq=38 polr=1 time=8384 dish=34 beam=10 Eval=-2 + 3im Aval=96 - 29im sval=9 Jval=0 + 1im
    freq=43 polr=0 time=30589 dish=48 beam=8 Eval=0 - 2im Aval=91 + 59im sval=6 Jval=2 - 3im
    freq=43 polr=1 time=26136 dish=55 beam=6 Eval=-5 - 4im Aval=103 + 7im sval=8 Jval=-2 - 2im
    freq=43 polr=0 time=9615 dish=56 beam=8 Eval=-1 - 3im Aval=88 - 40im sval=6 Jval=-3 - 3im
    freq=0 polr=1 time=5030 dish=45 beam=11 Eval=-6 - 3im Aval=-119 + 15im sval=9 Jval=1 + 1im
    freq=19 polr=1 time=14405 dish=62 beam=15 Eval=-7 - 5im Aval=-14 + 18im sval=8 Jval=1 + 0im
    freq=44 polr=0 time=5872 dish=1 beam=11 Eval=-3 + 2im Aval=122 - 90im sval=9 Jval=0 + 1im
    freq=29 polr=1 time=1671 dish=40 beam=12 Eval=3 + 0im Aval=36 + 31im sval=6 Jval=2 + 1im
    freq=16 polr=0 time=13792 dish=17 beam=1 Eval=-2 - 1im Aval=-27 - 18im sval=7 Jval=0 + 1im
    freq=8 polr=0 time=21493 dish=23 beam=3 Eval=6 + 2im Aval=62 + 38im sval=8 Jval=1 + 1im
    freq=18 polr=0 time=17310 dish=5 beam=2 Eval=-6 + 1im Aval=87 + 24im sval=7 Jval=-4 + 0im
    freq=39 polr=0 time=29633 dish=59 beam=0 Eval=5 - 1im Aval=19 + 48im sval=7 Jval=1 + 2im
    freq=42 polr=0 time=11450 dish=41 beam=3 Eval=-4 - 7im Aval=17 + 41im sval=8 Jval=1 - 1im
    freq=25 polr=1 time=2755 dish=30 beam=2 Eval=4 + 0im Aval=-48 - 19im sval=6 Jval=-3 - 1im
    freq=8 polr=1 time=6022 dish=22 beam=2 Eval=7 - 6im Aval=57 + 5im sval=9 Jval=1 - 1im
    freq=8 polr=1 time=32728 dish=18 beam=10 Eval=7 - 6im Aval=114 + 90im sval=9 Jval=3 + 0im
    freq=24 polr=0 time=21609 dish=5 beam=5 Eval=-4 + 6im Aval=3 - 42im sval=8 Jval=1 + 1im
    freq=2 polr=1 time=2590 dish=53 beam=15 Eval=4 + 1im Aval=80 - 96im sval=7 Jval=3 - 2im
    freq=14 polr=1 time=30262 dish=4 beam=0 Eval=-1 - 1im Aval=-11 - 127im sval=5 Jval=-4 + 4im
    freq=7 polr=0 time=24426 dish=51 beam=6 Eval=5 + 1im Aval=-60 - 77im sval=6 Jval=-3 - 7im
    freq=27 polr=0 time=6283 dish=14 beam=14 Eval=-3 + 0im Aval=82 - 105im sval=8 Jval=-1 + 1im
    freq=3 polr=0 time=1491 dish=7 beam=8 Eval=-3 + 4im Aval=-78 + 90im sval=8 Jval=0 - 2im
    freq=47 polr=0 time=26650 dish=23 beam=12 Eval=2 - 6im Aval=19 + 111im sval=9 Jval=1 + 0im
    freq=38 polr=0 time=23274 dish=56 beam=11 Eval=3 - 1im Aval=-60 - 14im sval=5 Jval=-6 + 1im
    freq=17 polr=0 time=11175 dish=35 beam=1 Eval=-4 + 4im Aval=117 + 55im sval=7 Jval=-5 + 2im
    freq=34 polr=0 time=31704 dish=22 beam=0 Eval=3 - 4im Aval=-124 + 107im sval=9 Jval=0 + 2im
    freq=34 polr=0 time=20094 dish=9 beam=13 Eval=7 - 1im Aval=-92 + 51im sval=9 Jval=-1 + 1im
    freq=4 polr=0 time=29823 dish=2 beam=5 Eval=6 - 5im Aval=-116 - 91im sval=11 Jval=-1 + 0im
    freq=18 polr=0 time=25448 dish=19 beam=13 Eval=-2 + 5im Aval=-126 - 104im sval=8 Jval=3 - 2im
    freq=42 polr=0 time=20295 dish=9 beam=3 Eval=6 - 2im Aval=-38 + 65im sval=8 Jval=0 + 2im
    freq=12 polr=1 time=13739 dish=63 beam=12 Eval=-6 - 2im Aval=-84 - 27im sval=9 Jval=1 + 1im
    freq=42 polr=0 time=5698 dish=27 beam=2 Eval=-6 + 5im Aval=-67 + 122im sval=11 Jval=0 - 1im
    freq=14 polr=0 time=9038 dish=7 beam=5 Eval=-6 + 7im Aval=3 - 30im sval=7 Jval=2 + 2im
    freq=45 polr=1 time=2885 dish=19 beam=2 Eval=5 - 1im Aval=81 + 80im sval=7 Jval=4 + 3im
    freq=13 polr=0 time=28762 dish=50 beam=10 Eval=3 + 3im Aval=-68 - 11im sval=8 Jval=-1 - 1im
    freq=32 polr=0 time=26914 dish=5 beam=1 Eval=7 + 4im Aval=74 + 124im sval=11 Jval=0 + 1im
    freq=13 polr=0 time=26953 dish=3 beam=15 Eval=2 - 1im Aval=122 + 72im sval=6 Jval=5 + 0im
    freq=10 polr=0 time=9438 dish=55 beam=4 Eval=-6 - 7im Aval=-109 + 63im sval=9 Jval=2 + 1im
    freq=28 polr=0 time=4482 dish=21 beam=8 Eval=-7 + 7im Aval=50 + 73im sval=7 Jval=-7 - 1im
    freq=40 polr=1 time=16506 dish=48 beam=14 Eval=5 - 7im Aval=14 - 15im sval=7 Jval=0 - 1im
    freq=37 polr=0 time=30829 dish=36 beam=4 Eval=7 - 1im Aval=-45 - 92im sval=7 Jval=-3 - 5im
    freq=32 polr=0 time=25986 dish=31 beam=0 Eval=-5 - 7im Aval=28 + 23im sval=7 Jval=0 - 2im
    freq=35 polr=1 time=7535 dish=3 beam=13 Eval=-2 + 6im Aval=-110 + 14im sval=10 Jval=0 - 1im
    freq=37 polr=0 time=11254 dish=11 beam=13 Eval=-1 + 2im Aval=-3 + 84im sval=7 Jval=-1 - 1im
    freq=29 polr=0 time=29792 dish=0 beam=10 Eval=2 - 7im Aval=73 - 44im sval=8 Jval=-1 - 2im
    freq=1 polr=1 time=30633 dish=19 beam=4 Eval=1 + 6im Aval=76 + 35im sval=9 Jval=0 + 1im
    freq=25 polr=1 time=6911 dish=56 beam=9 Eval=-3 + 1im Aval=-44 - 10im sval=7 Jval=1 + 0im
    freq=13 polr=1 time=14127 dish=0 beam=10 Eval=-7 - 6im Aval=71 - 22im sval=7 Jval=-5 - 2im
    freq=29 polr=1 time=14178 dish=26 beam=9 Eval=-7 + 4im Aval=5 - 110im sval=10 Jval=0 + 1im
    freq=45 polr=1 time=26849 dish=55 beam=2 Eval=1 - 6im Aval=-46 + 26im sval=7 Jval=1 + 2im
    freq=22 polr=0 time=25224 dish=14 beam=13 Eval=-7 + 2im Aval=25 - 113im sval=7 Jval=0 + 7im
    freq=36 polr=1 time=7751 dish=31 beam=1 Eval=-6 - 3im Aval=-60 + 4im sval=6 Jval=6 + 2im
    freq=23 polr=0 time=25424 dish=1 beam=8 Eval=7 - 2im Aval=-71 - 59im sval=8 Jval=-2 - 1im
    freq=43 polr=0 time=22419 dish=55 beam=11 Eval=-6 - 5im Aval=-74 - 12im sval=9 Jval=1 + 1im
    freq=22 polr=1 time=9519 dish=40 beam=14 Eval=1 - 7im Aval=118 - 11im sval=9 Jval=0 - 2im
    freq=8 polr=1 time=6981 dish=41 beam=4 Eval=6 + 3im Aval=92 - 123im sval=9 Jval=2 - 1im
    freq=32 polr=0 time=26894 dish=26 beam=2 Eval=2 + 7im Aval=-34 + 9im sval=5 Jval=-4 - 7im
    freq=34 polr=0 time=29106 dish=32 beam=8 Eval=6 + 6im Aval=-93 + 35im sval=8 Jval=-3 - 1im
    freq=27 polr=0 time=8560 dish=33 beam=14 Eval=3 - 7im Aval=0 - 45im sval=8 Jval=-1 - 1im
    freq=26 polr=0 time=8893 dish=50 beam=1 Eval=5 - 3im Aval=-39 + 77im sval=8 Jval=0 + 2im
    freq=24 polr=1 time=10148 dish=30 beam=0 Eval=4 + 5im Aval=-102 - 47im sval=7 Jval=-1 - 5im
    freq=5 polr=1 time=4665 dish=21 beam=9 Eval=1 - 4im Aval=-42 - 106im sval=9 Jval=-1 + 0im
    freq=2 polr=1 time=28507 dish=7 beam=1 Eval=7 + 2im Aval=-5 - 44im sval=6 Jval=1 - 5im
    freq=47 polr=1 time=22148 dish=0 beam=10 Eval=4 + 0im Aval=-71 - 12im sval=7 Jval=-2 + 0im
    freq=42 polr=0 time=25048 dish=21 beam=14 Eval=-4 - 6im Aval=17 - 63im sval=8 Jval=-2 + 1im
    freq=24 polr=1 time=14076 dish=20 beam=0 Eval=-2 - 4im Aval=48 - 41im sval=7 Jval=-2 - 1im
    freq=15 polr=1 time=29244 dish=55 beam=2 Eval=-2 + 5im Aval=22 + 74im sval=7 Jval=-3 + 0im
    freq=6 polr=0 time=6160 dish=49 beam=1 Eval=6 - 4im Aval=100 + 16im sval=9 Jval=1 - 1im
    freq=10 polr=1 time=19416 dish=42 beam=8 Eval=-3 - 1im Aval=126 + 97im sval=6 Jval=-4 - 6im
    freq=26 polr=0 time=32340 dish=1 beam=0 Eval=7 - 2im Aval=-98 + 35im sval=8 Jval=-2 + 2im
    freq=3 polr=0 time=2520 dish=63 beam=5 Eval=-7 - 1im Aval=-18 - 44im sval=6 Jval=1 + 5im
    freq=46 polr=0 time=13608 dish=60 beam=14 Eval=-1 + 5im Aval=-73 + 92im sval=9 Jval=-1 - 1im
    freq=31 polr=1 time=31753 dish=61 beam=8 Eval=-7 + 5im Aval=-43 - 11im sval=6 Jval=6 - 2im
    freq=5 polr=1 time=31181 dish=1 beam=1 Eval=6 + 5im Aval=30 + 7im sval=7 Jval=1 + 2im
    freq=46 polr=0 time=25043 dish=50 beam=6 Eval=3 + 7im Aval=-35 - 53im sval=6 Jval=4 - 6im
    freq=8 polr=1 time=9016 dish=41 beam=5 Eval=-2 - 4im Aval=-29 - 111im sval=9 Jval=-1 + 1im
    freq=7 polr=0 time=11847 dish=14 beam=3 Eval=-7 - 7im Aval=-109 + 74im sval=9 Jval=3 + 0im
    freq=14 polr=1 time=26796 dish=4 beam=7 Eval=-3 - 2im Aval=-38 + 32im sval=6 Jval=3 + 0im
    freq=38 polr=0 time=17784 dish=18 beam=2 Eval=2 - 6im Aval=-46 - 49im sval=6 Jval=-6 + 3im
    freq=9 polr=0 time=5319 dish=43 beam=8 Eval=-6 + 1im Aval=12 - 49im sval=9 Jval=0 + 1im
    freq=46 polr=0 time=15960 dish=49 beam=0 Eval=0 - 5im Aval=-3 + 78im sval=6 Jval=6 + 0im
    freq=41 polr=0 time=7397 dish=8 beam=1 Eval=4 - 5im Aval=56 - 26im sval=7 Jval=1 - 3im
    freq=46 polr=1 time=32301 dish=61 beam=15 Eval=-4 + 7im Aval=88 + 112im sval=10 Jval=-1 + 0im
    freq=44 polr=0 time=13286 dish=24 beam=0 Eval=3 - 6im Aval=-62 + 36im sval=7 Jval=0 + 4im
    freq=12 polr=0 time=11342 dish=55 beam=1 Eval=1 + 0im Aval=-46 - 1im sval=3 Jval=-5 + 0im
    freq=31 polr=0 time=7683 dish=43 beam=4 Eval=0 + 4im Aval=-57 + 11im sval=5 Jval=-1 - 7im
    freq=42 polr=0 time=24768 dish=19 beam=3 Eval=4 + 1im Aval=23 - 125im sval=8 Jval=1 - 2im
    freq=45 polr=0 time=4629 dish=13 beam=2 Eval=4 + 4im Aval=88 - 102im sval=8 Jval=3 + 0im
    freq=33 polr=1 time=23242 dish=24 beam=2 Eval=-5 + 5im Aval=-119 + 37im sval=8 Jval=2 - 3im
    freq=24 polr=0 time=18340 dish=14 beam=5 Eval=2 + 3im Aval=-16 + 84im sval=8 Jval=-1 + 0im
    freq=0 polr=0 time=3670 dish=33 beam=10 Eval=-3 + 7im Aval=54 - 44im sval=8 Jval=1 + 2im
    freq=31 polr=1 time=13257 dish=7 beam=7 Eval=4 - 5im Aval=49 + 95im sval=8 Jval=3 + 1im
    freq=15 polr=0 time=4335 dish=43 beam=14 Eval=7 + 3im Aval=37 + 34im sval=7 Jval=1 + 3im
    freq=33 polr=1 time=6097 dish=8 beam=4 Eval=5 - 4im Aval=33 - 96im sval=9 Jval=0 - 1im
    freq=8 polr=0 time=2128 dish=3 beam=15 Eval=-7 - 4im Aval=107 + 79im sval=10 Jval=0 - 1im
    freq=18 polr=0 time=26725 dish=35 beam=6 Eval=-3 + 5im Aval=-108 + 37im sval=10 Jval=0 - 1im
    freq=39 polr=0 time=7546 dish=32 beam=5 Eval=-2 - 3im Aval=-102 + 123im sval=10 Jval=1 + 0im
    freq=32 polr=1 time=232 dish=10 beam=7 Eval=-5 + 5im Aval=-20 - 18im sval=8 Jval=1 + 0im
    freq=28 polr=0 time=5078 dish=62 beam=7 Eval=-5 + 0im Aval=-122 - 11im sval=10 Jval=1 + 0im
    freq=14 polr=0 time=19954 dish=44 beam=1 Eval=1 + 7im Aval=-115 + 75im sval=8 Jval=-2 - 3im
    freq=45 polr=0 time=18633 dish=58 beam=7 Eval=4 + 7im Aval=55 + 38im sval=10 Jval=0 + 1im
    freq=33 polr=1 time=18024 dish=17 beam=4 Eval=-3 + 4im Aval=68 + 20im sval=9 Jval=-1 + 0im
    freq=22 polr=1 time=14003 dish=22 beam=8 Eval=-5 + 5im Aval=-68 + 124im sval=7 Jval=-2 - 7im
    freq=1 polr=1 time=16529 dish=51 beam=6 Eval=-3 + 7im Aval=39 + 47im sval=7 Jval=-3 + 1im
    freq=18 polr=0 time=25167 dish=46 beam=4 Eval=6 + 3im Aval=-6 + 10im sval=5 Jval=-2 + 1im
    freq=20 polr=1 time=3777 dish=26 beam=14 Eval=6 + 6im Aval=-15 + 33im sval=8 Jval=-1 + 0im
    freq=47 polr=0 time=30095 dish=1 beam=2 Eval=7 + 3im Aval=-62 - 11im sval=6 Jval=-6 - 4im
    freq=18 polr=1 time=7272 dish=38 beam=0 Eval=4 - 7im Aval=-79 + 59im sval=7 Jval=1 + 6im
    freq=45 polr=1 time=13790 dish=2 beam=4 Eval=4 - 6im Aval=-75 - 42im sval=9 Jval=-1 + 1im
    freq=21 polr=0 time=25567 dish=22 beam=11 Eval=5 + 2im Aval=51 + 77im sval=9 Jval=0 + 1im
    freq=31 polr=1 time=17971 dish=8 beam=6 Eval=-4 + 3im Aval=-16 - 114im sval=7 Jval=3 + 3im
    freq=2 polr=1 time=25805 dish=32 beam=11 Eval=-7 - 5im Aval=54 + 107im sval=9 Jval=0 - 2im
    freq=39 polr=1 time=17485 dish=63 beam=6 Eval=0 - 3im Aval=117 - 31im sval=9 Jval=0 - 1im
    freq=20 polr=1 time=8676 dish=38 beam=13 Eval=2 + 0im Aval=29 - 27im sval=5 Jval=2 - 2im
    freq=7 polr=0 time=22383 dish=53 beam=0 Eval=2 + 3im Aval=-108 - 6im sval=9 Jval=0 - 1im
    freq=32 polr=0 time=12627 dish=18 beam=8 Eval=-1 + 5im Aval=11 + 57im sval=8 Jval=-1 + 0im
    freq=20 polr=1 time=29904 dish=58 beam=5 Eval=6 - 4im Aval=29 - 44im sval=6 Jval=0 - 6im
    freq=27 polr=1 time=30322 dish=18 beam=15 Eval=-7 + 4im Aval=-101 + 13im sval=9 Jval=1 - 1im
    freq=2 polr=0 time=3774 dish=7 beam=2 Eval=7 - 2im Aval=8 + 118im sval=9 Jval=1 + 2im
    freq=7 polr=0 time=23935 dish=5 beam=12 Eval=2 - 2im Aval=-19 - 90im sval=6 Jval=-3 - 2im
    freq=35 polr=0 time=9600 dish=43 beam=2 Eval=1 - 3im Aval=42 - 42im sval=8 Jval=0 - 1im
    freq=22 polr=0 time=16816 dish=46 beam=1 Eval=5 - 6im Aval=27 - 95im sval=8 Jval=-2 - 2im
    freq=2 polr=1 time=1821 dish=19 beam=12 Eval=0 + 5im Aval=38 + 92im sval=6 Jval=-7 + 3im
    freq=31 polr=0 time=8348 dish=21 beam=8 Eval=-6 - 7im Aval=-12 - 87im sval=7 Jval=-4 + 5im
    freq=23 polr=1 time=28734 dish=22 beam=10 Eval=-6 + 2im Aval=95 - 20im sval=7 Jval=-4 + 2im
    freq=38 polr=0 time=19241 dish=8 beam=3 Eval=-6 + 1im Aval=-11 - 11im sval=4 Jval=5 + 4im
    freq=10 polr=0 time=10948 dish=25 beam=3 Eval=6 - 5im Aval=26 - 87im sval=10 Jval=0 - 1im
    freq=22 polr=1 time=10608 dish=2 beam=8 Eval=0 + 1im Aval=81 + 3im sval=7 Jval=0 + 1im
    freq=17 polr=0 time=13619 dish=27 beam=13 Eval=3 + 1im Aval=-104 + 82im sval=8 Jval=-2 + 1im
    freq=38 polr=0 time=25443 dish=63 beam=13 Eval=7 - 5im Aval=-10 - 123im sval=9 Jval=-1 - 2im
    freq=36 polr=0 time=4215 dish=47 beam=0 Eval=-3 - 2im Aval=18 - 5im sval=6 Jval=-1 + 0im
    freq=4 polr=0 time=1903 dish=9 beam=8 Eval=0 - 7im Aval=-106 - 46im sval=10 Jval=0 + 1im
    freq=0 polr=1 time=29681 dish=26 beam=10 Eval=7 - 2im Aval=114 + 15im sval=7 Jval=6 - 1im
    freq=0 polr=1 time=1249 dish=19 beam=10 Eval=7 - 4im Aval=62 + 28im sval=7 Jval=4 + 0im
    freq=9 polr=1 time=7153 dish=21 beam=0 Eval=2 + 0im Aval=-6 - 97im sval=6 Jval=0 - 3im
    freq=45 polr=0 time=28621 dish=32 beam=15 Eval=2 + 7im Aval=93 + 47im sval=7 Jval=-1 + 6im
    freq=28 polr=1 time=29923 dish=28 beam=3 Eval=-7 + 3im Aval=-31 - 106im sval=7 Jval=4 + 5im
    freq=0 polr=1 time=1508 dish=45 beam=2 Eval=5 + 5im Aval=-110 - 90im sval=8 Jval=0 - 4im
    freq=23 polr=1 time=19947 dish=25 beam=6 Eval=-5 - 5im Aval=48 - 71im sval=10 Jval=-1 + 0im
    freq=15 polr=1 time=11812 dish=5 beam=2 Eval=-4 - 5im Aval=51 + 14im sval=7 Jval=-1 - 2im
    freq=39 polr=0 time=23402 dish=16 beam=2 Eval=-2 - 3im Aval=49 + 5im sval=7 Jval=-1 - 1im
    freq=14 polr=0 time=10481 dish=38 beam=9 Eval=-4 + 6im Aval=19 + 55im sval=7 Jval=-3 - 1im
    freq=2 polr=1 time=17829 dish=44 beam=15 Eval=7 + 4im Aval=11 + 61im sval=7 Jval=-1 + 4im
    freq=22 polr=0 time=26187 dish=23 beam=4 Eval=4 - 2im Aval=-59 - 21im sval=7 Jval=-2 + 0im
    freq=0 polr=1 time=2224 dish=51 beam=3 Eval=1 + 0im Aval=104 + 3im sval=7 Jval=1 + 0im
    freq=17 polr=0 time=30491 dish=45 beam=13 Eval=3 - 4im Aval=-2 + 63im sval=8 Jval=1 + 1im
    freq=25 polr=0 time=31207 dish=7 beam=4 Eval=0 - 5im Aval=19 - 100im sval=8 Jval=-2 + 0im
    freq=4 polr=1 time=24641 dish=22 beam=7 Eval=1 + 7im Aval=84 + 9im sval=7 Jval=0 + 5im
    freq=3 polr=1 time=15156 dish=61 beam=1 Eval=-1 + 2im Aval=3 + 28im sval=5 Jval=-2 - 1im
    freq=47 polr=1 time=22060 dish=0 beam=5 Eval=1 - 3im Aval=-11 + 108im sval=6 Jval=5 + 2im
    freq=10 polr=0 time=18637 dish=2 beam=10 Eval=3 + 0im Aval=-12 - 79im sval=6 Jval=-1 - 4im
    freq=34 polr=0 time=18788 dish=8 beam=11 Eval=-1 + 0im Aval=-124 - 76im sval=5 Jval=4 + 2im
    freq=15 polr=1 time=31124 dish=28 beam=10 Eval=2 - 6im Aval=-5 + 7im sval=6 Jval=1 + 1im
    freq=9 polr=0 time=11667 dish=2 beam=14 Eval=5 + 5im Aval=-5 - 55im sval=7 Jval=2 - 2im
    freq=41 polr=0 time=2496 dish=13 beam=13 Eval=-5 - 6im Aval=76 + 6im sval=9 Jval=-1 - 1im
    freq=39 polr=1 time=17407 dish=59 beam=13 Eval=2 + 6im Aval=-6 + 108im sval=9 Jval=-1 + 0im
    freq=13 polr=1 time=1364 dish=52 beam=4 Eval=5 + 6im Aval=-1 + 8im sval=6 Jval=-1 + 1im
    freq=17 polr=1 time=17030 dish=34 beam=0 Eval=-3 + 0im Aval=61 - 87im sval=9 Jval=0 + 1im
    freq=31 polr=1 time=21707 dish=51 beam=7 Eval=-3 - 1im Aval=30 + 49im sval=8 Jval=0 - 1im
    freq=2 polr=1 time=7549 dish=34 beam=13 Eval=-2 + 2im Aval=14 - 30im sval=5 Jval=1 + 3im
    freq=42 polr=1 time=28348 dish=55 beam=1 Eval=2 - 5im Aval=79 - 35im sval=8 Jval=0 - 2im
    freq=30 polr=0 time=1047 dish=55 beam=0 Eval=-3 - 2im Aval=-88 + 40im sval=6 Jval=5 + 1im
    freq=20 polr=0 time=24616 dish=15 beam=4 Eval=0 - 3im Aval=-57 - 5im sval=6 Jval=0 + 3im
    freq=15 polr=1 time=30988 dish=17 beam=1 Eval=0 + 2im Aval=59 + 34im sval=6 Jval=-1 + 2im
    freq=42 polr=1 time=17668 dish=14 beam=1 Eval=-4 - 2im Aval=39 + 57im sval=8 Jval=0 - 1im
    freq=14 polr=0 time=8658 dish=22 beam=15 Eval=6 - 7im Aval=-21 + 56im sval=7 Jval=2 + 4im
    freq=7 polr=0 time=28298 dish=59 beam=4 Eval=-7 + 3im Aval=66 + 49im sval=8 Jval=-2 - 1im
    freq=21 polr=0 time=31982 dish=56 beam=11 Eval=-6 + 6im Aval=-127 - 61im sval=9 Jval=2 - 1im
    freq=6 polr=1 time=4767 dish=14 beam=13 Eval=4 - 3im Aval=-54 + 110im sval=10 Jval=0 + 1im
    freq=12 polr=1 time=28216 dish=0 beam=12 Eval=7 + 2im Aval=-31 + 62im sval=9 Jval=-1 + 1im
    freq=31 polr=0 time=27323 dish=1 beam=8 Eval=-5 + 3im Aval=112 - 15im sval=7 Jval=-4 + 3im
    freq=36 polr=1 time=26340 dish=27 beam=14 Eval=2 + 3im Aval=21 + 65im sval=8 Jval=-1 + 1im
    freq=13 polr=1 time=31870 dish=22 beam=4 Eval=-2 + 0im Aval=-14 + 48im sval=6 Jval=0 - 1im
    freq=46 polr=0 time=11749 dish=49 beam=13 Eval=-4 - 6im Aval=-122 - 25im sval=7 Jval=3 + 7im
    freq=36 polr=0 time=10357 dish=56 beam=13 Eval=-2 + 0im Aval=82 - 42im sval=8 Jval=-1 + 0im
    freq=34 polr=0 time=5217 dish=18 beam=12 Eval=4 + 7im Aval=14 - 11im sval=5 Jval=4 + 2im
    freq=20 polr=1 time=5761 dish=23 beam=14 Eval=-6 - 2im Aval=-104 + 104im sval=8 Jval=3 - 2im
    freq=3 polr=0 time=15253 dish=40 beam=11 Eval=-4 - 7im Aval=-105 - 26im sval=9 Jval=0 + 2im
    freq=40 polr=0 time=26268 dish=14 beam=11 Eval=3 + 4im Aval=13 - 46im sval=8 Jval=1 + 0im
    freq=15 polr=1 time=21945 dish=52 beam=0 Eval=6 + 6im Aval=77 + 115im sval=8 Jval=-1 + 5im
    freq=30 polr=0 time=29254 dish=61 beam=8 Eval=0 - 3im Aval=-41 - 20im sval=7 Jval=0 + 1im
    freq=17 polr=1 time=28160 dish=19 beam=14 Eval=6 + 7im Aval=23 - 85im sval=9 Jval=1 - 1im
    freq=35 polr=1 time=6941 dish=54 beam=3 Eval=3 - 7im Aval=-12 - 6im sval=6 Jval=-1 + 1im
    freq=10 polr=0 time=5359 dish=29 beam=3 Eval=7 + 1im Aval=34 - 94im sval=10 Jval=0 - 1im
    freq=2 polr=1 time=1747 dish=21 beam=12 Eval=-2 - 2im Aval=82 + 70im sval=6 Jval=0 - 5im
    freq=47 polr=1 time=12817 dish=29 beam=15 Eval=3 - 2im Aval=-24 + 70im sval=7 Jval=1 + 2im
    freq=42 polr=0 time=11549 dish=51 beam=3 Eval=7 + 0im Aval=-80 + 1im sval=8 Jval=-2 + 0im
    freq=40 polr=1 time=17133 dish=62 beam=14 Eval=-7 + 3im Aval=-113 + 12im sval=7 Jval=6 - 3im
    freq=42 polr=0 time=30363 dish=38 beam=12 Eval=-6 + 1im Aval=38 - 53im sval=6 Jval=-3 + 6im
    freq=15 polr=0 time=5617 dish=25 beam=2 Eval=0 - 3im Aval=65 - 97im sval=8 Jval=-1 - 1im
    freq=20 polr=1 time=21956 dish=29 beam=11 Eval=6 - 2im Aval=-127 + 36im sval=9 Jval=-1 + 1im
    freq=29 polr=1 time=12680 dish=59 beam=14 Eval=-4 + 6im Aval=65 - 115im sval=10 Jval=0 + 1im
    freq=11 polr=1 time=1202 dish=11 beam=15 Eval=-7 + 4im Aval=9 - 75im sval=10 Jval=0 + 1im
    freq=13 polr=1 time=7246 dish=2 beam=7 Eval=-6 + 3im Aval=89 - 75im sval=10 Jval=0 + 1im
    freq=25 polr=0 time=13266 dish=51 beam=6 Eval=4 + 2im Aval=34 - 27im sval=5 Jval=6 - 1im
    freq=28 polr=0 time=2583 dish=49 beam=8 Eval=3 + 2im Aval=113 - 94im sval=7 Jval=4 + 0im
    freq=29 polr=0 time=9293 dish=0 beam=9 Eval=7 + 0im Aval=-115 - 32im sval=10 Jval=-1 + 0im
    freq=1 polr=0 time=6304 dish=31 beam=1 Eval=0 - 4im Aval=-56 + 81im sval=6 Jval=5 + 4im
    freq=44 polr=0 time=19929 dish=54 beam=11 Eval=-3 - 3im Aval=74 + 22im sval=9 Jval=0 - 1im
    freq=25 polr=0 time=23497 dish=34 beam=5 Eval=0 + 4im Aval=-32 - 95im sval=7 Jval=3 - 1im
    freq=25 polr=1 time=29376 dish=43 beam=7 Eval=-4 - 4im Aval=52 + 96im sval=9 Jval=0 - 1im
    freq=40 polr=1 time=22752 dish=58 beam=9 Eval=-6 - 6im Aval=-81 + 58im sval=9 Jval=2 + 0im
    freq=30 polr=1 time=5045 dish=6 beam=11 Eval=4 - 5im Aval=-42 - 79im sval=10 Jval=-1 + 0im
    freq=2 polr=0 time=27471 dish=17 beam=10 Eval=-2 - 5im Aval=-21 - 117im sval=8 Jval=-2 + 1im
    freq=35 polr=1 time=2581 dish=58 beam=9 Eval=-5 + 4im Aval=46 + 88im sval=7 Jval=-5 - 2im
    freq=23 polr=1 time=14734 dish=37 beam=7 Eval=7 - 2im Aval=-47 + 95im sval=9 Jval=0 + 1im
    freq=45 polr=0 time=1369 dish=38 beam=2 Eval=-5 - 2im Aval=123 - 4im sval=8 Jval=-2 - 1im
    freq=12 polr=1 time=32351 dish=56 beam=15 Eval=5 + 7im Aval=-83 - 32im sval=9 Jval=0 - 1im
    freq=46 polr=1 time=11970 dish=61 beam=10 Eval=7 - 3im Aval=86 - 126im sval=10 Jval=0 - 1im
    freq=31 polr=0 time=20708 dish=50 beam=12 Eval=4 - 1im Aval=100 - 107im sval=7 Jval=2 - 4im
    freq=28 polr=1 time=11126 dish=6 beam=7 Eval=2 + 1im Aval=-46 + 57im sval=5 Jval=-5 + 2im
    freq=8 polr=0 time=1618 dish=1 beam=1 Eval=3 + 6im Aval=-4 + 98im sval=10 Jval=-1 + 0im
    freq=21 polr=0 time=4396 dish=42 beam=3 Eval=0 + 7im Aval=37 + 6im sval=6 Jval=-1 + 4im
    freq=11 polr=1 time=17552 dish=50 beam=5 Eval=3 - 4im Aval=-33 - 35im sval=7 Jval=-2 + 0im
    freq=33 polr=1 time=436 dish=47 beam=7 Eval=7 + 5im Aval=-15 - 6im sval=6 Jval=-1 - 2im
    freq=44 polr=0 time=10443 dish=25 beam=5 Eval=7 - 7im Aval=-73 - 126im sval=11 Jval=-1 + 0im
    freq=20 polr=0 time=32705 dish=63 beam=0 Eval=-1 + 0im Aval=-7 + 46im sval=4 Jval=1 - 3im
    freq=40 polr=1 time=16708 dish=47 beam=6 Eval=3 + 0im Aval=-74 + 47im sval=5 Jval=-7 + 4im
    freq=5 polr=1 time=25167 dish=53 beam=4 Eval=0 - 1im Aval=-106 - 105im sval=6 Jval=-2 + 2im
    freq=22 polr=0 time=10953 dish=51 beam=13 Eval=-5 + 2im Aval=-60 - 58im sval=7 Jval=3 + 1im
    freq=22 polr=1 time=6454 dish=38 beam=3 Eval=1 - 1im Aval=4 - 20im sval=5 Jval=0 - 1im
    freq=9 polr=0 time=27000 dish=57 beam=2 Eval=1 + 2im Aval=7 + 81im sval=7 Jval=-1 + 1im
    freq=8 polr=0 time=16911 dish=52 beam=5 Eval=-2 + 1im Aval=13 + 69im sval=5 Jval=-3 - 4im
    freq=45 polr=0 time=30476 dish=34 beam=9 Eval=-6 - 1im Aval=15 - 8im sval=5 Jval=-3 + 1im
    freq=20 polr=1 time=27692 dish=12 beam=4 Eval=-4 - 4im Aval=23 - 44im sval=7 Jval=-2 + 1im
    freq=46 polr=0 time=7049 dish=8 beam=14 Eval=0 - 6im Aval=116 - 30im sval=9 Jval=0 - 1im
    freq=12 polr=0 time=28379 dish=46 beam=8 Eval=-5 - 3im Aval=118 + 16im sval=9 Jval=-1 - 1im
    freq=19 polr=0 time=22291 dish=12 beam=3 Eval=-2 - 6im Aval=88 + 44im sval=10 Jval=0 - 1im
    freq=32 polr=0 time=23985 dish=4 beam=6 Eval=-2 - 4im Aval=-52 - 33im sval=8 Jval=0 + 1im
    freq=44 polr=1 time=5336 dish=21 beam=8 Eval=-5 - 3im Aval=37 + 54im sval=9 Jval=0 - 1im
    freq=6 polr=1 time=31756 dish=40 beam=1 Eval=4 + 3im Aval=44 + 55im sval=9 Jval=0 + 1im
    freq=12 polr=0 time=8964 dish=12 beam=0 Eval=2 + 0im Aval=63 + 45im sval=6 Jval=2 + 1im
    freq=6 polr=0 time=2088 dish=59 beam=14 Eval=0 + 5im Aval=15 + 23im sval=4 Jval=-7 + 5im
    freq=3 polr=1 time=12541 dish=30 beam=5 Eval=3 + 7im Aval=98 + 10im sval=9 Jval=0 + 1im
    freq=24 polr=0 time=9394 dish=38 beam=2 Eval=0 - 7im Aval=44 - 34im sval=9 Jval=0 - 1im
    freq=27 polr=1 time=19190 dish=29 beam=12 Eval=7 - 7im Aval=-1 - 103im sval=9 Jval=-1 - 1im
    freq=10 polr=1 time=27568 dish=62 beam=3 Eval=4 + 2im Aval=-12 - 3im sval=4 Jval=-2 - 2im
    freq=6 polr=1 time=14777 dish=59 beam=4 Eval=1 - 4im Aval=-49 - 40im sval=8 Jval=-1 + 1im
    freq=30 polr=0 time=27577 dish=48 beam=8 Eval=4 + 4im Aval=112 + 36im sval=7 Jval=2 + 5im
    freq=23 polr=1 time=2861 dish=24 beam=14 Eval=0 + 7im Aval=16 - 124im sval=9 Jval=2 + 0im
    freq=27 polr=0 time=15107 dish=17 beam=13 Eval=5 + 0im Aval=-43 + 121im sval=7 Jval=-2 + 5im
    freq=31 polr=1 time=11144 dish=52 beam=10 Eval=-3 - 7im Aval=-81 - 123im sval=9 Jval=-1 + 2im
    freq=13 polr=0 time=5562 dish=9 beam=7 Eval=5 + 2im Aval=-38 - 12im sval=7 Jval=-1 - 1im
    freq=17 polr=0 time=14003 dish=53 beam=7 Eval=1 + 7im Aval=85 - 42im sval=8 Jval=1 + 2im
    freq=47 polr=0 time=547 dish=9 beam=11 Eval=-1 + 6im Aval=-18 - 124im sval=10 Jval=1 + 0im
    freq=0 polr=1 time=25250 dish=36 beam=8 Eval=-7 - 3im Aval=-76 - 34im sval=7 Jval=3 + 4im
    freq=40 polr=0 time=3918 dish=27 beam=13 Eval=-4 + 0im Aval=-45 + 9im sval=6 Jval=3 - 1im
    freq=41 polr=0 time=10328 dish=20 beam=1 Eval=1 - 6im Aval=58 - 40im sval=7 Jval=-1 - 3im
    freq=2 polr=0 time=1594 dish=55 beam=10 Eval=3 + 6im Aval=-4 + 49im sval=8 Jval=-1 + 0im
    freq=44 polr=1 time=23057 dish=30 beam=0 Eval=5 + 7im Aval=-81 - 81im sval=8 Jval=1 - 4im
    freq=41 polr=0 time=1372 dish=10 beam=9 Eval=-7 - 7im Aval=28 + 42im sval=8 Jval=0 - 2im
    freq=38 polr=1 time=27455 dish=46 beam=2 Eval=3 + 2im Aval=18 - 31im sval=5 Jval=4 - 2im
    freq=35 polr=1 time=5 dish=4 beam=7 Eval=0 - 3im Aval=-29 - 91im sval=9 Jval=-1 + 0im
    freq=37 polr=0 time=24109 dish=1 beam=3 Eval=3 - 5im Aval=-87 + 123im sval=10 Jval=0 + 1im
    freq=17 polr=1 time=15435 dish=4 beam=9 Eval=-6 + 7im Aval=78 + 49im sval=10 Jval=-1 + 0im
    freq=10 polr=0 time=20749 dish=7 beam=0 Eval=7 - 7im Aval=23 + 104im sval=10 Jval=1 + 1im
    freq=8 polr=1 time=28704 dish=55 beam=4 Eval=4 + 7im Aval=112 - 92im sval=9 Jval=2 + 1im
    freq=24 polr=1 time=15490 dish=32 beam=13 Eval=0 - 2im Aval=2 - 48im sval=4 Jval=-6 + 0im
    freq=42 polr=0 time=25849 dish=46 beam=14 Eval=0 - 4im Aval=-73 - 21im sval=8 Jval=0 + 1im
    freq=28 polr=0 time=14541 dish=20 beam=15 Eval=-2 + 2im Aval=93 + 12im sval=5 Jval=-6 + 5im
    freq=22 polr=0 time=4421 dish=43 beam=11 Eval=-6 - 7im Aval=-110 - 28im sval=7 Jval=4 + 7im
    freq=2 polr=1 time=11927 dish=17 beam=12 Eval=3 - 2im Aval=-79 - 48im sval=6 Jval=-5 + 0im
    freq=41 polr=1 time=28049 dish=17 beam=6 Eval=-7 - 6im Aval=10 + 45im sval=6 Jval=3 - 6im
    freq=45 polr=0 time=11336 dish=60 beam=8 Eval=6 - 1im Aval=-119 + 125im sval=8 Jval=-2 + 3im
    freq=2 polr=1 time=8306 dish=15 beam=14 Eval=3 + 2im Aval=-112 + 47im sval=9 Jval=-1 + 0im
    freq=41 polr=1 time=10495 dish=22 beam=2 Eval=-1 + 7im Aval=70 - 121im sval=9 Jval=2 + 1im
    freq=24 polr=0 time=7225 dish=23 beam=0 Eval=-2 - 1im Aval=-104 - 53im sval=5 Jval=5 + 7im
    freq=11 polr=0 time=19813 dish=18 beam=1 Eval=-4 + 2im Aval=35 - 118im sval=9 Jval=0 + 1im
    freq=6 polr=1 time=2928 dish=35 beam=4 Eval=5 + 3im Aval=7 + 44im sval=8 Jval=0 + 1im
    freq=2 polr=1 time=19836 dish=32 beam=14 Eval=1 + 5im Aval=79 + 25im sval=9 Jval=0 + 1im
    freq=46 polr=0 time=22776 dish=61 beam=13 Eval=2 - 7im Aval=64 - 58im sval=7 Jval=-2 - 4im
    freq=7 polr=1 time=27571 dish=8 beam=2 Eval=3 - 3im Aval=38 + 18im sval=5 Jval=5 - 2im
    freq=30 polr=1 time=14509 dish=20 beam=11 Eval=-3 - 5im Aval=64 + 99im sval=10 Jval=0 - 1im
    freq=19 polr=0 time=23306 dish=29 beam=1 Eval=4 + 5im Aval=75 - 17im sval=6 Jval=6 + 5im
    freq=39 polr=0 time=1710 dish=57 beam=0 Eval=-1 + 7im Aval=-31 + 2im sval=7 Jval=0 - 2im
    freq=40 polr=0 time=28008 dish=49 beam=15 Eval=6 + 0im Aval=-14 - 69im sval=6 Jval=-1 - 6im
    freq=31 polr=1 time=25108 dish=24 beam=8 Eval=1 + 4im Aval=-17 - 17im sval=6 Jval=1 - 1im
    freq=11 polr=0 time=22286 dish=53 beam=11 Eval=0 - 1im Aval=-102 + 71im sval=4 Jval=5 + 7im
    freq=29 polr=0 time=11910 dish=54 beam=6 Eval=4 - 5im Aval=-38 + 47im sval=6 Jval=1 + 6im
    freq=30 polr=1 time=15001 dish=49 beam=13 Eval=-7 - 3im Aval=106 - 45im sval=8 Jval=-3 + 0im
    freq=27 polr=1 time=20403 dish=39 beam=12 Eval=-6 + 0im Aval=-28 + 82im sval=9 Jval=0 - 1im
    freq=2 polr=0 time=13708 dish=45 beam=6 Eval=-2 + 3im Aval=-70 - 110im sval=8 Jval=2 + 0im
    freq=43 polr=0 time=20534 dish=48 beam=4 Eval=-6 + 4im Aval=-33 + 18im sval=6 Jval=2 - 4im
    freq=33 polr=0 time=25515 dish=47 beam=8 Eval=-6 + 4im Aval=-2 - 3im sval=4 Jval=2 + 1im
    freq=19 polr=1 time=30502 dish=17 beam=9 Eval=4 - 5im Aval=-114 - 94im sval=8 Jval=-4 + 1im
    freq=31 polr=1 time=5501 dish=9 beam=12 Eval=-4 + 3im Aval=-60 + 3im sval=7 Jval=2 - 1im
    freq=41 polr=1 time=30481 dish=43 beam=1 Eval=-7 - 1im Aval=-124 - 113im sval=8 Jval=3 + 4im
    freq=7 polr=0 time=23876 dish=15 beam=4 Eval=-4 - 6im Aval=40 - 97im sval=8 Jval=-3 + 1im
    freq=42 polr=1 time=11971 dish=27 beam=0 Eval=-3 - 5im Aval=-16 - 37im sval=7 Jval=-1 + 2im
    freq=13 polr=0 time=15120 dish=29 beam=14 Eval=-3 + 5im Aval=-53 - 2im sval=9 Jval=0 - 1im
    freq=6 polr=1 time=31422 dish=23 beam=7 Eval=-2 - 6im Aval=-80 - 102im sval=9 Jval=-1 + 1im
    freq=32 polr=1 time=825 dish=9 beam=4 Eval=4 - 4im Aval=27 - 79im sval=7 Jval=-2 - 3im
    freq=42 polr=0 time=11426 dish=27 beam=9 Eval=3 - 2im Aval=-65 - 44im sval=9 Jval=-1 + 0im
    freq=37 polr=1 time=28786 dish=14 beam=11 Eval=4 + 3im Aval=-122 + 103im sval=7 Jval=-6 + 0im
    freq=27 polr=0 time=18584 dish=52 beam=13 Eval=6 + 2im Aval=40 - 83im sval=7 Jval=3 - 3im
    freq=29 polr=0 time=20948 dish=4 beam=10 Eval=4 + 7im Aval=4 - 65im sval=8 Jval=2 - 1im
    freq=4 polr=1 time=17001 dish=29 beam=7 Eval=-3 - 3im Aval=126 - 44im sval=7 Jval=-4 - 2im
    freq=14 polr=0 time=5127 dish=31 beam=2 Eval=-7 + 2im Aval=-79 - 1im sval=7 Jval=4 - 1im
    freq=28 polr=0 time=26338 dish=18 beam=8 Eval=-7 + 2im Aval=96 + 44im sval=7 Jval=-6 - 1im
    freq=21 polr=0 time=10283 dish=59 beam=11 Eval=-3 - 7im Aval=70 + 70im sval=9 Jval=1 - 1im
    freq=6 polr=1 time=22233 dish=21 beam=11 Eval=-5 - 4im Aval=-121 + 53im sval=8 Jval=3 + 1im
    freq=22 polr=0 time=21235 dish=41 beam=1 Eval=2 + 2im Aval=-80 - 88im sval=8 Jval=0 - 1im
    freq=27 polr=1 time=28507 dish=53 beam=7 Eval=2 - 3im Aval=-113 - 19im sval=6 Jval=-4 + 5im
    freq=3 polr=0 time=11686 dish=61 beam=4 Eval=1 - 5im Aval=-44 - 113im sval=10 Jval=-1 + 0im
    freq=47 polr=0 time=27279 dish=10 beam=7 Eval=2 + 4im Aval=23 - 127im sval=9 Jval=1 + 0im
    freq=13 polr=0 time=3055 dish=61 beam=7 Eval=-3 - 2im Aval=-20 - 29im sval=7 Jval=0 + 1im
    freq=14 polr=1 time=24902 dish=5 beam=15 Eval=7 + 7im Aval=108 + 67im sval=9 Jval=1 + 2im
    freq=18 polr=0 time=25889 dish=14 beam=5 Eval=2 + 2im Aval=-121 - 51im sval=7 Jval=-1 - 3im
    freq=33 polr=1 time=8193 dish=60 beam=1 Eval=-2 - 5im Aval=-83 + 64im sval=9 Jval=1 + 1im
    freq=39 polr=0 time=10675 dish=58 beam=0 Eval=-7 + 6im Aval=-86 + 13im sval=7 Jval=4 - 5im
    freq=29 polr=0 time=27400 dish=52 beam=14 Eval=-6 - 2im Aval=118 - 88im sval=10 Jval=-1 + 0im
    freq=15 polr=1 time=20921 dish=57 beam=10 Eval=-6 + 7im Aval=-5 + 46im sval=6 Jval=-5 - 5im
    freq=0 polr=0 time=27198 dish=47 beam=10 Eval=-7 - 3im Aval=79 - 108im sval=8 Jval=-3 + 2im
    freq=24 polr=1 time=19705 dish=51 beam=15 Eval=-4 + 1im Aval=-32 - 69im sval=8 Jval=1 + 1im
    freq=42 polr=1 time=26549 dish=19 beam=4 Eval=5 + 7im Aval=-5 + 81im sval=8 Jval=-2 + 1im
    freq=3 polr=1 time=1154 dish=34 beam=12 Eval=-1 + 3im Aval=-79 + 43im sval=9 Jval=0 - 1im
    freq=41 polr=0 time=1305 dish=10 beam=8 Eval=2 - 1im Aval=63 - 105im sval=9 Jval=0 - 1im
    freq=31 polr=0 time=17646 dish=18 beam=5 Eval=0 - 4im Aval=71 - 43im sval=8 Jval=-1 - 1im
    freq=16 polr=0 time=17613 dish=28 beam=7 Eval=-5 + 0im Aval=-39 + 90im sval=6 Jval=3 - 7im
    freq=9 polr=0 time=7269 dish=50 beam=2 Eval=4 + 6im Aval=105 - 78im sval=7 Jval=7 + 3im
    freq=22 polr=0 time=18176 dish=59 beam=8 Eval=-5 + 3im Aval=-19 - 67im sval=9 Jval=1 + 1im
    freq=31 polr=1 time=23673 dish=56 beam=12 Eval=-7 + 3im Aval=-117 - 12im sval=7 Jval=7 - 2im
    freq=7 polr=0 time=28017 dish=25 beam=8 Eval=-1 + 1im Aval=-89 + 36im sval=5 Jval=2 - 4im
    freq=4 polr=0 time=16866 dish=58 beam=6 Eval=2 - 4im Aval=84 - 74im sval=9 Jval=0 - 1im
    freq=20 polr=1 time=20274 dish=43 beam=3 Eval=7 - 6im Aval=-64 - 77im sval=7 Jval=-7 - 1im
    freq=23 polr=0 time=29850 dish=60 beam=0 Eval=2 + 5im Aval=-63 + 121im sval=7 Jval=-6 - 1im
    freq=19 polr=1 time=26669 dish=32 beam=1 Eval=1 + 6im Aval=34 - 11im sval=7 Jval=1 + 2im
    freq=46 polr=0 time=7956 dish=22 beam=14 Eval=-5 - 2im Aval=-38 - 56im sval=9 Jval=0 + 1im
    freq=40 polr=0 time=16723 dish=54 beam=1 Eval=3 - 7im Aval=-84 - 91im sval=8 Jval=-3 + 1im
    freq=32 polr=0 time=7045 dish=0 beam=8 Eval=-6 + 7im Aval=57 - 19im sval=8 Jval=-1 + 2im
    freq=33 polr=0 time=11177 dish=30 beam=5 Eval=1 + 1im Aval=72 - 104im sval=5 Jval=6 - 1im
    freq=28 polr=1 time=10442 dish=63 beam=5 Eval=-3 + 2im Aval=-40 + 123im sval=8 Jval=0 - 2im
    freq=19 polr=1 time=32674 dish=48 beam=5 Eval=1 - 4im Aval=-70 - 114im sval=7 Jval=-4 + 1im
    freq=42 polr=1 time=2816 dish=25 beam=8 Eval=-7 + 2im Aval=-31 + 13im sval=6 Jval=3 - 2im
    freq=19 polr=1 time=4854 dish=29 beam=9 Eval=6 + 7im Aval=22 + 121im sval=8 Jval=-3 + 3im
    freq=43 polr=0 time=3605 dish=11 beam=4 Eval=-3 - 3im Aval=49 + 30im sval=6 Jval=-1 - 4im
    freq=6 polr=1 time=12871 dish=8 beam=0 Eval=2 + 0im Aval=47 + 32im sval=5 Jval=3 + 2im
    freq=15 polr=1 time=31547 dish=41 beam=8 Eval=6 - 5im Aval=-77 + 52im sval=8 Jval=-1 + 3im
    freq=41 polr=0 time=2749 dish=10 beam=6 Eval=-1 + 5im Aval=52 - 20im sval=9 Jval=0 + 1im
    freq=1 polr=0 time=30028 dish=12 beam=6 Eval=6 - 7im Aval=119 - 106im sval=10 Jval=0 - 1im
    freq=44 polr=1 time=11194 dish=50 beam=9 Eval=4 + 5im Aval=-80 + 54im sval=9 Jval=-1 + 0im
    freq=27 polr=0 time=9091 dish=50 beam=1 Eval=-2 - 5im Aval=-29 + 6im sval=6 Jval=1 + 2im
    freq=23 polr=1 time=515 dish=27 beam=5 Eval=2 - 6im Aval=7 - 98im sval=9 Jval=-1 + 0im
    freq=29 polr=0 time=8015 dish=61 beam=14 Eval=3 + 7im Aval=60 + 33im sval=10 Jval=0 + 1im
    freq=43 polr=1 time=14342 dish=51 beam=6 Eval=7 + 6im Aval=-63 + 100im sval=8 Jval=-4 + 1im
    freq=11 polr=0 time=2199 dish=61 beam=12 Eval=0 - 7im Aval=49 + 55im sval=6 Jval=6 - 5im
    freq=32 polr=0 time=31777 dish=42 beam=7 Eval=-4 - 5im Aval=-39 - 122im sval=7 Jval=-4 + 5im
    freq=23 polr=0 time=26130 dish=54 beam=0 Eval=-5 - 6im Aval=-66 + 27im sval=7 Jval=4 + 2im
    freq=45 polr=1 time=18179 dish=0 beam=1 Eval=-4 - 6im Aval=36 + 89im sval=8 Jval=2 - 2im
    freq=13 polr=0 time=32517 dish=8 beam=5 Eval=6 - 2im Aval=0 + 3im sval=4 Jval=1 + 1im
    freq=41 polr=1 time=17847 dish=30 beam=3 Eval=6 - 1im Aval=-13 - 6im sval=7 Jval=-1 + 0im
    freq=1 polr=0 time=10993 dish=10 beam=13 Eval=1 + 5im Aval=15 + 55im sval=9 Jval=-1 + 0im
    freq=30 polr=0 time=11290 dish=23 beam=3 Eval=-7 + 3im Aval=9 + 121im sval=8 Jval=-2 - 3im
    freq=10 polr=0 time=21538 dish=5 beam=11 Eval=-1 + 5im Aval=-40 + 87im sval=6 Jval=-6 - 4im
    freq=31 polr=0 time=17493 dish=2 beam=2 Eval=5 + 6im Aval=0 - 14im sval=5 Jval=3 - 2im
    freq=11 polr=0 time=32557 dish=59 beam=6 Eval=-5 - 1im Aval=-83 - 89im sval=8 Jval=1 + 2im
    freq=33 polr=1 time=28453 dish=18 beam=1 Eval=-3 - 2im Aval=-122 + 65im sval=9 Jval=1 + 0im
    freq=4 polr=1 time=5675 dish=39 beam=5 Eval=-2 - 1im Aval=-113 + 2im sval=7 Jval=2 + 1im
    freq=28 polr=1 time=16010 dish=24 beam=9 Eval=-4 - 6im Aval=111 + 15im sval=10 Jval=0 - 1im
    freq=30 polr=1 time=20701 dish=59 beam=14 Eval=-6 + 4im Aval=60 - 33im sval=6 Jval=-4 + 7im
    freq=13 polr=0 time=18270 dish=34 beam=13 Eval=-1 + 3im Aval=-96 + 75im sval=6 Jval=-2 - 6im
    freq=9 polr=1 time=295 dish=4 beam=2 Eval=7 - 1im Aval=-36 + 19im sval=5 Jval=-7 + 5im
    freq=16 polr=0 time=21220 dish=62 beam=7 Eval=1 + 0im Aval=54 + 9im sval=6 Jval=1 + 0im
    freq=15 polr=1 time=29883 dish=25 beam=9 Eval=7 - 3im Aval=71 + 70im sval=10 Jval=1 + 0im
    freq=11 polr=1 time=12025 dish=60 beam=14 Eval=7 - 6im Aval=108 + 60im sval=9 Jval=2 + 0im
    freq=21 polr=1 time=6150 dish=7 beam=15 Eval=6 - 6im Aval=-110 + 42im sval=10 Jval=0 + 1im
    freq=43 polr=1 time=10751 dish=6 beam=6 Eval=-2 + 1im Aval=118 + 54im sval=8 Jval=-1 + 0im
    freq=41 polr=0 time=907 dish=13 beam=9 Eval=-5 - 2im Aval=71 - 92im sval=8 Jval=-2 + 1im
    freq=28 polr=0 time=27085 dish=27 beam=0 Eval=3 - 7im Aval=-16 - 29im sval=6 Jval=-4 + 0im
    freq=25 polr=1 time=12318 dish=55 beam=7 Eval=-2 + 6im Aval=-49 - 11im sval=9 Jval=0 - 1im
    freq=13 polr=1 time=28788 dish=40 beam=6 Eval=0 - 5im Aval=46 + 31im sval=8 Jval=1 - 1im
    freq=36 polr=1 time=19844 dish=57 beam=14 Eval=-4 - 6im Aval=-25 - 113im sval=8 Jval=-2 + 2im
    freq=20 polr=1 time=24125 dish=31 beam=2 Eval=-3 + 1im Aval=-83 + 110im sval=8 Jval=1 - 2im
    freq=0 polr=0 time=3850 dish=34 beam=7 Eval=-4 - 6im Aval=62 + 101im sval=10 Jval=0 - 1im
    freq=37 polr=1 time=24418 dish=6 beam=6 Eval=7 - 2im Aval=-51 - 14im sval=9 Jval=-1 + 0im
    freq=1 polr=0 time=31337 dish=53 beam=13 Eval=1 + 7im Aval=122 - 2im sval=9 Jval=0 + 2im
    freq=32 polr=0 time=6524 dish=30 beam=3 Eval=7 - 2im Aval=-83 - 33im sval=9 Jval=-1 + 0im
    freq=44 polr=1 time=29473 dish=9 beam=8 Eval=5 - 5im Aval=101 + 87im sval=9 Jval=2 + 0im
    freq=15 polr=1 time=4987 dish=0 beam=0 Eval=6 + 5im Aval=-94 + 66im sval=8 Jval=-3 + 0im
    freq=27 polr=1 time=29897 dish=34 beam=2 Eval=-7 + 3im Aval=26 + 23im sval=7 Jval=-2 - 1im
    freq=42 polr=0 time=10084 dish=20 beam=6 Eval=4 - 1im Aval=50 - 30im sval=6 Jval=3 - 3im
    freq=25 polr=1 time=29861 dish=36 beam=10 Eval=-3 - 6im Aval=-63 - 29im sval=6 Jval=0 + 7im
    freq=11 polr=0 time=14577 dish=58 beam=11 Eval=-1 + 0im Aval=72 + 87im sval=4 Jval=-4 - 5im
    freq=19 polr=1 time=4254 dish=51 beam=1 Eval=1 + 2im Aval=-37 + 43im sval=7 Jval=-1 + 0im
    freq=9 polr=0 time=8590 dish=12 beam=10 Eval=-2 - 5im Aval=-44 + 36im sval=9 Jval=1 + 0im
    freq=41 polr=1 time=2726 dish=11 beam=14 Eval=1 + 0im Aval=-107 + 3im sval=7 Jval=-1 + 0im
    freq=25 polr=1 time=4522 dish=2 beam=13 Eval=2 + 1im Aval=22 + 55im sval=8 Jval=0 + 1im
    freq=8 polr=1 time=25624 dish=53 beam=2 Eval=3 + 2im Aval=2 - 115im sval=9 Jval=0 - 1im
    freq=34 polr=0 time=8286 dish=25 beam=15 Eval=1 + 7im Aval=-69 - 6im sval=9 Jval=0 - 1im
    freq=2 polr=1 time=27093 dish=15 beam=15 Eval=-1 + 1im Aval=-100 + 80im sval=7 Jval=0 - 1im
    freq=7 polr=1 time=2459 dish=30 beam=4 Eval=7 - 7im Aval=26 + 3im sval=6 Jval=3 - 2im
    freq=31 polr=0 time=2777 dish=1 beam=12 Eval=-2 - 3im Aval=-1 + 110im sval=7 Jval=3 - 2im
    freq=21 polr=1 time=8284 dish=48 beam=4 Eval=2 - 7im Aval=22 - 73im sval=8 Jval=-2 - 1im
    freq=47 polr=0 time=19767 dish=0 beam=13 Eval=4 + 1im Aval=3 - 61im sval=7 Jval=1 - 2im
    freq=4 polr=1 time=29675 dish=40 beam=4 Eval=-1 - 4im Aval=126 + 70im sval=10 Jval=0 - 1im
    freq=16 polr=0 time=5595 dish=10 beam=8 Eval=6 + 1im Aval=-35 - 41im sval=8 Jval=-1 - 1im
    freq=28 polr=1 time=10619 dish=9 beam=3 Eval=2 - 5im Aval=61 + 62im sval=7 Jval=3 - 1im
    freq=29 polr=1 time=21020 dish=0 beam=15 Eval=1 - 3im Aval=0 + 67im sval=6 Jval=3 + 1im
    freq=33 polr=0 time=5356 dish=34 beam=13 Eval=-1 - 4im Aval=88 + 48im sval=8 Jval=0 - 2im
    freq=7 polr=0 time=13918 dish=2 beam=6 Eval=-3 - 1im Aval=-90 + 74im sval=6 Jval=5 - 2im
    freq=1 polr=1 time=19165 dish=50 beam=4 Eval=-3 + 6im Aval=-3 + 78im sval=9 Jval=-1 + 0im
    freq=23 polr=0 time=23110 dish=14 beam=11 Eval=-7 - 6im Aval=-86 + 76im sval=9 Jval=2 + 0im
    freq=25 polr=1 time=22242 dish=49 beam=14 Eval=1 + 4im Aval=-57 + 41im sval=7 Jval=-2 - 1im
    freq=34 polr=1 time=32738 dish=20 beam=4 Eval=1 + 5im Aval=-84 + 47im sval=8 Jval=-1 - 1im
    freq=1 polr=0 time=22834 dish=3 beam=13 Eval=7 + 6im Aval=-60 - 33im sval=9 Jval=0 - 1im
    freq=25 polr=0 time=26901 dish=8 beam=5 Eval=-2 - 5im Aval=99 + 8im sval=7 Jval=-1 - 4im
    freq=23 polr=0 time=20218 dish=23 beam=11 Eval=0 - 6im Aval=51 - 61im sval=9 Jval=-1 - 1im
    freq=32 polr=0 time=2308 dish=42 beam=9 Eval=2 - 2im Aval=-120 - 36im sval=8 Jval=-1 + 1im
    freq=6 polr=0 time=7741 dish=63 beam=13 Eval=5 + 0im Aval=45 + 99im sval=9 Jval=0 + 1im
    freq=40 polr=0 time=14884 dish=52 beam=11 Eval=-4 + 3im Aval=21 - 50im sval=8 Jval=0 + 1im
    freq=46 polr=0 time=11356 dish=10 beam=14 Eval=7 - 7im Aval=100 + 60im sval=9 Jval=2 - 1im
    freq=13 polr=0 time=15165 dish=49 beam=10 Eval=-3 - 3im Aval=-125 + 122im sval=8 Jval=3 + 0im
    freq=0 polr=1 time=1536 dish=0 beam=2 Eval=-3 + 1im Aval=42 - 124im sval=8 Jval=0 + 2im
    freq=33 polr=1 time=19613 dish=40 beam=0 Eval=-7 + 1im Aval=-87 + 56im sval=10 Jval=1 + 0im
    freq=33 polr=1 time=20041 dish=52 beam=2 Eval=-3 + 0im Aval=52 - 75im sval=8 Jval=-1 + 1im
    freq=12 polr=1 time=25955 dish=11 beam=13 Eval=-6 + 6im Aval=-69 - 53im sval=9 Jval=1 + 0im
    freq=40 polr=0 time=32098 dish=11 beam=1 Eval=5 - 6im Aval=-100 + 48im sval=8 Jval=-1 + 3im
    freq=14 polr=1 time=2769 dish=57 beam=10 Eval=1 + 6im Aval=-66 + 95im sval=8 Jval=-2 - 1im
    freq=19 polr=1 time=15263 dish=55 beam=4 Eval=-3 - 7im Aval=65 - 72im sval=8 Jval=-3 - 1im
    freq=12 polr=0 time=11101 dish=50 beam=10 Eval=-6 + 3im Aval=26 + 46im sval=8 Jval=-1 - 1im
    freq=8 polr=0 time=6818 dish=23 beam=11 Eval=-4 - 5im Aval=8 - 20im sval=8 Jval=-1 + 0im
    freq=23 polr=1 time=12645 dish=55 beam=1 Eval=0 - 5im Aval=17 + 79im sval=9 Jval=1 + 0im
    freq=2 polr=0 time=2656 dish=38 beam=9 Eval=-5 + 4im Aval=45 - 30im sval=6 Jval=-2 + 5im
    freq=2 polr=1 time=3463 dish=18 beam=1 Eval=2 + 0im Aval=-108 + 112im sval=6 Jval=-3 + 4im
    freq=13 polr=0 time=10034 dish=63 beam=10 Eval=6 - 7im Aval=60 - 8im sval=8 Jval=1 - 2im
    freq=29 polr=0 time=18016 dish=22 beam=7 Eval=3 + 1im Aval=18 - 10im sval=6 Jval=1 + 0im
    freq=38 polr=1 time=7530 dish=54 beam=3 Eval=6 + 4im Aval=83 - 70im sval=8 Jval=3 + 0im
    freq=28 polr=1 time=16839 dish=42 beam=5 Eval=0 + 7im Aval=7 - 54im sval=8 Jval=1 + 0im
    freq=7 polr=0 time=21332 dish=37 beam=4 Eval=-5 + 7im Aval=-80 + 117im sval=8 Jval=-2 - 4im
    freq=46 polr=1 time=22827 dish=12 beam=12 Eval=-4 - 2im Aval=-33 - 32im sval=5 Jval=2 + 6im
    freq=1 polr=1 time=9350 dish=62 beam=5 Eval=-1 + 1im Aval=-27 - 96im sval=5 Jval=4 + 2im
    freq=25 polr=0 time=12103 dish=0 beam=14 Eval=2 - 6im Aval=99 + 18im sval=8 Jval=1 - 2im
    freq=41 polr=0 time=11285 dish=20 beam=10 Eval=-2 + 5im Aval=-112 + 71im sval=7 Jval=-1 - 5im
    freq=9 polr=0 time=16116 dish=35 beam=10 Eval=5 + 6im Aval=65 + 83im sval=9 Jval=0 + 2im
    freq=12 polr=1 time=2176 dish=53 beam=8 Eval=-6 + 4im Aval=121 - 27im sval=8 Jval=-2 + 3im
    freq=11 polr=0 time=18518 dish=59 beam=5 Eval=-1 - 4im Aval=-59 + 30im sval=6 Jval=3 + 3im
    freq=17 polr=1 time=30858 dish=42 beam=5 Eval=-4 + 3im Aval=-71 - 60im sval=8 Jval=2 + 0im
    freq=24 polr=0 time=24372 dish=60 beam=6 Eval=-6 - 5im Aval=44 - 36im sval=8 Jval=-2 + 0im
    freq=42 polr=1 time=4122 dish=50 beam=1 Eval=-6 + 2im Aval=-105 + 38im sval=8 Jval=2 - 2im
    freq=43 polr=1 time=29375 dish=24 beam=14 Eval=6 + 6im Aval=107 + 8im sval=9 Jval=1 + 1im
    freq=8 polr=1 time=17482 dish=21 beam=1 Eval=-5 + 0im Aval=-108 + 97im sval=10 Jval=1 + 0im
    freq=31 polr=1 time=26115 dish=45 beam=12 Eval=1 + 4im Aval=-117 + 51im sval=7 Jval=-2 - 3im
    freq=20 polr=1 time=15896 dish=21 beam=11 Eval=-1 - 6im Aval=-2 - 107im sval=9 Jval=-1 + 0im
    freq=21 polr=0 time=8729 dish=25 beam=9 Eval=1 + 2im Aval=-72 + 114im sval=8 Jval=-1 + 0im
    freq=22 polr=1 time=27527 dish=31 beam=14 Eval=5 - 3im Aval=-73 - 117im sval=9 Jval=-1 - 1im
    freq=29 polr=0 time=8319 dish=15 beam=11 Eval=-6 - 4im Aval=-103 + 19im sval=10 Jval=1 + 0im
    freq=43 polr=1 time=3112 dish=59 beam=5 Eval=-2 + 1im Aval=-108 - 50im sval=7 Jval=2 + 0im
    freq=22 polr=1 time=1781 dish=20 beam=11 Eval=-3 + 1im Aval=-43 + 99im sval=6 Jval=1 - 5im
    freq=37 polr=0 time=3212 dish=45 beam=10 Eval=-1 + 6im Aval=-90 + 12im sval=9 Jval=0 - 1im
    freq=33 polr=1 time=31777 dish=25 beam=6 Eval=7 + 0im Aval=99 + 120im sval=7 Jval=5 + 7im
    freq=28 polr=0 time=5986 dish=41 beam=12 Eval=6 + 3im Aval=74 - 110im sval=8 Jval=3 - 2im
    freq=14 polr=0 time=31480 dish=60 beam=12 Eval=3 + 5im Aval=19 - 102im sval=9 Jval=1 + 0im
    freq=1 polr=1 time=23268 dish=40 beam=0 Eval=3 + 0im Aval=-109 + 103im sval=7 Jval=-3 + 2im
    freq=31 polr=1 time=4973 dish=4 beam=10 Eval=3 + 2im Aval=117 + 98im sval=9 Jval=0 + 1im
    freq=26 polr=0 time=3008 dish=6 beam=6 Eval=5 - 6im Aval=54 + 43im sval=8 Jval=2 + 0im
    freq=44 polr=0 time=11324 dish=7 beam=6 Eval=-1 - 5im Aval=-46 - 45im sval=9 Jval=0 + 1im
    freq=21 polr=1 time=29824 dish=41 beam=4 Eval=-6 - 2im Aval=-62 - 70im sval=8 Jval=1 + 2im
    freq=27 polr=1 time=20348 dish=45 beam=3 Eval=0 - 7im Aval=-79 + 54im sval=7 Jval=3 + 4im
    freq=9 polr=0 time=24705 dish=4 beam=0 Eval=7 + 7im Aval=125 - 76im sval=10 Jval=1 + 0im
    freq=24 polr=0 time=29505 dish=32 beam=6 Eval=-1 + 2im Aval=-60 - 87im sval=8 Jval=1 + 0im
    freq=40 polr=0 time=28381 dish=30 beam=1 Eval=3 + 3im Aval=-31 + 72im sval=8 Jval=-1 + 0im
    freq=39 polr=1 time=19034 dish=21 beam=1 Eval=-6 - 7im Aval=126 - 49im sval=10 Jval=-1 - 1im
    freq=0 polr=0 time=5460 dish=12 beam=0 Eval=-3 + 7im Aval=-55 - 107im sval=7 Jval=7 + 0im
    freq=39 polr=0 time=6221 dish=63 beam=13 Eval=-1 - 2im Aval=-61 - 39im sval=8 Jval=0 + 1im
    freq=42 polr=0 time=23050 dish=39 beam=14 Eval=7 - 2im Aval=70 + 58im sval=8 Jval=2 + 1im
    freq=32 polr=0 time=25502 dish=9 beam=0 Eval=1 - 6im Aval=-6 - 120im sval=7 Jval=-6 - 1im
    freq=39 polr=1 time=23851 dish=32 beam=6 Eval=-7 - 5im Aval=-32 + 66im sval=9 Jval=1 - 1im
    freq=47 polr=0 time=22306 dish=0 beam=10 Eval=-6 - 6im Aval=-75 + 127im sval=10 Jval=1 + 0im
    freq=41 polr=0 time=19078 dish=18 beam=6 Eval=7 + 0im Aval=-36 - 90im sval=9 Jval=0 - 1im
    freq=3 polr=1 time=14134 dish=10 beam=3 Eval=-4 + 6im Aval=115 - 51im sval=9 Jval=0 + 2im
    freq=33 polr=0 time=24366 dish=8 beam=10 Eval=4 + 1im Aval=41 - 71im sval=8 Jval=1 - 1im
    freq=10 polr=0 time=11599 dish=21 beam=10 Eval=4 - 1im Aval=46 + 23im sval=6 Jval=3 + 1im
    freq=47 polr=1 time=4353 dish=28 beam=3 Eval=7 + 7im Aval=52 + 114im sval=8 Jval=-2 + 5im
    freq=0 polr=0 time=31920 dish=55 beam=4 Eval=2 - 5im Aval=70 + 6im sval=9 Jval=0 - 1im
    freq=37 polr=1 time=10863 dish=2 beam=6 Eval=-2 - 3im Aval=-47 - 119im sval=9 Jval=-1 + 1im
    freq=11 polr=0 time=8147 dish=23 beam=8 Eval=7 - 2im Aval=-37 - 18im sval=7 Jval=-2 + 0im
    freq=16 polr=0 time=22610 dish=28 beam=15 Eval=3 - 6im Aval=81 + 18im sval=8 Jval=1 - 2im
    freq=2 polr=1 time=22238 dish=26 beam=14 Eval=3 + 2im Aval=29 - 89im sval=9 Jval=1 + 0im
    freq=46 polr=1 time=13191 dish=63 beam=6 Eval=2 - 5im Aval=11 - 14im sval=7 Jval=0 - 1im
    freq=9 polr=1 time=22409 dish=54 beam=0 Eval=1 + 2im Aval=-99 + 86im sval=6 Jval=-4 - 2im
    freq=16 polr=1 time=28040 dish=40 beam=12 Eval=4 - 2im Aval=-127 + 31im sval=9 Jval=-1 + 1im
    freq=8 polr=0 time=11239 dish=28 beam=2 Eval=-1 + 1im Aval=-111 + 65im sval=6 Jval=1 - 3im
    freq=13 polr=1 time=13226 dish=24 beam=11 Eval=1 + 4im Aval=99 + 120im sval=7 Jval=-3 + 4im
    freq=33 polr=1 time=14227 dish=26 beam=10 Eval=-5 - 5im Aval=43 - 103im sval=10 Jval=-1 + 0im
    freq=30 polr=0 time=26261 dish=45 beam=5 Eval=-3 + 6im Aval=50 + 18im sval=8 Jval=-1 + 1im
    freq=32 polr=0 time=2044 dish=41 beam=11 Eval=-3 + 1im Aval=-70 + 9im sval=6 Jval=3 - 1im
    freq=7 polr=0 time=2790 dish=7 beam=12 Eval=-2 + 3im Aval=2 - 90im sval=6 Jval=4 + 3im
    freq=17 polr=1 time=29400 dish=18 beam=0 Eval=-6 + 4im Aval=-21 + 87im sval=9 Jval=0 - 1im
    freq=21 polr=0 time=8606 dish=1 beam=0 Eval=0 - 2im Aval=-96 - 66im sval=6 Jval=-2 + 3im
    freq=23 polr=1 time=16003 dish=59 beam=14 Eval=-4 + 4im Aval=-62 - 34im sval=9 Jval=1 + 0im
    freq=32 polr=0 time=29761 dish=1 beam=6 Eval=2 + 7im Aval=-100 - 127im sval=8 Jval=3 - 4im
    freq=39 polr=0 time=14947 dish=35 beam=13 Eval=-2 + 4im Aval=7 - 50im sval=8 Jval=1 + 1im
    freq=5 polr=1 time=4939 dish=9 beam=1 Eval=-2 - 6im Aval=121 - 17im sval=7 Jval=-3 - 5im
    freq=14 polr=1 time=6149 dish=4 beam=15 Eval=-6 + 5im Aval=79 + 116im sval=9 Jval=-2 - 1im
    freq=10 polr=0 time=27368 dish=12 beam=7 Eval=0 - 3im Aval=-72 - 18im sval=8 Jval=0 + 1im
    freq=23 polr=1 time=4773 dish=59 beam=3 Eval=-7 - 4im Aval=12 - 91im sval=9 Jval=-1 + 1im
    freq=36 polr=0 time=666 dish=38 beam=1 Eval=-4 - 5im Aval=108 + 6im sval=10 Jval=0 - 1im
    freq=13 polr=0 time=13996 dish=56 beam=7 Eval=-6 + 3im Aval=86 + 43im sval=7 Jval=-5 + 0im
    freq=38 polr=0 time=24058 dish=20 beam=12 Eval=1 + 2im Aval=-70 - 82im sval=7 Jval=1 - 2im
    freq=29 polr=1 time=5985 dish=9 beam=3 Eval=0 + 4im Aval=-42 - 32im sval=6 Jval=2 - 3im
    freq=8 polr=1 time=30868 dish=1 beam=5 Eval=4 + 4im Aval=82 + 73im sval=9 Jval=0 + 1im
    freq=3 polr=1 time=11932 dish=7 beam=10 Eval=5 + 3im Aval=-108 + 56im sval=9 Jval=-1 + 0im
    freq=27 polr=1 time=20141 dish=35 beam=12 Eval=0 - 4im Aval=-84 + 3im sval=9 Jval=0 + 1im
    freq=8 polr=0 time=25177 dish=28 beam=8 Eval=-3 + 3im Aval=43 - 41im sval=6 Jval=0 + 4im
    freq=41 polr=0 time=30666 dish=34 beam=3 Eval=-6 - 7im Aval=-35 + 58im sval=10 Jval=1 + 0im
    freq=34 polr=0 time=4290 dish=29 beam=13 Eval=1 - 3im Aval=-92 - 75im sval=9 Jval=-1 + 0im
    freq=1 polr=1 time=17246 dish=20 beam=11 Eval=4 + 3im Aval=108 + 85im sval=9 Jval=0 + 1im
    freq=33 polr=1 time=25253 dish=46 beam=0 Eval=0 + 5im Aval=-103 - 85im sval=10 Jval=0 - 1im
    freq=13 polr=0 time=16925 dish=40 beam=8 Eval=-6 + 6im Aval=-1 - 34im sval=7 Jval=2 + 2im
    freq=17 polr=1 time=27731 dish=12 beam=0 Eval=6 + 4im Aval=26 - 49im sval=9 Jval=1 + 0im
    freq=16 polr=0 time=1027 dish=7 beam=4 Eval=-2 + 6im Aval=-36 + 75im sval=7 Jval=-3 - 3im
    freq=45 polr=0 time=7129 dish=19 beam=8 Eval=-6 - 4im Aval=60 + 92im sval=8 Jval=0 - 3im
    freq=34 polr=0 time=10938 dish=6 beam=7 Eval=-1 + 4im Aval=62 - 36im sval=7 Jval=1 + 2im
    freq=26 polr=1 time=7150 dish=7 beam=5 Eval=-3 - 2im Aval=67 - 18im sval=5 Jval=-7 - 2im
    freq=40 polr=1 time=16464 dish=52 beam=6 Eval=2 + 0im Aval=-73 - 24im sval=5 Jval=-4 - 1im
    freq=22 polr=0 time=27997 dish=49 beam=1 Eval=6 + 5im Aval=-113 - 61im sval=8 Jval=-1 - 4im
    freq=25 polr=0 time=27448 dish=60 beam=4 Eval=1 + 6im Aval=16 - 35im sval=8 Jval=1 + 0im
    freq=36 polr=1 time=18615 dish=5 beam=6 Eval=3 + 4im Aval=112 - 46im sval=7 Jval=4 + 2im
    freq=29 polr=0 time=9931 dish=45 beam=14 Eval=4 + 6im Aval=-120 + 106im sval=10 Jval=-1 + 0im
    freq=26 polr=0 time=3792 dish=57 beam=6 Eval=-7 + 0im Aval=36 + 36im sval=8 Jval=-1 - 1im
    freq=42 polr=1 time=10010 dish=29 beam=15 Eval=6 - 6im Aval=51 - 1im sval=9 Jval=1 - 1im
    freq=35 polr=0 time=25471 dish=48 beam=2 Eval=-3 + 3im Aval=-54 - 31im sval=8 Jval=1 + 0im
    freq=41 polr=1 time=15194 dish=7 beam=14 Eval=7 - 2im Aval=35 - 8im sval=7 Jval=2 - 1im
    freq=30 polr=0 time=3623 dish=1 beam=3 Eval=-4 - 5im Aval=-95 + 124im sval=8 Jval=4 + 0im
    freq=11 polr=1 time=23910 dish=12 beam=11 Eval=-1 + 0im Aval=17 - 90im sval=5 Jval=0 + 3im
    freq=31 polr=0 time=29927 dish=7 beam=12 Eval=7 - 2im Aval=-117 + 60im sval=7 Jval=-5 + 5im
    freq=41 polr=0 time=14635 dish=47 beam=1 Eval=5 + 1im Aval=-57 + 106im sval=7 Jval=-3 + 4im
    freq=8 polr=0 time=29381 dish=47 beam=2 Eval=-7 + 7im Aval=43 - 25im sval=6 Jval=-2 + 7im
    freq=44 polr=0 time=14764 dish=25 beam=0 Eval=-5 + 3im Aval=-108 - 115im sval=7 Jval=7 + 2im
    freq=20 polr=0 time=31742 dish=12 beam=11 Eval=0 - 1im Aval=-16 - 4im sval=4 Jval=0 + 1im
    freq=27 polr=0 time=715 dish=60 beam=13 Eval=1 - 5im Aval=-52 - 78im sval=7 Jval=-3 + 1im
    freq=28 polr=1 time=15993 dish=14 beam=14 Eval=6 - 7im Aval=-76 + 23im sval=7 Jval=-2 + 5im
    freq=1 polr=1 time=7330 dish=2 beam=13 Eval=3 - 1im Aval=-26 - 15im sval=4 Jval=-6 - 1im
    freq=24 polr=1 time=11765 dish=50 beam=4 Eval=-6 + 0im Aval=105 - 122im sval=9 Jval=-1 + 1im
    freq=33 polr=1 time=27639 dish=43 beam=4 Eval=6 - 6im Aval=-53 + 83im sval=9 Jval=0 + 2im
    freq=27 polr=1 time=3150 dish=25 beam=7 Eval=-4 + 1im Aval=-54 + 36im sval=6 Jval=3 - 3im
    freq=2 polr=1 time=31414 dish=44 beam=6 Eval=0 + 6im Aval=-82 - 90im sval=8 Jval=2 - 2im
    freq=41 polr=1 time=11765 dish=63 beam=13 Eval=5 - 5im Aval=19 + 54im sval=9 Jval=1 + 0im
    freq=11 polr=0 time=24590 dish=26 beam=0 Eval=-2 - 3im Aval=30 + 58im sval=5 Jval=4 - 6im
    freq=5 polr=1 time=27601 dish=1 beam=1 Eval=3 - 5im Aval=-103 + 105im sval=7 Jval=2 + 7im
    freq=25 polr=1 time=19008 dish=12 beam=15 Eval=4 - 3im Aval=-1 - 32im sval=5 Jval=-3 - 4im
    freq=26 polr=1 time=12164 dish=49 beam=9 Eval=6 - 1im Aval=74 - 113im sval=8 Jval=1 - 3im
    freq=19 polr=1 time=5697 dish=22 beam=9 Eval=7 + 2im Aval=65 - 97im sval=8 Jval=3 - 2im
    freq=20 polr=1 time=16414 dish=4 beam=7 Eval=2 + 5im Aval=25 + 127im sval=10 Jval=-1 + 0im
    freq=35 polr=1 time=22458 dish=39 beam=11 Eval=-3 + 0im Aval=86 + 31im sval=7 Jval=-2 - 1im
    freq=29 polr=0 time=417 dish=3 beam=11 Eval=-6 + 4im Aval=110 - 117im sval=10 Jval=0 + 1im
    freq=29 polr=1 time=17986 dish=9 beam=9 Eval=-4 + 7im Aval=78 + 92im sval=10 Jval=-1 + 0im
    freq=11 polr=0 time=8959 dish=3 beam=13 Eval=4 + 7im Aval=-56 - 87im sval=10 Jval=0 - 1im
    freq=42 polr=0 time=15497 dish=22 beam=14 Eval=7 - 2im Aval=-80 - 106im sval=8 Jval=-3 - 2im
    freq=33 polr=0 time=19357 dish=3 beam=4 Eval=2 + 6im Aval=107 + 13im sval=10 Jval=0 + 1im
    freq=18 polr=0 time=13059 dish=46 beam=13 Eval=-1 - 7im Aval=92 + 74im sval=8 Jval=2 - 3im
    freq=41 polr=0 time=22418 dish=43 beam=1 Eval=-1 - 7im Aval=71 + 51im sval=7 Jval=2 - 4im
    freq=23 polr=1 time=23771 dish=8 beam=1 Eval=5 + 2im Aval=69 - 26im sval=9 Jval=1 + 0im
    freq=11 polr=0 time=909 dish=49 beam=7 Eval=1 - 7im Aval=-60 - 16im sval=6 Jval=-3 + 6im
    freq=2 polr=1 time=27639 dish=24 beam=2 Eval=-4 + 7im Aval=-60 - 16im sval=7 Jval=3 - 3im
    freq=45 polr=0 time=13519 dish=62 beam=5 Eval=-1 - 4im Aval=-61 - 75im sval=8 Jval=-1 + 1im
    freq=28 polr=0 time=546 dish=9 beam=14 Eval=-3 + 7im Aval=56 + 97im sval=9 Jval=-2 + 0im
    freq=22 polr=0 time=14434 dish=30 beam=12 Eval=3 + 0im Aval=122 + 88im sval=6 Jval=6 + 4im
    freq=2 polr=1 time=27448 dish=51 beam=2 Eval=-1 + 6im Aval=69 - 7im sval=7 Jval=0 + 3im
    freq=8 polr=0 time=9278 dish=49 beam=14 Eval=-2 + 1im Aval=-26 + 84im sval=7 Jval=0 - 1im
    freq=14 polr=1 time=3282 dish=25 beam=10 Eval=-1 - 6im Aval=-121 + 61im sval=8 Jval=2 + 3im
    freq=47 polr=1 time=10375 dish=4 beam=8 Eval=0 + 3im Aval=-5 + 52im sval=8 Jval=-1 + 0im
    freq=22 polr=0 time=19786 dish=63 beam=3 Eval=6 + 4im Aval=-56 + 68im sval=10 Jval=-1 + 0im
    freq=34 polr=0 time=8332 dish=16 beam=7 Eval=3 - 2im Aval=99 + 19im sval=7 Jval=3 - 1im
    freq=2 polr=1 time=6710 dish=17 beam=12 Eval=-2 - 6im Aval=5 - 5im sval=6 Jval=-1 + 0im
    freq=39 polr=1 time=29989 dish=5 beam=9 Eval=6 - 2im Aval=-86 - 54im sval=9 Jval=-1 + 0im
    freq=8 polr=0 time=16461 dish=63 beam=0 Eval=0 - 5im Aval=112 + 32im sval=9 Jval=0 - 1im
    freq=46 polr=0 time=26333 dish=45 beam=14 Eval=-5 + 5im Aval=73 + 42im sval=9 Jval=-1 + 0im
    freq=22 polr=0 time=11337 dish=14 beam=4 Eval=-5 + 1im Aval=-85 + 93im sval=7 Jval=3 - 4im
    freq=43 polr=1 time=31931 dish=28 beam=3 Eval=-4 - 2im Aval=-56 + 57im sval=6 Jval=5 - 2im
    freq=3 polr=0 time=11123 dish=16 beam=8 Eval=7 + 4im Aval=84 - 36im sval=8 Jval=3 + 0im
    freq=43 polr=0 time=3801 dish=4 beam=7 Eval=-2 - 4im Aval=-101 + 66im sval=6 Jval=7 + 4im
    freq=45 polr=0 time=30121 dish=2 beam=5 Eval=6 - 4im Aval=113 + 11im sval=8 Jval=3 - 1im
    freq=32 polr=1 time=1316 dish=28 beam=4 Eval=-6 + 4im Aval=-18 + 39im sval=7 Jval=0 - 2im
    freq=13 polr=0 time=1978 dish=25 beam=14 Eval=5 + 7im Aval=-85 - 69im sval=9 Jval=0 - 2im
    freq=26 polr=1 time=2950 dish=63 beam=3 Eval=4 + 7im Aval=-55 - 87im sval=8 Jval=2 - 3im
    freq=47 polr=1 time=4199 dish=1 beam=0 Eval=3 + 4im Aval=-98 - 29im sval=6 Jval=-3 - 7im
    freq=7 polr=0 time=4809 dish=47 beam=2 Eval=7 - 7im Aval=73 - 82im sval=11 Jval=0 - 1im
    freq=30 polr=0 time=3216 dish=27 beam=8 Eval=4 + 6im Aval=48 - 21im sval=7 Jval=3 + 2im
    freq=10 polr=0 time=25997 dish=58 beam=4 Eval=-2 - 5im Aval=-4 + 118im sval=9 Jval=1 + 0im
    freq=45 polr=0 time=9314 dish=26 beam=2 Eval=-1 + 4im Aval=125 - 36im sval=8 Jval=0 + 2im
    freq=12 polr=0 time=23289 dish=50 beam=8 Eval=-5 + 7im Aval=-121 - 76im sval=9 Jval=2 - 1im
    freq=8 polr=1 time=9950 dish=22 beam=5 Eval=2 - 6im Aval=-84 - 34im sval=9 Jval=-1 + 1im
    freq=31 polr=1 time=21061 dish=39 beam=6 Eval=-4 + 6im Aval=-9 + 96im sval=7 Jval=-4 - 3im
    freq=3 polr=0 time=17025 dish=19 beam=5 Eval=6 + 0im Aval=34 - 6im sval=6 Jval=3 - 1im
    freq=7 polr=1 time=30812 dish=23 beam=14 Eval=-4 + 7im Aval=-33 + 37im sval=8 Jval=0 - 1im
    freq=47 polr=1 time=10889 dish=57 beam=10 Eval=-2 + 5im Aval=-80 + 88im sval=7 Jval=-2 - 4im
    freq=44 polr=0 time=5144 dish=9 beam=3 Eval=7 - 7im Aval=-2 + 105im sval=9 Jval=1 + 1im
    freq=34 polr=0 time=30466 dish=18 beam=0 Eval=-4 - 4im Aval=90 - 35im sval=9 Jval=-1 + 0im
    freq=43 polr=0 time=16022 dish=53 beam=1 Eval=-1 - 2im Aval=-52 + 61im sval=6 Jval=3 + 1im
    freq=12 polr=0 time=701 dish=7 beam=2 Eval=4 + 4im Aval=49 + 115im sval=10 Jval=0 + 1im
    freq=1 polr=0 time=26203 dish=41 beam=1 Eval=2 + 0im Aval=-97 + 34im sval=6 Jval=-3 + 1im
    freq=1 polr=1 time=12626 dish=4 beam=0 Eval=-7 + 7im Aval=-20 + 45im sval=7 Jval=-1 - 4im
    freq=40 polr=1 time=24869 dish=0 beam=15 Eval=4 - 4im Aval=12 + 35im sval=6 Jval=3 + 1im
    freq=20 polr=0 time=2252 dish=54 beam=10 Eval=2 - 7im Aval=23 - 91im sval=9 Jval=-1 - 1im
    freq=27 polr=1 time=1394 dish=55 beam=9 Eval=5 - 2im Aval=43 + 103im sval=6 Jval=7 + 7im
    freq=2 polr=0 time=10737 dish=5 beam=10 Eval=7 + 4im Aval=-79 + 68im sval=8 Jval=-3 + 1im
    freq=19 polr=1 time=19742 dish=15 beam=5 Eval=4 + 0im Aval=-93 + 39im sval=7 Jval=-3 + 1im
    freq=24 polr=0 time=11213 dish=20 beam=6 Eval=5 - 3im Aval=-18 + 18im sval=8 Jval=0 + 1im
    freq=9 polr=0 time=10316 dish=15 beam=2 Eval=1 + 3im Aval=86 - 19im sval=7 Jval=1 + 2im
    freq=44 polr=1 time=10420 dish=55 beam=0 Eval=-3 + 1im Aval=-44 + 51im sval=8 Jval=0 - 1im
    freq=24 polr=0 time=11453 dish=60 beam=6 Eval=-3 + 5im Aval=67 + 4im sval=8 Jval=-1 + 1im
    freq=4 polr=1 time=32528 dish=40 beam=7 Eval=-3 + 3im Aval=94 - 121im sval=7 Jval=1 + 5im
    freq=30 polr=1 time=19628 dish=18 beam=4 Eval=3 - 2im Aval=-28 - 5im sval=4 Jval=-6 + 3im
    freq=15 polr=1 time=16860 dish=48 beam=2 Eval=-5 + 6im Aval=-4 - 91im sval=7 Jval=4 + 3im
    freq=40 polr=1 time=17897 dish=12 beam=1 Eval=7 - 4im Aval=-88 + 116im sval=8 Jval=-1 + 5im
    freq=10 polr=1 time=757 dish=41 beam=7 Eval=-3 + 0im Aval=-113 - 75im sval=6 Jval=5 + 4im
    freq=43 polr=1 time=4601 dish=57 beam=4 Eval=-4 - 4im Aval=-75 - 96im sval=8 Jval=0 + 3im
    freq=2 polr=0 time=15055 dish=56 beam=15 Eval=4 - 1im Aval=89 + 87im sval=9 Jval=1 + 1im
    freq=6 polr=1 time=19822 dish=50 beam=4 Eval=5 - 5im Aval=-109 + 81im sval=8 Jval=-1 + 4im
    freq=19 polr=1 time=31563 dish=22 beam=6 Eval=3 + 3im Aval=-50 + 95im sval=9 Jval=-1 + 0im
    freq=35 polr=0 time=29711 dish=31 beam=2 Eval=5 - 7im Aval=14 - 53im sval=8 Jval=-1 - 1im
    freq=43 polr=1 time=1282 dish=23 beam=0 Eval=7 - 7im Aval=-92 - 16im sval=8 Jval=-3 + 2im
    freq=35 polr=1 time=23125 dish=1 beam=1 Eval=-1 - 1im Aval=103 - 32im sval=5 Jval=-4 - 2im
    freq=22 polr=0 time=10898 dish=16 beam=1 Eval=6 + 6im Aval=-46 - 17im sval=8 Jval=-1 - 1im
    freq=18 polr=0 time=2710 dish=43 beam=7 Eval=6 - 4im Aval=-3 - 96im sval=9 Jval=-1 - 1im
    freq=14 polr=0 time=9071 dish=26 beam=1 Eval=0 + 2im Aval=107 - 94im sval=8 Jval=1 + 1im
    freq=26 polr=0 time=1467 dish=34 beam=5 Eval=-1 - 2im Aval=87 - 76im sval=7 Jval=-2 - 1im
    freq=3 polr=0 time=27136 dish=10 beam=8 Eval=-1 + 7im Aval=-59 + 108im sval=8 Jval=-3 - 2im
    freq=43 polr=1 time=23885 dish=9 beam=2 Eval=1 + 1im Aval=0 + 53im sval=5 Jval=-2 + 2im
    freq=41 polr=0 time=4020 dish=48 beam=12 Eval=-6 + 6im Aval=-11 - 115im sval=9 Jval=1 + 1im
    freq=19 polr=1 time=18465 dish=12 beam=15 Eval=-7 + 0im Aval=93 - 118im sval=8 Jval=-3 + 3im
    freq=42 polr=1 time=13997 dish=15 beam=15 Eval=2 - 7im Aval=75 + 123im sval=9 Jval=2 - 1im
    freq=0 polr=0 time=7736 dish=51 beam=4 Eval=6 + 5im Aval=42 - 116im sval=9 Jval=2 - 1im
    freq=6 polr=1 time=32034 dish=34 beam=7 Eval=-4 - 1im Aval=53 - 60im sval=9 Jval=-1 + 0im
    freq=15 polr=0 time=3488 dish=15 beam=4 Eval=2 + 2im Aval=-73 + 35im sval=5 Jval=-7 - 2im
    freq=22 polr=0 time=10904 dish=45 beam=6 Eval=-4 + 2im Aval=-28 - 13im sval=5 Jval=4 + 0im
    freq=3 polr=1 time=10825 dish=25 beam=13 Eval=-6 - 1im Aval=-71 - 26im sval=9 Jval=1 + 0im
    freq=32 polr=1 time=13852 dish=5 beam=4 Eval=1 + 2im Aval=53 - 33im sval=7 Jval=1 + 1im
    freq=11 polr=0 time=27370 dish=51 beam=12 Eval=1 + 1im Aval=-103 + 26im sval=6 Jval=-2 - 1im
    freq=2 polr=0 time=17978 dish=41 beam=9 Eval=0 - 4im Aval=102 - 48im sval=6 Jval=-3 - 6im
    freq=25 polr=1 time=18277 dish=2 beam=7 Eval=2 + 4im Aval=55 + 115im sval=9 Jval=-1 + 1im
    freq=25 polr=1 time=30687 dish=18 beam=14 Eval=0 - 5im Aval=-50 + 3im sval=7 Jval=0 + 2im
    freq=31 polr=0 time=18614 dish=20 beam=15 Eval=0 + 1im Aval=-40 + 83im sval=7 Jval=-1 + 0im
    freq=5 polr=1 time=10594 dish=8 beam=1 Eval=5 + 0im Aval=-5 - 117im sval=7 Jval=0 - 5im
    freq=32 polr=0 time=686 dish=8 beam=8 Eval=-7 - 7im Aval=33 + 126im sval=8 Jval=3 - 4im
    freq=0 polr=1 time=22153 dish=59 beam=3 Eval=-5 + 7im Aval=-76 + 22im sval=7 Jval=2 - 5im
    freq=12 polr=1 time=7800 dish=60 beam=2 Eval=1 + 0im Aval=-109 - 96im sval=4 Jval=-7 - 6im
    freq=42 polr=1 time=29215 dish=1 beam=1 Eval=1 - 7im Aval=-90 + 80im sval=8 Jval=2 + 3im
    freq=12 polr=0 time=26439 dish=46 beam=10 Eval=-6 + 7im Aval=-14 - 11im sval=8 Jval=1 + 0im
    freq=0 polr=0 time=15159 dish=54 beam=12 Eval=-3 + 4im Aval=27 + 38im sval=5 Jval=-7 + 0im
    freq=2 polr=1 time=9869 dish=37 beam=5 Eval=0 + 4im Aval=-1 - 10im sval=6 Jval=1 + 0im
    freq=32 polr=0 time=26947 dish=15 beam=6 Eval=-1 - 7im Aval=-34 - 29im sval=8 Jval=-1 + 1im
    freq=7 polr=1 time=2791 dish=18 beam=14 Eval=-3 - 6im Aval=50 - 49im sval=8 Jval=-2 - 1im
    freq=18 polr=1 time=20546 dish=24 beam=0 Eval=5 - 7im Aval=-47 + 123im sval=7 Jval=5 + 7im
    freq=25 polr=1 time=27194 dish=23 beam=4 Eval=-5 - 2im Aval=3 + 30im sval=8 Jval=0 - 1im
    freq=3 polr=1 time=31099 dish=53 beam=10 Eval=2 - 6im Aval=-87 + 44im sval=9 Jval=0 + 1im
    freq=38 polr=0 time=15640 dish=47 beam=4 Eval=1 + 4im Aval=-90 - 107im sval=6 Jval=5 - 7im
    freq=44 polr=1 time=30992 dish=33 beam=9 Eval=-7 + 5im Aval=-24 - 56im sval=9 Jval=1 + 1im
    freq=16 polr=1 time=14305 dish=31 beam=0 Eval=3 - 4im Aval=9 - 113im sval=7 Jval=-3 - 3im
    freq=26 polr=1 time=5796 dish=54 beam=10 Eval=-5 - 6im Aval=-30 + 108im sval=10 Jval=1 + 0im
    freq=28 polr=1 time=20660 dish=41 beam=0 Eval=2 - 6im Aval=-88 - 2im sval=9 Jval=0 + 1im
    freq=47 polr=0 time=2264 dish=29 beam=11 Eval=-5 - 4im Aval=-21 + 114im sval=10 Jval=1 + 0im
    freq=41 polr=0 time=20877 dish=0 beam=12 Eval=-3 + 1im Aval=16 + 99im sval=9 Jval=0 - 1im
    freq=30 polr=0 time=11812 dish=51 beam=11 Eval=0 - 7im Aval=-44 - 22im sval=7 Jval=-1 + 2im
    freq=5 polr=0 time=12123 dish=39 beam=15 Eval=1 + 1im Aval=-93 + 50im sval=5 Jval=-4 - 1im
    freq=17 polr=0 time=4669 dish=22 beam=7 Eval=-7 - 1im Aval=42 + 80im sval=8 Jval=-1 - 2im
    freq=31 polr=1 time=7349 dish=15 beam=10 Eval=-7 - 1im Aval=-13 + 69im sval=9 Jval=0 - 1im
    freq=14 polr=0 time=2012 dish=21 beam=9 Eval=-6 - 4im Aval=39 - 68im sval=7 Jval=-4 + 2im
    freq=3 polr=1 time=27787 dish=54 beam=5 Eval=-7 + 2im Aval=27 - 77im sval=9 Jval=0 + 1im
    freq=21 polr=0 time=25637 dish=53 beam=1 Eval=-2 + 5im Aval=-59 + 5im sval=7 Jval=1 - 2im
    freq=11 polr=0 time=532 dish=11 beam=4 Eval=2 - 2im Aval=40 - 20im sval=4 Jval=3 - 7im
    freq=27 polr=0 time=24344 dish=55 beam=9 Eval=5 + 4im Aval=-13 - 41im sval=6 Jval=2 - 4im
    freq=30 polr=1 time=7473 dish=18 beam=14 Eval=1 + 3im Aval=-82 - 42im sval=6 Jval=1 - 4im
    freq=22 polr=0 time=18074 dish=15 beam=0 Eval=6 + 3im Aval=41 - 71im sval=9 Jval=1 - 1im
    freq=39 polr=1 time=10196 dish=17 beam=7 Eval=-1 - 7im Aval=-67 + 6im sval=6 Jval=2 + 7im
    freq=14 polr=1 time=21504 dish=35 beam=5 Eval=2 + 4im Aval=107 + 70im sval=9 Jval=0 + 1im
    freq=45 polr=1 time=2862 dish=5 beam=3 Eval=1 + 5im Aval=95 - 104im sval=8 Jval=2 + 1im
    freq=18 polr=0 time=27612 dish=24 beam=13 Eval=-3 + 0im Aval=-78 - 72im sval=8 Jval=1 + 1im
    freq=0 polr=1 time=29849 dish=2 beam=9 Eval=-6 - 4im Aval=125 + 64im sval=8 Jval=-2 - 3im
    freq=19 polr=0 time=16357 dish=15 beam=10 Eval=7 + 1im Aval=103 - 20im sval=7 Jval=6 + 0im
    freq=10 polr=0 time=23940 dish=9 beam=5 Eval=5 - 3im Aval=-33 - 83im sval=9 Jval=-1 - 1im
    freq=3 polr=1 time=2754 dish=36 beam=0 Eval=-5 + 4im Aval=-19 - 77im sval=6 Jval=6 + 5im
    freq=14 polr=0 time=16289 dish=57 beam=12 Eval=1 - 7im Aval=126 - 28im sval=9 Jval=0 - 2im
    freq=7 polr=1 time=15441 dish=60 beam=10 Eval=3 + 2im Aval=-31 + 68im sval=5 Jval=-7 + 5im
    freq=4 polr=0 time=16599 dish=56 beam=8 Eval=-2 + 4im Aval=-125 + 51im sval=10 Jval=0 - 1im
    freq=19 polr=0 time=5350 dish=48 beam=14 Eval=2 + 4im Aval=-61 - 33im sval=8 Jval=0 - 1im
    freq=39 polr=1 time=28379 dish=31 beam=9 Eval=3 + 5im Aval=-36 + 56im sval=9 Jval=-1 + 0im
    freq=21 polr=0 time=29180 dish=43 beam=12 Eval=2 + 2im Aval=-37 - 104im sval=8 Jval=1 - 1im
    freq=47 polr=1 time=27815 dish=15 beam=3 Eval=-1 - 1im Aval=-120 - 103im sval=8 Jval=0 + 1im
    freq=4 polr=0 time=21492 dish=4 beam=3 Eval=-4 + 0im Aval=59 + 86im sval=6 Jval=-4 - 5im
    freq=28 polr=1 time=19130 dish=38 beam=3 Eval=1 + 3im Aval=74 + 109im sval=7 Jval=-2 + 3im
    freq=21 polr=1 time=6730 dish=48 beam=15 Eval=-7 - 5im Aval=48 + 127im sval=10 Jval=0 - 1im
    freq=20 polr=1 time=6825 dish=21 beam=6 Eval=-6 - 2im Aval=-100 - 81im sval=10 Jval=0 + 1im
    freq=31 polr=0 time=32690 dish=52 beam=12 Eval=-3 - 6im Aval=-87 - 80im sval=7 Jval=-2 + 6im
    freq=25 polr=0 time=15351 dish=17 beam=3 Eval=1 + 0im Aval=-19 - 112im sval=4 Jval=-1 - 7im
    freq=37 polr=1 time=2678 dish=61 beam=10 Eval=-3 + 5im Aval=83 - 34im sval=8 Jval=0 + 2im
    freq=47 polr=1 time=29354 dish=63 beam=15 Eval=6 - 5im Aval=-62 + 89im sval=7 Jval=1 + 7im
    freq=1 polr=0 time=5327 dish=11 beam=5 Eval=4 - 1im Aval=7 + 63im sval=7 Jval=1 + 2im
    freq=44 polr=1 time=21699 dish=46 beam=0 Eval=2 - 4im Aval=-92 - 24im sval=8 Jval=-1 + 1im
    freq=25 polr=1 time=17239 dish=5 beam=4 Eval=7 + 0im Aval=-8 + 41im sval=8 Jval=0 + 1im
    freq=42 polr=1 time=14123 dish=43 beam=11 Eval=5 + 5im Aval=121 - 90im sval=11 Jval=1 + 0im
    freq=29 polr=1 time=24750 dish=37 beam=10 Eval=4 + 3im Aval=-77 - 106im sval=7 Jval=0 - 5im
    freq=18 polr=0 time=14303 dish=40 beam=13 Eval=6 - 6im Aval=38 + 45im sval=8 Jval=2 + 0im
    freq=29 polr=0 time=12552 dish=13 beam=10 Eval=-5 - 4im Aval=50 - 65im sval=8 Jval=-2 + 0im
    freq=2 polr=1 time=2690 dish=39 beam=6 Eval=-2 - 4im Aval=83 + 120im sval=8 Jval=1 - 2im
Copying data from CPU to GPU...
Running kernel...
Copying data back from GPU to CPU...
Done.
