[Choosing CUDA device...]
NVIDIA A40
[Creating chimefrb kernel...]
[Done creating chimefrb kernel]
CHIME FRB beamformer
Compiling kernel...
Allocating input data...
Setting up input data...
   Fixed kernel parameters:
       Fbar:   2048   (number of frequencies)
       Tbar:   512   (maximum number of input time samples)
       Ttilde: 256   (maximum number of output time samples)
       Tds:    3   (downsampling factor)
    Dynamic kernel parameters:
    Tbarmin:   0   (input time samples)
    Tbarmax:   126
    Ttildemin: 0   (output time samples)
    Ttildemax: 42
Copying data from CPU to GPU...
Running kernel...
Copying data back from GPU to CPU...
Done.
