[Choosing CUDA device...]
NVIDIA A40
[Creating frb kernel...]
[Done creating frb kernel]
CHORD FRB beamformer
Compiling kernel...
Allocating input data...
Setting up input data...
Tbarmin = 0
Tbarmax = 2016
Fbar_in_min = 0
Fbar_in_max = 512
Ttildemin = 0
Ttildemax = 42
Fbar_out_min = 0
Fbar_out_max = 512
num_threads = 32
num_warps = 6
num_blocks = 512
dish_grid = [(0, 0), (1, 0), (2, 0), (3, 0), (4, 0), (5, 0), (6, 0), (7, 0), (0, 1), (1, 1), (2, 1), (3, 1), (4, 1), (5, 1), (6, 1), (7, 1), (0, 2), (1, 2), (2, 2), (3, 2), (4, 2), (5, 2), (6, 2), (7, 2), (0, 3), (1, 3), (2, 3), (3, 3), (4, 3), (5, 3), (6, 3), (7, 3), (0, 4), (1, 4), (2, 4), (3, 4), (4, 4), (5, 4), (6, 4), (7, 4), (0, 5), (1, 5), (2, 5), (3, 5), (4, 5), (5, 5), (6, 5), (7, 5), (0, 6), (1, 6), (2, 6), (3, 6), (4, 6), (5, 6), (6, 6), (7, 6), (0, 7), (1, 7), (2, 7), (3, 7), (4, 7), (5, 7), (6, 7), (7, 7), (0, 8), (1, 8), (2, 8), (3, 8), (4, 8), (5, 8), (6, 8), (7, 8), (0, 9), (1, 9), (2, 9), (3, 9), (4, 9), (5, 9), (6, 9), (7, 9), (0, 10), (1, 10), (2, 10), (3, 10), (4, 10), (5, 10), (6, 10), (7, 10), (0, 11), (1, 11), (2, 11), (3, 11), (4, 11), (5, 11), (6, 11), (7, 11)]
freq = 207
polr = 0
time = 7062
Fvalue = -1.1594405f0 - 1.8685707f0im
Evalue = -1 - 2im
dish=0 E=Int4x8(6, 7, -8, -8, -8, -8, -8, -8)
dish=1 E=Int4x8(6, 7, 6, 7, -8, -8, -8, -8)
dish=2 E=Int4x8(6, 7, 6, 7, 6, 7, -8, -8)
dish=3 E=Int4x8(6, 7, 6, 7, 6, 7, 6, 7)
dish=4 E=Int4x8(6, 7, -8, -8, -8, -8, -8, -8)
dish=5 E=Int4x8(6, 7, 6, 7, -8, -8, -8, -8)
dish=6 E=Int4x8(6, 7, 6, 7, 6, 7, -8, -8)
dish=7 E=Int4x8(6, 7, 6, 7, 6, 7, 6, 7)
dish=8 E=Int4x8(6, 7, -8, -8, -8, -8, -8, -8)
dish=9 E=Int4x8(6, 7, 6, 7, -8, -8, -8, -8)
dish=10 E=Int4x8(6, 7, 6, 7, 6, 7, -8, -8)
dish=11 E=Int4x8(6, 7, 6, 7, 6, 7, 6, 7)
dish=12 E=Int4x8(6, 7, -8, -8, -8, -8, -8, -8)
dish=13 E=Int4x8(6, 7, 6, 7, -8, -8, -8, -8)
dish=14 E=Int4x8(6, 7, 6, 7, 6, 7, -8, -8)
dish=15 E=Int4x8(6, 7, 6, 7, 6, 7, 6, 7)
dish=16 E=Int4x8(6, 7, -8, -8, -8, -8, -8, -8)
dish=17 E=Int4x8(6, 7, 6, 7, -8, -8, -8, -8)
dish=18 E=Int4x8(6, 7, 6, 7, 6, 7, -8, -8)
dish=19 E=Int4x8(6, 7, 6, 7, 6, 7, 6, 7)
dish=20 E=Int4x8(6, 7, -8, -8, -8, -8, -8, -8)
dish=21 E=Int4x8(6, 7, 6, 7, -8, -8, -8, -8)
dish=22 E=Int4x8(6, 7, 6, 7, 6, 7, -8, -8)
dish=23 E=Int4x8(6, 7, 6, 7, 6, 7, 6, 7)
dish=24 E=Int4x8(6, 7, -8, -8, -8, -8, -8, -8)
dish=25 E=Int4x8(6, 7, 6, 7, -8, -8, -8, -8)
dish=26 E=Int4x8(6, 7, 6, 7, 6, 7, -8, -8)
dish=27 E=Int4x8(6, 7, 6, 7, 6, 7, 6, 7)
dish=28 E=Int4x8(6, 7, -8, -8, -8, -8, -8, -8)
dish=29 E=Int4x8(6, 7, 6, 7, -8, -8, -8, -8)
dish=30 E=Int4x8(6, 7, 6, 7, 6, 7, -8, -8)
dish=31 E=Int4x8(6, 7, 6, 7, 6, 7, 6, 7)
dish=32 E=Int4x8(6, 7, -8, -8, -8, -8, -8, -8)
dish=33 E=Int4x8(6, 7, 6, 7, -8, -8, -8, -8)
dish=34 E=Int4x8(6, 7, 6, 7, 6, 7, -8, -8)
dish=35 E=Int4x8(6, 7, 6, 7, 6, 7, 6, 7)
dish=36 E=Int4x8(6, 7, -8, -8, -8, -8, -8, -8)
dish=37 E=Int4x8(6, 7, 6, 7, -8, -8, -8, -8)
dish=38 E=Int4x8(6, 7, 6, 7, 6, 7, -8, -8)
dish=39 E=Int4x8(6, 7, 6, 7, 6, 7, 6, 7)
dish=40 E=Int4x8(6, 7, -8, -8, -8, -8, -8, -8)
dish=41 E=Int4x8(6, 7, 6, 7, -8, -8, -8, -8)
dish=42 E=Int4x8(6, 7, 6, 7, 6, 7, -8, -8)
dish=43 E=Int4x8(6, 7, 6, 7, 6, 7, 6, 7)
dish=44 E=Int4x8(6, 7, -8, -8, -8, -8, -8, -8)
dish=45 E=Int4x8(6, 7, 6, 7, -8, -8, -8, -8)
dish=46 E=Int4x8(6, 7, 6, 7, 6, 7, -8, -8)
dish=47 E=Int4x8(6, 7, 6, 7, 6, 7, 6, 7)
dish=48 E=Int4x8(6, 7, -8, -8, -8, -8, -8, -8)
dish=49 E=Int4x8(6, 7, 6, 7, -8, -8, -8, -8)
dish=50 E=Int4x8(6, 7, 6, 7, 6, 7, -8, -8)
dish=51 E=Int4x8(6, 7, 6, 7, 6, 7, 6, 7)
dish=52 E=Int4x8(6, 7, -8, -8, -8, -8, -8, -8)
dish=53 E=Int4x8(6, 7, 6, 7, -8, -8, -8, -8)
dish=54 E=Int4x8(6, 7, 6, 7, 6, 7, -8, -8)
dish=55 E=Int4x8(6, 7, 6, 7, 6, 7, 6, 7)
dish=56 E=Int4x8(6, 7, -8, -8, -8, -8, -8, -8)
dish=57 E=Int4x8(6, 7, 6, 7, -8, -8, -8, -8)
dish=58 E=Int4x8(6, 7, 6, 7, 6, 7, -8, -8)
dish=59 E=Int4x8(6, 7, 6, 7, 6, 7, 6, 7)
dish=60 E=Int4x8(6, 7, -8, -8, -8, -8, -8, -8)
dish=61 E=Int4x8(6, 7, 6, 7, -8, -8, -8, -8)
dish=62 E=Int4x8(6, 7, 6, 7, 6, 7, -8, -8)
dish=63 E=Int4x8(6, 7, 6, 7, 6, 7, 6, 7)
dstime = 147
beamp=0 beamq=0 I=0.20833333333333331
beamp=1 beamq=0 I=0.08552780413847456
beamp=2 beamq=0 I=0.0
beamp=3 beamq=0 I=0.010546317070941254
beamp=4 beamq=0 I=0.0
beamp=5 beamq=0 I=0.004708537322562685
beamp=6 beamq=0 I=0.0
beamp=7 beamq=0 I=0.0033840042709986384
beamp=8 beamq=0 I=0.0
beamp=9 beamq=0 I=0.0033840042709986384
beamp=10 beamq=0 I=0.0
beamp=11 beamq=0 I=0.004708537322562685
beamp=12 beamq=0 I=0.0
beamp=13 beamq=0 I=0.010546317070941254
beamp=14 beamq=0 I=0.0
beamp=15 beamq=0 I=0.08552780413847458
beamp=0 beamq=1 I=0.14329951363819127
beamp=1 beamq=1 I=0.058829250879284326
beamp=2 beamq=1 I=1.7573110212369216e-17
beamp=3 beamq=1 I=0.007254154802371353
beamp=4 beamq=1 I=2.692435395005669e-17
beamp=5 beamq=1 I=0.003238709516571686
beamp=6 beamq=1 I=7.63459029791876e-18
beamp=7 beamq=1 I=0.0023276458751649055
beamp=8 beamq=1 I=3.0719061553755958e-18
beamp=9 beamq=1 I=0.0023276463545202
beamp=10 beamq=1 I=3.618524750670371e-17
beamp=11 beamq=1 I=0.0032387096970729777
beamp=12 beamq=1 I=7.309329646173109e-17
beamp=13 beamq=1 I=0.007254155930856387
beamp=14 beamq=1 I=3.054287870072706e-16
beamp=15 beamq=1 I=0.05882924437863918
beamp=0 beamq=2 I=0.036445813782847704
beamp=1 beamq=2 I=0.014962226957389775
beamp=2 beamq=2 I=3.9076453299998385e-17
beamp=3 beamq=2 I=0.001844971932385234
beamp=4 beamq=2 I=1.1971398987860777e-17
beamp=5 beamq=2 I=0.0008237110953770974
beamp=6 beamq=2 I=2.358139725155972e-17
beamp=7 beamq=2 I=0.0005919970642404742
beamp=8 beamq=2 I=6.871131268126884e-17
beamp=9 beamq=2 I=0.0005919971344868432
beamp=10 beamq=2 I=1.409914575136358e-16
beamp=11 beamq=2 I=0.0008237114799265061
beamp=12 beamq=2 I=4.070275655872664e-17
beamp=13 beamq=2 I=0.001844972129879624
beamp=14 beamq=2 I=4.464202445209065e-16
beamp=15 beamq=2 I=0.01496222227654214
beamp=0 beamq=3 I=0.0
beamp=1 beamq=3 I=0.0
beamp=2 beamq=3 I=0.0
beamp=3 beamq=3 I=0.0
beamp=4 beamq=3 I=0.0
beamp=5 beamq=3 I=0.0
beamp=6 beamq=3 I=0.0
beamp=7 beamq=3 I=0.0
beamp=8 beamq=3 I=0.0
beamp=9 beamq=3 I=0.0
beamp=10 beamq=3 I=0.0
beamp=11 beamq=3 I=0.0
beamp=12 beamq=3 I=0.0
beamp=13 beamq=3 I=0.0
beamp=14 beamq=3 I=0.0
beamp=15 beamq=3 I=0.0
beamp=0 beamq=4 I=0.009765625359367607
beamp=1 beamq=4 I=0.004009114355540032
beamp=2 beamq=4 I=1.526918059583752e-17
beamp=3 beamq=4 I=0.0004943586716458816
beamp=4 beamq=4 I=2.4801124695605914e-17
beamp=5 beamq=4 I=0.00022071286482457802
beamp=6 beamq=4 I=5.642368805976646e-17
beamp=7 beamq=4 I=0.0001586251989827537
beamp=8 beamq=4 I=4.991847502485343e-17
beamp=9 beamq=4 I=0.00015862506834605502
beamp=10 beamq=4 I=3.871505257583655e-16
beamp=11 beamq=4 I=0.0002207126874974236
beamp=12 beamq=4 I=5.790543102882998e-16
beamp=13 beamq=4 I=0.0004943577890919194
beamp=14 beamq=4 I=4.1859238876044514e-16
beamp=15 beamq=4 I=0.004009117476214796
beamp=0 beamq=5 I=0.00658787741594382
beamp=1 beamq=5 I=0.002704543581337965
beamp=2 beamq=5 I=2.213579435491238e-16
beamp=3 beamq=5 I=0.0003334934159878645
beamp=4 beamq=5 I=1.015987785799958e-16
beamp=5 beamq=5 I=0.00014889226832223162
beamp=6 beamq=5 I=1.9018713109016556e-17
beamp=7 beamq=5 I=0.00010700827881899066
beamp=8 beamq=5 I=1.0196017930415764e-16
beamp=9 beamq=5 I=0.00010700865840752177
beamp=10 beamq=5 I=3.018599548561725e-16
beamp=11 beamq=5 I=0.0001488925503158443
beamp=12 beamq=5 I=3.1410240438715465e-16
beamp=13 beamq=5 I=0.00033349468955505015
beamp=14 beamq=5 I=3.3789612456415945e-15
beamp=15 beamq=5 I=0.002704539915406906
beamp=0 beamq=6 I=0.0
beamp=1 beamq=6 I=0.0
beamp=2 beamq=6 I=0.0
beamp=3 beamq=6 I=0.0
beamp=4 beamq=6 I=0.0
beamp=5 beamq=6 I=0.0
beamp=6 beamq=6 I=0.0
beamp=7 beamq=6 I=0.0
beamp=8 beamq=6 I=0.0
beamp=9 beamq=6 I=0.0
beamp=10 beamq=6 I=0.0
beamp=11 beamq=6 I=0.0
beamp=12 beamq=6 I=0.0
beamp=13 beamq=6 I=0.0
beamp=14 beamq=6 I=0.0
beamp=15 beamq=6 I=0.0
beamp=0 beamq=7 I=0.003878884217963831
beamp=1 beamq=7 I=0.0015924115683905442
beamp=2 beamq=7 I=3.8398826942194945e-17
beamp=3 beamq=7 I=0.00019635825394831043
beamp=4 beamq=7 I=4.454263925294614e-17
beamp=5 beamq=7 I=8.766637891886263e-5
beamp=6 beamq=7 I=2.5523926143929583e-17
beamp=7 beamq=7 I=6.300537822361466e-5
beamp=8 beamq=7 I=7.228014483236696e-17
beamp=9 beamq=7 I=6.300572719800882e-5
beamp=10 beamq=7 I=1.4329538713016749e-16
beamp=11 beamq=7 I=8.766664760850515e-5
beamp=12 beamq=7 I=6.906819589637865e-16
beamp=13 beamq=7 I=0.0001963586726919056
beamp=14 beamq=7 I=8.137389055408912e-16
beamp=15 beamq=7 I=0.0015924148031165471
beamp=0 beamq=8 I=0.0032552093508946027
beamp=1 beamq=8 I=0.0013363715560999368
beamp=2 beamq=8 I=1.085105674295909e-16
beamp=3 beamq=8 I=0.00016478609259197683
beamp=4 beamq=8 I=1.6380487822635162e-16
beamp=5 beamq=8 I=7.35710134786516e-5
beamp=6 beamq=8 I=4.847287212820609e-17
beamp=7 beamq=8 I=5.287507139536485e-5
beamp=8 beamq=8 I=2.0419140915143666e-16
beamp=9 beamq=8 I=5.287485061023407e-5
beamp=10 beamq=8 I=3.2426679975420625e-16
beamp=11 beamq=8 I=7.357102212578485e-5
beamp=12 beamq=8 I=6.35026247442864e-16
beamp=13 beamq=8 I=0.00016478573985914119
beamp=14 beamq=8 I=2.9151034161798797e-15
beamp=15 beamq=8 I=0.0013363738436759688
beamp=0 beamq=9 I=0.0
beamp=1 beamq=9 I=0.0
beamp=2 beamq=9 I=0.0
beamp=3 beamq=9 I=0.0
beamp=4 beamq=9 I=0.0
beamp=5 beamq=9 I=0.0
beamp=6 beamq=9 I=0.0
beamp=7 beamq=9 I=0.0
beamp=8 beamq=9 I=0.0
beamp=9 beamq=9 I=0.0
beamp=10 beamq=9 I=0.0
beamp=11 beamq=9 I=0.0
beamp=12 beamq=9 I=0.0
beamp=13 beamq=9 I=0.0
beamp=14 beamq=9 I=0.0
beamp=15 beamq=9 I=0.0
beamp=0 beamq=10 I=0.0026166916897615044
beamp=1 beamq=10 I=0.0010742392018539618
beamp=2 beamq=10 I=2.5573618743501836e-16
beamp=3 beamq=10 I=0.00013246293661224373
beamp=4 beamq=10 I=2.281342071271582e-17
beamp=5 beamq=10 I=5.913982854549583e-5
beamp=6 beamq=10 I=3.365544243757086e-17
beamp=7 beamq=10 I=4.250351921600201e-5
beamp=8 beamq=10 I=3.6162659961443594e-16
beamp=9 beamq=10 I=4.2503572668615703e-5
beamp=10 beamq=10 I=1.129829013910936e-16
beamp=11 beamq=10 I=5.9139821679763446e-5
beamp=12 beamq=10 I=4.0228418108264236e-16
beamp=13 beamq=10 I=0.00013246304318155993
beamp=14 beamq=10 I=3.854429073367008e-15
beamp=15 beamq=10 I=0.0010742438946291667
beamp=0 beamq=11 I=0.0024837227279739826
beamp=1 beamq=11 I=0.0010196528156166678
beamp=2 beamq=11 I=3.2164664450403297e-16
beamp=3 beamq=11 I=0.0001257322034908886
beamp=4 beamq=11 I=3.939267893363999e-17
beamp=5 beamq=11 I=5.6134600427841244e-5
beamp=6 beamq=11 I=5.497808516311912e-17
beamp=7 beamq=11 I=4.034369409780304e-5
beamp=8 beamq=11 I=3.5597971329940727e-17
beamp=9 beamq=11 I=4.0343599233809576e-5
beamp=10 beamq=11 I=1.6267550096334588e-16
beamp=11 beamq=11 I=5.613447955901601e-5
beamp=12 beamq=11 I=4.610117987589405e-16
beamp=13 beamq=11 I=0.00012573162957775502
beamp=14 beamq=11 I=2.995334376943807e-15
beamp=15 beamq=11 I=0.0010196493043467903
beamp=0 beamq=12 I=0.0
beamp=1 beamq=12 I=0.0
beamp=2 beamq=12 I=0.0
beamp=3 beamq=12 I=0.0
beamp=4 beamq=12 I=0.0
beamp=5 beamq=12 I=0.0
beamp=6 beamq=12 I=0.0
beamp=7 beamq=12 I=0.0
beamp=8 beamq=12 I=0.0
beamp=9 beamq=12 I=0.0
beamp=10 beamq=12 I=0.0
beamp=11 beamq=12 I=0.0
beamp=12 beamq=12 I=0.0
beamp=13 beamq=12 I=0.0
beamp=14 beamq=12 I=0.0
beamp=15 beamq=12 I=0.0
beamp=0 beamq=13 I=0.002483716971562573
beamp=1 beamq=13 I=0.0010196487335797362
beamp=2 beamq=13 I=6.490757005946553e-16
beamp=3 beamq=13 I=0.00012573120465216676
beamp=4 beamq=13 I=4.991847502485343e-17
beamp=5 beamq=13 I=5.613412054485321e-5
beamp=6 beamq=13 I=1.8521787113294033e-18
beamp=7 beamq=13 I=4.034343741799655e-5
beamp=8 beamq=13 I=1.6714783492484858e-16
beamp=9 beamq=13 I=4.0343289762853675e-5
beamp=10 beamq=13 I=3.8398826942194945e-17
beamp=11 beamq=13 I=5.613416157682856e-5
beamp=12 beamq=13 I=1.6281102623490658e-15
beamp=13 beamq=13 I=0.00012573139866159014
beamp=14 beamq=13 I=4.224232364365606e-15
beamp=15 beamq=13 I=0.0010196441070471898
beamp=0 beamq=14 I=0.0026166957684046394
beamp=1 beamq=14 I=0.0010742409709997122
beamp=2 beamq=14 I=9.586154208392668e-17
beamp=3 beamq=14 I=0.00013246351306516038
beamp=4 beamq=14 I=3.871505257583655e-16
beamp=5 beamq=14 I=5.914014185187678e-5
beamp=6 beamq=14 I=6.550388125433256e-18
beamp=7 beamq=14 I=4.250365033117286e-5
beamp=8 beamq=14 I=9.11181575793026e-17
beamp=9 beamq=14 I=4.250374143719457e-5
beamp=10 beamq=14 I=6.572072168882965e-16
beamp=11 beamq=14 I=5.913989532588068e-5
beamp=12 beamq=14 I=1.2217603231196028e-15
beamp=13 beamq=14 I=0.00013246319902046258
beamp=14 beamq=14 I=4.647477787449635e-15
beamp=15 beamq=14 I=0.0010742498161786947
beamp=0 beamq=15 I=0.0
beamp=1 beamq=15 I=0.0
beamp=2 beamq=15 I=0.0
beamp=3 beamq=15 I=0.0
beamp=4 beamq=15 I=0.0
beamp=5 beamq=15 I=0.0
beamp=6 beamq=15 I=0.0
beamp=7 beamq=15 I=0.0
beamp=8 beamq=15 I=0.0
beamp=9 beamq=15 I=0.0
beamp=10 beamq=15 I=0.0
beamp=11 beamq=15 I=0.0
beamp=12 beamq=15 I=0.0
beamp=13 beamq=15 I=0.0
beamp=14 beamq=15 I=0.0
beamp=15 beamq=15 I=0.0
beamp=0 beamq=16 I=0.0032552061773343426
beamp=1 beamq=16 I=0.0013363710560635378
beamp=2 beamq=16 I=5.673991369340806e-17
beamp=3 beamq=16 I=0.00016478622933264005
beamp=4 beamq=16 I=3.17716411628773e-16
beamp=5 beamq=16 I=7.357091996881025e-5
beamp=6 beamq=16 I=1.6881931327409708e-16
beamp=7 beamq=16 I=5.287516793174878e-5
beamp=8 beamq=16 I=3.475319713721244e-16
beamp=9 beamq=16 I=5.287510807589511e-5
beamp=10 beamq=16 I=1.9696339466819996e-16
beamp=11 beamq=16 I=7.357093847047046e-5
beamp=12 beamq=16 I=3.113918989559409e-16
beamp=13 beamq=16 I=0.0001647853235860474
beamp=14 beamq=16 I=5.536388043616188e-15
beamp=15 beamq=16 I=0.0013363677852190504
beamp=0 beamq=17 I=0.003878882924518853
beamp=1 beamq=17 I=0.0015924108204647628
beamp=2 beamq=17 I=1.1009169559779893e-16
beamp=3 beamq=17 I=0.0001963581776162796
beamp=4 beamq=17 I=1.753245263090101e-16
beamp=5 beamq=17 I=8.766650337870773e-5
beamp=6 beamq=17 I=6.089602202126916e-17
beamp=7 beamq=17 I=6.300562008889089e-5
beamp=8 beamq=17 I=4.991847502485343e-17
beamp=9 beamq=17 I=6.300532356846947e-5
beamp=10 beamq=17 I=1.5418258394554277e-16
beamp=11 beamq=17 I=8.766648339819067e-5
beamp=12 beamq=17 I=2.8089871285478607e-16
beamp=13 beamq=17 I=0.00019635795642039138
beamp=14 beamq=17 I=2.4644367131500715e-15
beamp=15 beamq=17 I=0.001592414953605346
beamp=0 beamq=18 I=0.0
beamp=1 beamq=18 I=0.0
beamp=2 beamq=18 I=0.0
beamp=3 beamq=18 I=0.0
beamp=4 beamq=18 I=0.0
beamp=5 beamq=18 I=0.0
beamp=6 beamq=18 I=0.0
beamp=7 beamq=18 I=0.0
beamp=8 beamq=18 I=0.0
beamp=9 beamq=18 I=0.0
beamp=10 beamq=18 I=0.0
beamp=11 beamq=18 I=0.0
beamp=12 beamq=18 I=0.0
beamp=13 beamq=18 I=0.0
beamp=14 beamq=18 I=0.0
beamp=15 beamq=18 I=0.0
beamp=0 beamq=19 I=0.00658787676744111
beamp=1 beamq=19 I=0.0027045481236276075
beamp=2 beamq=19 I=5.865985504051781e-16
beamp=3 beamq=19 I=0.00033349361731236044
beamp=4 beamq=19 I=1.888770534650789e-16
beamp=5 beamq=19 I=0.0001488923829504951
beamp=6 beamq=19 I=2.6066027230172334e-16
beamp=7 beamq=19 I=0.00010700806061195601
beamp=8 beamq=19 I=1.8521787113294033e-16
beamp=9 beamq=19 I=0.00010700805398835452
beamp=10 beamq=19 I=1.317305639569888e-16
beamp=11 beamq=19 I=0.00014889242082025744
beamp=12 beamq=19 I=1.3340204230623726e-16
beamp=13 beamq=19 I=0.00033349379132319786
beamp=14 beamq=19 I=3.319917402331655e-15
beamp=15 beamq=19 I=0.0027045347334035824
beamp=0 beamq=20 I=0.009765641567476698
beamp=1 beamq=20 I=0.004009122267679488
beamp=2 beamq=20 I=1.0058233904329064e-15
beamp=3 beamq=20 I=0.0004943600032115943
beamp=4 beamq=20 I=2.6066027230172334e-16
beamp=5 beamq=20 I=0.00022071326831278907
beamp=6 beamq=20 I=1.9849934774588776e-16
beamp=7 beamq=20 I=0.00015862566073516265
beamp=8 beamq=20 I=7.229821486857505e-16
beamp=9 beamq=20 I=0.00015862582614598782
beamp=10 beamq=20 I=1.3066894932976339e-15
beamp=11 beamq=20 I=0.00022071428804108496
beamp=12 beamq=20 I=2.1429707690081195e-15
beamp=13 beamq=20 I=0.0004943608341471626
beamp=14 beamq=20 I=6.970923043086071e-15
beamp=15 beamq=20 I=0.004009142386474186
beamp=0 beamq=21 I=0.0
beamp=1 beamq=21 I=0.0
beamp=2 beamq=21 I=0.0
beamp=3 beamq=21 I=0.0
beamp=4 beamq=21 I=0.0
beamp=5 beamq=21 I=0.0
beamp=6 beamq=21 I=0.0
beamp=7 beamq=21 I=0.0
beamp=8 beamq=21 I=0.0
beamp=9 beamq=21 I=0.0
beamp=10 beamq=21 I=0.0
beamp=11 beamq=21 I=0.0
beamp=12 beamq=21 I=0.0
beamp=13 beamq=21 I=0.0
beamp=14 beamq=21 I=0.0
beamp=15 beamq=21 I=0.0
beamp=0 beamq=22 I=0.03644579834812925
beamp=1 beamq=22 I=0.01496220790107712
beamp=2 beamq=22 I=1.3323037696226039e-15
beamp=3 beamq=22 I=0.0018449695373248466
beamp=4 beamq=22 I=3.713844191668055e-16
beamp=5 beamq=22 I=0.0008237095672648821
beamp=6 beamq=22 I=6.685913396993944e-17
beamp=7 beamq=22 I=0.0005919965947965793
beamp=8 beamq=22 I=1.236216352086076e-15
beamp=9 beamq=22 I=0.0005919981121423792
beamp=10 beamq=22 I=4.886589541573209e-16
beamp=11 beamq=22 I=0.0008237095845923029
beamp=12 beamq=22 I=3.0423164710848454e-15
beamp=13 beamq=22 I=0.0018449744429576624
beamp=14 beamq=22 I=5.60577698265526e-16
beamp=15 beamq=22 I=0.0149622211044298
beamp=0 beamq=23 I=0.14329953599077108
beamp=1 beamq=23 I=0.05882927956543197
beamp=2 beamq=23 I=7.644528817833211e-16
beamp=3 beamq=23 I=0.0072541584566587535
beamp=4 beamq=23 I=1.9050335672380717e-16
beamp=5 beamq=23 I=0.0032387114583601216
beamp=6 beamq=23 I=2.0387518351779505e-16
beamp=7 beamq=23 I=0.00232764543714323
beamp=8 beamq=23 I=2.7651672907432384e-16
beamp=9 beamq=23 I=0.0023276469554828053
beamp=10 beamq=23 I=5.58815869735237e-16
beamp=11 beamq=23 I=0.003238708704744607
beamp=12 beamq=23 I=1.398711152687341e-15
beamp=13 beamq=23 I=0.007254155313225756
beamp=14 beamq=23 I=4.425803618266869e-16
beamp=15 beamq=23 I=0.05882927746746898
Copying data from CPU to GPU...
Running kernel...
Copying data back from GPU to CPU...
Done.
