[Choosing CUDA device...]
NVIDIA A40
[Creating frb kernel...]
[Done creating frb kernel]
CHORD FRB beamformer
Compiling kernel...
Allocating input data...
Setting up input data...
Tbarmin = 0
Tbarmax = 240
Fbar_in_min = 0
Fbar_in_max = 2048
Ttildemin = 0
Ttildemax = 40
Fbar_out_min = 0
Fbar_out_max = 2048
num_threads = 32
num_warps = 6
num_blocks = 2048
dish_grid = [(0, 0), (1, 0), (2, 0), (3, 0), (4, 0), (5, 0), (6, 0), (7, 0), (0, 1), (1, 1), (2, 1), (3, 1), (4, 1), (5, 1), (6, 1), (7, 1), (0, 2), (1, 2), (2, 2), (3, 2), (4, 2), (5, 2), (6, 2), (7, 2), (0, 3), (1, 3), (2, 3), (3, 3), (4, 3), (5, 3), (6, 3), (7, 3), (0, 4), (1, 4), (2, 4), (3, 4), (4, 4), (5, 4), (6, 4), (7, 4), (0, 5), (1, 5), (2, 5), (3, 5), (4, 5), (5, 5), (6, 5), (7, 5), (0, 6), (1, 6), (2, 6), (3, 6), (4, 6), (5, 6), (6, 6), (7, 6), (0, 7), (1, 7), (2, 7), (3, 7), (4, 7), (5, 7), (6, 7), (7, 7), (0, 8), (1, 8), (2, 8), (3, 8), (4, 8), (5, 8), (6, 8), (7, 8), (0, 9), (1, 9), (2, 9), (3, 9), (4, 9), (5, 9), (6, 9), (7, 9), (0, 10), (1, 10), (2, 10), (3, 10), (4, 10), (5, 10), (6, 10), (7, 10), (0, 11), (1, 11), (2, 11), (3, 11), (4, 11), (5, 11), (6, 11), (7, 11)]
freq = 830
polr = 0
time = 882
Fvalue = -1.1594405f0 - 1.8685707f0im
Evalue = -1 - 2im
dish=0 E=Int4x8(6, 7, -8, -8, -8, -8, -8, -8)
dish=1 E=Int4x8(6, 7, 6, 7, -8, -8, -8, -8)
dish=2 E=Int4x8(6, 7, 6, 7, 6, 7, -8, -8)
dish=3 E=Int4x8(6, 7, 6, 7, 6, 7, 6, 7)
dish=4 E=Int4x8(6, 7, -8, -8, -8, -8, -8, -8)
dish=5 E=Int4x8(6, 7, 6, 7, -8, -8, -8, -8)
dish=6 E=Int4x8(6, 7, 6, 7, 6, 7, -8, -8)
dish=7 E=Int4x8(6, 7, 6, 7, 6, 7, 6, 7)
dish=8 E=Int4x8(6, 7, -8, -8, -8, -8, -8, -8)
dish=9 E=Int4x8(6, 7, 6, 7, -8, -8, -8, -8)
dish=10 E=Int4x8(6, 7, 6, 7, 6, 7, -8, -8)
dish=11 E=Int4x8(6, 7, 6, 7, 6, 7, 6, 7)
dish=12 E=Int4x8(6, 7, -8, -8, -8, -8, -8, -8)
dish=13 E=Int4x8(6, 7, 6, 7, -8, -8, -8, -8)
dish=14 E=Int4x8(6, 7, 6, 7, 6, 7, -8, -8)
dish=15 E=Int4x8(6, 7, 6, 7, 6, 7, 6, 7)
dish=16 E=Int4x8(6, 7, -8, -8, -8, -8, -8, -8)
dish=17 E=Int4x8(6, 7, 6, 7, -8, -8, -8, -8)
dish=18 E=Int4x8(6, 7, 6, 7, 6, 7, -8, -8)
dish=19 E=Int4x8(6, 7, 6, 7, 6, 7, 6, 7)
dish=20 E=Int4x8(6, 7, -8, -8, -8, -8, -8, -8)
dish=21 E=Int4x8(6, 7, 6, 7, -8, -8, -8, -8)
dish=22 E=Int4x8(6, 7, 6, 7, 6, 7, -8, -8)
dish=23 E=Int4x8(6, 7, 6, 7, 6, 7, 6, 7)
dish=24 E=Int4x8(6, 7, -8, -8, -8, -8, -8, -8)
dish=25 E=Int4x8(6, 7, 6, 7, -8, -8, -8, -8)
dish=26 E=Int4x8(6, 7, 6, 7, 6, 7, -8, -8)
dish=27 E=Int4x8(6, 7, 6, 7, 6, 7, 6, 7)
dish=28 E=Int4x8(6, 7, -8, -8, -8, -8, -8, -8)
dish=29 E=Int4x8(6, 7, 6, 7, -8, -8, -8, -8)
dish=30 E=Int4x8(6, 7, 6, 7, 6, 7, -8, -8)
dish=31 E=Int4x8(6, 7, 6, 7, 6, 7, 6, 7)
dish=32 E=Int4x8(6, 7, -8, -8, -8, -8, -8, -8)
dish=33 E=Int4x8(6, 7, 6, 7, -8, -8, -8, -8)
dish=34 E=Int4x8(6, 7, 6, 7, 6, 7, -8, -8)
dish=35 E=Int4x8(6, 7, 6, 7, 6, 7, 6, 7)
dish=36 E=Int4x8(6, 7, -8, -8, -8, -8, -8, -8)
dish=37 E=Int4x8(6, 7, 6, 7, -8, -8, -8, -8)
dish=38 E=Int4x8(6, 7, 6, 7, 6, 7, -8, -8)
dish=39 E=Int4x8(6, 7, 6, 7, 6, 7, 6, 7)
dish=40 E=Int4x8(6, 7, -8, -8, -8, -8, -8, -8)
dish=41 E=Int4x8(6, 7, 6, 7, -8, -8, -8, -8)
dish=42 E=Int4x8(6, 7, 6, 7, 6, 7, -8, -8)
dish=43 E=Int4x8(6, 7, 6, 7, 6, 7, 6, 7)
dish=44 E=Int4x8(6, 7, -8, -8, -8, -8, -8, -8)
dish=45 E=Int4x8(6, 7, 6, 7, -8, -8, -8, -8)
dish=46 E=Int4x8(6, 7, 6, 7, 6, 7, -8, -8)
dish=47 E=Int4x8(6, 7, 6, 7, 6, 7, 6, 7)
dish=48 E=Int4x8(6, 7, -8, -8, -8, -8, -8, -8)
dish=49 E=Int4x8(6, 7, 6, 7, -8, -8, -8, -8)
dish=50 E=Int4x8(6, 7, 6, 7, 6, 7, -8, -8)
dish=51 E=Int4x8(6, 7, 6, 7, 6, 7, 6, 7)
dish=52 E=Int4x8(6, 7, -8, -8, -8, -8, -8, -8)
dish=53 E=Int4x8(6, 7, 6, 7, -8, -8, -8, -8)
dish=54 E=Int4x8(6, 7, 6, 7, 6, 7, -8, -8)
dish=55 E=Int4x8(6, 7, 6, 7, 6, 7, 6, 7)
dish=56 E=Int4x8(6, 7, -8, -8, -8, -8, -8, -8)
dish=57 E=Int4x8(6, 7, 6, 7, -8, -8, -8, -8)
dish=58 E=Int4x8(6, 7, 6, 7, 6, 7, -8, -8)
dish=59 E=Int4x8(6, 7, 6, 7, 6, 7, 6, 7)
dish=60 E=Int4x8(6, 7, -8, -8, -8, -8, -8, -8)
dish=61 E=Int4x8(6, 7, 6, 7, -8, -8, -8, -8)
dish=62 E=Int4x8(6, 7, 6, 7, 6, 7, -8, -8)
dish=63 E=Int4x8(6, 7, 6, 7, 6, 7, 6, 7)
dstime = 147
beamp=0 beamq=0 I=1.6666666666666665
beamp=1 beamq=0 I=0.6842224331077965
beamp=2 beamq=0 I=0.0
beamp=3 beamq=0 I=0.08437053656753003
beamp=4 beamq=0 I=0.0
beamp=5 beamq=0 I=0.03766829858050148
beamp=6 beamq=0 I=0.0
beamp=7 beamq=0 I=0.027072034167989107
beamp=8 beamq=0 I=0.0
beamp=9 beamq=0 I=0.027072034167989107
beamp=10 beamq=0 I=0.0
beamp=11 beamq=0 I=0.03766829858050148
beamp=12 beamq=0 I=0.0
beamp=13 beamq=0 I=0.08437053656753003
beamp=14 beamq=0 I=0.0
beamp=15 beamq=0 I=0.6842224331077966
beamp=0 beamq=1 I=1.1463961091055301
beamp=1 beamq=1 I=0.4706340070342746
beamp=2 beamq=1 I=1.4058488169895373e-16
beamp=3 beamq=1 I=0.058033238418970824
beamp=4 beamq=1 I=2.1539483160045353e-16
beamp=5 beamq=1 I=0.025909676132573486
beamp=6 beamq=1 I=6.107672238335007e-17
beamp=7 beamq=1 I=0.018621167001319244
beamp=8 beamq=1 I=2.4575249243004766e-17
beamp=9 beamq=1 I=0.0186211708361616
beamp=10 beamq=1 I=2.894819800536297e-16
beamp=11 beamq=1 I=0.02590967757658382
beamp=12 beamq=1 I=5.847463716938487e-16
beamp=13 beamq=1 I=0.058033247446851094
beamp=14 beamq=1 I=2.443430296058165e-15
beamp=15 beamq=1 I=0.4706339550291134
beamp=0 beamq=2 I=0.29156651026278163
beamp=1 beamq=2 I=0.1196978156591182
beamp=2 beamq=2 I=3.126116263999871e-16
beamp=3 beamq=2 I=0.014759775459081872
beamp=4 beamq=2 I=9.577119190288622e-17
beamp=5 beamq=2 I=0.006589688763016779
beamp=6 beamq=2 I=1.8865117801247777e-16
beamp=7 beamq=2 I=0.0047359765139237935
beamp=8 beamq=2 I=5.496905014501507e-16
beamp=9 beamq=2 I=0.004735977075894746
beamp=10 beamq=2 I=1.1279316601090863e-15
beamp=11 beamq=2 I=0.0065896918394120485
beamp=12 beamq=2 I=3.2562205246981313e-16
beamp=13 beamq=2 I=0.014759777039036992
beamp=14 beamq=2 I=3.571361956167252e-15
beamp=15 beamq=2 I=0.11969777821233712
beamp=0 beamq=3 I=0.0
beamp=1 beamq=3 I=0.0
beamp=2 beamq=3 I=0.0
beamp=3 beamq=3 I=0.0
beamp=4 beamq=3 I=0.0
beamp=5 beamq=3 I=0.0
beamp=6 beamq=3 I=0.0
beamp=7 beamq=3 I=0.0
beamp=8 beamq=3 I=0.0
beamp=9 beamq=3 I=0.0
beamp=10 beamq=3 I=0.0
beamp=11 beamq=3 I=0.0
beamp=12 beamq=3 I=0.0
beamp=13 beamq=3 I=0.0
beamp=14 beamq=3 I=0.0
beamp=15 beamq=3 I=0.0
beamp=0 beamq=4 I=0.07812500287494085
beamp=1 beamq=4 I=0.032072914844320254
beamp=2 beamq=4 I=1.2215344476670015e-16
beamp=3 beamq=4 I=0.0039548693731670526
beamp=4 beamq=4 I=1.984089975648473e-16
beamp=5 beamq=4 I=0.0017657029185966242
beamp=6 beamq=4 I=4.513895044781316e-16
beamp=7 beamq=4 I=0.0012690015918620295
beamp=8 beamq=4 I=3.9934780019882743e-16
beamp=9 beamq=4 I=0.0012690005467684401
beamp=10 beamq=4 I=3.097204206066924e-15
beamp=11 beamq=4 I=0.0017657014999793888
beamp=12 beamq=4 I=4.632434482306398e-15
beamp=13 beamq=4 I=0.003954862312735355
beamp=14 beamq=4 I=3.348739110083561e-15
beamp=15 beamq=4 I=0.03207293980971837
beamp=0 beamq=5 I=0.05270301932755056
beamp=1 beamq=5 I=0.02163634865070372
beamp=2 beamq=5 I=1.7708635483929904e-15
beamp=3 beamq=5 I=0.002667947327902916
beamp=4 beamq=5 I=8.127902286399664e-16
beamp=5 beamq=5 I=0.001191138146577853
beamp=6 beamq=5 I=1.5214970487213245e-16
beamp=7 beamq=5 I=0.0008560662305519253
beamp=8 beamq=5 I=8.156814344332611e-16
beamp=9 beamq=5 I=0.0008560692672601742
beamp=10 beamq=5 I=2.41487963884938e-15
beamp=11 beamq=5 I=0.0011911404025267544
beamp=12 beamq=5 I=2.512819235097237e-15
beamp=13 beamq=5 I=0.002667957516440401
beamp=14 beamq=5 I=2.7031689965132756e-14
beamp=15 beamq=5 I=0.021636319323255247
beamp=0 beamq=6 I=0.0
beamp=1 beamq=6 I=0.0
beamp=2 beamq=6 I=0.0
beamp=3 beamq=6 I=0.0
beamp=4 beamq=6 I=0.0
beamp=5 beamq=6 I=0.0
beamp=6 beamq=6 I=0.0
beamp=7 beamq=6 I=0.0
beamp=8 beamq=6 I=0.0
beamp=9 beamq=6 I=0.0
beamp=10 beamq=6 I=0.0
beamp=11 beamq=6 I=0.0
beamp=12 beamq=6 I=0.0
beamp=13 beamq=6 I=0.0
beamp=14 beamq=6 I=0.0
beamp=15 beamq=6 I=0.0
beamp=0 beamq=7 I=0.031031073743710648
beamp=1 beamq=7 I=0.012739292547124354
beamp=2 beamq=7 I=3.0719061553755956e-16
beamp=3 beamq=7 I=0.0015708660315864834
beamp=4 beamq=7 I=3.563411140235691e-16
beamp=5 beamq=7 I=0.0007013310313509011
beamp=6 beamq=7 I=2.0419140915143666e-16
beamp=7 beamq=7 I=0.0005040430257889173
beamp=8 beamq=7 I=5.782411586589357e-16
beamp=9 beamq=7 I=0.0005040458175840706
beamp=10 beamq=7 I=1.1463630970413399e-15
beamp=11 beamq=7 I=0.0007013331808680412
beamp=12 beamq=7 I=5.525455671710292e-15
beamp=13 beamq=7 I=0.0015708693815352447
beamp=14 beamq=7 I=6.50991124432713e-15
beamp=15 beamq=7 I=0.012739318424932377
beamp=0 beamq=8 I=0.02604167480715682
beamp=1 beamq=8 I=0.010690972448799494
beamp=2 beamq=8 I=8.680845394367272e-16
beamp=3 beamq=8 I=0.0013182887407358146
beamp=4 beamq=8 I=1.310439025810813e-15
beamp=5 beamq=8 I=0.0005885681078292128
beamp=6 beamq=8 I=3.8778297702564874e-16
beamp=7 beamq=8 I=0.0004230005711629188
beamp=8 beamq=8 I=1.6335312732114933e-15
beamp=9 beamq=8 I=0.0004229988048818726
beamp=10 beamq=8 I=2.59413439803365e-15
beamp=11 beamq=8 I=0.0005885681770062788
beamp=12 beamq=8 I=5.080209979542912e-15
beamp=13 beamq=8 I=0.0013182859188731295
beamp=14 beamq=8 I=2.3320827329439037e-14
beamp=15 beamq=8 I=0.01069099074940775
beamp=0 beamq=9 I=0.0
beamp=1 beamq=9 I=0.0
beamp=2 beamq=9 I=0.0
beamp=3 beamq=9 I=0.0
beamp=4 beamq=9 I=0.0
beamp=5 beamq=9 I=0.0
beamp=6 beamq=9 I=0.0
beamp=7 beamq=9 I=0.0
beamp=8 beamq=9 I=0.0
beamp=9 beamq=9 I=0.0
beamp=10 beamq=9 I=0.0
beamp=11 beamq=9 I=0.0
beamp=12 beamq=9 I=0.0
beamp=13 beamq=9 I=0.0
beamp=14 beamq=9 I=0.0
beamp=15 beamq=9 I=0.0
beamp=0 beamq=10 I=0.020933533518092035
beamp=1 beamq=10 I=0.008593913614831694
beamp=2 beamq=10 I=2.045889499480147e-15
beamp=3 beamq=10 I=0.0010597034928979498
beamp=4 beamq=10 I=1.8250736570172657e-16
beamp=5 beamq=10 I=0.0004731186283639666
beamp=6 beamq=10 I=2.692435395005669e-16
beamp=7 beamq=10 I=0.0003400281537280161
beamp=8 beamq=10 I=2.8930127969154875e-15
beamp=9 beamq=10 I=0.00034002858134892563
beamp=10 beamq=10 I=9.038632111287488e-16
beamp=11 beamq=10 I=0.00047311857343810756
beamp=12 beamq=10 I=3.218273448661139e-15
beamp=13 beamq=10 I=0.0010597043454524794
beamp=14 beamq=10 I=3.0835432586936066e-14
beamp=15 beamq=10 I=0.008593951157033333
beamp=0 beamq=11 I=0.01986978182379186
beamp=1 beamq=11 I=0.008157222524933342
beamp=2 beamq=11 I=2.5731731560322637e-15
beamp=3 beamq=11 I=0.0010058576279271087
beamp=4 beamq=11 I=3.1514143146911994e-16
beamp=5 beamq=11 I=0.00044907680342272995
beamp=6 beamq=11 I=4.3982468130495295e-16
beamp=7 beamq=11 I=0.0003227495527824243
beamp=8 beamq=11 I=2.847837706395258e-16
beamp=9 beamq=11 I=0.0003227487938704766
beamp=10 beamq=11 I=1.301404007706767e-15
beamp=11 beamq=11 I=0.00044907583647212806
beamp=12 beamq=11 I=3.688094390071524e-15
beamp=13 beamq=11 I=0.0010058530366220402
beamp=14 beamq=11 I=2.3962675015550456e-14
beamp=15 beamq=11 I=0.008157194434774322
beamp=0 beamq=12 I=0.0
beamp=1 beamq=12 I=0.0
beamp=2 beamq=12 I=0.0
beamp=3 beamq=12 I=0.0
beamp=4 beamq=12 I=0.0
beamp=5 beamq=12 I=0.0
beamp=6 beamq=12 I=0.0
beamp=7 beamq=12 I=0.0
beamp=8 beamq=12 I=0.0
beamp=9 beamq=12 I=0.0
beamp=10 beamq=12 I=0.0
beamp=11 beamq=12 I=0.0
beamp=12 beamq=12 I=0.0
beamp=13 beamq=12 I=0.0
beamp=14 beamq=12 I=0.0
beamp=15 beamq=12 I=0.0
beamp=0 beamq=13 I=0.019869735772500584
beamp=1 beamq=13 I=0.00815718986863789
beamp=2 beamq=13 I=5.192605604757242e-15
beamp=3 beamq=13 I=0.001005849637217334
beamp=4 beamq=13 I=3.9934780019882743e-16
beamp=5 beamq=13 I=0.00044907296435882566
beamp=6 beamq=13 I=1.4817429690635226e-17
beamp=7 beamq=13 I=0.0003227474993439724
beamp=8 beamq=13 I=1.3371826793987887e-15
beamp=9 beamq=13 I=0.0003227463181028294
beamp=10 beamq=13 I=3.0719061553755956e-16
beamp=11 beamq=13 I=0.00044907329261462847
beamp=12 beamq=13 I=1.3024882098792526e-14
beamp=13 beamq=13 I=0.0010058511892927211
beamp=14 beamq=13 I=3.379385891492485e-14
beamp=15 beamq=13 I=0.008157152856377518
beamp=0 beamq=14 I=0.020933566147237116
beamp=1 beamq=14 I=0.008593927767997698
beamp=2 beamq=14 I=7.668923366714134e-16
beamp=3 beamq=14 I=0.001059708104521283
beamp=4 beamq=14 I=3.097204206066924e-15
beamp=5 beamq=14 I=0.00047312113481501425
beamp=6 beamq=14 I=5.2403105003466046e-17
beamp=7 beamq=14 I=0.0003400292026493829
beamp=8 beamq=14 I=7.289452606344208e-16
beamp=9 beamq=14 I=0.00034002993149755655
beamp=10 beamq=14 I=5.257657735106372e-15
beamp=11 beamq=14 I=0.00047311916260704543
beamp=12 beamq=14 I=9.774082584956822e-15
beamp=13 beamq=14 I=0.0010597055921637006
beamp=14 beamq=14 I=3.717982229959708e-14
beamp=15 beamq=14 I=0.008593998529429558
beamp=0 beamq=15 I=0.0
beamp=1 beamq=15 I=0.0
beamp=2 beamq=15 I=0.0
beamp=3 beamq=15 I=0.0
beamp=4 beamq=15 I=0.0
beamp=5 beamq=15 I=0.0
beamp=6 beamq=15 I=0.0
beamp=7 beamq=15 I=0.0
beamp=8 beamq=15 I=0.0
beamp=9 beamq=15 I=0.0
beamp=10 beamq=15 I=0.0
beamp=11 beamq=15 I=0.0
beamp=12 beamq=15 I=0.0
beamp=13 beamq=15 I=0.0
beamp=14 beamq=15 I=0.0
beamp=15 beamq=15 I=0.0
beamp=0 beamq=16 I=0.02604164941867474
beamp=1 beamq=16 I=0.010690968448508302
beamp=2 beamq=16 I=4.539193095472645e-16
beamp=3 beamq=16 I=0.0013182898346611204
beamp=4 beamq=16 I=2.541731293030184e-15
beamp=5 beamq=16 I=0.000588567359750482
beamp=6 beamq=16 I=1.3505545061927766e-15
beamp=7 beamq=16 I=0.00042300134345399023
beamp=8 beamq=16 I=2.780255770976995e-15
beamp=9 beamq=16 I=0.00042300086460716086
beamp=10 beamq=16 I=1.5757071573455996e-15
beamp=11 beamq=16 I=0.0005885675077637637
beamp=12 beamq=16 I=2.491135191647527e-15
beamp=13 beamq=16 I=0.0013182825886883791
beamp=14 beamq=16 I=4.42911043489295e-14
beamp=15 beamq=16 I=0.010690942281752403
beamp=0 beamq=17 I=0.031031063396150825
beamp=1 beamq=17 I=0.012739286563718102
beamp=2 beamq=17 I=8.807335647823914e-16
beamp=3 beamq=17 I=0.0015708654209302367
beamp=4 beamq=17 I=1.4025962104720808e-15
beamp=5 beamq=17 I=0.0007013320270296619
beamp=6 beamq=17 I=4.871681761701533e-16
beamp=7 beamq=17 I=0.0005040449607111271
beamp=8 beamq=17 I=3.9934780019882743e-16
beamp=9 beamq=17 I=0.0005040425885477558
beamp=10 beamq=17 I=1.2334606715643421e-15
beamp=11 beamq=17 I=0.0007013318671855253
beamp=12 beamq=17 I=2.2471897028382886e-15
beamp=13 beamq=17 I=0.001570863651363131
beamp=14 beamq=17 I=1.9715493705200572e-14
beamp=15 beamq=17 I=0.012739319628842768
beamp=0 beamq=18 I=0.0
beamp=1 beamq=18 I=0.0
beamp=2 beamq=18 I=0.0
beamp=3 beamq=18 I=0.0
beamp=4 beamq=18 I=0.0
beamp=5 beamq=18 I=0.0
beamp=6 beamq=18 I=0.0
beamp=7 beamq=18 I=0.0
beamp=8 beamq=18 I=0.0
beamp=9 beamq=18 I=0.0
beamp=10 beamq=18 I=0.0
beamp=11 beamq=18 I=0.0
beamp=12 beamq=18 I=0.0
beamp=13 beamq=18 I=0.0
beamp=14 beamq=18 I=0.0
beamp=15 beamq=18 I=0.0
beamp=0 beamq=19 I=0.05270301413952888
beamp=1 beamq=19 I=0.02163638498902086
beamp=2 beamq=19 I=4.6927884032414245e-15
beamp=3 beamq=19 I=0.0026679489384988835
beamp=4 beamq=19 I=1.5110164277206313e-15
beamp=5 beamq=19 I=0.0011911390636039608
beamp=6 beamq=19 I=2.0852821784137867e-15
beamp=7 beamq=19 I=0.0008560644848956481
beamp=8 beamq=19 I=1.4817429690635227e-15
beamp=9 beamq=19 I=0.0008560644319068362
beamp=10 beamq=19 I=1.0538445116559103e-15
beamp=11 beamq=19 I=0.0011911393665620595
beamp=12 beamq=19 I=1.067216338449898e-15
beamp=13 beamq=19 I=0.002667950330585583
beamp=14 beamq=19 I=2.655933921865324e-14
beamp=15 beamq=19 I=0.02163627786722866
beamp=0 beamq=20 I=0.07812513253981358
beamp=1 beamq=20 I=0.03207297814143591
beamp=2 beamq=20 I=8.046587123463251e-15
beamp=3 beamq=20 I=0.003954880025692754
beamp=4 beamq=20 I=2.0852821784137867e-15
beamp=5 beamq=20 I=0.0017657061465023126
beamp=6 beamq=20 I=1.587994781967102e-15
beamp=7 beamq=20 I=0.0012690052858813012
beamp=8 beamq=20 I=5.783857189486004e-15
beamp=9 beamq=20 I=0.0012690066091679026
beamp=10 beamq=20 I=1.0453515946381071e-14
beamp=11 beamq=20 I=0.0017657143043286797
beamp=12 beamq=20 I=1.7143766152064956e-14
beamp=13 beamq=20 I=0.003954886673177301
beamp=14 beamq=20 I=5.5767384344688566e-14
beamp=15 beamq=20 I=0.03207313909179349
beamp=0 beamq=21 I=0.0
beamp=1 beamq=21 I=0.0
beamp=2 beamq=21 I=0.0
beamp=3 beamq=21 I=0.0
beamp=4 beamq=21 I=0.0
beamp=5 beamq=21 I=0.0
beamp=6 beamq=21 I=0.0
beamp=7 beamq=21 I=0.0
beamp=8 beamq=21 I=0.0
beamp=9 beamq=21 I=0.0
beamp=10 beamq=21 I=0.0
beamp=11 beamq=21 I=0.0
beamp=12 beamq=21 I=0.0
beamp=13 beamq=21 I=0.0
beamp=14 beamq=21 I=0.0
beamp=15 beamq=21 I=0.0
beamp=0 beamq=22 I=0.291566386785034
beamp=1 beamq=22 I=0.11969766320861697
beamp=2 beamq=22 I=1.0658430156980831e-14
beamp=3 beamq=22 I=0.014759756298598773
beamp=4 beamq=22 I=2.971075353334444e-15
beamp=5 beamq=22 I=0.006589676538119057
beamp=6 beamq=22 I=5.348730717595155e-16
beamp=7 beamq=22 I=0.004735972758372634
beamp=8 beamq=22 I=9.889730816688609e-15
beamp=9 beamq=22 I=0.004735984897139034
beamp=10 beamq=22 I=3.909271633258567e-15
beamp=11 beamq=22 I=0.006589676676738423
beamp=12 beamq=22 I=2.4338531768678763e-14
beamp=13 beamq=22 I=0.0147597955436613
beamp=14 beamq=22 I=4.484621586124208e-15
beamp=15 beamq=22 I=0.1196977688354384
beamp=0 beamq=23 I=1.1463962879261687
beamp=1 beamq=23 I=0.47063423652345576
beamp=2 beamq=23 I=6.1156230542665684e-15
beamp=3 beamq=23 I=0.05803326765327003
beamp=4 beamq=23 I=1.5240268537904573e-15
beamp=5 beamq=23 I=0.025909691666880973
beamp=6 beamq=23 I=1.6310014681423604e-15
beamp=7 beamq=23 I=0.01862116349714584
beamp=8 beamq=23 I=2.2121338325945907e-15
beamp=9 beamq=23 I=0.018621175643862443
beamp=10 beamq=23 I=4.470526957881896e-15
beamp=11 beamq=23 I=0.025909669637956857
beamp=12 beamq=23 I=1.1189689221498728e-14
beamp=13 beamq=23 I=0.05803324250580605
beamp=14 beamq=23 I=3.5406428946134954e-15
beamp=15 beamq=23 I=0.47063421973975184
Copying data from CPU to GPU...
Running kernel...
Copying data back from GPU to CPU...
Done.
