[Choosing CUDA device...]
NVIDIA A40
[Creating frb kernel...]
[Done creating frb kernel]
CHORD FRB beamformer
Compiling kernel...
Allocating input data...
Setting up input data...
Tbarmin = 0
Tbarmax = 1008
Fbar_in_min = 0
Fbar_in_max = 512
Ttildemin = 0
Ttildemax = 42
Fbar_out_min = 0
Fbar_out_max = 512
num_threads = 32
num_warps = 6
num_blocks = 512
dish_grid = [(0, 0), (1, 0), (2, 0), (3, 0), (4, 0), (5, 0), (6, 0), (7, 0), (0, 1), (1, 1), (2, 1), (3, 1), (4, 1), (5, 1), (6, 1), (7, 1), (0, 2), (1, 2), (2, 2), (3, 2), (4, 2), (5, 2), (6, 2), (7, 2), (0, 3), (1, 3), (2, 3), (3, 3), (4, 3), (5, 3), (6, 3), (7, 3), (0, 4), (1, 4), (2, 4), (3, 4), (4, 4), (5, 4), (6, 4), (7, 4), (0, 5), (1, 5), (2, 5), (3, 5), (4, 5), (5, 5), (6, 5), (7, 5), (0, 6), (1, 6), (2, 6), (3, 6), (4, 6), (5, 6), (6, 6), (7, 6), (0, 7), (1, 7), (2, 7), (3, 7), (4, 7), (5, 7), (6, 7), (7, 7), (0, 8), (1, 8), (2, 8), (3, 8), (4, 8), (5, 8), (6, 8), (7, 8), (0, 9), (1, 9), (2, 9), (3, 9), (4, 9), (5, 9), (6, 9), (7, 9), (0, 10), (1, 10), (2, 10), (3, 10), (4, 10), (5, 10), (6, 10), (7, 10), (0, 11), (1, 11), (2, 11), (3, 11), (4, 11), (5, 11), (6, 11), (7, 11)]
freq = 207
polr = 0
time = 3531
Fvalue = -1.1594405f0 - 1.8685707f0im
Evalue = -1 - 2im
dish=0 E=Int4x8(6, 7, -8, -8, -8, -8, -8, -8)
dish=1 E=Int4x8(6, 7, 6, 7, -8, -8, -8, -8)
dish=2 E=Int4x8(6, 7, 6, 7, 6, 7, -8, -8)
dish=3 E=Int4x8(6, 7, 6, 7, 6, 7, 6, 7)
dish=4 E=Int4x8(6, 7, -8, -8, -8, -8, -8, -8)
dish=5 E=Int4x8(6, 7, 6, 7, -8, -8, -8, -8)
dish=6 E=Int4x8(6, 7, 6, 7, 6, 7, -8, -8)
dish=7 E=Int4x8(6, 7, 6, 7, 6, 7, 6, 7)
dish=8 E=Int4x8(6, 7, -8, -8, -8, -8, -8, -8)
dish=9 E=Int4x8(6, 7, 6, 7, -8, -8, -8, -8)
dish=10 E=Int4x8(6, 7, 6, 7, 6, 7, -8, -8)
dish=11 E=Int4x8(6, 7, 6, 7, 6, 7, 6, 7)
dish=12 E=Int4x8(6, 7, -8, -8, -8, -8, -8, -8)
dish=13 E=Int4x8(6, 7, 6, 7, -8, -8, -8, -8)
dish=14 E=Int4x8(6, 7, 6, 7, 6, 7, -8, -8)
dish=15 E=Int4x8(6, 7, 6, 7, 6, 7, 6, 7)
dish=16 E=Int4x8(6, 7, -8, -8, -8, -8, -8, -8)
dish=17 E=Int4x8(6, 7, 6, 7, -8, -8, -8, -8)
dish=18 E=Int4x8(6, 7, 6, 7, 6, 7, -8, -8)
dish=19 E=Int4x8(6, 7, 6, 7, 6, 7, 6, 7)
dish=20 E=Int4x8(6, 7, -8, -8, -8, -8, -8, -8)
dish=21 E=Int4x8(6, 7, 6, 7, -8, -8, -8, -8)
dish=22 E=Int4x8(6, 7, 6, 7, 6, 7, -8, -8)
dish=23 E=Int4x8(6, 7, 6, 7, 6, 7, 6, 7)
dish=24 E=Int4x8(6, 7, -8, -8, -8, -8, -8, -8)
dish=25 E=Int4x8(6, 7, 6, 7, -8, -8, -8, -8)
dish=26 E=Int4x8(6, 7, 6, 7, 6, 7, -8, -8)
dish=27 E=Int4x8(6, 7, 6, 7, 6, 7, 6, 7)
dish=28 E=Int4x8(6, 7, -8, -8, -8, -8, -8, -8)
dish=29 E=Int4x8(6, 7, 6, 7, -8, -8, -8, -8)
dish=30 E=Int4x8(6, 7, 6, 7, 6, 7, -8, -8)
dish=31 E=Int4x8(6, 7, 6, 7, 6, 7, 6, 7)
dish=32 E=Int4x8(6, 7, -8, -8, -8, -8, -8, -8)
dish=33 E=Int4x8(6, 7, 6, 7, -8, -8, -8, -8)
dish=34 E=Int4x8(6, 7, 6, 7, 6, 7, -8, -8)
dish=35 E=Int4x8(6, 7, 6, 7, 6, 7, 6, 7)
dish=36 E=Int4x8(6, 7, -8, -8, -8, -8, -8, -8)
dish=37 E=Int4x8(6, 7, 6, 7, -8, -8, -8, -8)
dish=38 E=Int4x8(6, 7, 6, 7, 6, 7, -8, -8)
dish=39 E=Int4x8(6, 7, 6, 7, 6, 7, 6, 7)
dish=40 E=Int4x8(6, 7, -8, -8, -8, -8, -8, -8)
dish=41 E=Int4x8(6, 7, 6, 7, -8, -8, -8, -8)
dish=42 E=Int4x8(6, 7, 6, 7, 6, 7, -8, -8)
dish=43 E=Int4x8(6, 7, 6, 7, 6, 7, 6, 7)
dish=44 E=Int4x8(6, 7, -8, -8, -8, -8, -8, -8)
dish=45 E=Int4x8(6, 7, 6, 7, -8, -8, -8, -8)
dish=46 E=Int4x8(6, 7, 6, 7, 6, 7, -8, -8)
dish=47 E=Int4x8(6, 7, 6, 7, 6, 7, 6, 7)
dish=48 E=Int4x8(6, 7, -8, -8, -8, -8, -8, -8)
dish=49 E=Int4x8(6, 7, 6, 7, -8, -8, -8, -8)
dish=50 E=Int4x8(6, 7, 6, 7, 6, 7, -8, -8)
dish=51 E=Int4x8(6, 7, 6, 7, 6, 7, 6, 7)
dish=52 E=Int4x8(6, 7, -8, -8, -8, -8, -8, -8)
dish=53 E=Int4x8(6, 7, 6, 7, -8, -8, -8, -8)
dish=54 E=Int4x8(6, 7, 6, 7, 6, 7, -8, -8)
dish=55 E=Int4x8(6, 7, 6, 7, 6, 7, 6, 7)
dish=56 E=Int4x8(6, 7, -8, -8, -8, -8, -8, -8)
dish=57 E=Int4x8(6, 7, 6, 7, -8, -8, -8, -8)
dish=58 E=Int4x8(6, 7, 6, 7, 6, 7, -8, -8)
dish=59 E=Int4x8(6, 7, 6, 7, 6, 7, 6, 7)
dish=60 E=Int4x8(6, 7, -8, -8, -8, -8, -8, -8)
dish=61 E=Int4x8(6, 7, 6, 7, -8, -8, -8, -8)
dish=62 E=Int4x8(6, 7, 6, 7, 6, 7, -8, -8)
dish=63 E=Int4x8(6, 7, 6, 7, 6, 7, 6, 7)
dstime = 147
beamp=0 beamq=0 I=0.41666666666666663
beamp=1 beamq=0 I=0.17105560827694913
beamp=2 beamq=0 I=0.0
beamp=3 beamq=0 I=0.021092634141882508
beamp=4 beamq=0 I=0.0
beamp=5 beamq=0 I=0.00941707464512537
beamp=6 beamq=0 I=0.0
beamp=7 beamq=0 I=0.006768008541997277
beamp=8 beamq=0 I=0.0
beamp=9 beamq=0 I=0.006768008541997277
beamp=10 beamq=0 I=0.0
beamp=11 beamq=0 I=0.00941707464512537
beamp=12 beamq=0 I=0.0
beamp=13 beamq=0 I=0.021092634141882508
beamp=14 beamq=0 I=0.0
beamp=15 beamq=0 I=0.17105560827694916
beamp=0 beamq=1 I=0.28659902727638253
beamp=1 beamq=1 I=0.11765850175856865
beamp=2 beamq=1 I=3.514622042473843e-17
beamp=3 beamq=1 I=0.014508309604742706
beamp=4 beamq=1 I=5.384870790011338e-17
beamp=5 beamq=1 I=0.006477419033143372
beamp=6 beamq=1 I=1.526918059583752e-17
beamp=7 beamq=1 I=0.004655291750329811
beamp=8 beamq=1 I=6.1438123107511915e-18
beamp=9 beamq=1 I=0.0046552927090404
beamp=10 beamq=1 I=7.237049501340742e-17
beamp=11 beamq=1 I=0.006477419394145955
beamp=12 beamq=1 I=1.4618659292346217e-16
beamp=13 beamq=1 I=0.014508311861712773
beamp=14 beamq=1 I=6.108575740145412e-16
beamp=15 beamq=1 I=0.11765848875727836
beamp=0 beamq=2 I=0.07289162756569541
beamp=1 beamq=2 I=0.02992445391477955
beamp=2 beamq=2 I=7.815290659999677e-17
beamp=3 beamq=2 I=0.003689943864770468
beamp=4 beamq=2 I=2.3942797975721554e-17
beamp=5 beamq=2 I=0.0016474221907541947
beamp=6 beamq=2 I=4.716279450311944e-17
beamp=7 beamq=2 I=0.0011839941284809484
beamp=8 beamq=2 I=1.3742262536253769e-16
beamp=9 beamq=2 I=0.0011839942689736865
beamp=10 beamq=2 I=2.819829150272716e-16
beamp=11 beamq=2 I=0.0016474229598530121
beamp=12 beamq=2 I=8.140551311745328e-17
beamp=13 beamq=2 I=0.003689944259759248
beamp=14 beamq=2 I=8.92840489041813e-16
beamp=15 beamq=2 I=0.02992444455308428
beamp=0 beamq=3 I=0.0
beamp=1 beamq=3 I=0.0
beamp=2 beamq=3 I=0.0
beamp=3 beamq=3 I=0.0
beamp=4 beamq=3 I=0.0
beamp=5 beamq=3 I=0.0
beamp=6 beamq=3 I=0.0
beamp=7 beamq=3 I=0.0
beamp=8 beamq=3 I=0.0
beamp=9 beamq=3 I=0.0
beamp=10 beamq=3 I=0.0
beamp=11 beamq=3 I=0.0
beamp=12 beamq=3 I=0.0
beamp=13 beamq=3 I=0.0
beamp=14 beamq=3 I=0.0
beamp=15 beamq=3 I=0.0
beamp=0 beamq=4 I=0.019531250718735214
beamp=1 beamq=4 I=0.008018228711080063
beamp=2 beamq=4 I=3.053836119167504e-17
beamp=3 beamq=4 I=0.0009887173432917631
beamp=4 beamq=4 I=4.960224939121183e-17
beamp=5 beamq=4 I=0.00044142572964915605
beamp=6 beamq=4 I=1.128473761195329e-16
beamp=7 beamq=4 I=0.0003172503979655074
beamp=8 beamq=4 I=9.983695004970686e-17
beamp=9 beamq=4 I=0.00031725013669211004
beamp=10 beamq=4 I=7.74301051516731e-16
beamp=11 beamq=4 I=0.0004414253749948472
beamp=12 beamq=4 I=1.1581086205765996e-15
beamp=13 beamq=4 I=0.0009887155781838387
beamp=14 beamq=4 I=8.371847775208903e-16
beamp=15 beamq=4 I=0.008018234952429593
beamp=0 beamq=5 I=0.01317575483188764
beamp=1 beamq=5 I=0.00540908716267593
beamp=2 beamq=5 I=4.427158870982476e-16
beamp=3 beamq=5 I=0.000666986831975729
beamp=4 beamq=5 I=2.031975571599916e-16
beamp=5 beamq=5 I=0.00029778453664446324
beamp=6 beamq=5 I=3.803742621803311e-17
beamp=7 beamq=5 I=0.00021401655763798132
beamp=8 beamq=5 I=2.0392035860831528e-16
beamp=9 beamq=5 I=0.00021401731681504354
beamp=10 beamq=5 I=6.03719909712345e-16
beamp=11 beamq=5 I=0.0002977851006316886
beamp=12 beamq=5 I=6.282048087743093e-16
beamp=13 beamq=5 I=0.0006669893791101003
beamp=14 beamq=5 I=6.757922491283189e-15
beamp=15 beamq=5 I=0.005409079830813812
beamp=0 beamq=6 I=0.0
beamp=1 beamq=6 I=0.0
beamp=2 beamq=6 I=0.0
beamp=3 beamq=6 I=0.0
beamp=4 beamq=6 I=0.0
beamp=5 beamq=6 I=0.0
beamp=6 beamq=6 I=0.0
beamp=7 beamq=6 I=0.0
beamp=8 beamq=6 I=0.0
beamp=9 beamq=6 I=0.0
beamp=10 beamq=6 I=0.0
beamp=11 beamq=6 I=0.0
beamp=12 beamq=6 I=0.0
beamp=13 beamq=6 I=0.0
beamp=14 beamq=6 I=0.0
beamp=15 beamq=6 I=0.0
beamp=0 beamq=7 I=0.007757768435927662
beamp=1 beamq=7 I=0.0031848231367810884
beamp=2 beamq=7 I=7.679765388438989e-17
beamp=3 beamq=7 I=0.00039271650789662085
beamp=4 beamq=7 I=8.908527850589228e-17
beamp=5 beamq=7 I=0.00017533275783772527
beamp=6 beamq=7 I=5.1047852287859165e-17
beamp=7 beamq=7 I=0.0001260107564472293
beamp=8 beamq=7 I=1.4456028966473392e-16
beamp=9 beamq=7 I=0.00012601145439601765
beamp=10 beamq=7 I=2.8659077426033497e-16
beamp=11 beamq=7 I=0.0001753332952170103
beamp=12 beamq=7 I=1.381363917927573e-15
beamp=13 beamq=7 I=0.0003927173453838112
beamp=14 beamq=7 I=1.6274778110817825e-15
beamp=15 beamq=7 I=0.0031848296062330942
beamp=0 beamq=8 I=0.006510418701789205
beamp=1 beamq=8 I=0.0026727431121998735
beamp=2 beamq=8 I=2.170211348591818e-16
beamp=3 beamq=8 I=0.00032957218518395366
beamp=4 beamq=8 I=3.2760975645270324e-16
beamp=5 beamq=8 I=0.0001471420269573032
beamp=6 beamq=8 I=9.694574425641218e-17
beamp=7 beamq=8 I=0.0001057501427907297
beamp=8 beamq=8 I=4.083828183028733e-16
beamp=9 beamq=8 I=0.00010574970122046815
beamp=10 beamq=8 I=6.485335995084125e-16
beamp=11 beamq=8 I=0.0001471420442515697
beamp=12 beamq=8 I=1.270052494885728e-15
beamp=13 beamq=8 I=0.00032957147971828237
beamp=14 beamq=8 I=5.830206832359759e-15
beamp=15 beamq=8 I=0.0026727476873519376
beamp=0 beamq=9 I=0.0
beamp=1 beamq=9 I=0.0
beamp=2 beamq=9 I=0.0
beamp=3 beamq=9 I=0.0
beamp=4 beamq=9 I=0.0
beamp=5 beamq=9 I=0.0
beamp=6 beamq=9 I=0.0
beamp=7 beamq=9 I=0.0
beamp=8 beamq=9 I=0.0
beamp=9 beamq=9 I=0.0
beamp=10 beamq=9 I=0.0
beamp=11 beamq=9 I=0.0
beamp=12 beamq=9 I=0.0
beamp=13 beamq=9 I=0.0
beamp=14 beamq=9 I=0.0
beamp=15 beamq=9 I=0.0
beamp=0 beamq=10 I=0.005233383379523009
beamp=1 beamq=10 I=0.0021484784037079235
beamp=2 beamq=10 I=5.114723748700367e-16
beamp=3 beamq=10 I=0.00026492587322448746
beamp=4 beamq=10 I=4.562684142543164e-17
beamp=5 beamq=10 I=0.00011827965709099165
beamp=6 beamq=10 I=6.731088487514173e-17
beamp=7 beamq=10 I=8.500703843200402e-5
beamp=8 beamq=10 I=7.232531992288719e-16
beamp=9 beamq=10 I=8.500714533723141e-5
beamp=10 beamq=10 I=2.259658027821872e-16
beamp=11 beamq=10 I=0.00011827964335952689
beamp=12 beamq=10 I=8.045683621652847e-16
beamp=13 beamq=10 I=0.00026492608636311985
beamp=14 beamq=10 I=7.708858146734016e-15
beamp=15 beamq=10 I=0.0021484877892583333
beamp=0 beamq=11 I=0.004967445455947965
beamp=1 beamq=11 I=0.0020393056312333355
beamp=2 beamq=11 I=6.432932890080659e-16
beamp=3 beamq=11 I=0.0002514644069817772
beamp=4 beamq=11 I=7.878535786727998e-17
beamp=5 beamq=11 I=0.00011226920085568249
beamp=6 beamq=11 I=1.0995617032623824e-16
beamp=7 beamq=11 I=8.068738819560608e-5
beamp=8 beamq=11 I=7.119594265988145e-17
beamp=9 beamq=11 I=8.068719846761915e-5
beamp=10 beamq=11 I=3.2535100192669176e-16
beamp=11 beamq=11 I=0.00011226895911803201
beamp=12 beamq=11 I=9.22023597517881e-16
beamp=13 beamq=11 I=0.00025146325915551004
beamp=14 beamq=11 I=5.990668753887614e-15
beamp=15 beamq=11 I=0.0020392986086935805
beamp=0 beamq=12 I=0.0
beamp=1 beamq=12 I=0.0
beamp=2 beamq=12 I=0.0
beamp=3 beamq=12 I=0.0
beamp=4 beamq=12 I=0.0
beamp=5 beamq=12 I=0.0
beamp=6 beamq=12 I=0.0
beamp=7 beamq=12 I=0.0
beamp=8 beamq=12 I=0.0
beamp=9 beamq=12 I=0.0
beamp=10 beamq=12 I=0.0
beamp=11 beamq=12 I=0.0
beamp=12 beamq=12 I=0.0
beamp=13 beamq=12 I=0.0
beamp=14 beamq=12 I=0.0
beamp=15 beamq=12 I=0.0
beamp=0 beamq=13 I=0.004967433943125146
beamp=1 beamq=13 I=0.0020392974671594724
beamp=2 beamq=13 I=1.2981514011893105e-15
beamp=3 beamq=13 I=0.0002514624093043335
beamp=4 beamq=13 I=9.983695004970686e-17
beamp=5 beamq=13 I=0.00011226824108970642
beamp=6 beamq=13 I=3.7043574226588066e-18
beamp=7 beamq=13 I=8.06868748359931e-5
beamp=8 beamq=13 I=3.3429566984969717e-16
beamp=9 beamq=13 I=8.068657952570735e-5
beamp=10 beamq=13 I=7.679765388438989e-17
beamp=11 beamq=13 I=0.00011226832315365712
beamp=12 beamq=13 I=3.2562205246981315e-15
beamp=13 beamq=13 I=0.0002514627973231803
beamp=14 beamq=13 I=8.448464728731212e-15
beamp=15 beamq=13 I=0.0020392882140943796
beamp=0 beamq=14 I=0.005233391536809279
beamp=1 beamq=14 I=0.0021484819419994245
beamp=2 beamq=14 I=1.9172308416785336e-16
beamp=3 beamq=14 I=0.00026492702613032076
beamp=4 beamq=14 I=7.74301051516731e-16
beamp=5 beamq=14 I=0.00011828028370375356
beamp=6 beamq=14 I=1.3100776250866511e-17
beamp=7 beamq=14 I=8.500730066234572e-5
beamp=8 beamq=14 I=1.822363151586052e-16
beamp=9 beamq=14 I=8.500748287438914e-5
beamp=10 beamq=14 I=1.314414433776593e-15
beamp=11 beamq=14 I=0.00011827979065176136
beamp=12 beamq=14 I=2.4435206462392056e-15
beamp=13 beamq=14 I=0.00026492639804092516
beamp=14 beamq=14 I=9.29495557489927e-15
beamp=15 beamq=14 I=0.0021484996323573894
beamp=0 beamq=15 I=0.0
beamp=1 beamq=15 I=0.0
beamp=2 beamq=15 I=0.0
beamp=3 beamq=15 I=0.0
beamp=4 beamq=15 I=0.0
beamp=5 beamq=15 I=0.0
beamp=6 beamq=15 I=0.0
beamp=7 beamq=15 I=0.0
beamp=8 beamq=15 I=0.0
beamp=9 beamq=15 I=0.0
beamp=10 beamq=15 I=0.0
beamp=11 beamq=15 I=0.0
beamp=12 beamq=15 I=0.0
beamp=13 beamq=15 I=0.0
beamp=14 beamq=15 I=0.0
beamp=15 beamq=15 I=0.0
beamp=0 beamq=16 I=0.006510412354668685
beamp=1 beamq=16 I=0.0026727421121270755
beamp=2 beamq=16 I=1.1347982738681611e-16
beamp=3 beamq=16 I=0.0003295724586652801
beamp=4 beamq=16 I=6.35432823257546e-16
beamp=5 beamq=16 I=0.0001471418399376205
beamp=6 beamq=16 I=3.3763862654819416e-16
beamp=7 beamq=16 I=0.00010575033586349756
beamp=8 beamq=16 I=6.950639427442488e-16
beamp=9 beamq=16 I=0.00010575021615179021
beamp=10 beamq=16 I=3.939267893363999e-16
beamp=11 beamq=16 I=0.00014714187694094092
beamp=12 beamq=16 I=6.227837979118818e-16
beamp=13 beamq=16 I=0.0003295706471720948
beamp=14 beamq=16 I=1.1072776087232375e-14
beamp=15 beamq=16 I=0.0026727355704381007
beamp=0 beamq=17 I=0.007757765849037706
beamp=1 beamq=17 I=0.0031848216409295256
beamp=2 beamq=17 I=2.2018339119559785e-16
beamp=3 beamq=17 I=0.0003927163552325592
beamp=4 beamq=17 I=3.506490526180202e-16
beamp=5 beamq=17 I=0.00017533300675741547
beamp=6 beamq=17 I=1.2179204404253832e-16
beamp=7 beamq=17 I=0.00012601124017778178
beamp=8 beamq=17 I=9.983695004970686e-17
beamp=9 beamq=17 I=0.00012601064713693895
beamp=10 beamq=17 I=3.0836516789108554e-16
beamp=11 beamq=17 I=0.00017533296679638134
beamp=12 beamq=17 I=5.617974257095721e-16
beamp=13 beamq=17 I=0.00039271591284078275
beamp=14 beamq=17 I=4.928873426300143e-15
beamp=15 beamq=17 I=0.003184829907210692
beamp=0 beamq=18 I=0.0
beamp=1 beamq=18 I=0.0
beamp=2 beamq=18 I=0.0
beamp=3 beamq=18 I=0.0
beamp=4 beamq=18 I=0.0
beamp=5 beamq=18 I=0.0
beamp=6 beamq=18 I=0.0
beamp=7 beamq=18 I=0.0
beamp=8 beamq=18 I=0.0
beamp=9 beamq=18 I=0.0
beamp=10 beamq=18 I=0.0
beamp=11 beamq=18 I=0.0
beamp=12 beamq=18 I=0.0
beamp=13 beamq=18 I=0.0
beamp=14 beamq=18 I=0.0
beamp=15 beamq=18 I=0.0
beamp=0 beamq=19 I=0.01317575353488222
beamp=1 beamq=19 I=0.005409096247255215
beamp=2 beamq=19 I=1.1731971008103561e-15
beamp=3 beamq=19 I=0.0006669872346247209
beamp=4 beamq=19 I=3.777541069301578e-16
beamp=5 beamq=19 I=0.0002977847659009902
beamp=6 beamq=19 I=5.213205446034467e-16
beamp=7 beamq=19 I=0.00021401612122391202
beamp=8 beamq=19 I=3.7043574226588067e-16
beamp=9 beamq=19 I=0.00021401610797670904
beamp=10 beamq=19 I=2.634611279139776e-16
beamp=11 beamq=19 I=0.00029778484164051487
beamp=12 beamq=19 I=2.668040846124745e-16
beamp=13 beamq=19 I=0.0006669875826463957
beamp=14 beamq=19 I=6.63983480466331e-15
beamp=15 beamq=19 I=0.005409069466807165
beamp=0 beamq=20 I=0.019531283134953396
beamp=1 beamq=20 I=0.008018244535358977
beamp=2 beamq=20 I=2.0116467808658128e-15
beamp=3 beamq=20 I=0.0009887200064231886
beamp=4 beamq=20 I=5.213205446034467e-16
beamp=5 beamq=20 I=0.00044142653662557815
beamp=6 beamq=20 I=3.969986954917755e-16
beamp=7 beamq=20 I=0.0003172513214703253
beamp=8 beamq=20 I=1.445964297371501e-15
beamp=9 beamq=20 I=0.00031725165229197564
beamp=10 beamq=20 I=2.6133789865952677e-15
beamp=11 beamq=20 I=0.0004414285760821699
beamp=12 beamq=20 I=4.285941538016239e-15
beamp=13 beamq=20 I=0.0009887216682943252
beamp=14 beamq=20 I=1.3941846086172141e-14
beamp=15 beamq=20 I=0.008018284772948372
beamp=0 beamq=21 I=0.0
beamp=1 beamq=21 I=0.0
beamp=2 beamq=21 I=0.0
beamp=3 beamq=21 I=0.0
beamp=4 beamq=21 I=0.0
beamp=5 beamq=21 I=0.0
beamp=6 beamq=21 I=0.0
beamp=7 beamq=21 I=0.0
beamp=8 beamq=21 I=0.0
beamp=9 beamq=21 I=0.0
beamp=10 beamq=21 I=0.0
beamp=11 beamq=21 I=0.0
beamp=12 beamq=21 I=0.0
beamp=13 beamq=21 I=0.0
beamp=14 beamq=21 I=0.0
beamp=15 beamq=21 I=0.0
beamp=0 beamq=22 I=0.0728915966962585
beamp=1 beamq=22 I=0.02992441580215424
beamp=2 beamq=22 I=2.6646075392452078e-15
beamp=3 beamq=22 I=0.0036899390746496933
beamp=4 beamq=22 I=7.42768838333611e-16
beamp=5 beamq=22 I=0.0016474191345297643
beamp=6 beamq=22 I=1.3371826793987887e-16
beamp=7 beamq=22 I=0.0011839931895931586
beamp=8 beamq=22 I=2.472432704172152e-15
beamp=9 beamq=22 I=0.0011839962242847584
beamp=10 beamq=22 I=9.773179083146417e-16
beamp=11 beamq=22 I=0.0016474191691846058
beamp=12 beamq=22 I=6.084632942169691e-15
beamp=13 beamq=22 I=0.003689948885915325
beamp=14 beamq=22 I=1.121155396531052e-15
beamp=15 beamq=22 I=0.0299244422088596
beamp=0 beamq=23 I=0.28659907198154216
beamp=1 beamq=23 I=0.11765855913086394
beamp=2 beamq=23 I=1.5289057635666421e-15
beamp=3 beamq=23 I=0.014508316913317507
beamp=4 beamq=23 I=3.8100671344761433e-16
beamp=5 beamq=23 I=0.006477422916720243
beamp=6 beamq=23 I=4.077503670355901e-16
beamp=7 beamq=23 I=0.00465529087428646
beamp=8 beamq=23 I=5.530334581486477e-16
beamp=9 beamq=23 I=0.004655293910965611
beamp=10 beamq=23 I=1.117631739470474e-15
beamp=11 beamq=23 I=0.006477417409489214
beamp=12 beamq=23 I=2.797422305374682e-15
beamp=13 beamq=23 I=0.014508310626451512
beamp=14 beamq=23 I=8.851607236533738e-16
beamp=15 beamq=23 I=0.11765855493493796
Copying data from CPU to GPU...
Running kernel...
Copying data back from GPU to CPU...
Done.
